02-03 16:34:51.762 I/sysui_view_visibility( 2091): [261,100]
02-03 16:34:51.762 I/sysui_view_visibility( 2091): [118,100]
02-03 16:34:51.762 I/sysui_view_visibility( 2091): [119,100]
02-03 16:34:51.762 I/sysui_view_visibility( 2091): [123,100]
02-03 16:34:51.819 I/sysui_view_visibility( 2091): [111,0]
02-03 16:34:51.820 I/sysui_view_visibility( 2091): [111,0]
02-03 16:34:51.881 I/sysui_view_visibility( 2091): [111,100]
02-03 16:34:51.881 I/sysui_view_visibility( 2091): [126,100]
02-03 16:34:51.881 I/sysui_view_visibility( 2091): [115,100]
02-03 16:34:51.881 I/sysui_view_visibility( 2091): [261,100]
02-03 16:34:51.881 I/sysui_view_visibility( 2091): [118,100]
02-03 16:34:51.881 I/sysui_view_visibility( 2091): [119,100]
02-03 16:34:51.881 I/sysui_view_visibility( 2091): [123,100]
02-03 16:34:51.881 I/sysui_view_visibility( 2091): [113,100]
02-03 16:34:51.881 I/sysui_view_visibility( 2091): [112,100]
02-03 16:34:51.881 I/sysui_view_visibility( 2091): [111,100]
02-03 16:34:51.881 I/sysui_view_visibility( 2091): [126,100]
02-03 16:34:51.881 I/sysui_view_visibility( 2091): [115,100]
02-03 16:34:51.881 I/sysui_view_visibility( 2091): [261,100]
02-03 16:34:51.881 I/sysui_view_visibility( 2091): [118,100]
02-03 16:34:51.881 I/sysui_view_visibility( 2091): [119,100]
02-03 16:34:51.881 I/sysui_view_visibility( 2091): [123,100]
02-03 16:34:52.250 I/notification_visibility( 1497): [-1|android|17040541|null|1000,1,47036,47036,0,1]
02-03 16:34:52.250 I/notification_visibility( 1497): [-1|android|17040548|null|1000,1,47033,47033,0,0]
02-03 16:34:52.336 I/sysui_action( 2091): [406,]
02-03 16:34:52.355 I/wm_stack_created( 1497): 1
02-03 16:34:52.356 I/am_create_task( 1497): [0,5]
02-03 16:34:52.356 I/am_create_activity( 1497): [0,199889728,5,com.android.settings/.Settings,android.settings.SETTINGS,NULL,NULL,335544320]
02-03 16:34:52.361 I/wm_task_created( 1497): [5,1]
02-03 16:34:52.362 I/wm_task_moved( 1497): [5,1,0]
02-03 16:34:52.366 I/am_focused_stack( 1497): [0,1,0,startedActivity setFocusedActivity]
02-03 16:34:52.372 I/wm_task_moved( 1497): [5,1,0]
02-03 16:34:52.384 I/am_focused_activity( 1497): [0,com.android.settings/.Settings,startedActivity]
02-03 16:34:52.385 I/am_pause_activity( 1497): [0,109324746,com.teslacoilsw.launcher/.NovaLauncher]
02-03 16:34:52.386 I/am_on_paused_called( 3962): [0,com.teslacoilsw.launcher.NovaLauncher,handlePauseActivity]
02-03 16:34:52.391 I/sysui_action( 1497): [323,com.android.settings/.Settings]
02-03 16:34:52.391 I/sysui_action( 1497): [324,true]
02-03 16:34:52.391 I/sysui_action( 1497): [325,108]
02-03 16:34:52.398 I/am_restart_activity( 1497): [0,199889728,5,com.android.settings/.Settings]
02-03 16:34:52.407 I/sysui_count( 1497): [window_time_0,29]
02-03 16:34:52.461 I/am_pss  ( 1497): [5257,10089,projekt.substratum,8097792,7163904,0]
02-03 16:34:52.485 I/sysui_view_visibility( 4414): [474,100]
02-03 16:34:52.486 I/am_on_resume_called( 4414): [0,com.android.settings.Settings,LAUNCH_ACTIVITY]
02-03 16:34:52.503 I/sysui_action( 1497): [321,155]
02-03 16:34:52.503 I/sysui_action( 1497): [320,1]
02-03 16:34:52.503 I/sysui_action( 1497): [319,155]
02-03 16:34:52.518 I/sysui_view_visibility( 4414): [35,100]
02-03 16:34:52.575 I/sysui_action( 1497): [322,227]
02-03 16:34:52.575 I/am_activity_launch_time( 1497): [0,199889728,com.android.settings/.Settings,184,184]
02-03 16:34:52.605 I/am_proc_start( 1497): [0,5545,1000,org.cyanogenmod.cmparts,content provider,org.cyanogenmod.cmparts/.search.CMPartsSearchIndexablesProvider]
02-03 16:34:52.617 I/sysui_view_visibility( 2091): [111,0]
02-03 16:34:52.617 I/sysui_view_visibility( 2091): [111,0]
02-03 16:34:52.624 I/am_proc_bound( 1497): [0,5545,org.cyanogenmod.cmparts]
02-03 16:34:52.685 I/notification_visibility( 1497): [-1|android|17040541|null|1000,0,47471,47471,0,1]
02-03 16:34:52.685 I/notification_visibility( 1497): [-1|android|17040548|null|1000,0,47468,47468,0,0]
02-03 16:34:52.686 I/notification_panel_hidden( 1497): []
02-03 16:34:52.872 I/am_stop_activity( 1497): [0,109324746,com.teslacoilsw.launcher/.NovaLauncher]
02-03 16:34:52.876 I/am_on_stop_called( 3962): [0,com.teslacoilsw.launcher.NovaLauncher,handleStopActivity]
02-03 16:34:52.898 I/sf_frame_dur(  380): [com.teslacoilsw.launcher/com.teslacoilsw.launcher.NovaLauncher,0,0,0,0,1,0,0]
02-03 16:34:53.200 I/am_pss  ( 1497): [4528,10107,com.google.android.apps.wallpaper,5217280,4292608,0]
02-03 16:34:54.046 I/notification_enqueue( 1497): [1000,1497,android,101,Connectivity.Notification,-1,Notification(pri=1 contentView=null vibrate=default sound=default tick defaults=0xffffffff flags=0x119 color=0xff4285f4 vis=PRIVATE),0]
02-03 16:34:54.059 I/notification_alert( 1497): [-1|android|101|Connectivity.Notification|1000,1,1,1]
02-03 16:34:54.144 I/sysui_count( 2091): [note_peek,1]
02-03 16:34:54.148 I/notification_panel_revealed( 1497): 1
02-03 16:34:54.192 I/notification_expansion( 1497): [-1|android|101|Connectivity.Notification|1000,0,1,147,147,0]
02-03 16:34:54.193 I/notification_expansion( 1497): [-1|android|17040548|null|1000,0,0,48976,48976,1943]
02-03 16:34:54.693 I/wm_task_moved( 1497): [5,1,0]
02-03 16:34:54.695 I/am_create_activity( 1497): [0,267239623,5,com.android.settings/.Settings$DisplaySettingsActivity,NULL,NULL,NULL,32768]
02-03 16:34:54.698 I/wm_task_moved( 1497): [5,1,0]
02-03 16:34:54.700 I/notification_visibility( 1497): [-1|android|101|Connectivity.Notification|1000,1,655,655,0,0]
02-03 16:34:54.703 I/am_focused_activity( 1497): [0,com.android.settings/.Settings$DisplaySettingsActivity,startedActivity]
02-03 16:34:54.704 I/am_pause_activity( 1497): [0,199889728,com.android.settings/.Settings]
02-03 16:34:54.717 I/sysui_view_visibility( 4414): [35,0]
02-03 16:34:54.717 I/sysui_view_visibility( 4414): [474,0]
02-03 16:34:54.718 I/am_on_paused_called( 4414): [0,com.android.settings.Settings,handlePauseActivity]
02-03 16:34:54.729 I/am_restart_activity( 1497): [0,267239623,5,com.android.settings/.Settings$DisplaySettingsActivity]
02-03 16:34:54.736 I/sysui_count( 1497): [window_time_0,3]
02-03 16:34:54.773 I/am_pss  ( 1497): [4678,10040,org.adaway,3750912,3088384,0]
02-03 16:34:54.823 I/am_pss  ( 1497): [4663,10032,masquerade.substratum,2380800,1769472,0]
02-03 16:34:54.866 I/am_pss  ( 1497): [4631,10049,com.resurrection.ota,2477056,1835008,0]
02-03 16:34:54.914 I/sysui_view_visibility( 4414): [46,100]
02-03 16:34:54.927 I/sysui_count( 4414): [DisplaySettings/auto_brightness|false,1]
02-03 16:34:54.928 I/sysui_count( 4414): [DisplaySettings/tap_to_wake|false,1]
02-03 16:34:54.928 I/sysui_count( 4414): [DisplaySettings/camera_gesture|true,1]
02-03 16:34:54.931 I/sysui_count( 4414): [DisplaySettings/screen_timeout|60000,1]
02-03 16:34:54.935 I/am_on_resume_called( 4414): [0,com.android.settings.Settings$DisplaySettingsActivity,LAUNCH_ACTIVITY]
02-03 16:34:54.944 I/am_pss  ( 1497): [4547,10051,com.google.android.deskclock,5860352,4427776,0]
02-03 16:34:55.155 I/am_activity_launch_time( 1497): [0,267239623,com.android.settings/.Settings$DisplaySettingsActivity,435,435]
02-03 16:34:55.335 I/sf_frame_dur(  380): [com.android.settings/com.android.settings.Settings,91,3,0,3,2,0,0]
02-03 16:34:55.361 I/am_stop_activity( 1497): [0,199889728,com.android.settings/.Settings]
02-03 16:34:55.382 I/sysui_view_visibility( 4414): [380,0]
02-03 16:34:55.388 I/am_on_stop_called( 4414): [0,com.android.settings.Settings,handleStopActivity]
02-03 16:34:55.411 I/am_pss  ( 1497): [4994,10082,com.itau,13103104,11538432,0]
02-03 16:34:55.796 I/sysui_histogram( 1497): [note_dismiss_longevity,0]
02-03 16:34:55.796 I/notification_canceled( 1497): [-1|android|101|Connectivity.Notification|1000,2,1751,1751,1096]
02-03 16:34:55.828 I/notification_expansion( 1497): [-1|android|17040548|null|1000,0,1,50611,50611,3578]
02-03 16:34:56.032 I/notification_visibility( 1497): [-1|android|17040548|null|1000,1,50814,50814,0,0]
02-03 16:34:56.041 I/notification_visibility( 1497): [-1|android|17040548|null|1000,0,50824,50824,0,0]
02-03 16:34:56.043 I/notification_panel_hidden( 1497): []
02-03 16:34:57.008 I/wm_task_moved( 1497): [5,1,0]
02-03 16:34:57.009 I/am_create_activity( 1497): [0,207909032,5,com.android.settings/.SubSettings,android.intent.action.MAIN,NULL,NULL,0]
02-03 16:34:57.011 I/wm_task_moved( 1497): [5,1,0]
02-03 16:34:57.018 I/am_focused_activity( 1497): [0,com.android.settings/.SubSettings,startedActivity]
02-03 16:34:57.018 I/am_pause_activity( 1497): [0,267239623,com.android.settings/.Settings$DisplaySettingsActivity]
02-03 16:34:57.036 I/sysui_view_visibility( 4414): [46,0]
02-03 16:34:57.039 I/am_on_paused_called( 4414): [0,com.android.settings.Settings$DisplaySettingsActivity,handlePauseActivity]
02-03 16:34:57.046 I/am_restart_activity( 1497): [0,207909032,5,com.android.settings/.SubSettings]
02-03 16:34:57.059 I/sysui_count( 1497): [window_time_0,2]
02-03 16:34:57.137 I/am_pss  ( 1497): [5117,10074,com.painless.pc,3655680,2670592,0]
02-03 16:34:57.171 I/am_pss  ( 1497): [5098,10063,com.motorola.camera,5569536,4722688,0]
02-03 16:34:57.195 I/am_pss  ( 1497): [5078,10087,com.keramidas.TitaniumBackup,11079680,8171520,0]
02-03 16:34:57.235 I/sysui_view_visibility( 4414): [102,100]
02-03 16:34:57.235 I/am_on_resume_called( 4414): [0,com.android.settings.SubSettings,LAUNCH_ACTIVITY]
02-03 16:34:57.297 I/am_activity_launch_time( 1497): [0,207909032,com.android.settings/.SubSettings,257,257]
02-03 16:34:57.507 I/am_stop_activity( 1497): [0,267239623,com.android.settings/.Settings$DisplaySettingsActivity]
02-03 16:34:57.524 I/am_on_stop_called( 4414): [0,com.android.settings.Settings$DisplaySettingsActivity,handleStopActivity]
02-03 16:34:57.551 I/sf_frame_dur(  380): [com.android.settings/com.android.settings.Settings$DisplaySettingsActivity,58,3,2,1,0,1,0]
02-03 16:35:00.006 I/menu_item_selected( 4414): [0,Enable wireless display]
02-03 16:35:00.256 I/sf_frame_dur(  380): [PopupWindow:e86f2e4,14,4,0,0,0,1,0]
02-03 16:35:05.033 I/am_pss  ( 1497): [4414,1000,com.android.settings,93076480,86011904,0]
02-03 16:35:05.061 I/am_pss  ( 1497): [5545,1000,org.cyanogenmod.cmparts,5817344,4907008,0]
02-03 16:35:05.119 I/am_pss  ( 1497): [5190,10081,me.bluemail.mail,29546496,27713536,0]
02-03 16:35:05.168 I/am_pss  ( 1497): [3558,10003,com.android.providers.calendar,4097024,3276800,0]
02-03 16:35:05.199 I/am_pss  ( 1497): [4479,10106,com.cyanogenmod.lockclock,5007360,4218880,0]
02-03 16:35:06.082 I/dvm_lock_sample( 1497): [system_server,1,android.ui,7,ActivityManagerService.java,4341,-,17497,1]
02-03 16:35:11.844 I/am_pss  ( 1497): [5392,10052,android.romstats,2791424,2093056,0]
02-03 16:35:11.874 I/am_pss  ( 1497): [5302,10068,com.handmark.expressweather,14215168,11821056,0]
02-03 16:35:13.010 I/data_network_registration_fail( 2268): [72404,34889337]
02-03 16:35:24.552 I/am_new_intent( 1497): [0,1565360,3,com.teslacoilsw.launcher/.NovaLauncher,android.intent.action.MAIN,NULL,NULL,270532608]
02-03 16:35:24.552 I/am_focused_stack( 1497): [0,0,1,bringingFoundTaskToFront setFocusedActivity]
02-03 16:35:24.554 I/wm_task_moved( 1497): [3,1,0]
02-03 16:35:24.569 I/am_focused_activity( 1497): [0,com.teslacoilsw.launcher/.NovaLauncher,bringingFoundTaskToFront]
02-03 16:35:24.570 I/am_pause_activity( 1497): [0,207909032,com.android.settings/.SubSettings]
02-03 16:35:24.577 I/am_task_to_front( 1497): [0,3]
02-03 16:35:24.588 I/sysui_action( 1497): [323,com.teslacoilsw.launcher/.NovaLauncher]
02-03 16:35:24.588 I/sysui_action( 1497): [324,true]
02-03 16:35:24.588 I/sysui_action( 1497): [325,141]
02-03 16:35:24.590 I/sysui_view_visibility( 4414): [102,0]
02-03 16:35:24.591 I/am_on_paused_called( 4414): [0,com.android.settings.SubSettings,handlePauseActivity]
02-03 16:35:24.690 I/am_resume_activity( 1497): [0,109324746,3,com.teslacoilsw.launcher/.NovaLauncher]
02-03 16:35:24.710 I/sysui_count( 1497): [window_time_0,28]
02-03 16:35:24.718 I/am_on_resume_called( 3962): [0,com.teslacoilsw.launcher.NovaLauncher,RESUME_ACTIVITY]
02-03 16:35:24.762 I/am_pss  ( 1497): [4216,10000,android.process.acore,7558144,6381568,0]
02-03 16:35:24.786 I/sysui_action( 1497): [320,2]
02-03 16:35:24.786 I/sysui_action( 1497): [319,249]
02-03 16:35:24.786 I/sysui_action( 1497): [322,249]
02-03 16:35:24.912 I/am_stop_activity( 1497): [0,207909032,com.android.settings/.SubSettings]
02-03 16:35:24.935 I/am_on_stop_called( 4414): [0,com.android.settings.SubSettings,handleStopActivity]
02-03 16:35:32.379 I/netstats_mobile_sample( 1497): [0,0,0,0,0,0,0,0,0,0,0,0,-1]
02-03 16:35:32.380 I/netstats_wifi_sample( 1497): [38495,236,23524,234,38495,236,23524,234,35461,220,20192,232,-1]
02-03 16:35:40.475 I/netstats_mobile_sample( 1497): [0,0,0,0,0,0,0,0,0,0,0,0,-1]
02-03 16:35:40.476 I/netstats_wifi_sample( 1497): [39206,245,24105,241,39206,245,24105,241,36116,227,20675,239,-1]
02-03 16:35:43.043 I/sysui_histogram( 1497): [power_double_tap_interval,159505]
02-03 16:35:43.177 I/power_sleep_requested( 1497): 0
02-03 16:35:43.539 I/am_pause_activity( 1497): [0,109324746,com.teslacoilsw.launcher/.NovaLauncher]
02-03 16:35:43.541 I/am_on_paused_called( 3962): [0,com.teslacoilsw.launcher.NovaLauncher,handlePauseActivity]
02-03 16:35:43.597 I/am_stop_activity( 1497): [0,109324746,com.teslacoilsw.launcher/.NovaLauncher]
02-03 16:35:43.605 I/am_on_stop_called( 3962): [0,com.teslacoilsw.launcher.NovaLauncher,sleeping]
02-03 16:35:43.658 I/am_pss  ( 1497): [4479,10106,com.cyanogenmod.lockclock,5216256,4395008,0]
02-03 16:35:43.681 I/am_pss  ( 1497): [5175,10048,com.android.printspooler,3082240,2367488,0]
02-03 16:35:43.842 I/power_screen_state( 1497): [0,2,0,0]
02-03 16:35:43.844 I/screen_toggled( 1497): 0
02-03 16:35:43.844 I/sysui_histogram( 1497): [screen_timeout,60]
02-03 16:35:43.845 I/power_screen_broadcast_send( 1497): 1
02-03 16:35:43.921 I/sysui_view_visibility( 2091): [111,100]
02-03 16:35:43.921 I/sysui_view_visibility( 2091): [126,100]
02-03 16:35:43.921 I/sysui_view_visibility( 2091): [115,100]
02-03 16:35:43.921 I/sysui_view_visibility( 2091): [261,100]
02-03 16:35:43.921 I/sysui_view_visibility( 2091): [118,100]
02-03 16:35:43.921 I/sysui_view_visibility( 2091): [119,100]
02-03 16:35:43.921 I/sysui_view_visibility( 2091): [123,100]
02-03 16:35:43.932 I/am_wtf  ( 1497): [0,1497,system_server,-1,BatteryStatsImpl,Unable to find object for *alarm* in uid 10107 mapsize=1 activeoverflow=null curoverflow=null]
02-03 16:35:43.956 I/notification_expansion( 1497): [-1|android|17040548|null|1000,0,0,98739,98739,47925]
02-03 16:35:43.997 I/sysui_status_bar_state( 2091): [1,1,0,0,0,1]
02-03 16:35:44.111 I/am_crash( 1497): [2091,0,com.android.systemui,952647181,java.lang.NullPointerException,Attempt to invoke virtual method 'void android.widget.TextView.setText(java.lang.CharSequence)' on a null object reference,KeyguardStatusView.java,326]
02-03 16:35:44.112 I/am_broadcast_discard_filter( 1497): [-1,50717022,android.intent.action.SCREEN_ON,10,177559955]
02-03 16:35:44.113 I/sysui_action( 1497): [316,-1]
02-03 16:35:44.142 I/sysui_histogram( 1497): [power_double_tap_interval,1103]
02-03 16:35:44.144 I/power_screen_state( 1497): [1,0,0,0]
02-03 16:35:44.145 I/screen_toggled( 1497): 1
02-03 16:35:44.162 I/power_screen_broadcast_done( 1497): [1,317,1]
02-03 16:35:44.162 I/power_screen_broadcast_send( 1497): 1
02-03 16:35:44.193 I/dvm_lock_sample( 1497): [system_server,1,android.display,12,WindowManagerService.java,8916,WindowState.java,1799,2]
02-03 16:35:44.197 I/am_proc_died( 1497): [0,2091,com.android.systemui]
02-03 16:35:44.198 I/am_schedule_service_restart( 1497): [0,com.android.systemui/.ImageWallpaper,0]
02-03 16:35:44.198 I/wp_wallpaper_crashed( 1497): com.android.systemui/com.android.systemui.ImageWallpaper
02-03 16:35:44.198 I/am_schedule_service_restart( 1497): [0,com.android.systemui/.SystemUIService,0]
02-03 16:35:44.198 I/am_schedule_service_restart( 1497): [0,com.android.systemui/.keyguard.KeyguardService,0]
02-03 16:35:44.212 I/am_proc_start( 1497): [0,5835,10033,com.android.systemui,restart,com.android.systemui]
02-03 16:35:44.238 I/am_proc_bound( 1497): [0,5835,com.android.systemui]
02-03 16:35:44.303 I/sf_frame_dur(  380): [StatusBar,241,24,20,6,3,5,22]
02-03 16:35:44.303 I/sf_frame_dur(  380): [com.android.systemui.ImageWallpaper,0,0,0,1,0,0,0]
02-03 16:35:44.310 I/dvm_lock_sample( 1497): [system_server,1,android.ui,93,WindowManagerService.java,2877,WindowAnimator.java,159,18]
02-03 16:35:44.606 I/sysui_action( 5835): [213,2]
02-03 16:35:44.870 I/stream_devices_changed( 1497): [3,2,32768]
02-03 16:35:45.174 I/sf_frame_dur(  380): [ColorFade,14,0,1,0,0,0,0]
02-03 16:35:46.411 I/dvm_lock_sample( 1497): [system_server,1,Binder:1497_9,5,UserController.java,1438,ActivityManagerService.java,17319,1]
02-03 16:35:46.800 I/sysui_histogram( 1497): [power_double_tap_interval,2653]
02-03 16:35:46.931 I/power_sleep_requested( 1497): 0
02-03 16:35:47.187 I/sysui_histogram( 1497): [power_double_tap_interval,389]
02-03 16:35:47.188 I/power_screen_state( 1497): [0,2,0,0]
02-03 16:35:47.188 I/screen_toggled( 1497): 0
02-03 16:35:47.188 I/sysui_histogram( 1497): [screen_timeout,60]
02-03 16:35:47.188 I/power_screen_state( 1497): [1,0,0,0]
02-03 16:35:47.188 I/screen_toggled( 1497): 1
02-03 16:35:47.208 I/sf_frame_dur(  380): [ColorFade,9,0,1,0,0,0,0]
02-03 16:35:47.555 I/sysui_view_visibility( 5835): [111,100]
02-03 16:35:47.555 I/sysui_view_visibility( 5835): [126,100]
02-03 16:35:47.555 I/sysui_view_visibility( 5835): [115,100]
02-03 16:35:47.555 I/sysui_view_visibility( 5835): [261,100]
02-03 16:35:47.555 I/sysui_view_visibility( 5835): [118,100]
02-03 16:35:47.555 I/sysui_view_visibility( 5835): [119,100]
02-03 16:35:47.555 I/sysui_view_visibility( 5835): [123,100]
02-03 16:35:47.555 I/sysui_view_visibility( 5835): [113,100]
02-03 16:35:47.555 I/sysui_view_visibility( 5835): [112,100]
02-03 16:35:47.614 I/sysui_status_bar_state( 5835): [1,1,0,0,0,1]
02-03 16:35:47.765 I/sysui_histogram( 1497): [power_double_tap_interval,577]
02-03 16:35:47.850 I/power_sleep_requested( 1497): 0
02-03 16:35:48.429 I/power_screen_state( 1497): [0,2,0,0]
02-03 16:35:48.429 I/screen_toggled( 1497): 0
02-03 16:35:48.429 I/sysui_histogram( 1497): [screen_timeout,60]
02-03 16:35:48.547 I/netstats_mobile_sample( 1497): [0,0,0,0,0,0,0,0,0,0,0,0,-1]
02-03 16:35:48.547 I/netstats_wifi_sample( 1497): [40122,261,24885,251,40122,261,24885,251,36836,236,21287,248,-1]
02-03 16:35:48.737 I/am_crash( 1497): [5835,0,com.android.systemui,952647181,java.lang.NullPointerException,Attempt to invoke virtual method 'void android.widget.TextView.setText(java.lang.CharSequence)' on a null object reference,KeyguardStatusView.java,326]
02-03 16:35:48.738 I/am_broadcast_discard_filter( 1497): [0,35308353,android.intent.action.SCREEN_OFF,25,13284714]
02-03 16:35:48.738 I/am_process_crashed_too_much( 1497): [0,com.android.systemui,10033]
02-03 16:35:48.747 I/power_screen_broadcast_done( 1497): [0,4585,1]
02-03 16:35:48.747 I/power_screen_broadcast_send( 1497): 1
02-03 16:35:48.749 I/sysui_action( 1497): [316,-1]
02-03 16:35:48.807 I/power_screen_broadcast_done( 1497): [1,60,1]
02-03 16:35:48.807 I/power_screen_broadcast_send( 1497): 1
02-03 16:35:48.860 I/sysui_histogram( 1497): [power_double_tap_interval,1095]
02-03 16:35:48.870 I/am_proc_died( 1497): [0,5835,com.android.systemui]
02-03 16:35:48.870 I/am_schedule_service_restart( 1497): [0,com.android.systemui/.ImageWallpaper,0]
02-03 16:35:48.871 I/am_schedule_service_restart( 1497): [0,com.android.systemui/.SystemUIService,0]
02-03 16:35:48.871 I/am_schedule_service_restart( 1497): [0,com.android.systemui/.keyguard.KeyguardService,0]
02-03 16:35:48.889 I/am_proc_start( 1497): [0,5902,10033,com.android.systemui,restart,com.android.systemui]
02-03 16:35:48.910 I/am_proc_bound( 1497): [0,5902,com.android.systemui]
02-03 16:35:49.041 I/dvm_lock_sample( 1497): [system_server,1,android.display,162,WindowManagerService.java,8916,-,2877,32]
02-03 16:35:49.044 I/wp_wallpaper_crashed( 1497): com.android.systemui/com.android.systemui.ImageWallpaper
02-03 16:35:49.045 I/dvm_lock_sample( 1497): [system_server,1,Binder:1497_10,137,WindowManagerService.java,3275,-,2877,27]
02-03 16:35:49.049 I/power_screen_state( 1497): [1,0,0,0]
02-03 16:35:49.049 I/screen_toggled( 1497): 1
02-03 16:35:49.330 I/sysui_action( 5902): [213,2]
02-03 16:35:49.901 I/sf_frame_dur(  380): [ColorFade,13,0,0,0,0,0,0]
02-03 16:35:51.057 I/sysui_histogram( 1497): [power_double_tap_interval,2200]
02-03 16:35:52.026 I/sysui_view_visibility( 5902): [111,100]
02-03 16:35:52.026 I/sysui_view_visibility( 5902): [126,100]
02-03 16:35:52.026 I/sysui_view_visibility( 5902): [115,100]
02-03 16:35:52.026 I/sysui_view_visibility( 5902): [261,100]
02-03 16:35:52.026 I/sysui_view_visibility( 5902): [118,100]
02-03 16:35:52.026 I/sysui_view_visibility( 5902): [119,100]
02-03 16:35:52.027 I/sysui_view_visibility( 5902): [123,100]
02-03 16:35:52.027 I/sysui_view_visibility( 5902): [113,100]
02-03 16:35:52.027 I/sysui_view_visibility( 5902): [112,100]
02-03 16:35:52.059 I/sysui_status_bar_state( 5902): [1,1,0,0,0,1]
02-03 16:35:52.405 I/sf_frame_dur(  380): [KeyguardScrim,0,1,0,0,0,0,0]
02-03 16:35:52.960 I/am_crash( 1497): [5902,0,com.android.systemui,952647181,java.lang.NullPointerException,Attempt to invoke virtual method 'void android.widget.TextView.setText(java.lang.CharSequence)' on a null object reference,KeyguardStatusView.java,326]
02-03 16:35:52.963 I/am_broadcast_discard_filter( 1497): [0,18313518,android.intent.action.SCREEN_OFF,20,26251510]
02-03 16:35:52.963 I/am_process_crashed_too_much( 1497): [0,com.android.systemui,10033]
02-03 16:35:52.965 I/power_screen_broadcast_done( 1497): [0,4159,1]
02-03 16:35:52.965 I/power_screen_broadcast_send( 1497): 1
02-03 16:35:53.024 I/sysui_action( 1497): [316,-1]
02-03 16:35:53.032 I/power_screen_broadcast_done( 1497): [1,66,1]
02-03 16:35:53.116 I/dvm_lock_sample( 1497): [system_server,0,Binder:1497_10,6,ContentService.java,1201,-,1201,1]
02-03 16:35:53.131 I/am_proc_died( 1497): [0,5902,com.android.systemui]
02-03 16:35:53.136 I/am_schedule_service_restart( 1497): [0,com.android.systemui/.ImageWallpaper,0]
02-03 16:35:53.137 I/am_schedule_service_restart( 1497): [0,com.android.systemui/.SystemUIService,0]
02-03 16:35:53.137 I/am_schedule_service_restart( 1497): [0,com.android.systemui/.keyguard.KeyguardService,0]
02-03 16:35:53.161 I/am_proc_start( 1497): [0,5965,10033,com.android.systemui,restart,com.android.systemui]
02-03 16:35:53.198 I/am_proc_bound( 1497): [0,5965,com.android.systemui]
02-03 16:35:53.217 I/wp_wallpaper_crashed( 1497): com.android.systemui/com.android.systemui.ImageWallpaper
02-03 16:35:53.639 I/sysui_action( 5965): [213,2]
02-03 16:35:54.949 I/netstats_mobile_sample( 1497): [0,0,0,0,0,0,0,0,0,0,0,0,-1]
02-03 16:35:54.949 I/netstats_wifi_sample( 1497): [41755,285,26730,270,41755,285,26730,270,38357,256,22866,267,-1]
02-03 16:35:55.026 I/sf_frame_dur(  380): [GlobalActions,5,0,1,0,1,4,0]
02-03 16:35:55.079 I/am_pss  ( 1497): [4414,1000,com.android.settings,40828928,33865728,0]
02-03 16:35:55.161 I/am_pss  ( 1497): [5545,1000,org.cyanogenmod.cmparts,5146624,4247552,0]
02-03 16:35:55.917 I/netstats_mobile_sample( 1497): [0,0,0,0,0,0,0,0,0,0,0,0,-1]
02-03 16:35:55.917 I/netstats_wifi_sample( 1497): [41755,285,26730,270,41755,285,26730,270,38357,256,22866,267,-1]
02-03 16:35:56.278 I/sysui_view_visibility( 5965): [111,100]
02-03 16:35:56.278 I/sysui_view_visibility( 5965): [126,100]
02-03 16:35:56.278 I/sysui_view_visibility( 5965): [115,100]
02-03 16:35:56.278 I/sysui_view_visibility( 5965): [261,100]
02-03 16:35:56.278 I/sysui_view_visibility( 5965): [118,100]
02-03 16:35:56.278 I/sysui_view_visibility( 5965): [119,100]
02-03 16:35:56.278 I/sysui_view_visibility( 5965): [123,100]
02-03 16:35:56.279 I/sysui_view_visibility( 5965): [113,100]
02-03 16:35:56.279 I/sysui_view_visibility( 5965): [112,100]
02-03 16:35:56.360 I/sysui_status_bar_state( 5965): [1,1,0,0,0,1]
02-03 16:35:57.398 I/sysui_histogram( 1497): [power_double_tap_interval,6342]
02-03 16:35:57.583 I/am_crash( 1497): [5965,0,com.android.systemui,952647181,java.lang.NullPointerException,Attempt to invoke virtual method 'void android.widget.TextView.setText(java.lang.CharSequence)' on a null object reference,KeyguardStatusView.java,326]
02-03 16:35:57.585 I/am_process_crashed_too_much( 1497): [0,com.android.systemui,10033]
02-03 16:35:57.586 I/sysui_action( 1497): [316,-1]
02-03 16:35:57.653 I/dvm_lock_sample( 1497): [system_server,0,Binder:1497_7,6,ContentService.java,1201,-,1201,1]
02-03 16:35:57.671 I/am_proc_died( 1497): [0,5965,com.android.systemui]
02-03 16:35:57.671 I/am_schedule_service_restart( 1497): [0,com.android.systemui/.ImageWallpaper,0]
02-03 16:35:57.671 I/am_schedule_service_restart( 1497): [0,com.android.systemui/.SystemUIService,0]
02-03 16:35:57.671 I/am_schedule_service_restart( 1497): [0,com.android.systemui/.keyguard.KeyguardService,0]
02-03 16:35:57.690 I/am_proc_start( 1497): [0,6092,10033,com.android.systemui,restart,com.android.systemui]
02-03 16:35:57.720 I/am_proc_bound( 1497): [0,6092,com.android.systemui]
02-03 16:35:57.742 I/gsm_service_state_change( 2268): [0,1,3,3]
02-03 16:35:57.742 I/gsm_rat_switched_new( 2268): [34889337,3,0]
02-03 16:35:57.864 I/notification_enqueue( 1497): [1001,2268,com.android.phone,3,1,0,Notification(pri=0 contentView=null vibrate=null sound=null defaults=0x0 flags=0x0 color=0xff2a56c6 vis=PRIVATE),0]
02-03 16:35:57.922 I/notification_enqueue( 1497): [1001,2268,com.android.phone,3,1,0,Notification(pri=0 contentView=null vibrate=null sound=content://settings/system/notification_sound defaults=0x0 flags=0x0 color=0xff2a56c6 vis=PRIVATE),1]
02-03 16:35:58.066 I/sysui_action( 6092): [213,2]
02-03 16:35:58.246 I/stream_devices_changed( 1497): [3,32768,2]
02-03 16:35:58.679 I/am_proc_start( 1497): [0,6137,10033,com.android.systemui:screenshot,service,com.android.systemui/.screenshot.TakeScreenshotService]
02-03 16:35:58.724 I/am_proc_bound( 1497): [0,6137,com.android.systemui:screenshot]
02-03 16:36:00.926 I/sysui_view_visibility( 6092): [111,100]
02-03 16:36:00.926 I/sysui_view_visibility( 6092): [126,100]
02-03 16:36:00.926 I/sysui_view_visibility( 6092): [115,100]
02-03 16:36:00.926 I/sysui_view_visibility( 6092): [261,100]
02-03 16:36:00.926 I/sysui_view_visibility( 6092): [118,100]
02-03 16:36:00.926 I/sysui_view_visibility( 6092): [119,100]
02-03 16:36:00.926 I/sysui_view_visibility( 6092): [123,100]
02-03 16:36:00.926 I/sysui_view_visibility( 6092): [113,100]
02-03 16:36:00.926 I/sysui_view_visibility( 6092): [112,100]
02-03 16:36:00.967 I/notification_enqueue( 1497): [10033,6137,com.android.systemui,2131951669,NULL,0,Notification(pri=0 contentView=null vibrate=null sound=null tick defaults=0x0 flags=0x20 color=0xff4285f4 vis=PRIVATE publicVersion=Notification(pri=0 contentView=null vibrate=null sound=null defaults=0x0 flags=0x0 color=0xff4285f4 category=progress vis=PRIVATE)),0]
02-03 16:36:00.969 I/sysui_status_bar_state( 6092): [1,1,0,0,0,1]
02-03 16:36:01.026 I/sf_frame_dur(  380): [ScreenshotAnimation,20,0,1,0,1,0,0]
02-03 16:36:01.826 I/notification_enqueue( 1497): [10033,6137,com.android.systemui,2131951669,NULL,0,Notification(pri=0 contentView=null vibrate=null sound=null tick defaults=0x0 flags=0x10 color=0xff4285f4 actions=3 vis=PRIVATE publicVersion=Notification(pri=0 contentView=null vibrate=null sound=null defaults=0x0 flags=0x10 color=0xff4285f4 category=progress vis=PRIVATE)),1]
02-03 16:36:04.090 I/sysui_lockscreen_gesture( 6092): [7,0,0]
02-03 16:36:04.228 I/sysui_view_visibility( 6092): [111,0]
02-03 16:36:04.234 I/notification_expansion( 1497): [0|com.android.phone|3|1|1001,0,1,6371,6313,0]
02-03 16:36:04.235 I/notification_expansion( 1497): [0|com.android.systemui|2131951669|null|10033,0,1,3270,2410,0]
02-03 16:36:04.255 I/sysui_action( 6092): [407,true]
02-03 16:36:05.844 I/screen_toggled( 6092): 2
02-03 16:36:05.844 I/sysui_status_bar_state( 6092): [2,1,0,0,0,1]
02-03 16:36:05.883 I/free_storage_changed( 1497): 23987965952
02-03 16:36:05.901 I/am_resume_activity( 1497): [0,109324746,3,com.teslacoilsw.launcher/.NovaLauncher]
02-03 16:36:05.965 I/am_on_resume_called( 3962): [0,com.teslacoilsw.launcher.NovaLauncher,RESUME_ACTIVITY]
02-03 16:36:05.972 I/sysui_status_bar_state( 6092): [0,0,0,0,0,1]
02-03 16:36:05.982 I/am_create_task( 1497): [0,6]
02-03 16:36:05.983 I/am_create_activity( 1497): [0,69964976,6,android/com.android.internal.app.ResolverActivity,android.intent.action.VIEW,image/png,content://media/external/images/media/3413,276824064]
02-03 16:36:05.983 I/wm_task_created( 1497): [6,1]
02-03 16:36:05.983 I/wm_task_moved( 1497): [6,1,1]
02-03 16:36:05.983 I/am_focused_stack( 1497): [0,1,0,startedActivity setFocusedActivity]
02-03 16:36:05.998 I/wm_task_moved( 1497): [6,1,1]
02-03 16:36:05.999 I/am_focused_activity( 1497): [0,android/com.android.internal.app.ResolverActivity,startedActivity]
02-03 16:36:05.999 I/am_pause_activity( 1497): [0,109324746,com.teslacoilsw.launcher/.NovaLauncher]
02-03 16:36:06.018 I/sysui_action( 1497): [323,android/com.android.internal.app.ResolverActivity]
02-03 16:36:06.018 I/sysui_action( 1497): [324,false]
02-03 16:36:06.018 I/sysui_action( 1497): [325,182]
02-03 16:36:06.020 I/notification_clicked( 1497): [0|com.android.systemui|2131951669|null|10033,5055,4195,0]
02-03 16:36:06.021 I/am_on_paused_called( 3962): [0,com.teslacoilsw.launcher.NovaLauncher,handlePauseActivity]
02-03 16:36:06.021 I/am_pss  ( 1497): [1497,1000,system,101309440,90816512,0]
02-03 16:36:06.021 I/sysui_histogram( 1497): [note_click_longevity,0]
02-03 16:36:06.024 I/notification_canceled( 1497): [0|com.android.systemui|2131951669|null|10033,1,5058,4198,0]
02-03 16:36:06.052 I/am_proc_start( 1497): [0,6194,1000,system:ui,activity,android/com.android.internal.app.ResolverActivity]
02-03 16:36:06.065 I/dvm_lock_sample( 1497): [system_server,0,Binder:1497_F,31,ActivityManagerService.java,18826,-,7117,6]
02-03 16:36:06.083 I/am_proc_bound( 1497): [0,6194,system:ui]
02-03 16:36:06.104 I/am_restart_activity( 1497): [0,69964976,6,android/com.android.internal.app.ResolverActivity]
02-03 16:36:06.181 I/sysui_action( 6092): [409,false]
02-03 16:36:06.259 I/sysui_action( 6194): [453,android.intent.action.VIEW:image/png:]
02-03 16:36:06.263 I/am_on_resume_called( 6194): [0,com.android.internal.app.ResolverActivity,LAUNCH_ACTIVITY]
02-03 16:36:06.374 I/sysui_action( 1497): [320,2]
02-03 16:36:06.374 I/sysui_action( 1497): [319,404]
02-03 16:36:06.374 I/sysui_action( 1497): [322,404]
02-03 16:36:06.374 I/am_activity_launch_time( 1497): [0,69964976,android/com.android.internal.app.ResolverActivity,342,342]
02-03 16:36:06.890 I/am_pss  ( 1497): [6092,10033,com.android.systemui,56828928,46878720,0]
02-03 16:36:08.128 I/am_create_task( 1497): [0,7]
02-03 16:36:08.129 I/am_create_activity( 1497): [0,193163605,7,com.alensw.PicFolder/.GalleryActivity,android.intent.action.VIEW,image/png,content://media/external/images/media/3413,318767104]
02-03 16:36:08.131 I/wm_task_created( 1497): [7,1]
02-03 16:36:08.132 I/wm_task_moved( 1497): [7,1,2]
02-03 16:36:08.133 I/wm_task_moved( 1497): [7,1,2]
02-03 16:36:08.141 I/am_focused_activity( 1497): [0,com.alensw.PicFolder/.GalleryActivity,startedActivity]
02-03 16:36:08.141 I/am_pause_activity( 1497): [0,69964976,android/com.android.internal.app.ResolverActivity]
02-03 16:36:08.164 I/sysui_action( 1497): [323,com.alensw.PicFolder/.GalleryActivity]
02-03 16:36:08.164 I/sysui_action( 1497): [324,false]
02-03 16:36:08.164 I/sysui_action( 1497): [325,184]
02-03 16:36:08.164 I/sysui_action( 6194): [455,]
02-03 16:36:08.165 I/sysui_action( 6194): [454,]
02-03 16:36:08.165 I/am_finish_activity( 1497): [0,69964976,6,android/com.android.internal.app.ResolverActivity,app-request]
02-03 16:36:08.183 I/am_on_paused_called( 6194): [0,com.android.internal.app.ResolverActivity,handlePauseActivity]
02-03 16:36:08.240 I/am_proc_start( 1497): [0,6211,10079,com.alensw.PicFolder,activity,com.alensw.PicFolder/.GalleryActivity]
02-03 16:36:08.287 I/dvm_lock_sample( 1497): [system_server,1,android.ui,87,ActivityManagerService.java,4404,-,7117,17]
02-03 16:36:08.289 I/sysui_action( 1497): [321,179]
02-03 16:36:08.292 I/sysui_count( 1497): [window_time_0,43]
02-03 16:36:08.292 I/am_stop_activity( 1497): [0,109324746,com.teslacoilsw.launcher/.NovaLauncher]
02-03 16:36:08.296 I/am_on_stop_called( 3962): [0,com.teslacoilsw.launcher.NovaLauncher,handleStopActivity]
02-03 16:36:08.304 I/am_proc_bound( 1497): [0,6211,com.alensw.PicFolder]
02-03 16:36:08.317 I/am_restart_activity( 1497): [0,193163605,7,com.alensw.PicFolder/.GalleryActivity]
02-03 16:36:08.369 I/sysui_action( 1497): [320,1]
02-03 16:36:08.369 I/sysui_action( 1497): [319,260]
02-03 16:36:08.370 I/am_pss  ( 1497): [2268,1001,com.android.phone,16890880,14413824,0]
02-03 16:36:08.402 I/dvm_lock_sample( 1497): [system_server,1,android.display,32,WindowManagerService.java,8916,-,2877,6]
02-03 16:36:08.514 I/am_proc_start( 1497): [0,6234,10079,com.alensw.PicFolder:service,content provider,com.alensw.PicFolder/com.cmcm.cloud.config.EngineConfigProvider]
02-03 16:36:08.553 I/am_proc_bound( 1497): [0,6234,com.alensw.PicFolder:service]
02-03 16:36:08.632 I/sf_frame_dur(  380): [com.teslacoilsw.launcher/com.teslacoilsw.launcher.NovaLauncher,0,0,1,2,1,0,4]
02-03 16:36:08.957 I/am_on_resume_called( 6211): [0,com.alensw.PicFolder.GalleryActivity,LAUNCH_ACTIVITY]
02-03 16:36:09.104 I/sysui_action( 1497): [322,995]
02-03 16:36:09.105 I/am_activity_launch_time( 1497): [0,193163605,com.alensw.PicFolder/.GalleryActivity,907,907]
02-03 16:36:09.375 I/am_destroy_activity( 1497): [0,69964976,6,android/com.android.internal.app.ResolverActivity,finish-imm]
02-03 16:36:09.377 I/am_kill ( 1497): [0,4547,com.google.android.deskclock,906,empty #17]
02-03 16:36:09.382 I/am_on_stop_called( 6194): [0,com.android.internal.app.ResolverActivity,destroy]
02-03 16:36:09.387 I/wm_task_removed( 1497): [6,removeAppToken: last token]
02-03 16:36:09.387 I/wm_task_removed( 1497): [6,removeTask]
02-03 16:36:09.387 I/sf_frame_dur(  380): [android/com.android.internal.app.ResolverActivity,33,3,0,1,1,1,0]
02-03 16:36:09.419 I/am_proc_died( 1497): [0,4547,com.google.android.deskclock]
02-03 16:36:11.491 I/am_finish_activity( 1497): [0,193163605,7,com.alensw.PicFolder/.GalleryActivity,app-request]
02-03 16:36:11.493 I/am_focused_stack( 1497): [0,0,1,finishActivity adjustFocus setFocusedActivity]
02-03 16:36:11.495 I/wm_task_moved( 1497): [3,1,0]
02-03 16:36:11.508 I/am_focused_activity( 1497): [0,com.teslacoilsw.launcher/.NovaLauncher,finishActivity adjustFocus]
02-03 16:36:11.512 I/am_pause_activity( 1497): [0,193163605,com.alensw.PicFolder/.GalleryActivity]
02-03 16:36:11.575 I/am_on_paused_called( 6211): [0,com.alensw.PicFolder.GalleryActivity,handlePauseActivity]
02-03 16:36:11.644 I/am_resume_activity( 1497): [0,109324746,3,com.teslacoilsw.launcher/.NovaLauncher]
02-03 16:36:11.651 I/sysui_count( 1497): [window_time_0,4]
02-03 16:36:11.664 I/am_on_resume_called( 3962): [0,com.teslacoilsw.launcher.NovaLauncher,RESUME_ACTIVITY]
02-03 16:36:11.863 I/am_destroy_activity( 1497): [0,193163605,7,com.alensw.PicFolder/.GalleryActivity,finish-imm]
02-03 16:36:11.868 I/am_kill ( 1497): [0,4631,com.resurrection.ota,906,empty #17]
02-03 16:36:11.880 I/am_on_stop_called( 6211): [0,com.alensw.PicFolder.GalleryActivity,destroy]
02-03 16:36:11.901 I/am_proc_died( 1497): [0,4631,com.resurrection.ota]
02-03 16:36:11.961 I/wm_task_removed( 1497): [7,removeAppToken: last token]
02-03 16:36:11.961 I/wm_task_removed( 1497): [7,removeTask]
02-03 16:36:11.974 I/sf_frame_dur(  380): [com.alensw.PicFolder/com.alensw.PicFolder.GalleryActivity,22,1,0,0,0,0,1]
02-03 16:36:23.044 I/am_create_task( 1497): [0,8]
02-03 16:36:23.044 I/am_create_activity( 1497): [0,119831348,8,com.bhb27.kerneladiutor/com.grarak.kerneladiutor.MainActivity,android.intent.action.MAIN,NULL,NULL,270532608]
02-03 16:36:23.046 I/wm_task_created( 1497): [8,1]
02-03 16:36:23.047 I/wm_task_moved( 1497): [8,1,1]
02-03 16:36:23.048 I/am_focused_stack( 1497): [0,1,0,startedActivity setFocusedActivity]
02-03 16:36:23.049 I/wm_task_moved( 1497): [8,1,1]
02-03 16:36:23.058 I/am_focused_activity( 1497): [0,com.bhb27.kerneladiutor/com.grarak.kerneladiutor.MainActivity,startedActivity]
02-03 16:36:23.059 I/am_pause_activity( 1497): [0,109324746,com.teslacoilsw.launcher/.NovaLauncher]
02-03 16:36:23.070 I/sysui_action( 1497): [323,com.bhb27.kerneladiutor/com.grarak.kerneladiutor.MainActivity]
02-03 16:36:23.070 I/sysui_action( 1497): [324,false]
02-03 16:36:23.070 I/sysui_action( 1497): [325,199]
02-03 16:36:23.194 I/am_on_paused_called( 3962): [0,com.teslacoilsw.launcher.NovaLauncher,handlePauseActivity]
02-03 16:36:23.218 I/am_proc_start( 1497): [0,6300,10056,com.bhb27.kerneladiutor,activity,com.bhb27.kerneladiutor/com.grarak.kerneladiutor.MainActivity]
02-03 16:36:23.232 I/am_kill ( 1497): [0,4678,org.adaway,906,empty #17]
02-03 16:36:23.232 I/am_kill ( 1497): [0,4663,masquerade.substratum,906,empty #18]
02-03 16:36:23.238 I/sysui_action( 1497): [321,225]
02-03 16:36:23.254 I/am_proc_bound( 1497): [0,6300,com.bhb27.kerneladiutor]
02-03 16:36:23.265 I/am_restart_activity( 1497): [0,119831348,8,com.bhb27.kerneladiutor/com.grarak.kerneladiutor.MainActivity]
02-03 16:36:23.275 I/sysui_action( 1497): [320,1]
02-03 16:36:23.275 I/sysui_action( 1497): [319,262]
02-03 16:36:23.276 I/am_proc_died( 1497): [0,4663,masquerade.substratum]
02-03 16:36:23.278 I/am_proc_died( 1497): [0,4678,org.adaway]
02-03 16:36:23.344 I/am_pss  ( 1497): [3962,10075,com.teslacoilsw.launcher,96979968,89104384,0]
02-03 16:36:23.372 I/am_pss  ( 1497): [3428,1000,com.cyanogenmod.settings.device,4784128,3944448,0]
02-03 16:36:23.392 I/am_pss  ( 1497): [3410,1027,com.android.nfc,5439488,4415488,0]
02-03 16:36:23.411 I/am_pss  ( 1497): [3392,1000,com.qualcomm.services.location,2578432,1978368,0]
02-03 16:36:23.430 I/am_pss  ( 1497): [3370,10095,org.omnirom.omniswitch,3589120,2940928,0]
02-03 16:36:23.454 I/am_pss  ( 1497): [3358,1000,com.quicinc.cne.CNEService,3813376,3112960,0]
02-03 16:36:23.465 I/am_on_resume_called( 6300): [0,com.grarak.kerneladiutor.MainActivity,LAUNCH_ACTIVITY]
02-03 16:36:23.522 I/auditd  ( 6335): type=1400 audit(0.0:29): avc: denied { open } for uid=0 comm="getprop" path="/dev/__properties__/u:object_r:adspd_prop:s0" dev="tmpfs" ino=11272 scontext=u:r:sudaemon:s0 tcontext=u:object_r:adspd_prop:s0 tclass=file permissive=1
02-03 16:36:23.522 I/auditd  ( 6335): type=1400 audit(0.0:30): avc: denied { getattr } for uid=0 comm="getprop" path="/dev/__properties__/u:object_r:adspd_prop:s0" dev="tmpfs" ino=11272 scontext=u:r:sudaemon:s0 tcontext=u:object_r:adspd_prop:s0 tclass=file permissive=1
02-03 16:36:23.522 I/auditd  ( 6335): type=1400 audit(0.0:31): avc: denied { open } for uid=0 comm="getprop" path="/dev/__properties__/u:object_r:rmtfs_prop:s0" dev="tmpfs" ino=11273 scontext=u:r:sudaemon:s0 tcontext=u:object_r:rmtfs_prop:s0 tclass=file permissive=1
02-03 16:36:23.522 I/auditd  ( 6335): type=1400 audit(0.0:32): avc: denied { getattr } for uid=0 comm="getprop" path="/dev/__properties__/u:object_r:rmtfs_prop:s0" dev="tmpfs" ino=11273 scontext=u:r:sudaemon:s0 tcontext=u:object_r:rmtfs_prop:s0 tclass=file permissive=1
02-03 16:36:23.522 I/auditd  ( 6335): type=1400 audit(0.0:33): avc: denied { open } for uid=0 comm="getprop" path="/dev/__properties__/u:object_r:sys_usb_tethering_prop:s0" dev="tmpfs" ino=11290 scontext=u:r:sudaemon:s0 tcontext=u:object_r:sys_usb_tethering_prop:s0 tclass=file permissive=1
02-03 16:36:23.522 I/auditd  ( 6335): type=1400 audit(0.0:34): avc: denied { getattr } for uid=0 comm="getprop" path="/dev/__properties__/u:object_r:sys_usb_tethering_prop:s0" dev="tmpfs" ino=11290 scontext=u:r:sudaemon:s0 tcontext=u:object_r:sys_usb_tethering_prop:s0 tclass=file permissive=1
02-03 16:36:23.522 I/auditd  ( 6335): type=1400 audit(0.0:35): avc: denied { open } for uid=0 comm="getprop" path="/dev/__properties__/u:object_r:spcomlib_prop:s0" dev="tmpfs" ino=11300 scontext=u:r:sudaemon:s0 tcontext=u:object_r:spcomlib_prop:s0 tclass=file permissive=1
02-03 16:36:23.522 I/auditd  ( 6335): type=1400 audit(0.0:36): avc: denied { getattr } for uid=0 comm="getprop" path="/dev/__properties__/u:object_r:spcomlib_prop:s0" dev="tmpfs" ino=11300 scontext=u:r:sudaemon:s0 tcontext=u:object_r:spcomlib_prop:s0 tclass=file permissive=1
02-03 16:36:23.590 I/sysui_action( 1497): [322,577]
02-03 16:36:23.590 I/am_activity_launch_time( 1497): [0,119831348,com.bhb27.kerneladiutor/com.grarak.kerneladiutor.MainActivity,393,393]
02-03 16:36:26.210 I/am_stop_activity( 1497): [0,109324746,com.teslacoilsw.launcher/.NovaLauncher]
02-03 16:36:26.227 I/am_on_stop_called( 3962): [0,com.teslacoilsw.launcher.NovaLauncher,handleStopActivity]
02-03 16:36:26.239 I/sf_frame_dur(  380): [com.teslacoilsw.launcher/com.teslacoilsw.launcher.NovaLauncher,7,1,0,2,1,0,2]
02-03 16:36:27.132 I/auditd  ( 6374): type=1400 audit(0.0:37): avc: denied { open } for uid=0 comm="getprop" path="/dev/__properties__/u:object_r:adspd_prop:s0" dev="tmpfs" ino=11272 scontext=u:r:sudaemon:s0 tcontext=u:object_r:adspd_prop:s0 tclass=file permissive=1
02-03 16:36:27.132 I/auditd  ( 6374): type=1400 audit(0.0:38): avc: denied { getattr } for uid=0 comm="getprop" path="/dev/__properties__/u:object_r:adspd_prop:s0" dev="tmpfs" ino=11272 scontext=u:r:sudaemon:s0 tcontext=u:object_r:adspd_prop:s0 tclass=file permissive=1
