01-01 12:11:03.474 I/auditd  (  291): type=2000 audit(0.0:1): initialized
01-01 12:11:04.640 I/auditd  (  291): type=1403 audit(0.0:2): policy loaded auid=4294967295 ses=4294967295
01-01 12:11:53.806 I/auditd  (  416): type=1400 audit(0.0:4): avc: denied { execute_no_trans } for uid=0 comm="init" path="/system/vendor/bin/thermal-engine" dev="mmcblk0p40" ino=2239 scontext=u:r:init:s0 tcontext=u:object_r:thermal-engine_exec:s0 tclass=file permissive=1
01-01 12:11:53.880 I/auditd  (  442): type=1400 audit(0.0:5): avc: denied { remount } for uid=0 comm="mount" scontext=u:r:toolbox:s0 tcontext=u:object_r:labeledfs:s0 tclass=filesystem permissive=1
01-01 15:11:53.730 I/auditd  (  373): type=1400 audit(0.0:3): avc: denied { execute_no_trans } for uid=0 comm="init" path="/system/bin/sh" dev="mmcblk0p40" ino=445 scontext=u:r:init:s0 tcontext=u:object_r:shell_exec:s0 tclass=file permissive=1
02-03 16:33:53.000 I/auditd  (  518): type=1400 audit(0.0:6): avc: denied { write } for uid=0 comm="cp" name="sp" dev="mmcblk0p40" ino=1029 scontext=u:r:toolbox:s0 tcontext=u:object_r:system_file:s0 tclass=dir permissive=1
02-03 16:33:53.000 I/auditd  (  518): type=1400 audit(0.0:7): avc: denied { create } for uid=0 comm="cp" name="libsupol.so" scontext=u:r:toolbox:s0 tcontext=u:object_r:system_file:s0 tclass=file permissive=1
02-03 16:33:53.006 I/auditd  (  518): type=1400 audit(0.0:8): avc: denied { write } for uid=0 comm="cp" path="/system/etc/sp/libsupol.so" dev="mmcblk0p40" ino=2502 scontext=u:r:toolbox:s0 tcontext=u:object_r:system_file:s0 tclass=file permissive=1
02-03 16:33:53.060 I/liblog  (  416): 57
02-03 16:33:53.063 I/auditd  (  587): type=1400 audit(0.0:9): avc: denied { setattr } for uid=0 comm="chmod" name="libsupol.so" dev="mmcblk0p40" ino=2502 scontext=u:r:toolbox:s0 tcontext=u:object_r:system_file:s0 tclass=file permissive=1
02-03 16:33:53.076 I/liblog  (  416): 20
02-03 16:33:53.106 I/auditd  (  630): type=1400 audit(0.0:10): avc: denied { execute_no_trans } for uid=0 comm="sh" path="/system/etc/sp/sp_bin" dev="mmcblk0p40" ino=1030 scontext=u:r:init:s0 tcontext=u:object_r:system_file:s0 tclass=file permissive=1
02-03 16:33:53.440 I/auditd  (  691): type=1400 audit(0.0:11): avc: denied { setattr } for uid=0 comm="chown" name="modem_wait" dev="sysfs" ino=22967 scontext=u:r:toolbox:s0 tcontext=u:object_r:sysfs:s0 tclass=file permissive=1
02-03 16:33:53.450 I/auditd  (  291): type=1403 audit(0.0:12): policy loaded auid=4294967295 ses=4294967295
02-03 16:33:53.457 I/auditd  (  379): SELinux: Loaded service_contexts from /service_contexts.
02-03 16:33:53.457 I/auditd  (  379): avc:  received policyload notice (seqno=2)
02-03 16:33:53.490 I/auditd  (  708): type=1400 audit(0.0:13): avc: denied { remove_name } for uid=0 comm="rm" name="libsupol.so" dev="mmcblk0p40" ino=2502 scontext=u:r:toolbox:s0 tcontext=u:object_r:system_file:s0 tclass=dir permissive=1
02-03 16:33:53.490 I/auditd  (  708): type=1400 audit(0.0:14): avc: denied { unlink } for uid=0 comm="rm" name="libsupol.so" dev="mmcblk0p40" ino=2502 scontext=u:r:toolbox:s0 tcontext=u:object_r:system_file:s0 tclass=file permissive=1
02-03 16:33:53.726 I/auditd  (  781): type=1400 audit(0.0:15): avc: denied { open } for uid=0 comm="sed" path="/data/temprom/buildTemp" dev="mmcblk0p41" ino=99942 scontext=u:r:toolbox:s0 tcontext=u:object_r:system_data_file:s0 tclass=file permissive=1
02-03 16:33:53.736 I/auditd  (  781): type=1400 audit(0.0:16): avc: denied { write } for uid=0 comm="sed" name="temprom" dev="mmcblk0p41" ino=62745 scontext=u:r:toolbox:s0 tcontext=u:object_r:system_data_file:s0 tclass=dir permissive=1
02-03 16:33:53.736 I/auditd  (  781): type=1400 audit(0.0:17): avc: denied { add_name } for uid=0 comm="sed" name="buildTempRvoOsB" scontext=u:r:toolbox:s0 tcontext=u:object_r:system_data_file:s0 tclass=dir permissive=1
02-03 16:33:53.736 I/auditd  (  781): type=1400 audit(0.0:18): avc: denied { create } for uid=0 comm="sed" name="buildTempRvoOsB" scontext=u:r:toolbox:s0 tcontext=u:object_r:system_data_file:s0 tclass=file permissive=1
02-03 16:33:53.736 I/auditd  (  781): type=1400 audit(0.0:19): avc: denied { write } for uid=0 comm="sed" path="/data/temprom/buildTempRvoOsB" dev="mmcblk0p41" ino=101069 scontext=u:r:toolbox:s0 tcontext=u:object_r:system_data_file:s0 tclass=file permissive=1
02-03 16:33:53.736 I/auditd  (  781): type=1400 audit(0.0:20): avc: denied { setattr } for uid=0 comm="sed" name="buildTempRvoOsB" dev="mmcblk0p41" ino=101069 scontext=u:r:toolbox:s0 tcontext=u:object_r:system_data_file:s0 tclass=file permissive=1
02-03 16:33:53.736 I/auditd  (  781): type=1400 audit(0.0:21): avc: denied { remove_name } for uid=0 comm="sed" name="buildTempRvoOsB" dev="mmcblk0p41" ino=101069 scontext=u:r:toolbox:s0 tcontext=u:object_r:system_data_file:s0 tclass=dir permissive=1
02-03 16:33:53.736 I/auditd  (  781): type=1400 audit(0.0:22): avc: denied { rename } for uid=0 comm="sed" name="buildTempRvoOsB" dev="mmcblk0p41" ino=101069 scontext=u:r:toolbox:s0 tcontext=u:object_r:system_data_file:s0 tclass=file permissive=1
02-03 16:33:53.736 I/auditd  (  781): type=1400 audit(0.0:23): avc: denied { unlink } for uid=0 comm="sed" name="buildTemp" dev="mmcblk0p41" ino=99942 scontext=u:r:toolbox:s0 tcontext=u:object_r:system_data_file:s0 tclass=file permissive=1
02-03 16:33:53.943 I/auditd  (  839): type=1400 audit(0.0:24): avc: denied { getattr } for uid=0 comm="chown" path="/system/xbin/su" dev="mmcblk0p40" ino=2492 scontext=u:r:toolbox:s0 tcontext=u:object_r:su_exec:s0 tclass=file permissive=1
02-03 16:33:53.943 I/auditd  (  839): type=1400 audit(0.0:25): avc: denied { setattr } for uid=0 comm="chown" name="su" dev="mmcblk0p40" ino=2492 scontext=u:r:toolbox:s0 tcontext=u:object_r:su_exec:s0 tclass=file permissive=1
02-03 16:33:54.103 I/auditd  (  883): type=1400 audit(0.0:26): avc: denied { rmdir } for uid=0 comm="rm" name="VZWAPNLib" dev="mmcblk0p40" ino=136 scontext=u:r:toolbox:s0 tcontext=u:object_r:system_file:s0 tclass=dir permissive=1
02-03 16:33:54.436 I/auditd  (  968): type=1400 audit(0.0:27): avc: denied { unmount } for uid=0 comm="umount" scontext=u:r:toolbox:s0 tcontext=u:object_r:labeledfs:s0 tclass=filesystem permissive=1
02-03 16:33:54.490 I/auditd  (  987): type=1400 audit(0.0:28): avc: denied { ioctl } for uid=0 comm="ls" path="pipe:[16437]" dev="pipefs" ino=16437 ioctlcmd=5413 scontext=u:r:toolbox:s0 tcontext=u:r:init:s0 tclass=fifo_file permissive=1
02-03 16:33:54.626 I/boot_progress_start(  421): 52534
02-03 16:33:55.238 I/boot_progress_preload_start(  421): 53146
02-03 16:33:56.791 I/boot_progress_preload_end(  421): 54699
02-03 16:33:57.024 I/boot_progress_system_run( 1497): 54932
02-03 16:33:57.771 I/boot_progress_pms_start( 1497): 55679
02-03 16:33:58.382 I/boot_progress_pms_system_scan_start( 1497): 56290
02-03 16:34:00.093 I/boot_progress_pms_data_scan_start( 1497): 58001
02-03 16:34:01.367 I/boot_progress_pms_scan_end( 1497): 59275
02-03 16:34:01.392 I/pm_critical_info( 1497): Destroying /data/user/0/media due to: com.android.server.pm.PackageManagerException: Package media is unknown
02-03 16:34:02.789 I/boot_progress_pms_ready( 1497): 60697
02-03 16:34:03.082 I/battery_status( 1497): [2,2,1,2,Li-ion]
02-03 16:34:03.082 I/battery_level( 1497): [30,3663,397]
02-03 16:34:03.480 I/wm_stack_created( 1497): 0
02-03 16:34:03.578 I/configuration_changed( 1497): 7672
02-03 16:34:03.585 I/configuration_changed( 1497): 1024
02-03 16:34:03.607 I/configuration_changed( 1497): 8
02-03 16:34:03.639 I/configuration_changed( 1497): 512
02-03 16:34:04.433 I/free_storage_left( 1497): [24018927616,1411907584,1430786048]
02-03 16:34:04.433 I/free_storage_changed( 1497): 24018927616
02-03 16:34:04.486 I/stream_devices_changed( 1497): [0,0,1]
02-03 16:34:04.486 I/stream_devices_changed( 1497): [2,0,2]
02-03 16:34:04.486 I/stream_devices_changed( 1497): [3,0,2]
02-03 16:34:04.486 I/stream_devices_changed( 1497): [4,0,2]
02-03 16:34:04.487 I/stream_devices_changed( 1497): [6,0,1]
02-03 16:34:04.891 I/configuration_changed( 1497): 32
02-03 16:34:05.090 I/boot_progress_ams_ready( 1497): 62998
02-03 16:34:05.097 I/configuration_changed( 1497): 4
02-03 16:34:05.189 I/am_proc_start( 1497): [0,2085,10059,com.android.inputmethod.latin,service,com.android.inputmethod.latin/.LatinIME]
02-03 16:34:05.204 I/am_proc_start( 1497): [0,2091,10033,com.android.systemui,service,com.android.systemui/.ImageWallpaper]
02-03 16:34:05.238 I/am_proc_start( 1497): [0,2100,1037,WebViewLoader-armeabi-v7a,,]
02-03 16:34:05.246 I/am_proc_bound( 1497): [0,2085,com.android.inputmethod.latin]
02-03 16:34:05.250 I/am_proc_bound( 1497): [0,2091,com.android.systemui]
02-03 16:34:05.644 I/sysui_action( 2091): [213,2]
02-03 16:34:05.676 I/am_proc_start( 1497): [0,2248,10002,org.cyanogenmod.cmaudio.service,service,org.cyanogenmod.cmaudio.service/.CMAudioService]
02-03 16:34:05.706 I/am_proc_bound( 1497): [0,2248,org.cyanogenmod.cmaudio.service]
02-03 16:34:05.773 I/am_proc_start( 1497): [0,2268,1001,com.android.phone,added application,com.android.phone]
02-03 16:34:05.784 I/am_create_task( 1497): [0,1]
02-03 16:34:05.784 I/am_create_activity( 1497): [0,42174778,1,com.android.settings/.FallbackHome,android.intent.action.MAIN,NULL,NULL,276824320]
02-03 16:34:05.785 I/wm_task_created( 1497): [1,0]
02-03 16:34:05.785 I/wm_task_moved( 1497): [1,1,0]
02-03 16:34:05.786 I/wm_task_moved( 1497): [1,1,0]
02-03 16:34:05.789 I/am_focused_activity( 1497): [0,com.android.settings/.FallbackHome,startedActivity]
02-03 16:34:05.800 I/am_proc_start( 1497): [0,2283,1000,com.android.settings,activity,com.android.settings/.FallbackHome]
02-03 16:34:05.804 I/am_proc_bound( 1497): [0,2268,com.android.phone]
02-03 16:34:05.833 I/am_proc_bound( 1497): [0,2283,com.android.settings]
02-03 16:34:05.835 I/am_restart_activity( 1497): [0,42174778,1,com.android.settings/.FallbackHome]
02-03 16:34:05.867 I/am_wtf  ( 1497): [0,1497,system_server,-1,ActivityManager,Sending non-protected broadcast cyanogenmod.platform.intent.action.PROFILE_UPDATED from system 1497:system/1000 pkg android]
02-03 16:34:06.161 I/dvm_lock_sample( 1497): [system_server,1,Binder:1497_3,286,ActivityManagerService.java,5962,-,18726,57]
02-03 16:34:06.162 I/dvm_lock_sample( 1497): [system_server,1,Binder:1497_1,244,ActivityManagerService.java,17705,-,18726,48]
02-03 16:34:06.236 I/am_on_resume_called( 2283): [0,com.android.settings.FallbackHome,LAUNCH_ACTIVITY]
02-03 16:34:06.320 I/boot_progress_enable_screen( 1497): 64228
02-03 16:34:06.322 I/screen_toggled( 1497): 1
02-03 16:34:06.322 I/am_activity_launch_time( 1497): [0,42174778,com.android.settings/.FallbackHome,534,534]
02-03 16:34:06.348 I/notification_enqueue( 1497): [1000,1497,android,17040541,NULL,-1,Notification(pri=-2 contentView=null vibrate=null sound=null tick defaults=0x0 flags=0x2 color=0xff4285f4 vis=PUBLIC),0]
02-03 16:34:06.349 I/notification_enqueue( 1497): [1000,1497,android,17040548,NULL,-1,Notification(pri=-1 contentView=null vibrate=null sound=null tick defaults=0x0 flags=0x2 color=0xff4285f4 vis=PUBLIC),0]
02-03 16:34:06.593 I/am_proc_start( 1497): [0,2494,10092,com.android.cellbroadcastreceiver,broadcast,com.android.cellbroadcastreceiver/.CellBroadcastReceiver]
02-03 16:34:06.632 I/am_proc_bound( 1497): [0,2494,com.android.cellbroadcastreceiver]
02-03 16:34:06.849 I/netstats_mobile_sample( 1497): [0,0,0,0,0,0,0,0,0,0,0,0,-1]
02-03 16:34:06.849 I/netstats_wifi_sample( 1497): [0,0,0,0,0,0,0,0,0,0,0,0,-1]
02-03 16:34:08.236 I/sf_stop_bootanim(  380): 66144
02-03 16:34:08.250 I/sysui_view_visibility( 2091): [111,100]
02-03 16:34:08.250 I/sysui_view_visibility( 2091): [126,100]
02-03 16:34:08.250 I/sysui_view_visibility( 2091): [115,100]
02-03 16:34:08.250 I/sysui_view_visibility( 2091): [261,100]
02-03 16:34:08.250 I/sysui_view_visibility( 2091): [118,100]
02-03 16:34:08.250 I/sysui_view_visibility( 2091): [119,100]
02-03 16:34:08.250 I/sysui_view_visibility( 2091): [123,100]
02-03 16:34:08.250 I/sysui_view_visibility( 2091): [113,100]
02-03 16:34:08.250 I/sysui_view_visibility( 2091): [112,100]
02-03 16:34:08.279 I/sysui_status_bar_state( 2091): [1,1,0,0,0,1]
02-03 16:34:08.280 I/am_pause_activity( 1497): [0,42174778,com.android.settings/.FallbackHome]
02-03 16:34:08.282 I/am_on_paused_called( 2283): [0,com.android.settings.FallbackHome,handlePauseActivity]
02-03 16:34:08.298 I/am_stop_activity( 1497): [0,42174778,com.android.settings/.FallbackHome]
02-03 16:34:08.300 I/sysui_count( 1497): [window_time_0,11]
02-03 16:34:08.305 I/am_on_stop_called( 2283): [0,com.android.settings.FallbackHome,sleeping]
02-03 16:34:09.751 I/gsm_service_state_change( 2268): [1,1,3,3]
02-03 16:34:10.270 I/gsm_service_state_change( 2268): [3,3,1,1]
02-03 16:34:10.502 I/configuration_changed( 1497): 3
02-03 16:34:10.529 I/am_relaunch_activity( 1497): [0,42174778,1,com.android.settings/.FallbackHome]
02-03 16:34:10.560 I/am_on_resume_called( 2283): [0,com.android.settings.FallbackHome,handleRelaunchActivity]
02-03 16:34:10.564 I/sf_frame_dur(  380): [com.android.settings/com.android.settings.FallbackHome,7,1,0,1,0,0,1]
02-03 16:34:10.568 I/am_on_paused_called( 2283): [0,com.android.settings.FallbackHome,handleRelaunchActivity]
02-03 16:34:10.582 I/am_on_stop_called( 2283): [0,com.android.settings.FallbackHome,sleeping]
02-03 16:34:11.311 I/notification_enqueue( 1497): [1001,2268,com.android.phone,3,1,0,Notification(pri=0 contentView=null vibrate=null sound=content://settings/system/notification_sound defaults=0x0 flags=0x0 color=0xff2a56c6 vis=PRIVATE),0]
02-03 16:34:11.315 I/notification_alert( 1497): [0|com.android.phone|3|1|1001,0,1,0]
02-03 16:34:11.514 I/gsm_service_state_change( 2268): [1,1,0,1]
02-03 16:34:11.515 I/gsm_rat_switched_new( 2268): [34889337,0,3]
02-03 16:34:11.594 I/notification_enqueue( 1497): [1001,2268,com.android.phone,3,1,0,Notification(pri=0 contentView=null vibrate=null sound=null defaults=0x0 flags=0x0 color=0xff2a56c6 vis=PRIVATE),1]
02-03 16:34:11.625 I/notification_enqueue( 1497): [1001,2268,com.android.phone,3,1,0,Notification(pri=0 contentView=null vibrate=null sound=content://settings/system/notification_sound defaults=0x0 flags=0x0 color=0xff2a56c6 vis=PRIVATE),1]
02-03 16:34:11.630 I/notification_alert( 1497): [0|com.android.phone|3|1|1001,0,1,0]
02-03 16:34:11.893 I/sf_frame_dur(  380): [BootAnimation,79,491,4,0,1,0,0]
02-03 16:34:11.981 I/wm_boot_animation_done( 1497): 69889
02-03 16:34:12.058 I/am_proc_start( 1497): [0,3162,10008,android.ext.services,on-hold,]
02-03 16:34:12.060 I/sysui_histogram( 1497): [framework_locked_boot_completed,69]
02-03 16:34:12.406 I/dvm_lock_sample( 1497): [system_server,1,Binder:1497_4,303,ActivityManagerService.java,6870,-,7024,60]
02-03 16:34:12.408 I/am_proc_bound( 1497): [0,3162,android.ext.services]
02-03 16:34:12.421 I/dvm_lock_sample( 1497): [system_server,1,ActivityManager,341,BroadcastQueue.java,760,ActivityManagerService.java,7024,68]
02-03 16:34:12.436 I/am_proc_start( 1497): [0,3252,10051,com.google.android.deskclock,broadcast,com.google.android.deskclock/com.android.deskclock.AlarmInitReceiver]
02-03 16:34:12.460 I/am_proc_bound( 1497): [0,3252,com.google.android.deskclock]
02-03 16:34:14.055 I/backup_transport_lifecycle( 1497): [android/com.android.internal.backup.LocalTransportService,1]
02-03 16:34:14.099 I/am_proc_start( 1497): [0,3342,10029,org.cyanogenmod.weatherservice,service,org.cyanogenmod.weatherservice/.WeatherManagerService]
02-03 16:34:14.118 I/am_proc_start( 1497): [0,3358,1000,com.quicinc.cne.CNEService,added application,com.quicinc.cne.CNEService]
02-03 16:34:14.129 I/am_proc_start( 1497): [0,3370,10095,org.omnirom.omniswitch,added application,org.omnirom.omniswitch]
02-03 16:34:14.146 I/am_proc_start( 1497): [0,3392,1000,com.qualcomm.services.location,added application,com.qualcomm.services.location]
02-03 16:34:14.158 I/am_proc_start( 1497): [0,3410,1027,com.android.nfc,added application,com.android.nfc]
02-03 16:34:14.169 I/am_proc_start( 1497): [0,3428,1000,com.cyanogenmod.settings.device,added application,com.cyanogenmod.settings.device]
02-03 16:34:14.171 I/sysui_histogram( 1497): [framework_boot_completed,70]
02-03 16:34:14.173 I/am_proc_bound( 1497): [0,3342,org.cyanogenmod.weatherservice]
02-03 16:34:14.182 I/am_proc_bound( 1497): [0,3358,com.quicinc.cne.CNEService]
02-03 16:34:14.184 I/am_proc_bound( 1497): [0,3370,org.omnirom.omniswitch]
02-03 16:34:14.185 I/am_proc_bound( 1497): [0,3392,com.qualcomm.services.location]
02-03 16:34:14.187 I/am_proc_bound( 1497): [0,3410,com.android.nfc]
02-03 16:34:14.203 I/am_proc_bound( 1497): [0,3428,com.cyanogenmod.settings.device]
02-03 16:34:14.217 I/am_proc_start( 1497): [0,3462,10055,com.android.smspush,service,com.android.smspush/.WapPushManager]
02-03 16:34:14.218 I/am_finish_activity( 1497): [0,42174778,1,com.android.settings/.FallbackHome,app-request]
02-03 16:34:14.398 I/wm_stack_created( 1497): 1
02-03 16:34:14.399 I/am_create_task( 1497): [0,2]
02-03 16:34:14.399 I/am_create_activity( 1497): [0,134830368,2,android/com.android.internal.app.ResolverActivity,android.intent.action.MAIN,NULL,NULL,276824320]
02-03 16:34:14.399 I/wm_task_created( 1497): [2,1]
02-03 16:34:14.400 I/wm_task_moved( 1497): [2,1,0]
02-03 16:34:14.400 I/am_focused_stack( 1497): [0,1,0,startedActivity setFocusedActivity]
02-03 16:34:14.410 I/wm_task_moved( 1497): [2,1,0]
02-03 16:34:14.410 I/am_focused_activity( 1497): [0,android/com.android.internal.app.ResolverActivity,startedActivity]
02-03 16:34:14.412 I/dvm_lock_sample( 1497): [system_server,1,Binder:1497_7,206,ActivityManagerService.java,13874,-,6870,41]
02-03 16:34:14.412 I/dvm_lock_sample( 1497): [system_server,1,android.ui,205,ActivityManagerService.java,4404,-,17459,41]
02-03 16:34:14.413 I/dvm_lock_sample( 1497): [system_server,1,Binder:1497_4,206,ActivityManagerService.java,17459,-,17459,41]
02-03 16:34:14.422 I/am_proc_bound( 1497): [0,3462,com.android.smspush]
02-03 16:34:14.442 I/am_proc_start( 1497): [0,3538,1000,system:ui,activity,android/com.android.internal.app.ResolverActivity]
02-03 16:34:14.448 I/dvm_lock_sample( 1497): [system_server,1,Binder:1497_D,194,ActivityManagerService.java,13874,-,5024,38]
02-03 16:34:14.448 I/dvm_lock_sample( 1497): [system_server,1,Binder:1497_F,184,ActivityManagerService.java,13874,-,5024,36]
02-03 16:34:14.452 I/dvm_lock_sample( 1497): [system_server,1,android.display,15,ActivityRecord.java,534,ActivityManagerService.java,6870,3]
02-03 16:34:14.473 I/am_proc_start( 1497): [0,3558,10003,com.android.providers.calendar,content provider,com.android.providers.calendar/.CalendarProvider2]
02-03 16:34:14.493 I/am_proc_start( 1497): [0,3568,10048,com.android.printspooler,service,com.android.printspooler/.model.PrintSpoolerService]
02-03 16:34:14.493 I/am_proc_bound( 1497): [0,3538,system:ui]
02-03 16:34:14.500 I/am_restart_activity( 1497): [0,134830368,2,android/com.android.internal.app.ResolverActivity]
02-03 16:34:14.503 I/am_pause_activity( 1497): [0,134830368,android/com.android.internal.app.ResolverActivity]
02-03 16:34:14.509 I/am_proc_bound( 1497): [0,3558,com.android.providers.calendar]
02-03 16:34:14.538 I/am_proc_start( 1497): [0,3596,1000,com.android.keychain,service,com.android.keychain/.KeyChainService]
02-03 16:34:14.539 I/am_proc_bound( 1497): [0,3568,com.android.printspooler]
02-03 16:34:14.574 I/am_proc_bound( 1497): [0,3596,com.android.keychain]
02-03 16:34:14.597 I/sysui_action( 3538): [451,android.intent.action.MAIN:null:[android.intent.category.HOME]]
02-03 16:34:14.601 I/am_on_resume_called( 3538): [0,com.android.internal.app.ResolverActivity,LAUNCH_ACTIVITY]
02-03 16:34:14.610 I/am_on_paused_called( 3538): [0,com.android.internal.app.ResolverActivity,handlePauseActivity]
02-03 16:34:14.611 I/am_stop_activity( 1497): [0,134830368,android/com.android.internal.app.ResolverActivity]
02-03 16:34:14.611 I/am_destroy_activity( 1497): [0,42174778,1,com.android.settings/.FallbackHome,finish-idle]
02-03 16:34:14.614 I/sysui_count( 1497): [window_time_0,5]
02-03 16:34:14.642 I/am_proc_start( 1497): [0,3633,10007,android.process.media,broadcast,com.android.providers.downloads/.DownloadReceiver]
02-03 16:34:14.643 I/am_on_stop_called( 3538): [0,com.android.internal.app.ResolverActivity,sleeping]
02-03 16:34:14.678 I/am_activity_launch_time( 1497): [0,134830368,android/com.android.internal.app.ResolverActivity,175,253]
02-03 16:34:14.704 I/am_proc_bound( 1497): [0,3633,android.process.media]
02-03 16:34:14.754 I/wm_task_removed( 1497): [1,removeAppToken: last token]
02-03 16:34:14.754 I/wm_task_removed( 1497): [1,removeTask]
02-03 16:34:14.947 I/am_meminfo( 1497): [495104000,1694674944,0,71471104,148541440]
02-03 16:34:15.746 I/dvm_lock_sample( 1497): [system_server,1,Binder:1497_3,1016,NetworkManagementService.java,2070,-,1920,100]
02-03 16:34:15.806 I/sysui_histogram( 1497): [note_dismiss_longevity,0]
02-03 16:34:15.806 I/notification_canceled( 1497): [0|com.android.phone|3|1|1001,2,4495,4181,0]
02-03 16:34:16.139 I/am_proc_start( 1497): [0,3725,10069,com.estrongs.android.pop,broadcast,com.estrongs.android.pop/.EnableOEMConfig]
02-03 16:34:16.181 I/am_proc_bound( 1497): [0,3725,com.estrongs.android.pop]
02-03 16:34:16.365 I/sysui_lockscreen_gesture( 2091): [1,156,6058]
02-03 16:34:16.416 I/screen_toggled( 2091): 2
02-03 16:34:16.427 I/am_resume_activity( 1497): [0,134830368,2,android/com.android.internal.app.ResolverActivity]
02-03 16:34:16.447 I/sysui_view_visibility( 2091): [111,0]
02-03 16:34:16.448 I/notification_expansion( 1497): [-1|android|17040548|null|1000,0,1,11231,11231,0]
02-03 16:34:16.451 I/am_on_resume_called( 3538): [0,com.android.internal.app.ResolverActivity,RESUME_ACTIVITY]
02-03 16:34:16.458 I/sysui_status_bar_state( 2091): [0,0,0,0,0,1]
02-03 16:34:16.707 I/am_proc_start( 1497): [0,3754,10069,com.estrongs.android.pop:local,service,com.estrongs.android.pop/com.android.apps.pros.LocalCService]
02-03 16:34:16.721 I/am_proc_bound( 1497): [0,3754,com.estrongs.android.pop:local]
02-03 16:34:16.836 I/am_proc_start( 1497): [0,3810,10086,com.whatsapp,broadcast,com.whatsapp/.ExternalMediaManager$ExternalMediaStateReceiver]
02-03 16:34:16.855 I/am_proc_bound( 1497): [0,3810,com.whatsapp]
02-03 16:34:16.920 I/am_proc_start( 1497): [0,3834,10071,com.google.android.gms,service,com.google.android.gms/org.microg.gms.ads.AdvertisingIdService]
02-03 16:34:16.939 I/am_proc_bound( 1497): [0,3834,com.google.android.gms]
02-03 16:34:17.568 I/am_proc_start( 1497): [0,3895,10081,me.bluemail.mail,broadcast,me.bluemail.mail/com.trtf.blue.service.StorageReceiver]
02-03 16:34:17.579 I/am_proc_bound( 1497): [0,3895,me.bluemail.mail]
02-03 16:34:18.274 I/am_create_task( 1497): [0,3]
02-03 16:34:18.274 I/am_create_activity( 1497): [0,109324746,3,com.teslacoilsw.launcher/.NovaLauncher,android.intent.action.MAIN,NULL,NULL,318767360]
02-03 16:34:18.275 I/wm_task_created( 1497): [3,0]
02-03 16:34:18.275 I/wm_task_moved( 1497): [3,1,0]
02-03 16:34:18.276 I/am_focused_stack( 1497): [0,0,1,startedActivity setFocusedActivity]
02-03 16:34:18.276 I/wm_task_moved( 1497): [3,1,0]
02-03 16:34:18.277 I/am_focused_activity( 1497): [0,com.teslacoilsw.launcher/.NovaLauncher,startedActivity]
02-03 16:34:18.277 I/am_pause_activity( 1497): [0,134830368,android/com.android.internal.app.ResolverActivity]
02-03 16:34:18.290 I/sysui_action( 1497): [323,com.teslacoilsw.launcher/.NovaLauncher]
02-03 16:34:18.290 I/sysui_action( 1497): [324,false]
02-03 16:34:18.290 I/sysui_action( 1497): [325,74]
02-03 16:34:18.290 I/dvm_lock_sample( 1497): [system_server,1,Binder:1497_E,26,UserController.java,1438,ActivityStarter.java,788,5]
02-03 16:34:18.291 I/sysui_action( 3538): [457,]
02-03 16:34:18.291 I/sysui_action( 3538): [452,]
02-03 16:34:18.291 I/am_finish_activity( 1497): [0,134830368,2,android/com.android.internal.app.ResolverActivity,app-request]
02-03 16:34:18.297 I/am_on_paused_called( 3538): [0,com.android.internal.app.ResolverActivity,handlePauseActivity]
02-03 16:34:18.337 I/am_proc_start( 1497): [0,3962,10075,com.teslacoilsw.launcher,activity,com.teslacoilsw.launcher/.NovaLauncher]
02-03 16:34:18.364 I/am_proc_bound( 1497): [0,3962,com.teslacoilsw.launcher]
02-03 16:34:18.376 I/am_restart_activity( 1497): [0,109324746,3,com.teslacoilsw.launcher/.NovaLauncher]
02-03 16:34:18.408 I/sysui_action( 1497): [321,144]
02-03 16:34:18.430 I/sysui_action( 1497): [320,1]
02-03 16:34:18.430 I/sysui_action( 1497): [319,166]
02-03 16:34:18.534 I/dvm_lock_sample( 3895): [me.bluemail.mail,0,preferences_loader,534,SourceFile,103,ULocale.java,2712,100]
02-03 16:34:18.726 I/am_proc_start( 1497): [0,3993,10069,.esfm,service,com.estrongs.android.pop/com.estrongs.android.scanner.service.FileMonitorService]
02-03 16:34:18.737 I/am_proc_bound( 1497): [0,3993,.esfm]
02-03 16:34:18.827 I/am_proc_start( 1497): [0,4023,10099,com.android.calendar,broadcast,com.android.calendar/.widget.CalendarAppWidgetService$CalendarFactory]
02-03 16:34:18.843 I/am_proc_bound( 1497): [0,4023,com.android.calendar]
02-03 16:34:18.932 I/am_on_resume_called( 3962): [0,com.teslacoilsw.launcher.NovaLauncher,LAUNCH_ACTIVITY]
02-03 16:34:19.005 I/sysui_action( 1497): [322,741]
02-03 16:34:19.005 I/am_activity_launch_time( 1497): [0,109324746,com.teslacoilsw.launcher/.NovaLauncher,682,682]
02-03 16:34:19.014 I/am_destroy_activity( 1497): [0,134830368,2,android/com.android.internal.app.ResolverActivity,finish-imm]
02-03 16:34:19.019 I/am_on_stop_called( 3538): [0,com.android.internal.app.ResolverActivity,destroy]
02-03 16:34:19.023 I/wm_task_removed( 1497): [2,removeAppToken: last token]
02-03 16:34:19.023 I/wm_task_removed( 1497): [2,removeTask]
02-03 16:34:19.023 I/wm_stack_removed( 1497): 1
02-03 16:34:19.027 I/sf_frame_dur(  380): [android/com.android.internal.app.ResolverActivity,25,2,1,1,0,0,2]
02-03 16:34:19.089 I/am_crash( 1497): [4023,0,com.android.calendar,814333509,java.lang.SecurityException,Permission Denial: opening provider com.android.providers.calendar.CalendarProvider2 from ProcessRecord{68fbda9 4023:com.android.calendar/u0a99} (pid=4023, uid=10099) requires android.permission.READ_CALENDAR or android.permission.WRITE_CALENDAR,Parcel.java,1684]
02-03 16:34:19.090 I/am_broadcast_discard_app( 1497): [0,195823335,android.intent.action.TIME_SET,0,ResolveInfo{b36f2e com.android.calendar/.widget.CalendarAppWidgetService$CalendarFactory m=0x108000}]
02-03 16:34:19.112 I/am_proc_start( 1497): [0,4058,10106,com.cyanogenmod.lockclock,broadcast,com.cyanogenmod.lockclock/.ClockWidgetProvider]
02-03 16:34:19.124 I/am_proc_bound( 1497): [0,4058,com.cyanogenmod.lockclock]
02-03 16:34:19.513 I/am_proc_start( 1497): [0,4085,1000,com.qualcomm.timeservice,broadcast,com.qualcomm.timeservice/.TimeServiceBroadcastReceiver]
02-03 16:34:19.523 I/am_proc_bound( 1497): [0,4085,com.qualcomm.timeservice]
02-03 16:34:19.574 I/am_proc_start( 1497): [0,4102,10068,com.handmark.expressweather,broadcast,com.handmark.expressweather/.widgets.Widget4x1_Clock]
02-03 16:34:19.586 I/am_proc_bound( 1497): [0,4102,com.handmark.expressweather]
02-03 16:34:20.121 I/am_proc_start( 1497): [0,4140,10074,com.painless.pc,broadcast,com.painless.pc/.PCWidgetActivity]
02-03 16:34:20.136 I/am_proc_bound( 1497): [0,4140,com.painless.pc]
02-03 16:34:20.264 I/am_proc_start( 1497): [0,4160,1000,org.cyanogenmod.cmparts,broadcast,org.cyanogenmod.cmparts/.BootReceiver]
02-03 16:34:20.271 I/am_proc_bound( 1497): [0,4160,org.cyanogenmod.cmparts]
02-03 16:34:20.335 I/sysui_action( 1497): [316,1]
02-03 16:34:20.335 I/am_kill ( 1497): [0,4023,com.android.calendar,902,crash]
02-03 16:34:20.398 I/am_proc_start( 1497): [0,4184,10022,com.android.dialer,broadcast,com.android.dialer/.calllog.CallLogReceiver]
02-03 16:34:20.408 I/am_proc_bound( 1497): [0,4184,com.android.dialer]
02-03 16:34:20.488 I/sf_frame_dur(  380): [Application Error: com.android.calendar,3,0,1,0,0,1,0]
02-03 16:34:20.547 I/am_proc_start( 1497): [0,4202,10099,com.android.calendar,broadcast,com.android.calendar/.UpgradeReceiver]
02-03 16:34:20.559 I/am_proc_start( 1497): [0,4216,10000,android.process.acore,content provider,com.android.providers.contacts/.CallLogProvider]
02-03 16:34:20.561 I/am_proc_bound( 1497): [0,4202,com.android.calendar]
02-03 16:34:20.572 I/am_proc_bound( 1497): [0,4216,android.process.acore]
02-03 16:34:20.718 I/am_proc_start( 1497): [0,4244,10052,android.romstats,broadcast,android.romstats/.ReportingServiceManager]
02-03 16:34:20.730 I/am_proc_bound( 1497): [0,4244,android.romstats]
02-03 16:34:20.824 I/am_proc_start( 1497): [0,4263,10101,com.android.camera2,broadcast,com.android.camera2/com.android.camera.DisableCameraReceiver]
02-03 16:34:20.831 I/am_proc_bound( 1497): [0,4263,com.android.camera2]
02-03 16:34:20.851 I/am_crash( 1497): [4202,0,com.android.calendar,814333509,java.lang.SecurityException,Permission Denial: opening provider com.android.providers.calendar.CalendarProvider2 from ProcessRecord{1ca6977 4202:com.android.calendar/u0a99} (pid=4202, uid=10099) requires android.permission.READ_CALENDAR or android.permission.WRITE_CALENDAR,Parcel.java,1684]
02-03 16:34:20.852 I/am_process_crashed_too_much( 1497): [0,com.android.calendar,10099]
02-03 16:34:20.852 I/am_proc_bad( 1497): [0,10099,com.android.calendar]
02-03 16:34:20.852 I/am_kill ( 1497): [0,4202,com.android.calendar,500,crash]
02-03 16:34:20.988 I/notification_cancel_all( 1497): [10101,4263,com.android.camera2,0,0,64,9,NULL]
02-03 16:34:21.030 I/am_proc_start( 1497): [0,4285,10105,com.android.email,broadcast,com.android.email/.service.EmailUpgradeBroadcastReceiver]
02-03 16:34:21.047 I/am_proc_bound( 1497): [0,4285,com.android.email]
02-03 16:34:21.321 I/sysui_count( 2091): [panel_open,1]
02-03 16:34:21.325 I/sysui_histogram( 2091): [note_load,2]
02-03 16:34:21.325 I/notification_panel_revealed( 1497): 2
02-03 16:34:21.405 I/am_proc_start( 1497): [0,4301,10100,com.android.exchange,service,com.android.exchange/.service.EasService]
02-03 16:34:21.417 I/am_proc_bound( 1497): [0,4301,com.android.exchange]
02-03 16:34:21.695 I/am_proc_start( 1497): [0,4324,10096,com.android.gallery3d,broadcast,com.android.gallery3d/com.android.camera.DisableCameraReceiver]
02-03 16:34:21.703 I/am_proc_bound( 1497): [0,4324,com.android.gallery3d]
02-03 16:34:21.776 I/am_kill ( 1497): [0,2494,com.android.cellbroadcastreceiver,906,empty #17]
02-03 16:34:21.810 I/am_proc_died( 1497): [0,2494,com.android.cellbroadcastreceiver]
02-03 16:34:21.830 I/notification_visibility( 1497): [-1|android|17040541|null|1000,1,16616,16616,0,1]
02-03 16:34:21.830 I/notification_visibility( 1497): [-1|android|17040548|null|1000,1,16613,16613,0,0]
02-03 16:34:21.984 I/am_kill ( 1497): [0,2283,com.android.settings,906,empty #17]
02-03 16:34:22.002 I/am_proc_start( 1497): [0,4347,10014,com.android.managedprovisioning,broadcast,com.android.managedprovisioning/.BootReminder]
02-03 16:34:22.010 I/am_proc_bound( 1497): [0,4347,com.android.managedprovisioning]
02-03 16:34:22.017 I/am_proc_died( 1497): [0,2283,com.android.settings]
02-03 16:34:22.076 I/am_proc_start( 1497): [0,4362,10058,com.android.messaging,broadcast,com.android.messaging/.receiver.BootAndPackageReplacedReceiver]
02-03 16:34:22.077 I/am_kill ( 1497): [0,3596,com.android.keychain,906,empty #17]
02-03 16:34:22.088 I/am_proc_bound( 1497): [0,4362,com.android.messaging]
02-03 16:34:22.103 I/am_proc_died( 1497): [0,3596,com.android.keychain]
02-03 16:34:22.259 I/am_proc_start( 1497): [0,4382,10015,com.android.onetimeinitializer,broadcast,com.android.onetimeinitializer/.OneTimeInitializerReceiver]
02-03 16:34:22.272 I/am_proc_bound( 1497): [0,4382,com.android.onetimeinitializer]
02-03 16:34:22.322 I/am_kill ( 1497): [0,3834,com.google.android.gms,906,empty #17]
02-03 16:34:22.359 I/am_proc_died( 1497): [0,3834,com.google.android.gms]
02-03 16:34:22.492 I/am_proc_start( 1497): [0,4414,1000,com.android.settings,broadcast,com.android.settings/.rr.util.OnBoot]
02-03 16:34:22.501 I/am_proc_bound( 1497): [0,4414,com.android.settings]
02-03 16:34:22.538 I/am_kill ( 1497): [0,3895,me.bluemail.mail,906,empty #17]
02-03 16:34:22.567 I/am_proc_died( 1497): [0,3895,me.bluemail.mail]
02-03 16:34:22.604 I/am_kill ( 1497): [0,3538,system:ui,906,empty #17]
02-03 16:34:22.618 I/am_proc_start( 1497): [0,4447,10057,com.bhb27.isu,broadcast,com.bhb27.isu/.bootservice.BootBroadcastReceiver]
02-03 16:34:22.626 I/am_proc_bound( 1497): [0,4447,com.bhb27.isu]
02-03 16:34:22.632 I/am_proc_died( 1497): [0,3538,system:ui]
02-03 16:34:22.674 I/am_proc_start( 1497): [0,4463,10056,com.bhb27.kerneladiutor,broadcast,com.bhb27.kerneladiutor/com.grarak.kerneladiutor.services.BootReceiver]
02-03 16:34:22.675 I/am_kill ( 1497): [0,4058,com.cyanogenmod.lockclock,906,empty #17]
02-03 16:34:22.680 I/am_proc_bound( 1497): [0,4463,com.bhb27.kerneladiutor]
02-03 16:34:22.697 I/am_proc_died( 1497): [0,4058,com.cyanogenmod.lockclock]
02-03 16:34:22.786 I/am_proc_start( 1497): [0,4479,10106,com.cyanogenmod.lockclock,broadcast,com.cyanogenmod.lockclock/.ClockWidgetProvider]
02-03 16:34:22.797 I/am_proc_bound( 1497): [0,4479,com.cyanogenmod.lockclock]
02-03 16:34:22.949 I/am_proc_start( 1497): [0,4513,10028,com.cyanogenmod.trebuchet,broadcast,com.cyanogenmod.trebuchet/com.android.launcher3.StartupReceiver]
02-03 16:34:22.951 I/am_kill ( 1497): [0,3252,com.google.android.deskclock,906,empty #17]
02-03 16:34:22.964 I/am_proc_bound( 1497): [0,4513,com.cyanogenmod.trebuchet]
02-03 16:34:22.977 I/am_proc_died( 1497): [0,3252,com.google.android.deskclock]
02-03 16:34:23.041 I/am_proc_start( 1497): [0,4528,10107,com.google.android.apps.wallpaper,broadcast,com.google.android.apps.wallpaper/.module.GoogleBootReceiver]
02-03 16:34:23.051 I/wm_stack_created( 1497): 1
02-03 16:34:23.051 I/am_create_task( 1497): [0,4]
02-03 16:34:23.051 I/am_create_activity( 1497): [0,189551557,4,com.android.settings/.Settings$WifiSettingsActivity,android.settings.WIFI_SETTINGS,NULL,NULL,335544320]
02-03 16:34:23.052 I/wm_task_created( 1497): [4,1]
02-03 16:34:23.052 I/wm_task_moved( 1497): [4,1,0]
02-03 16:34:23.056 I/am_focused_stack( 1497): [0,1,0,startedActivity setFocusedActivity]
02-03 16:34:23.057 I/wm_task_moved( 1497): [4,1,0]
02-03 16:34:23.058 I/am_focused_activity( 1497): [0,com.android.settings/.Settings$WifiSettingsActivity,startedActivity]
02-03 16:34:23.058 I/am_pause_activity( 1497): [0,109324746,com.teslacoilsw.launcher/.NovaLauncher]
02-03 16:34:23.058 I/am_on_paused_called( 3962): [0,com.teslacoilsw.launcher.NovaLauncher,handlePauseActivity]
02-03 16:34:23.060 I/sysui_action( 1497): [323,com.android.settings/.Settings$WifiSettingsActivity]
02-03 16:34:23.060 I/sysui_action( 1497): [324,true]
02-03 16:34:23.060 I/sysui_action( 1497): [325,79]
02-03 16:34:23.062 I/am_kill ( 1497): [0,4085,com.qualcomm.timeservice,906,empty #17]
02-03 16:34:23.066 I/am_restart_activity( 1497): [0,189551557,4,com.android.settings/.Settings$WifiSettingsActivity]
02-03 16:34:23.070 I/am_proc_bound( 1497): [0,4528,com.google.android.apps.wallpaper]
02-03 16:34:23.077 I/sysui_count( 1497): [window_time_0,8]
02-03 16:34:23.096 I/am_proc_died( 1497): [0,4085,com.qualcomm.timeservice]
02-03 16:34:23.126 I/sysui_action( 1497): [321,88]
02-03 16:34:23.126 I/sysui_action( 1497): [320,1]
02-03 16:34:23.126 I/sysui_action( 1497): [319,88]
02-03 16:34:23.299 I/notification_visibility( 1497): [-1|android|17040541|null|1000,0,18085,18085,0,1]
02-03 16:34:23.299 I/notification_visibility( 1497): [-1|android|17040548|null|1000,0,18082,18082,0,0]
02-03 16:34:23.299 I/notification_panel_hidden( 1497): []
02-03 16:34:23.314 I/am_proc_start( 1497): [0,4547,10051,com.google.android.deskclock,broadcast,com.google.android.deskclock/com.android.deskclock.AlarmInitReceiver]
02-03 16:34:23.325 I/am_proc_bound( 1497): [0,4547,com.google.android.deskclock]
02-03 16:34:23.368 I/sysui_view_visibility( 4414): [103,100]
02-03 16:34:23.374 I/am_on_resume_called( 4414): [0,com.android.settings.Settings$WifiSettingsActivity,LAUNCH_ACTIVITY]
02-03 16:34:23.475 I/sysui_action( 1497): [322,437]
02-03 16:34:23.476 I/am_activity_launch_time( 1497): [0,189551557,com.android.settings/.Settings$WifiSettingsActivity,413,413]
02-03 16:34:23.505 I/am_proc_start( 1497): [0,4578,1000,com.qualcomm.telephony,broadcast,com.qualcomm.atfwd/.AtFwdAutoboot]
02-03 16:34:23.505 I/am_stop_activity( 1497): [0,109324746,com.teslacoilsw.launcher/.NovaLauncher]
02-03 16:34:23.507 I/am_kill ( 1497): [0,3568,com.android.printspooler,906,empty #17]
02-03 16:34:23.518 I/am_proc_bound( 1497): [0,4578,com.qualcomm.telephony]
02-03 16:34:23.518 I/am_on_stop_called( 3962): [0,com.teslacoilsw.launcher.NovaLauncher,handleStopActivity]
02-03 16:34:23.523 I/am_proc_died( 1497): [0,3568,com.android.printspooler]
02-03 16:34:23.546 I/sf_frame_dur(  380): [com.teslacoilsw.launcher/com.teslacoilsw.launcher.NovaLauncher,30,3,2,0,2,0,0]
02-03 16:34:23.615 I/am_proc_start( 1497): [0,4595,1001,com.qualcomm.qcrilmsgtunnel,broadcast,com.qualcomm.qcrilmsgtunnel/.QcrilMsgTunnelAutoboot]
02-03 16:34:23.629 I/am_proc_bound( 1497): [0,4595,com.qualcomm.qcrilmsgtunnel]
02-03 16:34:23.673 I/am_proc_start( 1497): [0,4631,10049,com.resurrection.ota,broadcast,com.resurrection.ota/com.commonsware.cwac.wakeful.AlarmReceiver]
02-03 16:34:23.682 I/am_proc_bound( 1497): [0,4631,com.resurrection.ota]
02-03 16:34:23.743 I/am_proc_start( 1497): [0,4663,10032,masquerade.substratum,broadcast,masquerade.substratum/.services.BootDetector]
02-03 16:34:23.745 I/am_kill ( 1497): [0,4140,com.painless.pc,906,empty #17]
02-03 16:34:23.752 I/am_proc_bound( 1497): [0,4663,masquerade.substratum]
02-03 16:34:23.759 I/am_proc_died( 1497): [0,4140,com.painless.pc]
02-03 16:34:23.798 I/am_proc_start( 1497): [0,4678,10040,org.adaway,broadcast,org.adaway/.service.BootReceiver]
02-03 16:34:23.801 I/am_kill ( 1497): [0,4160,org.cyanogenmod.cmparts,906,empty #17]
02-03 16:34:23.810 I/am_proc_bound( 1497): [0,4678,org.adaway]
02-03 16:34:23.814 I/am_proc_died( 1497): [0,4160,org.cyanogenmod.cmparts]
02-03 16:34:23.899 I/am_kill ( 1497): [0,4184,com.android.dialer,906,empty #17]
02-03 16:34:23.922 I/am_proc_start( 1497): [0,4712,10071,com.google.android.gms,broadcast,com.google.android.gms/org.microg.gms.gcm.TriggerReceiver]
02-03 16:34:23.935 I/am_proc_bound( 1497): [0,4712,com.google.android.gms]
02-03 16:34:23.940 I/am_proc_died( 1497): [0,4184,com.android.dialer]
02-03 16:34:24.324 I/sysui_action( 4414): [139,]
02-03 16:34:24.924 I/netstats_mobile_sample( 1497): [0,0,0,0,0,0,0,0,0,0,0,0,-1]
02-03 16:34:24.924 I/netstats_wifi_sample( 1497): [0,0,0,0,0,0,0,0,0,0,0,0,-1]
02-03 16:34:25.141 I/am_proc_start( 1497): [0,4994,10082,com.itau,broadcast,com.itau/br.com.itau.pf.receivers.LocalNotificationTriggerReceiver]
02-03 16:34:25.151 I/am_proc_bound( 1497): [0,4994,com.itau]
02-03 16:34:26.575 I/am_proc_start( 1497): [0,5078,10087,com.keramidas.TitaniumBackup,broadcast,com.keramidas.TitaniumBackup/.schedules.BootReceiver]
02-03 16:34:26.575 I/dvm_lock_sample( 1497): [system_server,1,android.ui,11,ActivityManagerService.java,4404,BroadcastQueue.java,760,2]
02-03 16:34:26.577 I/am_kill ( 1497): [0,4102,com.handmark.expressweather,906,empty #17]
02-03 16:34:26.586 I/am_proc_bound( 1497): [0,5078,com.keramidas.TitaniumBackup]
02-03 16:34:26.598 I/am_proc_died( 1497): [0,4102,com.handmark.expressweather]
02-03 16:34:26.790 I/am_proc_start( 1497): [0,5098,10063,com.motorola.camera,broadcast,com.motorola.camera/.BootReceiver]
02-03 16:34:26.792 I/am_kill ( 1497): [0,4244,android.romstats,906,empty #17]
02-03 16:34:26.803 I/am_proc_bound( 1497): [0,5098,com.motorola.camera]
02-03 16:34:26.820 I/am_pss  ( 1497): [2085,10059,com.android.inputmethod.latin,8478720,7057408,0]
02-03 16:34:26.833 I/am_proc_died( 1497): [0,4244,android.romstats]
02-03 16:34:26.965 I/am_proc_start( 1497): [0,5117,10074,com.painless.pc,broadcast,com.painless.pc/.CommandReceiver]
02-03 16:34:26.967 I/am_kill ( 1497): [0,4263,com.android.camera2,906,empty #17]
02-03 16:34:26.978 I/am_proc_bound( 1497): [0,5117,com.painless.pc]
02-03 16:34:26.994 I/am_proc_died( 1497): [0,4263,com.android.camera2]
02-03 16:34:27.054 I/am_kill ( 1497): [0,4324,com.android.gallery3d,906,empty #17]
02-03 16:34:27.069 I/am_proc_start( 1497): [0,5136,10084,com.xda.labs,broadcast,com.xda.labs/.BootReceiver]
02-03 16:34:27.084 I/am_proc_died( 1497): [0,4324,com.android.gallery3d]
02-03 16:34:27.087 I/am_proc_bound( 1497): [0,5136,com.xda.labs]
02-03 16:34:27.173 I/am_kill ( 1497): [0,4301,com.android.exchange,906,empty #17]
02-03 16:34:27.206 I/am_proc_died( 1497): [0,4301,com.android.exchange]
02-03 16:34:27.210 I/am_pss  ( 1497): [2248,10002,org.cyanogenmod.cmaudio.service,3149824,2473984,0]
02-03 16:34:30.314 I/dvm_lock_sample( 1497): [system_server,0,WifiP2pService,5001,WifiNative.java,259,-,2149,100]
02-03 16:34:30.315 I/dvm_lock_sample( 1497): [system_server,0,WifiScanningService,4994,WifiNative.java,259,-,2149,100]
02-03 16:34:30.777 I/dvm_lock_sample( 1497): [system_server,1,Binder:1497_B,12,PackageManagerService.java,3851,-,5482,2]
02-03 16:34:31.079 I/am_proc_start( 1497): [0,5175,10048,com.android.printspooler,service,com.android.printspooler/.model.PrintSpoolerService]
02-03 16:34:31.106 I/am_proc_start( 1497): [0,5190,10081,me.bluemail.mail,broadcast,me.bluemail.mail/com.trtf.blue.service.BootReceiver]
02-03 16:34:31.106 I/am_proc_bound( 1497): [0,5175,com.android.printspooler]
02-03 16:34:31.125 I/am_proc_bound( 1497): [0,5190,me.bluemail.mail]
02-03 16:34:31.714 I/dvm_lock_sample( 5190): [me.bluemail.mail,0,AsyncTask #1,393,SourceFile,120,-,64,78]
02-03 16:34:31.838 I/am_proc_start( 1497): [0,5257,10089,projekt.substratum,broadcast,projekt.substratum/.services.BootCompletedDetector]
02-03 16:34:31.848 I/am_kill ( 1497): [0,4347,com.android.managedprovisioning,906,empty #17]
02-03 16:34:31.849 I/am_proc_bound( 1497): [0,5257,projekt.substratum]
02-03 16:34:31.877 I/am_proc_died( 1497): [0,4347,com.android.managedprovisioning]
02-03 16:34:32.143 I/am_proc_start( 1497): [0,5282,10092,com.android.cellbroadcastreceiver,broadcast,com.android.cellbroadcastreceiver/.CellBroadcastReceiver]
02-03 16:34:32.157 I/am_proc_bound( 1497): [0,5282,com.android.cellbroadcastreceiver]
02-03 16:34:32.225 I/am_kill ( 1497): [0,4382,com.android.onetimeinitializer,906,empty #17]
02-03 16:34:32.239 I/am_broadcast_discard_app( 1497): [0,104853984,android.intent.action.PROVIDER_CHANGED,0,ResolveInfo{82c6c99 com.android.calendar/.alerts.AlertReceiver m=0x308000}]
02-03 16:34:32.241 I/am_broadcast_discard_app( 1497): [0,104853984,android.intent.action.PROVIDER_CHANGED,1,ResolveInfo{b570b5e com.android.calendar/.widget.CalendarAppWidgetService$CalendarFactory m=0x308000}]
02-03 16:34:32.257 I/am_proc_died( 1497): [0,4382,com.android.onetimeinitializer]
02-03 16:34:32.287 I/am_proc_start( 1497): [0,5302,10068,com.handmark.expressweather,broadcast,com.handmark.expressweather/.BootReceiver]
02-03 16:34:32.302 I/am_proc_bound( 1497): [0,5302,com.handmark.expressweather]
02-03 16:34:32.528 I/am_kill ( 1497): [0,4362,com.android.messaging,906,empty #17]
02-03 16:34:32.569 I/am_proc_died( 1497): [0,4362,com.android.messaging]
02-03 16:34:33.644 I/am_pss  ( 1497): [4414,1000,com.android.settings,74805248,69607424,0]
02-03 16:34:35.302 I/am_kill ( 1497): [0,4447,com.bhb27.isu,906,empty #17]
02-03 16:34:35.346 I/am_pss  ( 1497): [3462,10055,com.android.smspush,2654208,2011136,0]
02-03 16:34:35.390 I/am_proc_died( 1497): [0,4447,com.bhb27.isu]
02-03 16:34:35.393 I/am_pss  ( 1497): [3342,10029,org.cyanogenmod.weatherservice,3163136,2473984,0]
02-03 16:34:35.436 I/am_pss  ( 1497): [3162,10008,android.ext.services,2776064,2072576,0]
02-03 16:34:36.179 I/am_kill ( 1497): [0,4463,com.bhb27.kerneladiutor,906,empty #17]
02-03 16:34:36.264 I/am_proc_died( 1497): [0,4463,com.bhb27.kerneladiutor]
02-03 16:34:36.857 I/am_pss  ( 1497): [3725,10069,com.estrongs.android.pop,22168576,19099648,0]
02-03 16:34:36.880 I/am_pss  ( 1497): [3754,10069,com.estrongs.android.pop:local,6768640,5648384,0]
02-03 16:34:37.623 I/am_pss  ( 1497): [3810,10086,com.whatsapp,15309824,13606912,0]
02-03 16:34:37.741 I/notification_enqueue( 1497): [1000,1497,android,17040557,NULL,-1,Notification(pri=0 contentView=null vibrate=null sound=null defaults=0x0 flags=0x2 color=0xff06005c category=sys vis=PRIVATE),0]
02-03 16:34:37.757 I/notification_enqueue( 1497): [1000,1497,android,17040557,NULL,-1,Notification(pri=0 contentView=null vibrate=null sound=null defaults=0x0 flags=0x2 color=0xff06005c category=sys vis=PRIVATE),1]
02-03 16:34:37.825 I/notification_expansion( 1497): [-1|android|17040557|null|1000,0,1,85,71,0]
02-03 16:34:37.825 I/notification_expansion( 1497): [-1|android|17040548|null|1000,0,0,32608,32608,15995]
02-03 16:34:41.564 I/netstats_mobile_sample( 1497): [0,0,0,0,0,0,0,0,0,0,0,0,-1]
02-03 16:34:41.564 I/netstats_wifi_sample( 1497): [0,0,0,0,0,0,0,0,0,0,0,0,-1]
02-03 16:34:41.571 I/netstats_mobile_sample( 1497): [0,0,0,0,0,0,0,0,0,0,0,0,-1]
02-03 16:34:41.571 I/netstats_wifi_sample( 1497): [0,0,0,0,0,0,0,0,0,0,0,0,-1]
02-03 16:34:41.710 I/am_proc_start( 1497): [0,5392,10052,android.romstats,broadcast,android.romstats/.ReportingServiceManager]
02-03 16:34:41.730 I/dvm_lock_sample( 1497): [system_server,1,Binder:1497_6,19,NetworkPolicyManagerService.java,2315,Binder.java,-2,3]
02-03 16:34:41.736 I/dvm_lock_sample( 1497): [system_server,0,AsyncTask #1,32,NetworkPolicyManagerService.java,2315,Binder.java,-2,6]
02-03 16:34:41.748 I/am_proc_bound( 1497): [0,5392,android.romstats]
02-03 16:34:41.795 I/am_pss  ( 1497): [3993,10069,.esfm,7667712,6086656,0]
02-03 16:34:41.825 I/am_pss  ( 1497): [4285,10105,com.android.email,10320896,8654848,0]
02-03 16:34:41.850 I/am_kill ( 1497): [0,4513,com.cyanogenmod.trebuchet,906,empty #17]
02-03 16:34:41.851 I/am_pss  ( 1497): [3633,10007,android.process.media,12024832,10436608,0]
02-03 16:34:41.877 I/am_proc_died( 1497): [0,4513,com.cyanogenmod.trebuchet]
02-03 16:34:42.856 I/am_wtf  ( 1497): [0,1497,system_server,-1,BatteryStatsImpl,Unable to find object for *alarm* in uid 10069 mapsize=4 activeoverflow=null curoverflow=null]
02-03 16:34:43.562 I/am_pss  ( 1497): [3962,10075,com.teslacoilsw.launcher,61377536,48914432,0]
02-03 16:34:43.816 I/sysui_action( 4414): [135,]
02-03 16:34:43.857 I/notification_canceled( 1497): [-1|android|17040557|null|1000,8,6117,6103,0]
02-03 16:34:43.867 I/notification_expansion( 1497): [-1|android|17040548|null|1000,0,1,38650,38650,22037]
02-03 16:34:43.960 I/sf_frame_dur(  380): [Home_273,17,5,5,2,5,5,0]
02-03 16:34:43.997 I/netstats_mobile_sample( 1497): [0,0,0,0,0,0,0,0,0,0,0,0,-1]
02-03 16:34:43.997 I/netstats_wifi_sample( 1497): [27715,87,9572,84,27715,87,9572,84,24563,74,8368,83,-1]
02-03 16:34:44.010 I/sf_frame_dur(  380): [InputMethod,25,4,10,4,7,1,0]
02-03 16:34:44.223 I/am_pss  ( 1497): [4712,10071,com.google.android.gms,7280640,5959680,0]
02-03 16:34:44.250 I/am_pss  ( 1497): [4595,1001,com.qualcomm.qcrilmsgtunnel,2562048,1900544,0]
02-03 16:34:44.275 I/am_pss  ( 1497): [4578,1000,com.qualcomm.telephony,2641920,1916928,0]
02-03 16:34:46.029 I/netstats_mobile_sample( 1497): [0,0,0,0,0,0,0,0,0,0,0,0,-1]
02-03 16:34:46.029 I/netstats_wifi_sample( 1497): [27715,87,9572,84,27715,87,9572,84,24563,74,8368,83,-1]
02-03 16:34:46.038 I/netstats_mobile_sample( 1497): [0,0,0,0,0,0,0,0,0,0,0,0,-1]
02-03 16:34:46.038 I/netstats_wifi_sample( 1497): [27715,87,9572,84,27715,87,9572,84,24563,74,8368,83,-1]
02-03 16:34:47.597 I/am_pss  ( 1497): [5136,10084,com.xda.labs,9816064,8548352,0]
02-03 16:34:50.916 I/am_finish_activity( 1497): [0,189551557,4,com.android.settings/.Settings$WifiSettingsActivity,app-request]
02-03 16:34:50.919 I/am_focused_stack( 1497): [0,0,1,finishActivity adjustFocus setFocusedActivity]
02-03 16:34:50.920 I/wm_task_moved( 1497): [3,1,0]
02-03 16:34:50.933 I/am_focused_activity( 1497): [0,com.teslacoilsw.launcher/.NovaLauncher,finishActivity adjustFocus]
02-03 16:34:50.935 I/am_pause_activity( 1497): [0,189551557,com.android.settings/.Settings$WifiSettingsActivity]
02-03 16:34:50.939 I/sysui_view_visibility( 4414): [103,0]
02-03 16:34:50.947 I/am_on_paused_called( 4414): [0,com.android.settings.Settings$WifiSettingsActivity,handlePauseActivity]
02-03 16:34:51.065 I/am_resume_activity( 1497): [0,109324746,3,com.teslacoilsw.launcher/.NovaLauncher]
02-03 16:34:51.072 I/dvm_lock_sample( 1497): [system_server,1,ActivityManager,123,ActivityStackSupervisor.java,3851,ActivityManagerService.java,7117,24]
02-03 16:34:51.089 I/am_on_resume_called( 3962): [0,com.teslacoilsw.launcher.NovaLauncher,RESUME_ACTIVITY]
02-03 16:34:51.362 I/am_destroy_activity( 1497): [0,189551557,4,com.android.settings/.Settings$WifiSettingsActivity,finish-imm]
02-03 16:34:51.390 I/am_on_stop_called( 4414): [0,com.android.settings.Settings$WifiSettingsActivity,destroy]
02-03 16:34:51.445 I/wm_task_removed( 1497): [4,removeAppToken: last token]
02-03 16:34:51.454 I/sf_frame_dur(  380): [com.android.settings/com.android.settings.Settings$WifiSettingsActivity,728,12,5,5,5,5,5]
02-03 16:34:51.456 I/wm_task_removed( 1497): [4,removeTask]
02-03 16:34:51.456 I/wm_stack_removed( 1497): 1
02-03 16:34:51.738 I/sysui_count( 2091): [panel_open_qs,1]
02-03 16:34:51.743 I/sysui_count( 2091): [panel_open,1]
02-03 16:34:51.746 I/sysui_histogram( 2091): [note_load,2]
02-03 16:34:51.746 I/notification_panel_revealed( 1497): 2
02-03 16:34:51.762 I/sysui_view_visibility( 2091): [111,100]
02-03 16:34:51.762 I/sysui_view_visibility( 2091): [126,100]
02-03 16:34:51.762 I/sysui_view_visibility( 2091): [115,100]
02-03 16:34:51.762 I/sysui_view_visibility( 2091): [261,100]
02-03 16:34:51.762 I/sysui_view_visibility( 2091): [118,100]
02-03 16:34:51.762 I/sysui_view_visibility( 2091): [119,100]
02-03 16:34:51.762 I/sysui_view_visibility( 2091): [123,100]
02-03 16:34:51.762 I/sysui_view_visibility( 2091): [113,100]
02-03 16:34:51.762 I/sysui_view_visibility( 2091): [112,100]
02-03 16:34:51.762 I/sysui_view_visibility( 2091): [111,100]
02-03 16:34:51.762 I/sysui_view_visibility( 2091): [126,100]
02-03 16:34:51.762 I/sysui_view_visibility( 2091): [115,100]
