02-03 16:34:03.667  1497  2034 W PackageManager: Unknown permission com.cyanogenmod.filemanager.permissions.READ_THEME in package com.cyanogenmod.filemanager
02-03 16:34:03.667  1497  2034 W PackageManager: Unknown permission com.android.vending.BILLING in package com.jrummy.root.browserfree
02-03 16:34:03.667  1497  2034 W PackageManager: Not granting permission android.permission.READ_EXTERNAL_STORAGE to package com.xda.labs because it was previously installed without
02-03 16:34:03.667  1497  2034 W PackageManager: Not granting permission android.permission.WRITE_EXTERNAL_STORAGE to package com.xda.labs because it was previously installed without
02-03 16:34:03.667  1497  2034 W PackageManager: Not granting permission android.permission.GET_ACCOUNTS to package com.xda.labs because it was previously installed without
02-03 16:34:03.667  1497  2034 W PackageManager: Not granting permission android.permission.GET_ACCOUNTS to package com.Slack because it was previously installed without
02-03 16:34:03.667  1497  2034 W PackageManager: Not granting permission android.permission.READ_EXTERNAL_STORAGE to package com.Slack because it was previously installed without
02-03 16:34:03.667  1497  2034 W PackageManager: Not granting permission android.permission.WRITE_EXTERNAL_STORAGE to package com.Slack because it was previously installed without
02-03 16:34:03.667  1497  2034 W PackageManager: Not granting permission android.permission.READ_CONTACTS to package com.Slack because it was previously installed without
02-03 16:34:03.667  1497  2034 W PackageManager: Not granting permission android.permission.RECORD_AUDIO to package com.Slack because it was previously installed without
02-03 16:34:03.667  1497  2034 W PackageManager: Not granting permission android.permission.READ_PHONE_STATE to package com.Slack because it was previously installed without
02-03 16:34:03.667  1497  2034 W PackageManager: Unknown permission android.permission.ACCESS_SUPERUSER in package jackpal.androidterm
02-03 16:34:03.667  1497  2034 W PackageManager: Not granting permission android.permission.WRITE_EXTERNAL_STORAGE to package com.adobe.reader because it was previously installed without
02-03 16:34:03.667  1497  2034 W PackageManager: Unknown permission com.android.vending.BILLING in package com.adobe.reader
02-03 16:34:03.667  1497  2034 W PackageManager: Not granting permission android.permission.CAMERA to package com.adobe.reader because it was previously installed without
02-03 16:34:03.667  1497  2034 W PackageManager: Not granting permission android.permission.READ_EXTERNAL_STORAGE to package com.adobe.reader because it was previously installed without
02-03 16:34:03.668  1497  2034 W PackageManager: Unknown permission com.google.android.googleapps.permission.GOOGLE_AUTH in package com.android.settings
02-03 16:34:03.668  1497  2034 W PackageManager: Unknown permission com.android.launcher.permission.READ_SETTINGS in package com.android.settings
02-03 16:34:03.668  1497  2034 W PackageManager: Unknown permission com.android.launcher.permission.WRITE_SETTINGS in package com.android.settings
02-03 16:34:03.668  1497  2034 W PackageManager: Unknown permission com.android.vending.CHECK_LICENSE in package com.wolfram.android.alpha
02-03 16:34:03.668  1497  2034 W PackageManager: Not granting permission android.permission.REAL_GET_TASKS to package com.cyanogenmod.eleven (protectionLevel=18 flags=0x3818be65)
02-03 16:34:03.668  1497  2034 W PackageManager: Unknown permission com.qualcomm.permission.ACCESS_LOCATION_API in package com.qualcomm.location
02-03 16:34:03.669  1497  2034 W PackageManager: Unknown permission com.android.vending.CHECK_LICENSE in package jp.ne.kutu.Panecal
02-03 16:34:03.669  1497  2034 W PackageManager: Unknown permission com.android.vending.BILLING in package com.camerum.android.app.operadora
02-03 16:34:03.669  1497  2034 W PackageManager: Unknown permission android.permission.ACCESS_SUPERUSER in package com.bhb27.isu
02-03 16:34:03.669  1497  2034 W PackageManager: Unknown permission com.google.android.gallery3d.permission.GALLERY_PROVIDER in package com.android.bluetooth
02-03 16:34:03.669  1497  2034 W PackageManager: Not granting permission android.permission.ACCESS_COARSE_LOCATION to package com.handmark.expressweather because it was previously installed without
02-03 16:34:03.669  1497  2034 W PackageManager: Not granting permission android.permission.ACCESS_FINE_LOCATION to package com.handmark.expressweather because it was previously installed without
02-03 16:34:03.669  1497  2034 W PackageManager: Not granting permission android.permission.WRITE_EXTERNAL_STORAGE to package com.handmark.expressweather because it was previously installed without
02-03 16:34:03.669  1497  2034 W PackageManager: Unknown permission com.android.vending.BILLING in package com.handmark.expressweather
02-03 16:34:03.669  1497  2034 W PackageManager: Unknown permission android.permission.ACCESS_COARSE_UPDATES in package com.handmark.expressweather
02-03 16:34:03.669  1497  2034 W PackageManager: Unknown permission willcom.android.permission.RECEIVE_PHS_STATE in package com.handmark.expressweather
02-03 16:34:03.669  1497  2034 W PackageManager: Unknown permission com.google.android.providers.gsf.permission.READ_GSERVICES in package com.handmark.expressweather
02-03 16:34:03.669  1497  2034 W PackageManager: Not granting permission android.permission.READ_EXTERNAL_STORAGE to package com.handmark.expressweather because it was previously installed without
02-03 16:34:03.669  1497  2034 W PackageManager: Unknown permission com.google.android.googleapps.permission.ACCESS_GOOGLE_PASSWORD in package com.android.development
02-03 16:34:03.669  1497  2034 W PackageManager: Unknown permission com.google.android.googleapps.permission.GOOGLE_AUTH in package com.android.development
02-03 16:34:03.669  1497  2034 W PackageManager: Unknown permission com.google.android.googleapps.permission.GOOGLE_AUTH.ALL_SERVICES in package com.android.development
02-03 16:34:03.669  1497  2034 W PackageManager: Unknown permission com.google.android.googleapps.permission.GOOGLE_AUTH.YouTubeUser in package com.android.development
02-03 16:34:03.670  1497  2034 W PackageManager: Unknown permission android.permission.ACCESS_SUPERUSER in package com.bhb27.kerneladiutor
02-03 16:34:03.670  1497  2034 W PackageManager: Unknown permission com.android.vending.CHECK_LICENSE in package com.jetappfactory.jetaudioplus
02-03 16:34:03.670  1497  2034 W PackageManager: Unknown permission com.android.vending.BILLING in package com.jetappfactory.jetaudioplus
02-03 16:34:03.672  1497  1497 I SystemServiceManager: Starting com.android.server.DeviceIdleController
02-03 16:34:03.693  1497  1544 I UsageStatsService: User[0] Rollover scheduled @ 2017-02-04 01:23:43(1486178623884)
02-03 16:34:03.720  1497  2034 W MountService: No primary storage mounted!
02-03 16:34:03.720  1497  2034 D VoldConnector: SND -> {2 asec list}
02-03 16:34:03.720  1497  2035 D VoldConnector: RCV <- {200 2 asec operation succeeded}
02-03 16:34:03.723  1497  1497 I SystemServiceManager: Starting com.android.server.devicepolicy.DevicePolicyManagerService$Lifecycle
02-03 16:34:03.733  1497  1497 I SystemServer: StartStatusBarManagerService
02-03 16:34:03.735  1497  1497 I SystemServer: StartClipboardService
02-03 16:34:03.737  1497  1497 I SystemServer: StartNetworkManagementService
02-03 16:34:03.742  1497  2037 I NetworkManagement: onDaemonConnected()
02-03 16:34:03.744  1497  1497 I SystemServiceManager: Starting com.android.server.TextServicesManagerService$Lifecycle
02-03 16:34:03.754  1497  1497 I SystemServer: StartNetworkScoreService
02-03 16:34:03.756  1497  1497 I SystemServer: StartNetworkStatsService
02-03 16:34:03.766  1497  1497 I SystemServer: StartNetworkPolicyManagerService
02-03 16:34:03.772  1497  1497 I SystemServer: No Wi-Fi NAN Service (NAN support Not Present)
02-03 16:34:03.774  1497  1497 I SystemServiceManager: Starting com.android.server.wifi.p2p.WifiP2pService
02-03 16:34:03.883  1497  1497 I SystemServiceManager: Starting com.android.server.wifi.WifiService
02-03 16:34:04.309  1497  1497 I SystemServiceManager: Starting com.android.server.wifi.scanner.WifiScanningService
02-03 16:34:04.320  1497  1497 I SystemServiceManager: Starting com.android.server.wifi.RttService
02-03 16:34:04.322  1497  1497 I SystemServiceManager: Starting com.android.server.ethernet.EthernetService
02-03 16:34:04.326  1497  1497 I SystemServer: StartConnectivityService
02-03 16:34:04.332  1497  1497 D ConnectivityService: ConnectivityService starting up
02-03 16:34:04.337  1497  1497 D ConnectivityService: wifiOnly=false
02-03 16:34:04.337  1497  1497 E ConnectivityService: Error in networkAttributes - ignoring attempt to define type 37
02-03 16:34:04.337  1497  1497 E ConnectivityService: Ignoring protectedNetwork 14
02-03 16:34:04.348  1497  1497 I SystemServer: StartNsdService
02-03 16:34:04.352  1497  1497 I SystemServer: StartUpdateLockService
02-03 16:34:04.353  1497  1497 I SystemServiceManager: Starting com.android.server.RecoverySystemService
02-03 16:34:04.355  1497  1497 I SystemServiceManager: Starting com.android.server.notification.NotificationManagerService
02-03 16:34:04.394  1497  1497 D ConditionProviders.SCP: new ScheduleConditionProvider()
02-03 16:34:04.404  1497  1497 D ZenLog  : config: readXml,ZenModeConfig[user=0,allowCalls=true,allowRepeatCallers=false,allowMessages=false,allowCallsFrom=contacts,allowMessagesFrom=contacts,allowReminders=true,allowEvents=true,allowWhenScreenOff=true,allowWhenScreenOn=true,automaticRules={7a706f9af42a4bb19adec9e42345bc6e=ZenRule[enabled=false,snoozing=false,name=Weekend,zenMode=ZEN_MODE_ALARMS,conditionId=condition://android/schedule?days=6.7&start=23.30&end=10.0&exitAtAlarm=false,condition=Condition[id=condition://android/schedule?days=6.7&start=23.30&end=10.0&exitAtAlarm=false,summary=...,line1=...,line2=...,icon=0,state=STATE_FALSE,flags=2],component=ComponentInfo{android/com.android.server.notification.ScheduleConditionProvider},id=7a706f9af42a4bb19adec9e42345bc6e,creationTime=1486041900898,enabler=null], 819b403237d1431ba8f3ca07799adf4d=ZenRule[enabled=false,snoozing=false,name=Weeknight,zenMode=ZEN_MODE_ALARMS,conditionId=condition://android/schedule?days=1.2.3.4.5&start=22.0&end=7.0&exitAtAlarm=false,condition=Condition[id=condition://android/schedule?days=1.2.3.4.5&start=22.0&end=7.0&exitAtAlarm=false,summary=...,line1=...,line2=...,icon=0,state=STATE_FALSE,flags=2],component=ComponentInfo{android/com.android.server.notification.ScheduleConditionProvider},id=819b403237d1431ba8f3ca07799adf4d,creationTime=1486041900898,enabler=null], e025d55c0d7e4736810b471575bb2c5e=ZenRule[enabled=false,snoozing=false,name=Event,zenMode=ZEN_MODE_ALARMS,conditionId=condition://android/event?userId=-10000&calendar=&reply=1,condition=Condition[id=condition://android/event?userId=-10000&calendar=&reply=1,summary=...,line1=...,line2=...,icon=0,state=STATE_FALSE,flags=2],component=ComponentInfo{android/com.android.server.notification.EventConditionProvider},id=e025d55c0d7e4736810b471575bb2c5e,creationTime=1486041900899,enabler=null]},manualRule=null],Diff[automaticRule[7a706f9af42a4bb19adec9e42345bc6e]:insert,automaticRule[0319ca9249344b3fab13088f885cd9e2]:delete,automaticRule[8bc2fb1b67c84f658497d206c5cbaa94]:delete,automaticRule[c9401c81716f42f4bb06c60bcc6882e3]:delete,automaticRule[819b403237d1431ba8f3ca07799adf4d]:insert,automaticRule[e025d55c0d7e4736810b471575bb2c5e]:insert]
02-03 16:34:04.418  1497  1497 D ZenLog  : set_zen_mode: off,init
02-03 16:34:04.429  1497  1497 I SystemServiceManager: Starting com.android.server.storage.DeviceStorageMonitorService
02-03 16:34:04.434  1497  1497 I SystemServer: StartLocationManagerService
02-03 16:34:04.437  1497  1497 I SystemServer: StartCountryDetectorService
02-03 16:34:04.440  1497  1497 I SystemServer: StartSearchManagerService
02-03 16:34:04.440  1497  1497 I SystemServiceManager: Starting com.android.server.search.SearchManagerService$Lifecycle
02-03 16:34:04.442  1497  1497 I SystemServiceManager: Starting com.android.server.DropBoxManagerService
02-03 16:34:04.444  1497  1497 I SystemServer: StartWallpaperManagerService
02-03 16:34:04.444  1497  1497 I SystemServiceManager: Starting com.android.server.wallpaper.WallpaperManagerService$Lifecycle
02-03 16:34:04.447  1497  1497 E WallpaperManagerService: Invalid wallpaper data
02-03 16:34:04.447  1497  1497 E WallpaperManagerService: Unable to apply new wallpaper
02-03 16:34:04.448  1497  1497 I SystemServer: StartAudioService
02-03 16:34:04.448  1497  1497 I SystemServiceManager: Starting com.android.server.audio.AudioService$Lifecycle
02-03 16:34:04.491  1497  1497 I SystemServiceManager: Starting com.android.server.DockObserver
02-03 16:34:04.493  1497  1497 I SystemServer: StartWiredAccessoryManager
02-03 16:34:04.494  1497  1497 W WiredAccessoryManager: This kernel does not have HDMI audio support
02-03 16:34:04.494  1497  1497 I SystemServiceManager: Starting com.android.server.midi.MidiService$Lifecycle
02-03 16:34:04.499  1497  1497 I SystemServiceManager: Starting com.android.server.usb.UsbService$Lifecycle
02-03 16:34:04.510  1497  1497 I SystemServer: StartSerialService
02-03 16:34:04.511  1497  1497 I SystemServiceManager: Starting com.android.server.twilight.TwilightService
02-03 16:34:04.512  1497  1497 I SystemServiceManager: Starting com.android.server.display.NightDisplayService
02-03 16:34:04.513  1497  1497 I SystemServiceManager: Starting com.android.server.job.JobSchedulerService
02-03 16:34:04.517  1497  1497 D JobStore: Start tag: job-info
02-03 16:34:04.522  1497  1497 I SystemServiceManager: Starting com.android.server.soundtrigger.SoundTriggerService
02-03 16:34:04.524  1497  1497 I SystemServiceManager: Starting com.android.server.backup.BackupManagerService$Lifecycle
02-03 16:34:04.528  1497  1497 I SystemServiceManager: Starting com.android.server.appwidget.AppWidgetService
02-03 16:34:04.535  1497  1497 I SystemServiceManager: Starting com.android.server.voiceinteraction.VoiceInteractionManagerService
02-03 16:34:04.538  1497  1497 I SystemServer: Gesture Launcher Service
02-03 16:34:04.538  1497  1497 I SystemServiceManager: Starting com.android.server.GestureLauncherService
02-03 16:34:04.538  1497  1497 I SystemServiceManager: Starting com.android.server.SensorNotificationService
02-03 16:34:04.538  1497  1497 I SystemServiceManager: Starting com.android.server.ContextHubSystemService
02-03 16:34:04.540  1497  1497 I SystemServer: StartDiskStatsService
02-03 16:34:04.540  1497  1497 I SystemServer: StartSamplingProfilerService
02-03 16:34:04.544  1497  1497 I SystemServer: StartNetworkTimeUpdateService
02-03 16:34:04.545  1497  1497 I SystemServer: StartCommonTimeManagementService
02-03 16:34:04.547  1497  1497 I SystemServer: CertBlacklister
02-03 16:34:04.547  1497  1497 I SystemServiceManager: Starting com.android.server.emergency.EmergencyAffordanceService
02-03 16:34:04.548  1497  1497 I SystemServiceManager: Starting com.android.server.dreams.DreamManagerService
02-03 16:34:04.550  1497  1497 I SystemServiceManager: Starting com.android.server.print.PrintManagerService
02-03 16:34:04.553  1497  1497 I SystemServiceManager: Starting com.android.server.restrictions.RestrictionsManagerService
02-03 16:34:04.558  1497  1497 I SystemServiceManager: Starting com.android.server.media.MediaSessionService
02-03 16:34:04.565  1497  1497 I SystemServer: StartMediaRouterService
02-03 16:34:04.570  1497  1497 I SystemServiceManager: Starting com.android.server.trust.TrustManagerService
02-03 16:34:04.571  1497  1497 I SystemServer: StartBackgroundDexOptService
02-03 16:34:04.572  1497  1497 I SystemServiceManager: Starting com.android.server.pm.ShortcutService$Lifecycle
02-03 16:34:04.576  1497  1497 I SystemServiceManager: Starting com.android.server.pm.LauncherAppsService
02-03 16:34:04.577  1497  1497 I SystemServer: EdgeGesture service
02-03 16:34:04.578  1497  1497 I SystemServiceManager: Starting com.android.server.media.projection.MediaProjectionManagerService
02-03 16:34:04.612  1497  1497 I SystemServiceManager: Starting com.android.server.MmsServiceBroker
02-03 16:34:04.617  1497  1497 I CMSystemServer: Attempting to start service org.cyanogenmod.platform.internal.CMStatusBarManagerService
02-03 16:34:04.621  1497  1497 I CMSystemServer: Starting service org.cyanogenmod.platform.internal.CMStatusBarManagerService
02-03 16:34:04.621  1497  1497 I SystemServiceManager: Starting org.cyanogenmod.platform.internal.CMStatusBarManagerService
02-03 16:34:04.623  1497  1497 I CMSystemServer: Attempting to start service org.cyanogenmod.platform.internal.ProfileManagerService
02-03 16:34:04.628  1497  1497 I CMSystemServer: Starting service org.cyanogenmod.platform.internal.ProfileManagerService
02-03 16:34:04.628  1497  1497 I SystemServiceManager: Starting org.cyanogenmod.platform.internal.ProfileManagerService
02-03 16:34:04.641  1497  1497 I CMSystemServer: Attempting to start service org.cyanogenmod.platform.internal.PartnerInterfaceService
02-03 16:34:04.643  1497  1497 I CMSystemServer: Starting service org.cyanogenmod.platform.internal.PartnerInterfaceService
02-03 16:34:04.643  1497  1497 I SystemServiceManager: Starting org.cyanogenmod.platform.internal.PartnerInterfaceService
02-03 16:34:04.644  1497  1497 I CMSystemServer: Attempting to start service org.cyanogenmod.platform.internal.CMTelephonyManagerService
02-03 16:34:04.645  1497  1497 I CMSystemServer: Starting service org.cyanogenmod.platform.internal.CMTelephonyManagerService
02-03 16:34:04.645  1497  1497 I SystemServiceManager: Starting org.cyanogenmod.platform.internal.CMTelephonyManagerService
02-03 16:34:04.646  1497  1497 I CMSystemServer: Attempting to start service org.cyanogenmod.platform.internal.CMHardwareService
02-03 16:34:04.655  1497  1497 I CMSystemServer: Starting service org.cyanogenmod.platform.internal.CMHardwareService
02-03 16:34:04.655  1497  1497 I SystemServiceManager: Starting org.cyanogenmod.platform.internal.CMHardwareService
02-03 16:34:04.656  1497  1497 I CMSystemServer: Attempting to start service org.cyanogenmod.platform.internal.AppSuggestManagerService
02-03 16:34:04.657  1497  1497 I CMSystemServer: Starting service org.cyanogenmod.platform.internal.AppSuggestManagerService
02-03 16:34:04.657  1497  1497 I SystemServiceManager: Starting org.cyanogenmod.platform.internal.AppSuggestManagerService
02-03 16:34:04.657  1497  1497 E AppSgstMgrService: no app suggest provider found
02-03 16:34:04.658  1497  1497 I CMSystemServer: Attempting to start service org.cyanogenmod.platform.internal.PerformanceManagerService
02-03 16:34:04.661  1497  2065 I ServiceThread: Enabled StrictMode logging for PerformanceManager looper.
02-03 16:34:04.661  1497  1497 I CMSystemServer: Starting service org.cyanogenmod.platform.internal.PerformanceManagerService
02-03 16:34:04.661  1497  1497 I SystemServiceManager: Starting org.cyanogenmod.platform.internal.PerformanceManagerService
02-03 16:34:04.662  1497  2066 I ServiceThread: Enabled StrictMode logging for PerformanceManager looper.
02-03 16:34:04.663  1497  1497 I CMSystemServer: Attempting to start service org.cyanogenmod.platform.internal.ThemeManagerServiceBroker
02-03 16:34:04.665  1497  1497 E BrokerableCMSystemService: Setting brokered service connection org.cyanogenmod.platform.internal.ThemeManagerServiceBroker$2@c0c0501
02-03 16:34:04.665  1497  1497 I CMSystemServer: Starting service org.cyanogenmod.platform.internal.ThemeManagerServiceBroker
02-03 16:34:04.665  1497  1497 I SystemServiceManager: Starting org.cyanogenmod.platform.internal.ThemeManagerServiceBroker
02-03 16:34:04.665  1497  1497 E BrokerableCMSystemService: Setting brokered service connection org.cyanogenmod.platform.internal.ThemeManagerServiceBroker$2@a6a9fa6
02-03 16:34:04.666  1497  1497 I CMSystemServer: Attempting to start service org.cyanogenmod.platform.internal.IconCacheManagerServiceBroker
02-03 16:34:04.667  1497  1497 E BrokerableCMSystemService: Setting brokered service connection org.cyanogenmod.platform.internal.IconCacheManagerServiceBroker$2@c6ebde7
02-03 16:34:04.667  1497  1497 I CMSystemServer: Starting service org.cyanogenmod.platform.internal.IconCacheManagerServiceBroker
02-03 16:34:04.667  1497  1497 I SystemServiceManager: Starting org.cyanogenmod.platform.internal.IconCacheManagerServiceBroker
02-03 16:34:04.667  1497  1497 E BrokerableCMSystemService: Setting brokered service connection org.cyanogenmod.platform.internal.IconCacheManagerServiceBroker$2@ad6d94
02-03 16:34:04.667  1497  1497 I CMSystemServer: Attempting to start service org.cyanogenmod.platform.internal.LiveLockScreenServiceBroker
02-03 16:34:04.669  1497  1497 E BrokerableCMSystemService: Setting brokered service connection org.cyanogenmod.platform.internal.LiveLockScreenServiceBroker$2@5b2f03d
02-03 16:34:04.669  1497  1497 I CMSystemServer: Starting service org.cyanogenmod.platform.internal.LiveLockScreenServiceBroker
02-03 16:34:04.669  1497  1497 I SystemServiceManager: Starting org.cyanogenmod.platform.internal.LiveLockScreenServiceBroker
02-03 16:34:04.669  1497  1497 E BrokerableCMSystemService: Setting brokered service connection org.cyanogenmod.platform.internal.LiveLockScreenServiceBroker$2@e911032
02-03 16:34:04.670  1497  1497 I CMSystemServer: Attempting to start service org.cyanogenmod.platform.internal.WeatherManagerServiceBroker
02-03 16:34:04.670  1497  1497 I CMSystemServer: Starting service org.cyanogenmod.platform.internal.WeatherManagerServiceBroker
02-03 16:34:04.670  1497  1497 I SystemServiceManager: Starting org.cyanogenmod.platform.internal.WeatherManagerServiceBroker
02-03 16:34:04.671  1497  1497 I CMSystemServer: Attempting to start service org.cyanogenmod.platform.internal.display.LiveDisplayService
02-03 16:34:04.675  1497  2067 I ServiceThread: Enabled StrictMode logging for LiveDisplay looper.
02-03 16:34:04.678  1497  1497 I CMSystemServer: Starting service org.cyanogenmod.platform.internal.display.LiveDisplayService
02-03 16:34:04.678  1497  1497 I SystemServiceManager: Starting org.cyanogenmod.platform.internal.display.LiveDisplayService
02-03 16:34:04.678  1497  2068 I ServiceThread: Enabled StrictMode logging for LiveDisplay looper.
02-03 16:34:04.679  1497  1497 I CMSystemServer: Attempting to start service org.cyanogenmod.platform.internal.CMAudioServiceBroker
02-03 16:34:04.680  1497  1497 I CMSystemServer: Starting service org.cyanogenmod.platform.internal.CMAudioServiceBroker
02-03 16:34:04.680  1497  1497 I SystemServiceManager: Starting org.cyanogenmod.platform.internal.CMAudioServiceBroker
02-03 16:34:04.738  1497  1497 E LockSettingsStorage: Cannot read file java.io.FileNotFoundException: /data/system/gatekeeper.password.key: open failed: ENOENT (No such file or directory)
02-03 16:34:04.739  1497  1497 E LockSettingsStorage: Cannot read file java.io.FileNotFoundException: /data/system/password.key: open failed: ENOENT (No such file or directory)
02-03 16:34:04.740  1497  1497 E LockSettingsStorage: Cannot read file java.io.FileNotFoundException: /data/system/gatekeeper.pattern.key: open failed: ENOENT (No such file or directory)
02-03 16:34:04.740  1497  1497 E LockSettingsStorage: Cannot read file java.io.FileNotFoundException: /data/system/gatekeeper.gesture.key: open failed: ENOENT (No such file or directory)
02-03 16:34:04.741  1497  1497 E LockSettingsStorage: Cannot read file java.io.FileNotFoundException: /data/system/gesture.key: open failed: ENOENT (No such file or directory)
02-03 16:34:04.741  1497  1497 I SystemServiceManager: Starting phase 480
02-03 16:34:04.748  1497  1497 I DevicePolicyManagerService: Set ro.device_owner property to false
02-03 16:34:04.755  1497  1497 I SystemServiceManager: Starting phase 500
02-03 16:34:04.767  1497  1497 I WifiService: WifiService starting up with Wi-Fi disabled
02-03 16:34:04.796  1497  2052 D ConnectivityService: Got NetworkFactory Messenger for Ethernet
02-03 16:34:04.812  1497  1497 D ZenLog  : config: cleanUpZenRules,ZenModeConfig[user=0,allowCalls=true,allowRepeatCallers=false,allowMessages=false,allowCallsFrom=contacts,allowMessagesFrom=contacts,allowReminders=true,allowEvents=true,allowWhenScreenOff=true,allowWhenScreenOn=true,automaticRules={7a706f9af42a4bb19adec9e42345bc6e=ZenRule[enabled=false,snoozing=false,name=Weekend,zenMode=ZEN_MODE_ALARMS,conditionId=condition://android/schedule?days=6.7&start=23.30&end=10.0&exitAtAlarm=false,condition=Condition[id=condition://android/schedule?days=6.7&start=23.30&end=10.0&exitAtAlarm=false,summary=...,line1=...,line2=...,icon=0,state=STATE_FALSE,flags=2],component=ComponentInfo{android/com.android.server.notification.ScheduleConditionProvider},id=7a706f9af42a4bb19adec9e42345bc6e,creationTime=1486041900898,enabler=null], 819b403237d1431ba8f3ca07799adf4d=ZenRule[enabled=false,snoozing=false,name=Weeknight,zenMode=ZEN_MODE_ALARMS,conditionId=condition://android/schedule?days=1.2.3.4.5&start=22.0&end=7.0&exitAtAlarm=false,condition=Condition[id=condition://android/schedule?days=1.2.3.4.5&start=22.0&end=7.0&exitAtAlarm=false,summary=...,line1=...,line2=...,icon=0,state=STATE_FALSE,flags=2],component=ComponentInfo{android/com.android.server.notification.ScheduleConditionProvider},id=819b403237d1431ba8f3ca07799adf4d,creationTime=1486041900898,enabler=null], e025d55c0d7e4736810b471575bb2c5e=ZenRule[enabled=false,snoozing=false,name=Event,zenMode=ZEN_MODE_ALARMS,conditionId=condition://android/event?userId=-10000&calendar=&reply=1,condition=Condition[id=condition://android/event?userId=-10000&calendar=&reply=1,summary=...,line1=...,line2=...,icon=0,state=STATE_FALSE,flags=2],component=ComponentInfo{android/com.android.server.notification.EventConditionProvider},id=e025d55c0d7e4736810b471575bb2c5e,creationTime=1486041900899,enabler=null]},manualRule=null],Diff[]
02-03 16:34:04.812  1497  1497 D ZenLog  : set_zen_mode: off,onSystemReady
02-03 16:34:04.815  1497  1497 W SoundTriggerHelper: listModules status=0, # of modules=0
02-03 16:34:04.891  1497  1497 I ActivityManager: Config changes=20 {1.0 ?mcc?mnc [en_US] ldltr sw411dp w411dp h707dp 560dpi nrml long port finger -keyb/v/h -nav/h s.6}
02-03 16:34:04.943  1497  1497 D PowerManagerService: mWakeLockBlockingEnabled=0 blockedWakelockList=null
02-03 16:34:04.969  1497  1497 V UserManagerService: Found /data/user_de/0 with serial number 0
02-03 16:34:04.969  1497  1497 V UserManagerService: Found /data/user/0 with serial number 0
02-03 16:34:04.969  1497  1497 V UserManagerService: Found /data/system_de/0 with serial number 0
02-03 16:34:04.969  1497  1497 V UserManagerService: Found /data/system_ce/0 with serial number 0
02-03 16:34:04.976  1497  1556 W KeyguardServiceDelegate: onScreenTurningOn(): no keyguard service!
02-03 16:34:05.090  1497  1497 I ActivityManager: System now ready
02-03 16:34:05.097  1497  1497 I ActivityManager: Config changes=4 {1.0 ?mcc?mnc [en_US,pt_BR] ldltr sw411dp w411dp h707dp 560dpi nrml long port finger -keyb/v/h -nav/h s.7}
02-03 16:34:05.112  1497  1497 I SystemServer: Making services ready
02-03 16:34:05.112  1497  1497 I SystemServiceManager: Starting phase 550
02-03 16:34:05.114  1497  1497 D BluetoothManagerService: Bluetooth boot completed
02-03 16:34:05.146  1497  1497 E InputMethodManagerService: Ignoring updateSystemUiLocked due to an invalid token. uid:1000 token:null
02-03 16:34:05.189  1497  1497 I ActivityManager: Start proc 2085:com.android.inputmethod.latin/u0a59 for service com.android.inputmethod.latin/.LatinIME
02-03 16:34:05.190  1497  1497 V InputMethodManagerService: Adding window token: android.os.Binder@6feece7
02-03 16:34:05.190  1497  2034 D MountService: Thinking about init, mSystemReady=true, mDaemonConnected=true
02-03 16:34:05.190  1497  2034 D MountService: Setting up emulation state, initlocked=false
02-03 16:34:05.190  1497  2034 D CryptdConnector: SND -> {2 cryptfs unlock_user_key 0 0 ! !}
02-03 16:34:05.191   302   310 D vold    : e4crypt_unlock_user_key 0 serial=0 token_present=0
02-03 16:34:05.191  1497  2036 D CryptdConnector: RCV <- {200 2 Command succeeded}
02-03 16:34:05.191  1497  2034 D MountService: Thinking about reset, mSystemReady=true, mDaemonConnected=true
02-03 16:34:05.192  1497  2034 D VoldConnector: SND -> {3 volume reset}
02-03 16:34:05.192  1497  1545 I ActivityManager: Force stopping com.android.providers.media appid=10007 user=-1: vold reset
02-03 16:34:05.193  1497  2035 D VoldConnector: RCV <- {651 emulated 7}
02-03 16:34:05.193  1497  2035 D VoldConnector: RCV <- {659 emulated}
02-03 16:34:05.193  1497  2035 D VoldConnector: RCV <- {650 emulated 2 "" ""}
02-03 16:34:05.193  1497  2035 D VoldConnector: RCV <- {654 emulated emulated}
02-03 16:34:05.194  1497  2035 D VoldConnector: RCV <- {651 emulated 0}
02-03 16:34:05.194  1497  2035 D VoldConnector: RCV <- {200 3 Command succeeded}
02-03 16:34:05.194  1497  2034 D VoldConnector: SND -> {4 volume user_added 0 0}
02-03 16:34:05.195  1497  2035 D VoldConnector: RCV <- {200 4 Command succeeded}
02-03 16:34:05.197  1497  1497 E WallpaperManagerService: Invalid wallpaper data
02-03 16:34:05.197  1497  1497 E WallpaperManagerService: Unable to apply new wallpaper
02-03 16:34:05.198  1497  1552 V MountService: Found primary storage at VolumeInfo{emulated}:
02-03 16:34:05.198  1497  1552 V MountService:     type=EMULATED diskId=null partGuid=null mountFlags=0 mountUserId=-1 
02-03 16:34:05.198  1497  1552 V MountService:     state=UNMOUNTED 
02-03 16:34:05.198  1497  1552 V MountService:     fsType=null fsUuid=null fsLabel=null 
02-03 16:34:05.198  1497  1552 V MountService:     path=null internalPath=null 
02-03 16:34:05.198  1497  2034 D VoldConnector: SND -> {5 volume mount emulated 3 -1}
02-03 16:34:05.199   302   309 V vold    : Waiting for FUSE to spin up...
02-03 16:34:05.200  1497  2035 D VoldConnector: RCV <- {651 emulated 1}
02-03 16:34:05.201  1497  2035 D VoldConnector: RCV <- {656 emulated /data/media}
02-03 16:34:05.202  1497  2035 D VoldConnector: RCV <- {655 emulated /storage/emulated}
02-03 16:34:05.204  1497  1497 I ActivityManager: Start proc 2091:com.android.systemui/u0a33 for service com.android.systemui/.ImageWallpaper
02-03 16:34:05.207  1497  1497 D UsbAlsaManager: Adding ALSA device AlsaDevice: [card: 0, device: 0, type: 2]
02-03 16:34:05.207  1497  1497 D UsbAlsaManager: Adding ALSA device AlsaDevice: [card: 0, device: 0, type: 1]
02-03 16:34:05.207  1497  1497 D UsbAlsaManager: Adding ALSA device AlsaDevice: [card: 0, device: 1, type: 2]
02-03 16:34:05.207  1497  1497 D UsbAlsaManager: Adding ALSA device AlsaDevice: [card: 0, device: 1, type: 1]
02-03 16:34:05.207  1497  1497 D UsbAlsaManager: Adding ALSA device AlsaDevice: [card: 0, device: 2, type: 2]
02-03 16:34:05.207  1497  1497 D UsbAlsaManager: Adding ALSA device AlsaDevice: [card: 0, device: 2, type: 1]
02-03 16:34:05.207  1497  1497 D UsbAlsaManager: Adding ALSA device AlsaDevice: [card: 0, device: 3, type: 2]
02-03 16:34:05.207  1497  1497 D UsbAlsaManager: Adding ALSA device AlsaDevice: [card: 0, device: 3, type: 1]
02-03 16:34:05.207  1497  1497 D UsbAlsaManager: Adding ALSA device AlsaDevice: [card: 0, device: 4, type: 1]
02-03 16:34:05.207  1497  1497 D UsbAlsaManager: Adding ALSA device AlsaDevice: [card: 0, device: 5, type: 2]
02-03 16:34:05.207  1497  1497 D UsbAlsaManager: Adding ALSA device AlsaDevice: [card: 0, device: 5, type: 1]
02-03 16:34:05.207  1497  1497 D UsbAlsaManager: Adding ALSA device AlsaDevice: [card: 0, device: 6, type: 2]
02-03 16:34:05.207  1497  1497 D UsbAlsaManager: Adding ALSA device AlsaDevice: [card: 0, device: 7, type: 1]
02-03 16:34:05.207  1497  1497 D UsbAlsaManager: Adding ALSA device AlsaDevice: [card: 0, device: 8, type: 2]
02-03 16:34:05.207  1497  1497 D UsbAlsaManager: Adding ALSA device AlsaDevice: [card: 0, device: 10, type: 2]
02-03 16:34:05.207  1497  1497 D UsbAlsaManager: Adding ALSA device AlsaDevice: [card: 0, device: 10, type: 1]
02-03 16:34:05.207  1497  1497 D UsbAlsaManager: Adding ALSA device AlsaDevice: [card: 0, device: 11, type: 2]
02-03 16:34:05.207  1497  1497 D UsbAlsaManager: Adding ALSA device AlsaDevice: [card: 0, device: 11, type: 1]
02-03 16:34:05.207  1497  1497 D UsbAlsaManager: Adding ALSA device AlsaDevice: [card: 0, device: 12, type: 2]
02-03 16:34:05.207  1497  1497 D UsbAlsaManager: Adding ALSA device AlsaDevice: [card: 0, device: 12, type: 1]
02-03 16:34:05.207  1497  1497 D UsbAlsaManager: Adding ALSA device AlsaDevice: [card: 0, device: 13, type: 2]
02-03 16:34:05.208  1497  1497 D UsbAlsaManager: Adding ALSA device AlsaDevice: [card: 0, device: 13, type: 1]
02-03 16:34:05.208  1497  1497 D UsbAlsaManager: Adding ALSA device AlsaDevice: [card: 0, device: 14, type: 2]
02-03 16:34:05.208  1497  1497 D UsbAlsaManager: Adding ALSA device AlsaDevice: [card: 0, device: 14, type: 1]
02-03 16:34:05.208  1497  1497 D UsbAlsaManager: Adding ALSA device AlsaDevice: [card: 0, device: 15, type: 2]
02-03 16:34:05.208  1497  1497 D UsbAlsaManager: Adding ALSA device AlsaDevice: [card: 0, device: 15, type: 1]
02-03 16:34:05.208  1497  1497 D UsbAlsaManager: Adding ALSA device AlsaDevice: [card: 0, device: 16, type: 2]
02-03 16:34:05.208  1497  1497 D UsbAlsaManager: Adding ALSA device AlsaDevice: [card: 0, device: 19, type: 2]
02-03 16:34:05.208  1497  1497 D UsbAlsaManager: Adding ALSA device AlsaDevice: [card: 0, device: 19, type: 1]
02-03 16:34:05.208  1497  1497 D UsbAlsaManager: Adding ALSA device AlsaDevice: [card: 0, device: 20, type: 2]
02-03 16:34:05.208  1497  1497 D UsbAlsaManager: Adding ALSA device AlsaDevice: [card: 0, device: 20, type: 1]
02-03 16:34:05.208  1497  1497 D UsbAlsaManager: Adding ALSA device AlsaDevice: [card: 0, device: 21, type: 2]
02-03 16:34:05.208  1497  1497 D UsbAlsaManager: Adding ALSA device AlsaDevice: [card: 0, device: 21, type: 1]
02-03 16:34:05.210  1497  1497 D UsbAlsaManager: Adding ALSA device AlsaDevice: [card: 0, device: 22, type: 1]
02-03 16:34:05.210  1497  1497 D UsbAlsaManager: Adding ALSA device AlsaDevice: [card: 0, device: 23, type: 2]
02-03 16:34:05.210  1497  1497 D UsbAlsaManager: Adding ALSA device AlsaDevice: [card: 0, device: 23, type: 1]
02-03 16:34:05.210  1497  1497 D UsbAlsaManager: Adding ALSA device AlsaDevice: [card: 0, device: 24, type: 2]
02-03 16:34:05.210  1497  1497 D UsbAlsaManager: Adding ALSA device AlsaDevice: [card: 0, device: 24, type: 1]
02-03 16:34:05.210  1497  1497 D UsbAlsaManager: Adding ALSA device AlsaDevice: [card: 0, device: 25, type: 2]
02-03 16:34:05.210  1497  1497 D UsbAlsaManager: Adding ALSA device AlsaDevice: [card: 0, device: 25, type: 1]
02-03 16:34:05.210  1497  1497 D UsbAlsaManager: Adding ALSA device AlsaDevice: [card: 0, device: 26, type: 2]
02-03 16:34:05.210  1497  1497 D UsbAlsaManager: Adding ALSA device AlsaDevice: [card: 0, device: 27, type: 2]
02-03 16:34:05.210  1497  1497 D UsbAlsaManager: Adding ALSA device AlsaDevice: [card: 0, device: 28, type: 2]
02-03 16:34:05.210  1497  1497 D UsbAlsaManager: Adding ALSA device AlsaDevice: [card: 0, device: 29, type: 2]
02-03 16:34:05.210  1497  1497 D UsbAlsaManager: Adding ALSA device AlsaDevice: [card: 0, device: 30, type: 2]
02-03 16:34:05.210  1497  1497 D UsbAlsaManager: Adding ALSA device AlsaDevice: [card: 0, device: 31, type: 2]
02-03 16:34:05.211  1497  1497 D UsbAlsaManager: Adding ALSA device AlsaDevice: [card: 0, device: 32, type: 2]
02-03 16:34:05.211  1497  1497 D UsbAlsaManager: Adding ALSA device AlsaDevice: [card: 0, device: 33, type: 2]
02-03 16:34:05.211  1497  1497 D UsbAlsaManager: Adding ALSA device AlsaDevice: [card: 0, device: 33, type: 1]
02-03 16:34:05.211  1497  1497 D UsbAlsaManager: Adding ALSA device AlsaDevice: [card: 0, device: 34, type: 2]
02-03 16:34:05.211  1497  1497 D UsbAlsaManager: Adding ALSA device AlsaDevice: [card: 0, device: 34, type: 1]
02-03 16:34:05.211  1497  1497 D UsbAlsaManager: Adding ALSA device AlsaDevice: [card: 0, device: 35, type: 2]
02-03 16:34:05.211  1497  1497 D UsbAlsaManager: Adding ALSA device AlsaDevice: [card: 0, device: 36, type: 1]
02-03 16:34:05.211  1497  1497 D UsbAlsaManager: Adding ALSA device AlsaDevice: [card: 0, device: 37, type: 2]
02-03 16:34:05.211  1497  1497 D UsbAlsaManager: Adding ALSA device AlsaDevice: [card: 0, device: 63, type: 2]
02-03 16:34:05.211  1497  1497 D UsbAlsaManager: Adding ALSA device AlsaDevice: [card: 0, device: 63, type: 1]
02-03 16:34:05.213  1497  1497 I BrokerableCMSystemService: Connecting to implementation
02-03 16:34:05.213  1497  1497 E BrokerableCMSystemService: Target component lacks cyanogenmod.permission.ACCESS_THEME_MANAGER service permission, failing ComponentInfo{org.cyanogenmod.themeservice/org.cyanogenmod.themeservice.ThemeManagerService}
02-03 16:34:05.213  1497  1553 D BluetoothManagerService: Message: 20
02-03 16:34:05.213  1497  1497 I SystemServer: WebViewFactory preparation
02-03 16:34:05.214  1497  1553 D BluetoothManagerService: Added callback: android.bluetooth.BluetoothAdapter$1@583e4e2:true
02-03 16:34:05.225  1497  1553 D BluetoothManagerService: Message: 30
02-03 16:34:05.227  1497  2059 D BluetoothManagerService: Trying to bind to profile: 1, while Bluetooth was disabled
02-03 16:34:05.238  1497  1497 I ActivityManager: Start proc 2100:WebViewLoader-armeabi-v7a/1037 [android.webkit.WebViewFactory$RelroFileCreator] for 
02-03 16:34:05.239  1497  1497 D NetworkManagement: enabling bandwidth control
02-03 16:34:05.241  1497  1553 D BluetoothManagerService: Message: 30
02-03 16:34:05.251  1497  2035 D VoldConnector: RCV <- {651 emulated 2}
02-03 16:34:05.251  1497  2035 D VoldConnector: RCV <- {200 5 Command succeeded}
02-03 16:34:05.253  1497  2096 D UsbHostManager: Added device UsbDevice[mName=/dev/bus/usb/001/002,mVendorId=1478,mProductId=37028,mClass=0,mSubclass=0,mProtocol=0,mManufacturerName=Qualcomm, Incorporated,mProductName=Qualcomm CDMA Technologies MSM,mVersion=2.0,mSerialNumber=null,mConfigurations=[
02-03 16:34:05.253  1497  2096 D UsbHostManager: UsbConfiguration[mId=1,mName=Qualcomm Configuration,mAttributes=224,mMaxPower=250,mInterfaces=[
02-03 16:34:05.253  1497  2096 D UsbHostManager: UsbInterface[mId=0,mAlternateSetting=0,mName=null,mClass=255,mSubclass=255,mProtocol=255,mEndpoints=[
02-03 16:34:05.253  1497  2096 D UsbHostManager: UsbEndpoint[mAddress=129,mAttributes=3,mMaxPacketSize=512,mInterval=3]
02-03 16:34:05.253  1497  2096 D UsbHostManager: UsbEndpoint[mAddress=1,mAttributes=2,mMaxPacketSize=512,mInterval=32]]
02-03 16:34:05.253  1497  2096 D UsbHostManager: UsbInterface[mId=1,mAlternateSetting=0,mName=null,mClass=255,mSubclass=255,mProtocol=255,mEndpoints=[
02-03 16:34:05.253  1497  2096 D UsbHostManager: UsbEndpoint[mAddress=130,mAttributes=3,mMaxPacketSize=512,mInterval=3]
02-03 16:34:05.253  1497  2096 D UsbHostManager: UsbEndpoint[mAddress=2,mAttributes=2,mMaxPacketSize=512,mInterval=32]]
02-03 16:34:05.253  1497  2096 D UsbHostManager: UsbInterface[mId=2,mAlternateSetting=0,mName=null,mClass=255,mSubclass=255,mProtocol=255,mEndpoints=[
02-03 16:34:05.253  1497  2096 D UsbHostManager: UsbEndpoint[mAddress=131,mAttributes=2,mMaxPacketSize=512,mInterval=32]
02-03 16:34:05.253  1497  2096 D UsbHostManager: UsbEndpoint[mAddress=3,mAttributes=2,mMaxPacketSize=512,mInterval=32]]
02-03 16:34:05.253  1497  2096 D UsbHostManager: UsbInterface[mId=3,mAlternateSetting=0,mName=null,mClass=255,mSubclass=255,mProtocol=255,mEndpoints=[
02-03 16:34:05.253  1497  2096 D UsbHostManager: UsbEndpoint[mAddress=132,mAttributes=3,mMaxPacketSize=512,mInterval=3]
02-03 16:34:05.253  1497  2096 D UsbHostManager: UsbEndpoint[mAddress=4,mAttributes=2,mMaxPacketSize=512,mInterval=32]]
02-03 16:34:05.253  1497  2096 D UsbHostManager: UsbInterface[mId=4,mAlternateSetting=0,mName=null,mClass=255,mSubclass=255,mProtocol=255,mEndpoints=[
02-03 16:34:05.253  1497  2096 D UsbHostManager: UsbEndpoint[mAddress=133,mAttributes=2,mMaxPacketSize=512,mInterval=32]]
02-03 16:34:05.253  1497  2096 D UsbHostManager: UsbInterface[mId=5,mAlternateSetting=0,mName=null,mClass=255,mSubclass=255,mProtocol=255,mEndpoints=[
02-03 16:34:05.253  1497  2096 D UsbHostManager: UsbEndpoint[mAddress=134,mAttributes=3,mMaxPacketSize=64,mInterval=5]
02-03 16:34:05.253  1497  2096 D UsbHostManager: UsbEndpoint[mAddress=135,mAttributes=3,mMaxPacketSize=512,mInterval=3]
02-03 16:34:05.253  1497  2096 D UsbHostManager: UsbEndpoint[mAddress=5,mAttributes=2,mMaxPacketSize=512,mInterval=32]]
02-03 16:34:05.253  1497  2096 D UsbHostManager: UsbInterface[mId=6,mAlternateSetting=0,mName=null,mClass=255,mSubclass=254,mProtocol=255,mEndpoints=[
02-03 16:34:05.253  1497  2096 D UsbHostManager: UsbEndpoint[mAddress=136,mAttributes=3,mMaxPacketSize=64,mInterval=5]
02-03 16:34:05.253  1497  2096 D UsbHostManager: UsbEndpoint[mAddress=137,mAttributes=2,mMaxPacketSize=512,mInterval=32]
02-03 16:34:05.253  1497  2096 D UsbHostManager: UsbEndpoint[mAddress=6,mAttributes=2,mMaxPacketSize=512,mInterval=32]]
02-03 16:34:05.253  1497  2096 D UsbHostManager: UsbInterface[mId=7,mAlternateSetting=0,mName=null,mClass=255,mSubclass=255,mProtocol=255,mEndpoints=[
02-03 16:34:05.253  1497  2096 D UsbHostManager: UsbEndpoint[mAddress=138,mAttributes=3,mMaxPacketSize=64,mInterval=5]
02-03 16:34:05.253  1497  2096 D UsbHostManager: UsbEndpoint[mAddress=139,mAttributes=2,mMaxPacketSize=512,mInterval=32]
02-03 16:34:05.253  1497  2096 D UsbHostManager: UsbEndpoint[mAddress=7,mAttributes=2,mMaxPacketSize=512,mInterval=32]]
02-03 16:34:05.253  1497  2096 D UsbHostManager: UsbInterface[mId=8,mAlternateSetting=0,mName=null,mClass=255,mSubclass=255,mProtocol=255,mEndpoints=[
02-03 16:34:05.253  1497  2096 D UsbHostManager: UsbEndpoint[mAddress=140,mAttributes=3,mMaxPacketSize=64,mInterval=5]
02-03 16:34:05.253  1497  2096 D UsbHostManager: UsbEndpoint[mAddress=141,mAttributes=2,mMaxPacketSize=512,mInterval=32]
02-03 16:34:05.253  1497  2096 D UsbHostManager: UsbEndpoint[mAddress=8,mAttributes=2,mMaxPacketSize=512,mInterval=32]]
02-03 16:34:05.253  1497  2096 D UsbHostManager: UsbInterface[mId=9,mAlternateSetting=0,mName=null,mClass=255,mSubclass=255,mProtocol=255,mEndpoints=[
02-03 16:34:05.253  1497  2096 D UsbHostManager: UsbEndpoint[mAddress=142,mAttributes=3,mMaxPacketSize=64,mInterval=5]]]]
02-03 16:34:05.253  1497  2096 W ContextImpl: Calling a method in the system process without a qualified user: android.app.ContextImpl.sendBroadcast:877 com.android.server.usb.UsbSettingsManager.deviceAttached:739 com.android.server.usb.UsbHostManager.endUsbDeviceAdded:225 com.android.server.usb.UsbHostManager.monitorUsbHostBus:-2 com.android.server.usb.UsbHostManager.-wrap0:-1 
02-03 16:34:05.504  1497  1497 D NetworkPolicy: setRestrictBackgroundUL(): false
02-03 16:34:05.508  2091  2091 V FingerprintManager: FingerprintManagerService was null
02-03 16:34:05.549  2085  2222 E ActivityThread: Failed to find provider info for user_dictionary
02-03 16:34:05.646  1497  1497 I SystemServiceManager: Starting phase 600
02-03 16:34:05.662  1497  1497 D GestureLauncherService: Gesture launcher mEmergencyNumber = 112 hits = 3
02-03 16:34:05.662  1497  1497 D SensorNotificationService: Cannot obtain dynamic meta sensor, not supported.
02-03 16:34:05.667  1497  1497 D BrokerableCMSystemService: Third party apps ready
02-03 16:34:05.667  1497  1497 I BrokerableCMSystemService: Connecting to implementation
02-03 16:34:05.667  1497  1497 E BrokerableCMSystemService: Target component lacks cyanogenmod.permission.ACCESS_THEME_MANAGER service permission, failing ComponentInfo{org.cyanogenmod.themeservice/org.cyanogenmod.themeservice.ThemeManagerService}
02-03 16:34:05.667  1497  1497 D BrokerableCMSystemService: Third party apps ready
02-03 16:34:05.667  1497  1497 I BrokerableCMSystemService: Connecting to implementation
02-03 16:34:05.667  1497  1497 E BrokerableCMSystemService: Target component lacks cyanogenmod.permission.ACCESS_THEME_MANAGER service permission, failing ComponentInfo{org.cyanogenmod.themeservice/org.cyanogenmod.themeservice.IconCacheManagerService}
02-03 16:34:05.668  1497  1497 D BrokerableCMSystemService: Third party apps ready
02-03 16:34:05.668  1497  1497 I BrokerableCMSystemService: Connecting to implementation
02-03 16:34:05.668  1497  1497 E BrokerableCMSystemService: No implementation service found
02-03 16:34:05.668  1497  1497 D BrokerableCMSystemService: Third party apps ready
02-03 16:34:05.668  1497  1497 I BrokerableCMSystemService: Connecting to implementation
02-03 16:34:05.669  1497  1497 W ContextImpl: Calling a method in the system process without a qualified user: android.app.ContextImpl.bindService:1421 org.cyanogenmod.platform.internal.BrokerableCMSystemService.tryConnecting:199 org.cyanogenmod.platform.internal.BrokerableCMSystemService.onBootPhase:127 org.cyanogenmod.platform.internal.CMAudioServiceBroker.onBootPhase:58 com.android.server.SystemServiceManager.startBootPhase:146 
02-03 16:34:05.676  1497  1497 I ActivityManager: Start proc 2248:org.cyanogenmod.cmaudio.service/u0a2 for service org.cyanogenmod.cmaudio.service/.CMAudioService
02-03 16:34:05.730  1497  1497 W LocationProviderProxy-network: Odd, no component found for service com.android.location.service.v3.NetworkLocationProvider
02-03 16:34:05.735  1497  1497 W GeocoderProxy: Odd, no component found for service com.android.location.service.GeocodeProvider
02-03 16:34:05.748  1497  1497 D LocationManagerService: Unable to bind FusedProxy.
02-03 16:34:05.750  1497  1497 D LocationManagerService: Unable to bind FLP Geofence proxy.
02-03 16:34:05.750  1497  1497 D LocationManagerService: Hardware Activity-Recognition not supported.
02-03 16:34:05.751  1497  1497 D LocationManagerService: Unable to bind ActivityRecognitionProxy.
02-03 16:34:05.760  1497  1497 I MmsServiceBroker: Delay connecting to MmsService until an API is called
02-03 16:34:05.761  1497  1497 W VoiceInteractionManagerService: no available voice interaction services found for user 0
02-03 16:34:05.761  1497  1497 W VoiceInteractionManagerService: no available voice recognition services found for user 0
02-03 16:34:05.773  1497  1497 I ActivityManager: Start proc 2268:com.android.phone/1001 for added application com.android.phone
02-03 16:34:05.774  1497  1497 I ActivityManager: START u0 {act=android.intent.action.MAIN cat=[android.intent.category.HOME] flg=0x10000100 cmp=com.android.settings/.FallbackHome} from uid 0 on display 0
02-03 16:34:05.783  1497  1497 I ActivityManager: Loaded persisted task ids for user 0
02-03 16:34:05.800  1497  1497 I ActivityManager: Start proc 2283:com.android.settings/1000 for activity com.android.settings/.FallbackHome
02-03 16:34:05.802  1497  1497 I SystemServer: Enabled StrictMode for system server main thread.
02-03 16:34:05.804  1497  1556 D PowerManagerService: mWakeLockBlockingEnabled=0 blockedWakelockList=null
02-03 16:34:05.818  1497  1556 D PowerManagerService: mWakeLockBlockingEnabled=0 blockedWakelockList=null
02-03 16:34:05.826  1497  1497 D ConditionProviders.SCP: onConnected
02-03 16:34:05.826  1497  1497 D ZenLog  : set_zen_mode: off,readXml
02-03 16:34:05.830  1497  1497 D ConditionProviders: Subscribing to condition://android/schedule?days=6.7&start=23.30&end=10.0&exitAtAlarm=false with ComponentInfo{android/com.android.server.notification.ScheduleConditionProvider}
02-03 16:34:05.830  1497  1497 D ZenLog  : subscribe: condition://android/schedule?days=6.7&start=23.30&end=10.0&exitAtAlarm=false,ok
02-03 16:34:05.830  1497  1497 D ConditionProviders: Subscribing to condition://android/schedule?days=1.2.3.4.5&start=22.0&end=7.0&exitAtAlarm=false with ComponentInfo{android/com.android.server.notification.ScheduleConditionProvider}
02-03 16:34:05.830  1497  1497 D ZenLog  : subscribe: condition://android/schedule?days=1.2.3.4.5&start=22.0&end=7.0&exitAtAlarm=false,ok
02-03 16:34:05.830  1497  1497 D ConditionProviders: Subscribing to condition://android/event?userId=-10000&calendar=&reply=1 with ComponentInfo{android/com.android.server.notification.EventConditionProvider}
02-03 16:34:05.830  1497  1497 D ZenLog  : subscribe: condition://android/event?userId=-10000&calendar=&reply=1,ok
02-03 16:34:05.843  1497  1497 W ContextImpl: Calling a method in the system process without a qualified user: android.app.ContextImpl.startService:1357 com.android.server.content.SyncManager$13.run:658 android.os.Handler.handleCallback:751 android.os.Handler.dispatchMessage:95 android.os.Looper.loop:154 
02-03 16:34:05.851  1497  1497 D ZenLog  : set_zen_mode: off,cleanUpZenRules
02-03 16:34:05.877  1497  1544 W LocationProviderProxy-network: Odd, no component found for service com.android.location.service.v3.NetworkLocationProvider
02-03 16:34:05.877  1497  1544 W GeocoderProxy: Odd, no component found for service com.android.location.service.GeocodeProvider
02-03 16:34:05.975  1497  1546 W WindowManager: Keyguard drawn timeout. Setting mKeyguardDrawComplete
02-03 16:34:06.262  1497  1497 D BluetoothManagerService: Trying to bind to profile: 1, while Bluetooth was disabled
02-03 16:34:06.262  1497  1553 D BluetoothManagerService: Message: 30
02-03 16:34:06.275  1497  1497 I Telecom : SystemStateProvider: Registering car mode receiver: android.content.IntentFilter@7da5baa: TS.init@AAA
02-03 16:34:06.322  1497  1545 W KeyguardServiceDelegate: onScreenTurningOn(): no keyguard service!
02-03 16:34:06.325  1497  2419 I Telecom : Telecom: Non-call EVENT: AUDIO_ROUTE, Entering state QuiescentEarpieceRoute
02-03 16:34:06.330  1497  2421 I Telecom : CallAudioModeStateMachine: Message received: null.: TS.init->CAMSM.pM_1@AAA_0
02-03 16:34:06.336  1497  1497 I Telecom : ViceNotificationImpl: ViceNotificationImpl: TS.init@AAA
02-03 16:34:06.340  1497  1497 D BluetoothManagerService: Trying to bind to profile: 1, while Bluetooth was disabled
