02-03 16:34:30.955  4414  4564 W TileUtils: Couldn't find category com.android.settings.rr
02-03 16:34:30.977  2268  2268 D CarrierSvcBindHelper: No carrier app for: 0
02-03 16:34:31.026  2268  2268 D CarrierSvcBindHelper: No carrier app for: 0
02-03 16:34:31.032  4414  4564 W TileUtils: Found org.cyanogenmod.cmparts.input.ButtonSettings for intent Intent { act=com.android.settings.action.EXTRA_SETTINGS } missing metadata com.android.settings.category
02-03 16:34:31.032  4414  4564 W TileUtils: Found org.cyanogenmod.cmparts.statusbar.StatusBarSettings for intent Intent { act=com.android.settings.action.EXTRA_SETTINGS } missing metadata com.android.settings.category
02-03 16:34:31.032  4414  4564 W TileUtils: Found com.android.systemui.tuner.TunerActivity for intent Intent { act=com.android.settings.action.EXTRA_SETTINGS } missing metadata 
02-03 16:34:31.033  4414  4564 W TileUtils: Couldn't find category com.android.settings.rr
02-03 16:34:31.050  2268  2268 D CarrierSvcBindHelper: No carrier app for: 0
02-03 16:34:31.056  4414  4564 W TileUtils: Found org.cyanogenmod.cmparts.input.ButtonSettings for intent Intent { act=com.android.settings.action.EXTRA_SETTINGS } missing metadata com.android.settings.category
02-03 16:34:31.056  4414  4564 W TileUtils: Found org.cyanogenmod.cmparts.statusbar.StatusBarSettings for intent Intent { act=com.android.settings.action.EXTRA_SETTINGS } missing metadata com.android.settings.category
02-03 16:34:31.056  4414  4564 W TileUtils: Found com.android.systemui.tuner.TunerActivity for intent Intent { act=com.android.settings.action.EXTRA_SETTINGS } missing metadata 
02-03 16:34:31.057  4414  4564 W TileUtils: Couldn't find category com.android.settings.rr
02-03 16:34:31.067  1497  1544 I chatty  : uid=1000(system) android.bg expire 15 lines
02-03 16:34:31.078  4414  4564 W TileUtils: Found org.cyanogenmod.cmparts.input.ButtonSettings for intent Intent { act=com.android.settings.action.EXTRA_SETTINGS } missing metadata com.android.settings.category
02-03 16:34:31.079  4414  4564 W TileUtils: Found org.cyanogenmod.cmparts.statusbar.StatusBarSettings for intent Intent { act=com.android.settings.action.EXTRA_SETTINGS } missing metadata com.android.settings.category
02-03 16:34:31.079  4414  4564 W TileUtils: Found com.android.systemui.tuner.TunerActivity for intent Intent { act=com.android.settings.action.EXTRA_SETTINGS } missing metadata 
02-03 16:34:31.079  1497  1544 I ActivityManager: Start proc 5175:com.android.printspooler/u0a48 for service com.android.printspooler/.model.PrintSpoolerService
02-03 16:34:31.079  4414  4564 W TileUtils: Couldn't find category com.android.settings.rr
02-03 16:34:31.095  1497  1545 I ActivityManager: Waited long enough for: ServiceRecord{40e70d5 u0 com.android.providers.media/.MediaScannerService}
02-03 16:34:31.095  1497  1545 I BroadcastQueue: Resuming delayed broadcast
02-03 16:34:31.106  1497  1545 I ActivityManager: Start proc 5190:me.bluemail.mail/u0a81 for broadcast me.bluemail.mail/com.trtf.blue.service.BootReceiver
02-03 16:34:31.122  5175  5175 I art     : Starting a blocking GC AddRemoveAppImageSpace
02-03 16:34:31.155  1497  1544 W LocationProviderProxy-network: Odd, no component found for service com.android.location.service.v3.NetworkLocationProvider
02-03 16:34:31.155  1497  1544 W GeocoderProxy: Odd, no component found for service com.android.location.service.GeocodeProvider
02-03 16:34:31.161  5190  5190 I art     : Starting a blocking GC AddRemoveAppImageSpace
02-03 16:34:31.190  5190  5190 I MultiDex: VM with version 2.1.0 has multidex support
02-03 16:34:31.191  5190  5190 I MultiDex: install
02-03 16:34:31.191  5190  5190 I MultiDex: VM has multidex support, MultiDex support library is disabled.
02-03 16:34:31.194  5190  5190 D EmailContent: init for me.bluemail.mail.provider
02-03 16:34:31.209  5190  5190 W Exchange: No preference migrator found, not migrating preferences
02-03 16:34:31.210  1497  1544 W LocationProviderProxy-network: Odd, no component found for service com.android.location.service.v3.NetworkLocationProvider
02-03 16:34:31.211  1497  1544 W GeocoderProxy: Odd, no component found for service com.android.location.service.GeocodeProvider
02-03 16:34:31.212  5190  5208 D ActivityThread: Loading provider me.bluemail.mail.provider;me.bluemail.mail.notifier: com.android.emaileas.provider.EmailProvider
02-03 16:34:31.272  5190  5218 I blue    : Loading preferences from DB into SharedPreferencesDbStore
02-03 16:34:31.284  1497  1544 W LocationProviderProxy-network: Odd, no component found for service com.android.location.service.v3.NetworkLocationProvider
02-03 16:34:31.284  1497  1544 W GeocoderProxy: Odd, no component found for service com.android.location.service.GeocodeProvider
02-03 16:34:31.293  5190  5190 E System  : Ignoring attempt to set property "java.net.preferIPv6Addresses" to value "false".
02-03 16:34:31.307  5190  5208 D Exchange: Fixing parent keys
02-03 16:34:31.310  5190  5190 W GooglePlayServicesUtil: Google Play Store is missing.
02-03 16:34:31.318  1497  2127 W ActivityManager: Unable to start service Intent { cmp=me.bluemail.mail/com.android.emaileas.service.AttachmentService } U=0: not found
02-03 16:34:31.321  1497  3487 W ActivityManager: Unable to start service Intent { cmp=me.bluemail.mail/com.android.emaileas.service.AttachmentService } U=0: not found
02-03 16:34:31.323  1497  1544 W LocationProviderProxy-network: Odd, no component found for service com.android.location.service.v3.NetworkLocationProvider
02-03 16:34:31.324  1497  1544 W GeocoderProxy: Odd, no component found for service com.android.location.service.GeocodeProvider
02-03 16:34:31.339  1497  1544 W LocationProviderProxy-network: Odd, no component found for service com.android.location.service.v3.NetworkLocationProvider
02-03 16:34:31.340  1497  1544 W GeocoderProxy: Odd, no component found for service com.android.location.service.GeocodeProvider
02-03 16:34:31.360  5190  5218 I blue    : BluePreferences load took 88ms on thread preferences_loader
02-03 16:34:31.491  1497  3414 W BackupManagerService: dataChanged but no participant pkg='com.teslacoilsw.launcher' uid=10075
02-03 16:34:31.696  5190  5190 D BlueNotifier: Registered and ready to handle exceptions.
02-03 16:34:31.703  5190  5209 D Exchange: reconcileAccountsInternal
02-03 16:34:31.704  5190  5209 D Exchange: Enabling EAS authenticator
02-03 16:34:31.708  1497  1545 I ActivityManager: Waited long enough for: ServiceRecord{ef6bfa u0 com.estrongs.android.pop/com.android.apps.pros.LocalCService}
02-03 16:34:31.714  5190  5208 W art     : Long monitor contention with owner AsyncTask #2 (5209) at exc exc.bl(android.content.Context)(SourceFile:64) waiters=0 in void com.android.emaileas.provider.AccountReconciler.reconcileAccounts(android.content.Context) for 393ms
02-03 16:34:31.718  5190  5208 D Exchange: reconcileAccountsInternal
02-03 16:34:31.718  5190  5208 D Exchange: Enabling EAS authenticator
02-03 16:34:31.742  5190  5190 I blue    : Registered: unmount receiver
02-03 16:34:31.743  5190  5190 I blue    : Registered: shutdown receiver
02-03 16:34:31.757  5190  5190 V blue    : Registering content resolver notifier
02-03 16:34:31.767  1497  3495 W BackupManagerService: dataChanged but no participant pkg='com.teslacoilsw.launcher' uid=10075
02-03 16:34:31.828  5190  5190 D Exchange: Cursor with 0 accounts returned
02-03 16:34:31.838  1497  3491 I ActivityManager: Start proc 5257:projekt.substratum/u0a89 for broadcast projekt.substratum/.services.BootCompletedDetector
02-03 16:34:31.848  1497  3490 I ActivityManager: Killing 4347:com.android.managedprovisioning/u0a14 (adj 906): empty #17
02-03 16:34:31.877  1497  3412 D ActivityManager: cleanUpApplicationRecord -- 4347
02-03 16:34:31.883  5257  5257 I art     : Starting a blocking GC AddRemoveAppImageSpace
02-03 16:34:31.928  3633  3730 I ExifInterface_JNI: Raw image not detected
02-03 16:34:31.958  5257  5257 D FirebaseApp: com.google.firebase.auth.FirebaseAuth is not linked. Skipping initialization.
02-03 16:34:31.967  5257  5257 W art     : Class com.google.firebase.iid.FirebaseInstanceIdService failed lock verification and will run slower.
02-03 16:34:31.967  5257  5257 W art     : Common causes for lock verification issues are non-optimized dex code
02-03 16:34:31.967  5257  5257 W art     : and incorrect proguard optimizations.
02-03 16:34:31.970  5257  5257 W InstanceID/Rpc: Found 10071
02-03 16:34:31.975  5257  5257 D FirebaseApp: com.google.firebase.crash.FirebaseCrash is not linked. Skipping initialization.
02-03 16:34:31.978  5257  5257 W art     : Class com.google.android.gms.internal.zzast failed lock verification and will run slower.
02-03 16:34:31.985  5257  5257 I FA      : App measurement is starting up, version: 10084
02-03 16:34:31.985  5257  5257 I FA      : To enable debug logging run: adb shell setprop log.tag.FA VERBOSE
02-03 16:34:31.989  5257  5257 W art     : Class com.google.android.gms.common.internal.zzz failed lock verification and will run slower.
02-03 16:34:31.994  5257  5257 I FA      : To enable faster debug mode event logging run:
02-03 16:34:31.994  5257  5257 I FA      :   adb shell setprop debug.firebase.analytics.app projekt.substratum
02-03 16:34:32.004  5257  5257 W art     : Class com.google.android.gms.internal.zzatv failed lock verification and will run slower.
02-03 16:34:32.006  5257  5257 W art     : Class com.google.android.gms.internal.zzatw$zza failed lock verification and will run slower.
02-03 16:34:32.009  5257  5257 W art     : Class com.google.android.gms.internal.zzaty failed lock verification and will run slower.
02-03 16:34:32.010  5257  5257 I FirebaseInitProvider: FirebaseApp initialization successful
02-03 16:34:32.019  5257  5257 W art     : Class android.support.v7.preference.PreferenceManager failed lock verification and will run slower.
02-03 16:34:32.022  1497  3482 W BackupManagerService: dataChanged but no participant pkg='com.teslacoilsw.launcher' uid=10075
02-03 16:34:32.027  1497  2127 I BroadcastQueue: Delay finish: projekt.substratum/.services.BootCompletedDetector
02-03 16:34:32.065  4712  5280 D GmsGcmRegisterSvc: onHandleIntent: Intent { act=com.google.android.c2dm.intent.REGISTER pkg=com.google.android.gms (has extras) }
02-03 16:34:32.065  4712  5280 D GmsGcmRegisterSvc: onHandleIntent: Bundle[mParcelledData.dataSize=2548]
02-03 16:34:32.069  4712  5280 D GmsGcmRegisterSvc: register[req]: Intent { act=com.google.android.c2dm.intent.REGISTER pkg=com.google.android.gms (has extras) } extras=Bundle[{subtype=860912288789, X-subscription=860912288789, sender=860912288789, X-subtype=860912288789, app_ver=561, app=PendingIntent{4e96528: android.os.BinderProxy@9227241}, kid=|ID|0|, osv=25, sig=DP1JUk9ZSH5pUodqd6YhCJf_eQd0hDOBobzE-u8PGOea4y1D_h7VyNbSi5Vpd_GEc8ZPcGyZOSoBKav4V3UfSXS4ORUBWlPfXaOazqf9kq4m8zBgivPe-2PyYDfwzh3kbm3BSbEol4G5XoKvs4qjEev3Cfz_kkZwbKe6gmrxPqbS6VTAp_4989fi1zM-FKgWNUCLSm0L99GFAoHIyekjlD0XgjYMX-ZuKel1Of0_ukP6Rng7XsQKVBI3QS6jFh0ay3I2D0J6Gv6r-3ljnWpBnpRxB6Cm9SKdNOITkL8A9U4UjnWywoxQ1KFFpQGJ9GaIz1EmEV9RkHGyT7iv1qXZLg, cliv=fiid-10084000, gmsv=10087409, pub2=MIIBIjANBgkqhkiG9w0BAQEFAAOCAQ8AMIIBCgKCAQEArsjjUS2ZDhRuPvWwtSUEIKM4JhpuEV9a5NpIHwQqImMu9Ctg5mcyd4-BzIFqZeCtJuP-zGKCU5BrsyohOVMmQNG789cq1-mC-pMraWTqrgPoxrq9HJ0wXQWkF6fjj2eZ4QAy4Z9Gyc0wUW8dSeism1gkt3A0tBi6-5Q3PLnqQQ9DzHZLLSEUSTWyMJs-_LRykRcazk4ZQVh1S_fP6dL1Ix0tRUBGGfMDfKFl8UiXi6sL1c0EXSIoyYUIWlxtOL8qY01bfRmsM6ZO7k9x2Pg1zkWMLQtOM8F8swWi5qTsn1pbUzkDyrS8tw4MkrHR4qBAfO6SFqzvHV8FDBE7zAI0JQIDAQAB, X-kid=|ID|0|, appid=ewt1vSjLfA8, scope=*, subscription=860912288789, google.messenger=android.os.Messenger@1c0a3e6, gmp_app_id=1:860912288789:android:cecb4572f9730fd6, app_ver_name=five hundred sixty one}]
02-03 16:34:32.072  5257  5276 I FA      : This instance being marked as an uploader
02-03 16:34:32.100  4712  5280 D NetworkSecurityConfig: No Network Security Config specified, using platform default
02-03 16:34:32.102  4712  5280 W System  : ClassLoader referenced unknown path: /system/framework/tcmclient.jar
02-03 16:34:32.113  5257  5276 W art     : Class com.google.android.gms.ads.identifier.AdvertisingIdClient failed lock verification and will run slower.
02-03 16:34:32.116  4712  5280 D GmsHttpFormClient: -- Request --
02-03 16:34:32.116  4712  5280 D GmsHttpFormClient: X-GOOG.USER_AID=3586884931491410738&device=3586884931491410738&app=projekt.substratum&cert=8a847cceabacbe3981eee5111dfc62e6f7e25ecd&app_ver=561&sender=860912288789
02-03 16:34:32.119  4712  5280 W GmsGcmRegisterSvc: 
02-03 16:34:32.127  5257  5276 D ApplicationLoaders: ignored Vulkan layer search path /data/app-lib/com.google.android.gms-1:/data/app/com.google.android.gms-1.apk!/lib/armeabi-v7a for namespace 0xb6d05090
02-03 16:34:32.128  4712  5280 D GmsGcmRegisterSvc: register[res]: Intent { act=com.google.android.c2dm.intent.REGISTRATION (has extras) } extras=Bundle[{error=SERVICE_NOT_AVAILABLE}]
02-03 16:34:32.129  5257  5278 D FirebaseInstanceId: background sync failed: SERVICE_NOT_AVAILABLE, retry in 30s
02-03 16:34:32.132  1497  2327 I BroadcastQueue: Resuming delayed broadcast
02-03 16:34:32.135  5257  5276 W ContextImpl: Failed to ensure /data/user/0/com.google.android.gms/shared_prefs: mkdir failed: EACCES (Permission denied)
02-03 16:34:32.143  1497  2327 I ActivityManager: Start proc 5282:com.android.cellbroadcastreceiver/u0a92 for broadcast com.android.cellbroadcastreceiver/.CellBroadcastReceiver
02-03 16:34:32.144  5257  5276 W AdvertisingIdClient: Error while reading from SharedPreferences 
02-03 16:34:32.144  5257  5276 W AdvertisingIdClient: java.lang.SecurityException: MODE_WORLD_READABLE no longer supported
02-03 16:34:32.144  5257  5276 W AdvertisingIdClient: 	at android.app.ContextImpl.checkMode(ContextImpl.java:2134)
02-03 16:34:32.144  5257  5276 W AdvertisingIdClient: 	at android.app.ContextImpl.getSharedPreferences(ContextImpl.java:354)
02-03 16:34:32.144  5257  5276 W AdvertisingIdClient: 	at android.app.ContextImpl.getSharedPreferences(ContextImpl.java:349)
02-03 16:34:32.144  5257  5276 W AdvertisingIdClient: 	at com.google.android.gms.ads.identifier.AdvertisingIdClient.getAdvertisingIdInfo(Unknown Source)
02-03 16:34:32.144  5257  5276 W AdvertisingIdClient: 	at com.google.android.gms.internal.zzatl.zzfK(Unknown Source)
02-03 16:34:32.144  5257  5276 W AdvertisingIdClient: 	at com.google.android.gms.internal.zzatl.zzfL(Unknown Source)
02-03 16:34:32.144  5257  5276 W AdvertisingIdClient: 	at com.google.android.gms.internal.zzatp.zzf(Unknown Source)
02-03 16:34:32.144  5257  5276 W AdvertisingIdClient: 	at com.google.android.gms.internal.zzatp.zze(Unknown Source)
02-03 16:34:32.144  5257  5276 W AdvertisingIdClient: 	at com.google.android.gms.internal.zzatq$8.run(Unknown Source)
02-03 16:34:32.144  5257  5276 W AdvertisingIdClient: 	at java.util.concurrent.Executors$RunnableAdapter.call(Executors.java:428)
02-03 16:34:32.144  5257  5276 W AdvertisingIdClient: 	at java.util.concurrent.FutureTask.run(FutureTask.java:237)
02-03 16:34:32.144  5257  5276 W AdvertisingIdClient: 	at com.google.android.gms.internal.zzato$zzd.run(Unknown Source)
02-03 16:34:32.179  5282  5282 W System  : ClassLoader referenced unknown path: /system/priv-app/CellBroadcastReceiver/lib/arm
02-03 16:34:32.224  1497  3495 W BackupManagerService: dataChanged but no participant pkg='com.teslacoilsw.launcher' uid=10075
02-03 16:34:32.225  1497  1542 I ActivityManager: Killing 4382:com.android.onetimeinitializer/u0a15 (adj 906): empty #17
02-03 16:34:32.236  4414  4414 D SimSelectNotification:  no of slots 1 provision = true
02-03 16:34:32.239  1497  3482 W BroadcastQueue: Unable to launch app com.android.calendar/10099 for broadcast Intent { act=android.intent.action.PROVIDER_CHANGED dat=content://com.android.calendar flg=0x20000010 }: process is bad
02-03 16:34:32.241  1497  1545 W BroadcastQueue: Unable to launch app com.android.calendar/10099 for broadcast Intent { act=android.intent.action.PROVIDER_CHANGED dat=content://com.android.calendar flg=0x20000010 }: process is bad
02-03 16:34:32.247  1497  1542 I BroadcastQueue: Delay finish: com.cyanogenmod.lockclock/.ClockWidgetProvider
02-03 16:34:32.257  1497  3414 D ActivityManager: cleanUpApplicationRecord -- 4382
02-03 16:34:32.261  1497  1542 I BroadcastQueue: Resuming delayed broadcast
02-03 16:34:32.287  1497  3487 I ActivityManager: Start proc 5302:com.handmark.expressweather/u0a68 for broadcast com.handmark.expressweather/.BootReceiver
02-03 16:34:32.321  5302  5302 I art     : Starting a blocking GC AddRemoveAppImageSpace
02-03 16:34:32.337  5302  5302 I MultiDex: VM with version 2.1.0 has multidex support
02-03 16:34:32.337  5302  5302 I MultiDex: install
02-03 16:34:32.337  5302  5302 I MultiDex: VM has multidex support, MultiDex support library is disabled.
02-03 16:34:32.337  5302  5302 I MultiDex: install
02-03 16:34:32.337  5302  5302 I MultiDex: VM has multidex support, MultiDex support library is disabled.
02-03 16:34:32.346  5302  5302 I GMPM    : App measurement is starting up, version: 8487
02-03 16:34:32.346  5302  5302 I GMPM    : To enable debug logging run: adb shell setprop log.tag.GMPM VERBOSE
02-03 16:34:32.381  5302  5319 W GooglePlayServicesUtil: Google Play Store is neither installed nor updating.
02-03 16:34:32.381  5302  5319 W FlurryAgent: Google Play Services not available - connection result: 9
02-03 16:34:32.402  5302  5302 I GAv4    : Google Analytics 8.4.87 is starting up. To enable debug logging on a device run:
02-03 16:34:32.402  5302  5302 I GAv4    :   adb shell setprop log.tag.GAv4 DEBUG
02-03 16:34:32.402  5302  5302 I GAv4    :   adb logcat -s GAv4
02-03 16:34:32.405  5302  5302 W GAv4    : String xml configuration name not recognized: ga_trackingId
02-03 16:34:32.406  5302  5302 W GAv4    : Bool xml configuration name not recognized: ga_autoActivityTracking
02-03 16:34:32.406  5302  5302 W GAv4    : Bool xml configuration name not recognized: ga_reportUncaughtExceptions
02-03 16:34:32.413  5302  5302 W GAv4    : AnalyticsReceiver is not registered or is disabled. Register the receiver for reliable dispatching on non-Google Play devices. See http://goo.gl/8Rd3yj for instructions.
02-03 16:34:32.416  5302  5322 W GAv4    : AnalyticsService not registered in the app manifest. Hits might not be delivered reliably. See http://goo.gl/8Rd3yj for instructions.
02-03 16:34:32.437  5302  5302 I GAv4    : Logger is deprecated. To enable debug logging, please run:
02-03 16:34:32.437  5302  5302 I GAv4    : adb shell setprop log.tag.GAv4 DEBUG
02-03 16:34:32.437  5302  5302 I ErrorAgent: Registering custom exceptions handler
02-03 16:34:32.439  5302  5324 D PrivacyManager: Initializing Pinsight Privacy SDK v2.2.0
02-03 16:34:32.488  5302  5302 I CrashlyticsCore: Initializing Crashlytics 2.3.8.97
02-03 16:34:32.513  5302  5333 W GooglePlayServicesUtil: Google Play Store is neither installed nor updating.
02-03 16:34:32.528  1497  1543 I ActivityManager: Killing 4362:com.android.messaging/u0a58 (adj 906): empty #17
02-03 16:34:32.529  1497  3414 I BroadcastQueue: Delay finish: com.teslacoilsw.launcher/com.google.firebase.iid.FirebaseInstanceIdInternalReceiver
02-03 16:34:32.530  3962  5336 D FirebaseInstanceId: topic sync succeeded
02-03 16:34:32.531  1497  3490 I BroadcastQueue: Resuming delayed broadcast
02-03 16:34:32.540  2268  2268 D VvmSimChangeReceiver: Carrier config changed
02-03 16:34:32.543  2268  2268 D VvmSimChangeReceiver: visual voicemail not supported for carrier 72404 on subId 1
02-03 16:34:32.556  1497  1545 I ActivityManager: Waited long enough for: ServiceRecord{5af3e72 u0 com.whatsapp/.ExternalMediaManager}
02-03 16:34:32.569  1497  3482 D ActivityManager: cleanUpApplicationRecord -- 4362
02-03 16:34:32.617  2268  5340 D SIP     : [SipPreferences] isReceivingCallsEnabled, option not set; use default value, exception: android.provider.Settings$SettingNotFoundException: sip_receive_calls
02-03 16:34:32.620  5117  5117 D ConnectivityManager: getMobileDataEnabled()+ subId=1
02-03 16:34:32.621  5117  5117 D ConnectivityManager: getMobileDataEnabled()- subId=1 retVal=false
02-03 16:34:32.632  5117  5117 D ConnectivityManager: getMobileDataEnabled()+ subId=1
02-03 16:34:32.632  5117  5117 D ConnectivityManager: getMobileDataEnabled()- subId=1 retVal=false
02-03 16:34:32.647  5117  5117 D ConnectivityManager: getMobileDataEnabled()+ subId=1
02-03 16:34:32.648  5117  5117 D ConnectivityManager: getMobileDataEnabled()- subId=1 retVal=false
02-03 16:34:32.687  1497  3414 I BroadcastQueue: Delay finish: com.handmark.expressweather/.BootReceiver
02-03 16:34:32.788  1497  2127 I BroadcastQueue: Resuming delayed broadcast
02-03 16:34:32.796  1497  3414 I BroadcastQueue: Delay finish: com.handmark.expressweather/.BootReceiver
02-03 16:34:32.819  3633  3654 W art     : Suspending all threads took: 10.374ms
02-03 16:34:32.828  1497  3491 I BroadcastQueue: Resuming delayed broadcast
02-03 16:34:32.834  1497  2127 I BroadcastQueue: Delay finish: com.android.providers.calendar/.CalendarProviderBroadcastReceiver
02-03 16:34:32.841  1497  2328 I BroadcastQueue: Resuming delayed broadcast
02-03 16:34:32.843  4712  4712 D GmsGcmTrigger: Ignoring Intent { act=org.microg.gms.gcm.mcs.RECONNECT flg=0x14 cmp=com.google.android.gms/org.microg.gms.gcm.TriggerReceiver (has extras) }: network is offline, scheduling new attempt.
02-03 16:34:32.843  4712  4712 D GmsGcmMcsSvc: Scheduling reconnect in 10 seconds...
02-03 16:34:33.433  3633  3730 E MediaScannerJNI: An exception was thrown by callback 'scanFile'.
02-03 16:34:33.564  3633  3730 E MediaScannerJNI: java.lang.StackOverflowError: stack size 1038KB
02-03 16:34:33.564  3633  3730 E MediaScannerJNI: 	at java.util.HashMap.getEntry(HashMap.java:393)
02-03 16:34:33.564  3633  3730 E MediaScannerJNI: 	at java.util.HashMap.get(HashMap.java:348)
02-03 16:34:33.564  3633  3730 E MediaScannerJNI: 	at android.media.ExifInterface.readImageFileDirectory(ExifInterface.java:2193)
02-03 16:34:33.564  3633  3730 E MediaScannerJNI: 	at android.media.ExifInterface.readImageFileDirectory(ExifInterface.java:2294)
02-03 16:34:33.564  3633  3730 E MediaScannerJNI: 	at android.media.ExifInterface.readImageFileDirectory(ExifInterface.java:2267)
02-03 16:34:33.564  3633  3730 E MediaScannerJNI: 	at android.media.ExifInterface.readImageFileDirectory(ExifInterface.java:2294)
02-03 16:34:33.564  3633  3730 E MediaScannerJNI: 	at android.media.ExifInterface.readImageFileDirectory(ExifInterface.java:2267)
02-03 16:34:33.564  3633  3730 E MediaScannerJNI: 	at android.media.ExifInterface.readImageFileDirectory(ExifInterface.java:2294)
02-03 16:34:33.564  3633  3730 E MediaScannerJNI: 	at android.media.ExifInterface.readImageFileDirectory(ExifInterface.java:2267)
02-03 16:34:33.564  3633  3730 E MediaScannerJNI: 	at android.media.ExifInterface.readImageFileDirectory(ExifInterface.java:2294)
02-03 16:34:33.564  3633  3730 E MediaScannerJNI: 	at android.media.ExifInterface.readImageFileDirectory(ExifInterface.java:2267)
02-03 16:34:33.564  3633  3730 E MediaScannerJNI: 	at android.media.ExifInterface.readImageFileDirectory(ExifInterface.java:2294)
02-03 16:34:33.564  3633  3730 E MediaScannerJNI: 	at android.media.ExifInterface.readImageFileDirectory(ExifInterface.java:2267)
02-03 16:34:33.564  3633  3730 E MediaScannerJNI: 	at android.media.ExifInterface.readImageFileDirectory(ExifInterface.java:2294)
02-03 16:34:33.564  3633  3730 E MediaScannerJNI: 	at android.media.ExifInterface.readImageFileDirectory(ExifInterface.java:2267)
02-03 16:34:33.564  3633  3730 E MediaScannerJNI: 	at android.media.ExifInterface.readImageFileDirectory(ExifInterface.java:2294)
02-03 16:34:33.564  3633  3730 E MediaScannerJNI: 	at android.media.ExifInterface.readImageFileDirectory(ExifInterface.java:2267)
02-03 16:34:33.564  3633  3730 E MediaScannerJNI: 	at android.media.ExifInterface.readImageFileDirectory(ExifInterface.java:2294)
02-03 16:34:33.564  3633  3730 E MediaScannerJNI: 	at android.media.ExifInterface.readImageFileDirectory(ExifInterface.java:2267)
02-03 16:34:33.564  3633  3730 E MediaScannerJNI: 	at android.media.ExifInterface.readImageFileDirectory(ExifInterface.java:2294)
02-03 16:34:33.564  3633  3730 E MediaScannerJNI: 	at android.media.ExifInterface.readImageFileDirectory(ExifInterface.java:2267)
02-03 16:34:33.564  3633  3730 E MediaScannerJNI: 	at android.media.ExifInterface.readImageFileDirectory(ExifInterface.java:2294)
02-03 16:34:33.564  3633  3730 E MediaScannerJNI: 	at android.media.ExifInterface.readImageFileDirectory(ExifInterface.java:2267)
02-03 16:34:33.564  3633  3730 E MediaScannerJNI: 	at android.media.ExifInterface.readImageFileDirectory(ExifInterface.java:2294)
02-03 16:34:33.564  3633  3730 E MediaScannerJNI: 	at android.media.ExifInterface.readImageFileDirectory(ExifInterface.java:2267)
02-03 16:34:33.564  3633  3730 E MediaScannerJNI: 	at android.media.ExifInterface.readImageFileDirectory(ExifInterface.java:2294)
02-03 16:34:33.564  3633  3730 E MediaScannerJNI: 	at android.media.ExifInterface.readImageFileDirectory(ExifInterface.java:2267)
02-03 16:34:33.564  3633  3730 E MediaScannerJNI: 	at android.media.ExifInterface.readImageFileDirectory(ExifInterface.java:2294)
02-03 16:34:33.564  3633  3730 E MediaScannerJNI: 	at android.media.ExifInterface.readImageFileDirectory(ExifInterface.java:2267)
02-03 16:34:33.564  3633  3730 E MediaScannerJNI: 	at android.media.ExifInterface.readImageFileDirectory(ExifInterface.java:2294)
02-03 16:34:33.564  3633  3730 E MediaScannerJNI: 	at android.media.ExifInterface.readImageFileDirectory(ExifInterface.java:2267)
02-03 16:34:33.564  3633  3730 E MediaScannerJNI: 	at android.media.ExifInterface.readImageFileDirectory(ExifInterface.java:2294)
02-03 16:34:33.564  3633  3730 E MediaScannerJNI: 	at android.media.ExifInterface.readImageFileDirectory(ExifInterface.java:2267)
02-03 16:34:33.564  3633  3730 E MediaScannerJNI: 	at android.media.ExifInterface.readImageFileDirectory(ExifInterface.java:2294)
02-03 16:34:33.564  3633  3730 E MediaScannerJNI: 	at android.media.ExifInterface.readImageFileDirectory(ExifInterface.java:2267)
02-03 16:34:33.564  3633  3730 E MediaScannerJNI: 	at android.media.ExifInterface.readImageFileDirectory(ExifInterface.java:2294)
02-03 16:34:33.564  3633  3730 E MediaScannerJNI: 	at android.media.ExifInterface.readImageFileDirectory(ExifInterface.java:2267)
02-03 16:34:33.564  3633  3730 E MediaScannerJNI: 	at android.media.ExifInterface.readImageFileDirectory(ExifInterface.java:2294)
02-03 16:34:33.564  3633  3730 E MediaScannerJNI: 	at android.media.ExifInterface.readImageFileDirectory(ExifInterface.java:2267)
02-03 16:34:33.564  3633  3730 E MediaScannerJNI: 	at android.media.ExifInterface.readImageFileDirectory(ExifInterface.java:2294)
02-03 16:34:33.564  3633  3730 E MediaScannerJNI: 	at android.media.ExifInterface.readImageFileDirectory(ExifInterface.java:2267)
02-03 16:34:33.564  3633  3730 E MediaScannerJNI: 	at android.media.ExifInterface.readImageFileDirectory(ExifInterface.java:2294)
02-03 16:34:33.564  3633  3730 E MediaScannerJNI: 	at android.media.ExifInterface.readImageFileDirectory(ExifInterface.java:2267)
02-03 16:34:33.564  3633  3730 E MediaScannerJNI: 	at android.media.ExifInterface.readImageFileDirectory(ExifInterface.java:2294)
02-03 16:34:33.564  3633  3730 E MediaScannerJNI: 	at android.media.ExifInterface.readImageFileDirectory(ExifInterface.java:2267)
02-03 16:34:33.564  3633  3730 E MediaScannerJNI: 	at android.media.ExifInterface.readImageFileDirectory(ExifInterface.java:2294)
02-03 16:34:33.564  3633  3730 E MediaScannerJNI: 	at android.media.ExifInterface.readImageFileDirectory(ExifInterface.java:2267)
02-03 16:34:33.564  3633  3730 E MediaScannerJNI: 	at android.media.ExifInterface.readImageFileDirectory(ExifInterface.java:2294)
02-03 16:34:33.564  3633  3730 E MediaScannerJNI: 	at android.media.ExifInterface.readImageFileDirectory(ExifInterface.java:2267)
02-03 16:34:33.564  3633  3730 E MediaScannerJNI: 	at android.media.ExifInterface.readImageFileDirectory(ExifInterface.java:2294)
02-03 16:34:33.564  3633  3730 E MediaScannerJNI: 	at android.media.ExifInterface.readImageFileDirectory(ExifInterface.
02-03 16:34:33.564  3633  3730 E MediaScannerJNI: An error occurred while scanning directory '/storage/emulated/0'.
02-03 16:34:34.071   416   593 I ThermalEngine: Sensor:tmp108:45000 mC
02-03 16:34:34.072   416   593 I ThermalEngine: Sensor:max170xx_battery:40000 mC
02-03 16:34:34.077   416   593 I ThermalEngine: Sensor:chg_therm:42000 mC
02-03 16:34:34.083   416   593 I ThermalEngine: Sensor:wchg_therm:38000 mC
02-03 16:34:34.089   416   593 I ThermalEngine: Sensor:chg_therm:42000 mC
02-03 16:34:34.089   416   593 I ThermalEngine: Sensor:VS-BATT:44550 mC
02-03 16:34:34.467   467   467 I Atfwd_Daemon: result : 0 	 ,Init step :2 	 ,qmiErrorCode: 0
02-03 16:34:34.467   467   467 I Atfwd_Daemon: ATFWD --> QMI Port : rmnet_usb0
02-03 16:34:34.510   416   581 I ThermalEngine: Sensor:/sys/class/power_supply/battery/capacity:70 mC
02-03 16:34:34.513   416   584 I ThermalEngine: Sensor:max170xx_battery:40000 mC
02-03 16:34:34.518   416   575 I ThermalEngine: Sensor:chg_therm:42000 mC
02-03 16:34:34.523   416   579 I ThermalEngine: Sensor:apq_therm:43000 mC
02-03 16:34:34.539   467   467 I Atfwd_Daemon: qmi_atcop_srvc_init_client - QMI Err code 0 , handle 486606848
02-03 16:34:34.539   467   467 I Atfwd_Daemon: Trying to register 8 commands:
02-03 16:34:34.539   467   467 I Atfwd_Daemon: cmd0: +CKPD
02-03 16:34:34.550   467   467 I Atfwd_Daemon: qmi_atcop_reg_at_command_fwd_req: 0
02-03 16:34:34.551   467   467 I Atfwd_Daemon: cmd1: +CTSA
02-03 16:34:34.563   467   467 I Atfwd_Daemon: qmi_atcop_reg_at_command_fwd_req: 0
02-03 16:34:34.563   467   467 I Atfwd_Daemon: cmd2: +CFUN
02-03 16:34:34.573   467   467 I Atfwd_Daemon: qmi_atcop_reg_at_command_fwd_req: 0
02-03 16:34:34.573   467   467 I Atfwd_Daemon: cmd3: +CMAR
02-03 16:34:34.584   467   467 I Atfwd_Daemon: qmi_atcop_reg_at_command_fwd_req: 0
02-03 16:34:34.584   467   467 I Atfwd_Daemon: cmd4: +CDIS
02-03 16:34:34.596   467   467 I Atfwd_Daemon: qmi_atcop_reg_at_command_fwd_req: 0
02-03 16:34:34.596   467   467 I Atfwd_Daemon: cmd5: +CRSL
02-03 16:34:34.609   467   467 I Atfwd_Daemon: qmi_atcop_reg_at_command_fwd_req: 0
02-03 16:34:34.610   467   467 I Atfwd_Daemon: cmd6: +CSS
02-03 16:34:34.621   467   467 I Atfwd_Daemon: qmi_atcop_reg_at_command_fwd_req: 0
02-03 16:34:34.621   467   467 I Atfwd_Daemon: cmd7: $QCPWRDN
02-03 16:34:34.632   467   467 I Atfwd_Daemon: qmi_atcop_reg_at_command_fwd_req: 0
02-03 16:34:34.632   467   467 I Atfwd_Daemon: Registered AT Commands event handler
02-03 16:34:35.302  1497  3414 I ActivityManager: Killing 4447:com.bhb27.isu/u0a57 (adj 906): empty #17
02-03 16:34:35.350  1497  2043 I chatty  : uid=1000(system) WifiStateMachin expire 21 lines
02-03 16:34:35.350  4963  4963 I chatty  : uid=1010(wifi) /system/bin/wpa_supplicant expire 1379 lines
02-03 16:34:35.353  1497  1548 E BatteryStatsService: no controller energy info supplied
02-03 16:34:35.390  1497  3490 D ActivityManager: cleanUpApplicationRecord -- 4447
02-03 16:34:35.413   468   468 E Parcel  : Reading a NULL string not supported here.
02-03 16:34:35.413   468   468 E Parcel  : Reading a NULL string not supported here.
02-03 16:34:35.466  1497  5350 I chatty  : uid=1000 system_server expire 2 lines
02-03 16:34:35.489  1497  5351 I chatty  : uid=1000 system_server expire 2 lines
02-03 16:34:35.514   468   468 E Parcel  : Reading a NULL string not supported here.
02-03 16:34:35.514   468   468 E Parcel  : Reading a NULL string not supported here.
02-03 16:34:35.569   468   468 E Parcel  : Reading a NULL string not supported here.
02-03 16:34:35.569   468   468 E Parcel  : Reading a NULL string not supported here.
02-03 16:34:35.702   468   468 E Parcel  : Reading a NULL string not supported here.
02-03 16:34:35.702   468   468 E Parcel  : Reading a NULL string not supported here.
02-03 16:34:35.746   468   468 E Parcel  : Reading a NULL string not supported here.
02-03 16:34:35.746   468   468 E Parcel  : Reading a NULL string not supported here.
02-03 16:34:35.752  1497  2043 D ConnectivityService: registerNetworkAgent NetworkAgentInfo{ ni{[type: WIFI[], state: CONNECTING/CONNECTING, reason: (unspecified), extra: "Home_272", failover: false, available: true, roaming: false, metered: false]}  network{100}  nethandle{429513165534}  lp{{LinkAddresses: []  Routes: [] DnsAddresses: [] Domains: null MTU: 0}}  nc{[ Transports: WIFI Capabilities: NOT_METERED&INTERNET&NOT_RESTRICTED&TRUSTED&NOT_VPN LinkUpBandwidth>=1048576Kbps LinkDnBandwidth>=1048576Kbps]}  Score{20}  everValidated{false}  lastValidated{false}  created{false} lingering{false} explicitlySelected{false} acceptUnvalidated{false} everCaptivePortalDetected{false} lastCaptivePortalDetected{false} }
02-03 16:34:35.753  1497  2052 D ConnectivityService: NetworkAgentInfo [WIFI () - 100] EVENT_NETWORK_INFO_CHANGED, going from null to CONNECTING
02-03 16:34:35.759   468   468 E Parcel  : Reading a NULL string not supported here.
02-03 16:34:35.759   468   468 E Parcel  : Reading a NULL string not supported here.
02-03 16:34:35.765   468   468 E Parcel  : Reading a NULL string not supported here.
02-03 16:34:35.765   468   468 E Parcel  : Reading a NULL string not supported here.
02-03 16:34:36.178  1497  2328 I ActivityManager: Killing 4463:com.bhb27.kerneladiutor/u0a56 (adj 906): empty #17
02-03 16:34:36.264  1497  2327 I chatty  : uid=1000(system) Binder:1497_5 expire 1 line
02-03 16:34:36.264  1497  3414 D ActivityManager: cleanUpApplicationRecord -- 4463
02-03 16:34:36.755  1497  1545 I ActivityManager: Waited long enough for: ServiceRecord{f5f1cf1 u0 com.android.email/.service.LegacyImapSyncAdapterService}
02-03 16:34:36.826  5190  5354 W GooglePlayServicesUtil: Google Play Store is missing.
02-03 16:34:37.405  2085  2085 W SubtypeLocaleUtils: KeyboardLayoutSet not found, use QWERTY: locale=en_AU extraValue=TrySuppressingImeSwitcher,AsciiCapable,SupportTouchPositionCorrection,EmojiCapable
02-03 16:34:37.406  2085  2085 W RichInputMethodSubtype: Can't find emoji subtype
02-03 16:34:37.406  2085  2085 W RichInputMethodSubtype: No input method subtype found; returning dummy subtype: Multi-lingual subtype: android.view.inputmethod.InputMethodSubtype@d78b2ed0, zz
02-03 16:34:37.580  2085  2085 I EmojiCategory: Last Emoji category id is 8
02-03 16:34:37.650  2085  2085 W ViewPager: Requested offscreen page limit 0 too small; defaulting to 1
02-03 16:34:37.655  2085  2085 I LatinIME: Starting input. Cursor position = 0,0
02-03 16:34:37.798  2085  5360 I Adreno  : QUALCOMM build                   : a5b4970, If5818605d9
02-03 16:34:37.798  2085  5360 I Adreno  : Build Date                       : 10/12/16
02-03 16:34:37.798  2085  5360 I Adreno  : OpenGL ES Shader Compiler Version: XE031.09.00.04
02-03 16:34:37.798  2085  5360 I Adreno  : Local Branch                     : N24D
02-03 16:34:37.798  2085  5360 I Adreno  : Remote Branch                    : 
02-03 16:34:37.798  2085  5360 I Adreno  : Remote Branch                    : 
02-03 16:34:37.798  2085  5360 I Adreno  : Reconstruct Branch               : 
02-03 16:34:37.810  2085  5360 I OpenGLRenderer: Initialized EGL, version 1.4
02-03 16:34:37.811  2085  5360 D OpenGLRenderer: Swap behavior 1
02-03 16:34:37.848  2091  2091 D StatusBar: notification is for you
02-03 16:34:38.572  1497  1545 I ActivityManager: Waited long enough for: ServiceRecord{583fadf u0 com.qualcomm.atfwd/.AtFwdService}
02-03 16:34:38.662  1497  1545 I ActivityManager: Waited long enough for: ServiceRecord{885cd53 u0 com.qualcomm.qcrilmsgtunnel/.QcrilMsgTunnelService}
02-03 16:34:38.984  1497  1545 I ActivityManager: Waited long enough for: ServiceRecord{1ee478e u0 com.google.android.gms/org.microg.gms.gcm.McsService}
02-03 16:34:39.091   416   593 I ThermalEngine: Sensor:tmp108:44000 mC
02-03 16:34:39.092   416   593 I ThermalEngine: Sensor:max170xx_battery:40000 mC
02-03 16:34:39.097   416   593 I ThermalEngine: Sensor:chg_therm:41000 mC
02-03 16:34:39.102   416   593 I ThermalEngine: Sensor:wchg_therm:38000 mC
02-03 16:34:39.107   416   593 I ThermalEngine: Sensor:chg_therm:41000 mC
02-03 16:34:39.107   416   593 I ThermalEngine: Sensor:VS-BATT:43560 mC
02-03 16:34:39.511   416   581 I ThermalEngine: Sensor:/sys/class/power_supply/battery/capacity:70 mC
02-03 16:34:39.523   416   575 I ThermalEngine: Sensor:chg_therm:41000 mC
02-03 16:34:40.777  1497  2044 E NetdConnector: NDC Command {35 interface ipv6 wlan0 enable} took too long (4998ms)
02-03 16:34:40.794   468   468 E Parcel  : Reading a NULL string not supported here.
02-03 16:34:40.794   468   468 E Parcel  : Reading a NULL string not supported here.
02-03 16:34:40.813  1497  5368 I chatty  : uid=1000 system_server expire 6 lines
02-03 16:34:40.835  1497  5366 I chatty  : uid=1000 system_server expire 6 lines
02-03 16:34:41.448   439  1540 D CommandListener: Setting iface cfg
02-03 16:34:41.460   468   468 E Parcel  : Reading a NULL string not supported here.
02-03 16:34:41.461   468   468 E Parcel  : Reading a NULL string not supported here.
02-03 16:34:41.472  1497  2052 D ConnectivityService: NetworkAgentInfo [WIFI () - 100] EVENT_NETWORK_INFO_CHANGED, going from CONNECTING to CONNECTED
02-03 16:34:41.476  1497  2052 D ConnectivityService: Adding iface wlan0 to network 100
02-03 16:34:41.479   468   468 E Parcel  : Reading a NULL string not supported here.
02-03 16:34:41.479   468   468 E Parcel  : Reading a NULL string not supported here.
02-03 16:34:41.487   468   468 E Parcel  : Reading a NULL string not supported here.
02-03 16:34:41.487   468   468 E Parcel  : Reading a NULL string not supported here.
02-03 16:34:41.494   468   468 E Parcel  : Reading a NULL string not supported here.
02-03 16:34:41.494   468   468 E Parcel  : Reading a NULL string not supported here.
02-03 16:34:41.549  1497  2052 D ConnectivityService: Setting DNS servers for network 100 to [/189.38.95.96, /189.38.95.95]
02-03 16:34:41.563  1497  2052 I chatty  : uid=1000(system) ConnectivitySer expire 5 lines
02-03 16:34:41.575  1497  2052 D ConnectivityService: Switching to new default network: NetworkAgentInfo{ ni{[type: WIFI[], state: CONNECTED/CONNECTED, reason: (unspecified), extra: "Home_272", failover: false, available: true, roaming: false, metered: false]}  network{100}  nethandle{429513165534}  lp{{InterfaceName: wlan0 LinkAddresses: [fe80::1e56:feff:fed6:766b/64,192.168.0.226/24,]  Routes: [fe80::/64 -> :: wlan0,192.168.0.0/24 -> 0.0.0.0 wlan0,0.0.0.0/0 -> 192.168.0.200 wlan0,] DnsAddresses: [189.38.95.96,189.38.95.95,] Domains: null MTU: 0 TcpBufferSizes: 524288,6291456,8291456,524288,6291456,8291456}}  nc{[ Transports: WIFI Capabilities: NOT_METERED&INTERNET&NOT_RESTRICTED&TRUSTED&NOT_VPN&FOREGROUND LinkUpBandwidth>=1048576Kbps LinkDnBandwidth>=1048576Kbps SignalStrength: -42]}  Score{20}  everValidated{false}  lastValidated{false}  created{true} lingering{false} explicitlySelected{false} acceptUnvalidated{false} everCaptivePortalDetected{false} lastCaptivePortalDetected{false} }
02-03 16:34:41.600  1497  2040 I chatty  : uid=1000(system) NetworkPolicy expire 3 lines
02-03 16:34:41.643   439  1540 V IdletimerController: runCmd(/system/bin/ip6tables -w -t raw -A idletimer_raw_PREROUTING -i wlan0 -j IDLETIMER --timeout 15 --label 1 --send_nl_msg 1) res_ipv4=0, res_ipv6=0
02-03 16:34:41.680   439  1540 V IdletimerController: runCmd(/system/bin/ip6tables -w -t mangle -A idletimer_mangle_POSTROUTING -o wlan0 -j IDLETIMER --timeout 15 --label 1 --send_nl_msg 1) res_ipv4=0, res_ipv6=0
02-03 16:34:41.693  1497  2052 D ConnectivityService: Sending CONNECTED broadcast for type 1 NetworkAgentInfo [WIFI () - 100] isDefaultNetwork=true
02-03 16:34:41.693  1497  2069 I chatty  : uid=1000(system) ConnectivityMan expire 4 lines
02-03 16:34:41.694  1497  1544 I chatty  : uid=1000(system) android.bg expire 10 lines
02-03 16:34:41.707  1497  5391 I chatty  : uid=1000 system_server expire 1 line
02-03 16:34:41.710  1497  1545 I ActivityManager: Start proc 5392:android.romstats/u0a52 for broadcast android.romstats/.ReportingServiceManager
02-03 16:34:41.735  4712  4712 D GmsGcmMcsSvc: Connection is not enabled or dead.
02-03 16:34:41.735  4712  4712 D GmsGcmTrigger: Not connected to GCM but should be, asking the service to start up. Triggered by: Intent { act=android.net.conn.CONNECTIVITY_CHANGE flg=0x4000010 (has extras) }
02-03 16:34:41.737  1497  2060 I chatty  : uid=1000 system_server expire 4 lines
02-03 16:34:41.749  3810  3912 W GooglePlayServicesUtil: Google Play Store is neither installed nor updating.
02-03 16:34:41.749  4712  4732 D GmsGcmMcsSvc: Connect initiated, reason: Intent { act=android.net.conn.CONNECTIVITY_CHANGE flg=0x4000010 (has extras) }
02-03 16:34:41.750  3810  3911 W System  : ClassLoader referenced unknown path: /system/framework/tcmclient.jar
02-03 16:34:41.752  4712  4732 D GmsGcmMcsSvc: Connection is not enabled or dead.
02-03 16:34:41.752  4712  4732 D GmsGcmMcsSvc: Starting MCS connection...
02-03 16:34:41.755  3810  3911 D NetworkSecurityConfig: No Network Security Config specified, using platform default
02-03 16:34:41.780  5392  5392 I art     : Starting a blocking GC AddRemoveAppImageSpace
02-03 16:34:41.781  5392  5392 W System  : ClassLoader referenced unknown path: /system/app/ResurrectionStats/lib/arm
02-03 16:34:41.794  4712  5414 D GmsGcmRegisterSvc: onHandleIntent: Intent { act=com.google.android.c2dm.intent.REGISTER pkg=com.google.android.gms (has extras) }
02-03 16:34:41.794  4712  5414 D GmsGcmRegisterSvc: onHandleIntent: Bundle[mParcelledData.dataSize=2548]
02-03 16:34:41.798  4712  5414 D GmsGcmRegisterSvc: register[req]: Intent { act=com.google.android.c2dm.intent.REGISTER pkg=com.google.android.gms (has extras) } extras=Bundle[{subtype=860912288789, X-subscription=860912288789, sender=860912288789, X-subtype=860912288789, app_ver=561, app=PendingIntent{7d46858: android.os.BinderProxy@9227241}, kid=|ID|1|, osv=25, sig=DP1JUk9ZSH5pUodqd6YhCJf_eQd0hDOBobzE-u8PGOea4y1D_h7VyNbSi5Vpd_GEc8ZPcGyZOSoBKav4V3UfSXS4ORUBWlPfXaOazqf9kq4m8zBgivPe-2PyYDfwzh3kbm3BSbEol4G5XoKvs4qjEev3Cfz_kkZwbKe6gmrxPqbS6VTAp_4989fi1zM-FKgWNUCLSm0L99GFAoHIyekjlD0XgjYMX-ZuKel1Of0_ukP6Rng7XsQKVBI3QS6jFh0ay3I2D0J6Gv6r-3ljnWpBnpRxB6Cm9SKdNOITkL8A9U4UjnWywoxQ1KFFpQGJ9GaIz1EmEV9RkHGyT7iv1qXZLg, cliv=fiid-10084000, gmsv=10087409, pub2=MIIBIjANBgkqhkiG9w0BAQEFAAOCAQ8AMIIBCgKCAQEArsjjUS2ZDhRuPvWwtSUEIKM4JhpuEV9a5NpIHwQqImMu9Ctg5mcyd4-BzIFqZeCtJuP-zGKCU5BrsyohOVMmQNG789cq1-mC-pMraWTqrgPoxrq9HJ0wXQWkF6fjj2eZ4QAy4Z9Gyc0wUW8dSeism1gkt3A0tBi6-5Q3PLnqQQ9DzHZLLSEUSTWyMJs-_LRykRcazk4ZQVh1S_fP6dL1Ix0tRUBGGfMDfKFl8UiXi6sL1c0EXSIoyYUIWlxtOL8qY01bfRmsM6ZO7k9x2Pg1zkWMLQtOM8F8swWi5qTsn1pbUzkDyrS8tw4MkrHR4qBAfO6SFqzvHV8FDBE7zAI0JQIDAQAB, X-kid=|ID|1|, appid=ewt1vSjLfA8, scope=*, subscription=860912288789, google.messenger=android.os.Messenger@1c0a3e6, gmp_app_id=1:860912288789:android:cecb4572f9730fd6, app_ver_name=five hundred sixty one}]
02-03 16:34:41.802  5392  5392 D ResurrectionStats: [onReceive] CONNECTIVITY_CHANGE
02-03 16:34:41.804  5392  5392 D ResurrectionStats: [launchService] networkInfo: [type: WIFI[], state: CONNECTED/CONNECTED, reason: (unspecified), extra: "Home_272", failover: false, available: true, roaming: false, metered: false]
02-03 16:34:41.807  4712  5414 W System  : ClassLoader referenced unknown path: /system/framework/tcmclient.jar
02-03 16:34:41.809  4712  5414 D GmsHttpFormClient: -- Request --
02-03 16:34:41.809  4712  5414 D GmsHttpFormClient: X-GOOG.USER_AID=3586884931491410738&device=3586884931491410738&app=projekt.substratum&cert=8a847cceabacbe3981eee5111dfc62e6f7e25ecd&app_ver=561&sender=860912288789
02-03 16:34:41.815  5392  5392 D ResurrectionStats: Waiting for next sync : 1 hours
02-03 16:34:41.849  1497  3488 I ActivityManager: Killing 4513:com.cyanogenmod.trebuchet/u0a28 (adj 906): empty #17
02-03 16:34:41.877  1497  3482 D ActivityManager: cleanUpApplicationRecord -- 4513
02-03 16:34:42.053  4712  4732 D GmsGcmMcsSvc: Connected to mtalk.google.com:5228
02-03 16:34:42.055  4712  4732 D GmsGcmMcsSvc: Activated SSL with mtalk.google.com:5228
02-03 16:34:42.261  1497  1545 I ActivityManager: Waited long enough for: ServiceRecord{3ac63c6 u0 com.xda.labs/.services.PushService}
02-03 16:34:42.358  1497  2032 I chatty  : uid=1000(system) InputReader expire 1 line
02-03 16:34:42.385  3410  3410 D RegisteredNfcFServicesCache: Service unchanged, not updating
02-03 16:34:42.416  2268  2268 D CarrierSvcBindHelper: No carrier app for: 0
02-03 16:34:42.419  1497  2052 D NetworkNotificationManager: clearNotification id=100
02-03 16:34:42.420  1497  2052 D ConnectivityService: NetworkAgentInfo [WIFI () - 100] validation passed
02-03 16:34:42.420  4414  4563 I chatty  : uid=1000(system) com.android.settings expire 4 lines
02-03 16:34:42.428  1497  5431 I chatty  : uid=1000 system_server expire 2 lines
02-03 16:34:42.439  5190  5417 D Event   : No subscribers registered for event class fyy
02-03 16:34:42.448  5190  5417 D Event   : No subscribers registered for event class ilm
02-03 16:34:42.512  1497  1544 W LocationProviderProxy-network: Odd, no component found for service com.android.location.service.v3.NetworkLocationProvider
02-03 16:34:42.513  1497  1544 W GeocoderProxy: Odd, no component found for service com.android.location.service.GeocodeProvider
02-03 16:34:42.537  4712  4732 D GmsGcmMcsSvc: Scheduling heartbeat in 300 seconds...
02-03 16:34:42.538  4712  5433 D GmsGcmMcsSvc: Sending login request...
02-03 16:34:42.554  4712  5433 D GmsGcmMcsOutput: Outgoing message: LoginRequest{id=android-25, domain=mcs.android.com, user=3586884931491410738, resource=3586884931491410738, auth_token=1939768202910795547, device_id=android-31c72cd74fbf3332, setting=[Setting{name=new_vc, value=1}], received_persistent_id=[], adaptive_heartbeat=false, use_rmq2=true, auth_service=ANDROID_ID, network_type=1}
02-03 16:34:42.554  4712  5433 D GmsGcmMcsOutput: Write MCS version code: 41
02-03 16:34:42.846  4712  4712 D GmsGcmTrigger: Ignoring Intent { act=org.microg.gms.gcm.mcs.RECONNECT flg=0x14 cmp=com.google.android.gms/org.microg.gms.gcm.TriggerReceiver (has extras) }: service is running. heartbeat instead.
02-03 16:34:42.850  4712  4732 D GmsGcmMcsSvc: Heartbeat initiated, reason: Intent { act=org.microg.gms.gcm.mcs.RECONNECT flg=0x14 cmp=com.google.android.gms/org.microg.gms.gcm.TriggerReceiver (has extras) }
02-03 16:34:42.851  4712  4732 D GmsGcmMcsSvc: Scheduling heartbeat in 300 seconds...
02-03 16:34:42.855  1497  1497 E BatteryStatsImpl: Unable to find object for *alarm* in uid 10069 mapsize=4 activeoverflow=null curoverflow=null
02-03 16:34:42.855  4712  5433 D GmsGcmMcsOutput: Outgoing message: HeartbeatPing{last_stream_id_received=0}
02-03 16:34:42.936  4712  5432 D GmsGcmMcsInput: Reading from MCS version: 41
02-03 16:34:42.938  4712  5414 D GmsHttpFormClient: -- Response --
02-03 16:34:42.938  4712  5414 D GmsHttpFormClient: token=APA91bH6BtCPRnjYrHLdCoJECwZbAgJosKAjbFc3x49vDr8aRXCrqlBhHk3mLOjOwFDquFQou90DygcjKvLeRpbspJY1zrow3LaZGxW0mzL2Ig7c-N7I_WT2XWyEnkE9We6Btb8oUXDn
02-03 16:34:42.943  4712  5414 D GmsGcmRegisterSvc: received response: RegisterResponse{token='APA91bH6BtCPRnjYrHLdCoJECwZbAgJosKAjbFc3x49vDr8aRXCrqlBhHk3mLOjOwFDquFQou90DygcjKvLeRpbspJY1zrow3LaZGxW0mzL2Ig7c-N7I_WT2XWyEnkE9We6Btb8oUXDn', retryAfter='null', deleted='null'}
02-03 16:34:42.957  4712  5414 D GmsGcmRegisterSvc: register[res]: Intent { act=com.google.android.c2dm.intent.REGISTRATION (has extras) } extras=Bundle[{registration_id=APA91bH6BtCPRnjYrHLdCoJECwZbAgJosKAjbFc3x49vDr8aRXCrqlBhHk3mLOjOwFDquFQou90DygcjKvLeRpbspJY1zrow3LaZGxW0mzL2Ig7c-N7I_WT2XWyEnkE9We6Btb8oUXDn}]
02-03 16:34:43.054  3810  3903 D WhatsApp: LL_D W [153:ConnectionThread] RECV <success t='1486146883' props='9' creation='1409524129'/>
02-03 16:34:43.057  3810  3903 D WhatsApp: LL_D W [153:ConnectionThread] SEND <iq id='1' xmlns='jabber:iq:privacy' type='get'><query><list name='default'/></query></iq>
02-03 16:34:43.058  3810  3903 D WhatsApp: LL_D W [153:ConnectionThread] SEND <iq id='2' xmlns='urn:xmpp:whatsapp:push' type='get' to='s.whatsapp.net'><config/></iq>
02-03 16:34:43.060  3810  5447 D WhatsApp: LL_D W [164:ReaderThread] RECV <ib from='s.whatsapp.net'><offline count='0'/></ib>
02-03 16:34:43.063  4712  5432 D GmsGcmMcsInput: Incoming message: LoginResponse{id=android-25, jid=3586884931491410738@mcs.android.com/3586884931491410738, setting=[], last_stream_id_received=1, server_timestamp=1486146883135}
02-03 16:34:43.064  4712  5432 D GmsGcmMcsSvc: Logged in
02-03 16:34:43.072  4712  5432 D GmsGcmMcsInput: Incoming message: IqStanza{type=SET, id=106F7B5B, from=mcs.android.com, to=3586884931491410738@mcs.android.com/3586884931491410738, extension=Extension{id=12, data=ByteString[size=0]}, account_id=-1}
02-03 16:34:43.075  4712  5432 W GmsGcmMcsSvc: Unknown message: IqStanza{type=SET, id=106F7B5B, from=mcs.android.com, to=3586884931491410738@mcs.android.com/3586884931491410738, extension=Extension{id=12, data=ByteString[size=0]}, account_id=-1}
02-03 16:34:43.195  4712  5432 D GmsGcmMcsInput: Incoming message: HeartbeatAck{last_stream_id_received=2}
02-03 16:34:43.228  5190  5435 D NetworkSecurityConfig: No Network Security Config specified, using platform default
02-03 16:34:43.512  3810  5447 D WhatsApp: LL_D W [164:ReaderThread] RECV <iq from='s.whatsapp.net' type='result' id='2'><config platform='gcm' id='APA91bG7d-LhWHg-OYLSk5LhJrilUlp8JZDwqTXJvUKdPxu-vMioAwPmNPMGzlLKp18h-c2ser0txQoiN7UzUCJtAlijmHuYGATulkTFQWwIF4xXceVpxcE'/></iq>
