02-03 16:34:43.522  3810  5447 D WhatsApp: LL_D W [164:ReaderThread] RECV <iq from='555381365504@s.whatsapp.net' type='result' id='1'><query><list name='default'><item type='jid' action='deny' order='1' value='553388897184@s.whatsapp.net'/><item type='jid' action='deny' order='1' value='555384045651@s.whatsapp.net'/><item type='jid' action='deny' order='1' value='5521964610952@s.whatsapp.net'/><item type='jid' action='deny' order='1' value='5521982150129@s.whatsapp.net'/></list></query></iq>
02-03 16:34:43.533  3810  3810 D Event   : No subscribers registered for event class com.whatsapp.g.d
02-03 16:34:43.533  3810  3810 D Event   : No subscribers registered for event class b.a.a.g
02-03 16:34:43.816  1497  2042 D WifiService: New client listening to asynchronous messages
02-03 16:34:43.818  1497  2042 D WiFiServiceImpl : SAVE nid=0 uid=1000 name=android.uid.system:1000
02-03 16:34:43.819  1497  2042 D WifiService: Connect with config* ID: -1 SSID: "Home_273" PROVIDER-NAME: null BSSID: null FQDN: null PRIO: 0 HIDDEN: false
02-03 16:34:43.819  1497  2042 D WifiService:  NetworkSelectionStatus NETWORK_SELECTION_ENABLED
02-03 16:34:43.819  1497  2042 D WifiService:  hasEverConnected: false
02-03 16:34:43.819  1497  2042 D WifiService:  KeyMgmt: WPA_PSK Protocols:
02-03 16:34:43.819  1497  2042 D WifiService:  AuthAlgorithms:
02-03 16:34:43.819  1497  2042 D WifiService:  PairwiseCiphers:
02-03 16:34:43.819  1497  2042 D WifiService:  GroupCiphers:
02-03 16:34:43.819  1497  2042 D WifiService:  PSK: *
02-03 16:34:43.819  1497  2042 D WifiService:  sim_num 
02-03 16:34:43.819  1497  2042 D WifiService: Enterprise config:
02-03 16:34:43.819  1497  2042 D WifiService: IP config:
02-03 16:34:43.819  1497  2042 D WifiService: IP assignment: DHCP
02-03 16:34:43.819  1497  2042 D WifiService: Proxy settings: NONE
02-03 16:34:43.819  1497  2042 D WifiService:  cuid=-1 luid=-1 lcuid=0 userApproved=USER_UNSPECIFIED noInternetAccessExpected=false roamingFailureBlackListTimeMilli: 1000
02-03 16:34:43.819  1497  2042 D WifiService: triggeredLow: 0 triggeredBad: 0 triggeredNotHigh: 0
02-03 16:34:43.819  1497  2042 D WifiService: ticksLow: 0 ticksBad: 0 ticksNotHigh: 0
02-03 16:34:43.819  1497  2042 D WifiService: triggeredJoin: 0
02-03 16:34:43.819  1497  2042 D WiFiServiceImpl : CONNECT  nid=-1 uid=1000 name=android.uid.system:1000
02-03 16:34:43.820  1497  2042 D WifiService: Connect with config* ID: -1 SSID: "Home_273" PROVIDER-NAME: null BSSID: null FQDN: null PRIO: 0 HIDDEN: false
02-03 16:34:43.820  1497  2042 D WifiService:  NetworkSelectionStatus NETWORK_SELECTION_ENABLED
02-03 16:34:43.820  1497  2042 D WifiService:  hasEverConnected: false
02-03 16:34:43.820  1497  2042 D WifiService:  KeyMgmt: WPA_PSK Protocols:
02-03 16:34:43.820  1497  2042 D WifiService:  AuthAlgorithms:
02-03 16:34:43.820  1497  2042 D WifiService:  PairwiseCiphers:
02-03 16:34:43.820  1497  2042 D WifiService:  GroupCiphers:
02-03 16:34:43.820  1497  2042 D WifiService:  PSK: *
02-03 16:34:43.820  1497  2042 D WifiService:  sim_num 
02-03 16:34:43.820  1497  2042 D WifiService: Enterprise config:
02-03 16:34:43.820  1497  2042 D WifiService: IP config:
02-03 16:34:43.820  1497  2042 D WifiService: IP assignment: DHCP
02-03 16:34:43.820  1497  2042 D WifiService: Proxy settings: NONE
02-03 16:34:43.820  1497  2042 D WifiService:  cuid=-1 luid=-1 lcuid=0 userApproved=USER_UNSPECIFIED noInternetAccessExpected=false roamingFailureBlackListTimeMilli: 1000
02-03 16:34:43.820  1497  2042 D WifiService: triggeredLow: 0 triggeredBad: 0 triggeredNotHigh: 0
02-03 16:34:43.820  1497  2042 D WifiService: ticksLow: 0 ticksBad: 0 ticksNotHigh: 0
02-03 16:34:43.820  1497  2042 D WifiService: triggeredJoin: 0
02-03 16:34:43.830  1497  2043 I chatty  : uid=1000(system) WifiStateMachin expire 29 lines
02-03 16:34:43.862  4414  4414 I chatty  : uid=1000(system) com.android.settings expire 6 lines
02-03 16:34:43.863  2085  2085 W InputMethodService: Window size has been changed. This may cause jankiness of resizing window: -1 -> -2
02-03 16:34:43.919  1497  5454 I chatty  : uid=1000 system_server expire 12 lines
02-03 16:34:43.940  1497  5455 I chatty  : uid=1000 system_server expire 4 lines
02-03 16:34:43.972  1497  5456 I chatty  : uid=1000 system_server expire 4 lines
02-03 16:34:43.981  1497  2044 I chatty  : uid=1000(system) IpManager.wlan0 expire 1 line
02-03 16:34:43.984   439  1540 D CommandListener: Setting iface cfg
02-03 16:34:43.984  1497  2052 D ConnectivityService: NetworkAgentInfo [WIFI () - 100] EVENT_NETWORK_INFO_CHANGED, going from CONNECTED to DISCONNECTED
02-03 16:34:43.984  1497  2052 D ConnectivityService: NetworkAgentInfo [WIFI () - 100] got DISCONNECTED, was satisfying 5
02-03 16:34:43.987   468   468 E Parcel  : Reading a NULL string not supported here.
02-03 16:34:43.987   468   468 E Parcel  : Reading a NULL string not supported here.
02-03 16:34:43.990   468   468 E Parcel  : Reading a NULL string not supported here.
02-03 16:34:43.990   468   468 E Parcel  : Reading a NULL string not supported here.
02-03 16:34:43.995   439  1540 D CommandListener: Clearing all IP addresses on wlan0
02-03 16:34:44.001   468   468 E Parcel  : Reading a NULL string not supported here.
02-03 16:34:44.001   468   468 E Parcel  : Reading a NULL string not supported here.
02-03 16:34:44.017   468   468 E Parcel  : Reading a NULL string not supported here.
02-03 16:34:44.039   468   468 E Parcel  : Reading a NULL string not supported here.
02-03 16:34:44.039   468   468 E Parcel  : Reading a NULL string not supported here.
02-03 16:34:44.041   468   468 E Parcel  : Reading a NULL string not supported here.
02-03 16:34:44.041   468   468 E Parcel  : Reading a NULL string not supported here.
02-03 16:34:44.049   468   468 E Parcel  : Reading a NULL string not supported here.
02-03 16:34:44.049   468   468 E Parcel  : Reading a NULL string not supported here.
02-03 16:34:44.056   468   468 E Parcel  : Reading a NULL string not supported here.
02-03 16:34:44.056   468   468 E Parcel  : Reading a NULL string not supported here.
02-03 16:34:44.056   439  1540 V IdletimerController: runCmd(/system/bin/ip6tables -w -t raw -D idletimer_raw_PREROUTING -i wlan0 -j IDLETIMER --timeout 15 --label 1 --send_nl_msg 1) res_ipv4=0, res_ipv6=0
02-03 16:34:44.071   468   468 E Parcel  : Reading a NULL string not supported here.
02-03 16:34:44.071   468   468 E Parcel  : Reading a NULL string not supported here.
02-03 16:34:44.075   468   468 E Parcel  : Reading a NULL string not supported here.
02-03 16:34:44.075   468   468 E Parcel  : Reading a NULL string not supported here.
02-03 16:34:44.076  1497  2043 D ConnectivityService: registerNetworkAgent NetworkAgentInfo{ ni{[type: WIFI[], state: CONNECTING/CONNECTING, reason: (unspecified), extra: "Home_273", failover: false, available: true, roaming: false, metered: false]}  network{101}  nethandle{433808132830}  lp{{LinkAddresses: []  Routes: [] DnsAddresses: [] Domains: null MTU: 0}}  nc{[ Transports: WIFI Capabilities: NOT_METERED&INTERNET&NOT_RESTRICTED&TRUSTED&NOT_VPN LinkUpBandwidth>=1048576Kbps LinkDnBandwidth>=1048576Kbps]}  Score{20}  everValidated{false}  lastValidated{false}  created{false} lingering{false} explicitlySelected{false} acceptUnvalidated{false} everCaptivePortalDetected{false} lastCaptivePortalDetected{false} }
02-03 16:34:44.081   468   468 E Parcel  : Reading a NULL string not supported here.
02-03 16:34:44.081   468   468 E Parcel  : Reading a NULL string not supported here.
02-03 16:34:44.108   416   593 I ThermalEngine: Sensor:tmp108:44000 mC
02-03 16:34:44.109   416   593 I ThermalEngine: Sensor:max170xx_battery:40000 mC
02-03 16:34:44.113   439  1540 V IdletimerController: runCmd(/system/bin/ip6tables -w -t mangle -D idletimer_mangle_POSTROUTING -o wlan0 -j IDLETIMER --timeout 15 --label 1 --send_nl_msg 1) res_ipv4=0, res_ipv6=0
02-03 16:34:44.113   416   593 I ThermalEngine: Sensor:chg_therm:41000 mC
02-03 16:34:44.114  1497  2052 D ConnectivityService: Sending DISCONNECTED broadcast for type 1 NetworkAgentInfo [WIFI () - 100] isDefaultNetwork=true
02-03 16:34:44.118   416   593 I ThermalEngine: Sensor:wchg_therm:39000 mC
02-03 16:34:44.122   416   593 I ThermalEngine: Sensor:chg_therm:41000 mC
02-03 16:34:44.123   416   593 I ThermalEngine: Sensor:VS-BATT:43560 mC
02-03 16:34:44.130  4712  4712 D GmsGcmTrigger: Ignoring Intent { act=android.net.conn.CONNECTIVITY_CHANGE flg=0x4000010 (has extras) }: network is offline, scheduling new attempt.
02-03 16:34:44.130  4712  4712 D GmsGcmMcsSvc: Scheduling reconnect in 5 seconds...
02-03 16:34:44.131  3358  3358 W QCNEJ   : |CORE| sendDefaultNwMsg: Default network msg not being sent to CND.Value out of range: -1
02-03 16:34:44.135  5392  5392 D ResurrectionStats: [onReceive] CONNECTIVITY_CHANGE
02-03 16:34:44.149  3810  3912 W GooglePlayServicesUtil: Google Play Store is neither installed nor updating.
02-03 16:34:44.153  5392  5392 D ResurrectionStats: [launchService] networkInfo: null
02-03 16:34:44.163  4285  4285 I Email   : Unregister all idle mailboxes
02-03 16:34:44.181  5190  5484 D Event   : No subscribers registered for event class fyy
02-03 16:34:44.181  5190  5484 D Event   : No subscribers registered for event class ilm
02-03 16:34:44.208   439  1540 E Netd    : netlink response contains error (No such file or directory)
02-03 16:34:44.209  1497  2052 D ConnectivityService: NetworkAgentInfo [WIFI () - 101] EVENT_NETWORK_INFO_CHANGED, going from null to CONNECTING
02-03 16:34:44.210  1497  5489 I chatty  : uid=1000 system_server expire 3 lines
02-03 16:34:44.215  1497  5470 I chatty  : uid=1000 system_server expire 7 lines
02-03 16:34:44.512   416   581 I ThermalEngine: Sensor:/sys/class/power_supply/battery/capacity:70 mC
02-03 16:34:44.514   416   584 I ThermalEngine: Sensor:max170xx_battery:40000 mC
02-03 16:34:44.528   416   579 I ThermalEngine: Sensor:apq_therm:43000 mC
02-03 16:34:44.532   416   575 I ThermalEngine: Sensor:chg_therm:41000 mC
02-03 16:34:45.920  4963  4963 I chatty  : uid=1010(wifi) /system/bin/wpa_supplicant expire 83 lines
02-03 16:34:45.942   468   468 E Parcel  : Reading a NULL string not supported here.
02-03 16:34:45.942   468   468 E Parcel  : Reading a NULL string not supported here.
02-03 16:34:45.943   439  1540 D CommandListener: Setting iface cfg
02-03 16:34:45.953  1497  2052 D ConnectivityService: NetworkAgentInfo [WIFI () - 101] EVENT_NETWORK_INFO_CHANGED, going from CONNECTING to CONNECTED
02-03 16:34:45.957  1497  2052 D ConnectivityService: Adding iface wlan0 to network 101
02-03 16:34:45.969   468   468 E Parcel  : Reading a NULL string not supported here.
02-03 16:34:45.969   468   468 E Parcel  : Reading a NULL string not supported here.
02-03 16:34:45.977   468   468 E Parcel  : Reading a NULL string not supported here.
02-03 16:34:45.977   468   468 E Parcel  : Reading a NULL string not supported here.
02-03 16:34:45.987   468   468 E Parcel  : Reading a NULL string not supported here.
02-03 16:34:45.987   468   468 E Parcel  : Reading a NULL string not supported here.
02-03 16:34:46.020  1497  2052 D ConnectivityService: Setting DNS servers for network 101 to [/192.168.0.201]
02-03 16:34:46.044  1497  2052 D ConnectivityService: Switching to new default network: NetworkAgentInfo{ ni{[type: WIFI[], state: CONNECTED/CONNECTED, reason: (unspecified), extra: "Home_273", failover: false, available: true, roaming: false, metered: false]}  network{101}  nethandle{433808132830}  lp{{InterfaceName: wlan0 LinkAddresses: [fe80::1e56:feff:fed6:766b/64,192.168.0.203/24,]  Routes: [192.168.0.0/24 -> 0.0.0.0 wlan0,0.0.0.0/0 -> 192.168.0.201 wlan0,] DnsAddresses: [192.168.0.201,] Domains: Home MTU: 0 TcpBufferSizes: 524288,6291456,8291456,524288,6291456,8291456}}  nc{[ Transports: WIFI Capabilities: NOT_METERED&INTERNET&NOT_RESTRICTED&TRUSTED&NOT_VPN&FOREGROUND LinkUpBandwidth>=1048576Kbps LinkDnBandwidth>=1048576Kbps SignalStrength: -49]}  Score{20}  everValidated{false}  lastValidated{false}  created{true} lingering{false} explicitlySelected{true} acceptUnvalidated{false} everCaptivePortalDetected{false} lastCaptivePortalDetected{false} }
02-03 16:34:46.081  1497  5503 I chatty  : uid=1000 system_server expire 1 line
02-03 16:34:46.088   439  1540 V IdletimerController: runCmd(/system/bin/ip6tables -w -t raw -A idletimer_raw_PREROUTING -i wlan0 -j IDLETIMER --timeout 15 --label 1 --send_nl_msg 1) res_ipv4=0, res_ipv6=0
02-03 16:34:46.130   439  1540 V IdletimerController: runCmd(/system/bin/ip6tables -w -t mangle -A idletimer_mangle_POSTROUTING -o wlan0 -j IDLETIMER --timeout 15 --label 1 --send_nl_msg 1) res_ipv4=0, res_ipv6=0
02-03 16:34:46.140  1497  2052 D ConnectivityService: Sending CONNECTED broadcast for type 1 NetworkAgentInfo [WIFI () - 101] isDefaultNetwork=true
02-03 16:34:46.162  3810  3912 W GooglePlayServicesUtil: Google Play Store is neither installed nor updating.
02-03 16:34:46.166  4712  4712 D GmsGcmTrigger: Ignoring Intent { act=android.net.conn.CONNECTIVITY_CHANGE flg=0x4000010 (has extras) }: service is running. schedule reconnect instead.
02-03 16:34:46.166  4712  4712 D GmsGcmMcsSvc: Scheduling reconnect in 5 seconds...
02-03 16:34:46.168  5392  5392 D ResurrectionStats: [onReceive] CONNECTIVITY_CHANGE
02-03 16:34:46.169  5392  5392 D ResurrectionStats: [launchService] networkInfo: [type: WIFI[], state: CONNECTED/CONNECTED, reason: (unspecified), extra: "Home_273", failover: false, available: true, roaming: false, metered: false]
02-03 16:34:46.169  3810  3911 W System  : ClassLoader referenced unknown path: /system/framework/tcmclient.jar
02-03 16:34:46.169  5392  5392 D ResurrectionStats: Waiting for next sync : 1 hours
02-03 16:34:46.206  5190  5519 D Event   : No subscribers registered for event class fyy
02-03 16:34:46.206  5190  5519 D Event   : No subscribers registered for event class ilm
02-03 16:34:46.598  1497  2052 D ConnectivityService: NetworkAgentInfo [WIFI () - 101] validation failed
02-03 16:34:46.607  1497  5523 I chatty  : uid=1000 system_server expire 4 lines
02-03 16:34:47.013  1497  1545 I ActivityManager: Waited long enough for: ServiceRecord{b77b3ba u0 projekt.substratum/.services.ThemeService}
02-03 16:34:47.200   416   552 I ThermalEngine: Sensor:tsens_tz_sensor4:50000 mC
02-03 16:34:47.393   416   552 I ThermalEngine: Sensor:tsens_tz_sensor4:50000 mC
02-03 16:34:47.457   416   552 I ThermalEngine: Sensor:tsens_tz_sensor4:50000 mC
02-03 16:34:47.520   416   552 I ThermalEngine: Sensor:tsens_tz_sensor4:50000 mC
02-03 16:34:47.584   416   552 I ThermalEngine: Sensor:tsens_tz_sensor4:50000 mC
02-03 16:34:47.649   416   552 I ThermalEngine: Sensor:tsens_tz_sensor4:50000 mC
02-03 16:34:47.713   416   552 I ThermalEngine: Sensor:tsens_tz_sensor4:50000 mC
02-03 16:34:47.777   416   552 I ThermalEngine: Sensor:tsens_tz_sensor4:50000 mC
02-03 16:34:47.839  3962  3984 W System.err: android.content.pm.PackageManager$NameNotFoundException: z.jasi2169.nova
02-03 16:34:47.840  3962  3984 W System.err: 	at android.app.ApplicationPackageManager.getPackageInfoAsUser(ApplicationPackageManager.java:147)
02-03 16:34:47.840  3962  3984 W System.err: 	at android.app.ApplicationPackageManager.getPackageInfo(ApplicationPackageManager.java:132)
02-03 16:34:47.841  3962  3984 W System.err: 	at com.android.launcher3.LauncherModel$fb.eN(SourceFile)
02-03 16:34:47.841  3962  3984 W System.err: 	at com.android.launcher3.LauncherModel.De(SourceFile)
02-03 16:34:47.841   416   552 I ThermalEngine: Sensor:tsens_tz_sensor4:50000 mC
02-03 16:34:47.841  3962  3984 W System.err: 	at com.android.launcher3.LauncherModel$19.run(SourceFile)
02-03 16:34:47.841  3962  3984 W System.err: 	at android.os.Handler.handleCallback(Handler.java:751)
02-03 16:34:47.842  3962  3984 W System.err: 	at android.os.Handler.dispatchMessage(Handler.java:95)
02-03 16:34:47.842  3962  3984 W System.err: 	at android.os.Looper.loop(Looper.java:154)
02-03 16:34:47.842  3962  3984 W System.err: 	at android.os.HandlerThread.run(HandlerThread.java:61)
02-03 16:34:48.292   416   552 I ThermalEngine: Sensor:tsens_tz_sensor4:50000 mC
02-03 16:34:48.355   416   552 I ThermalEngine: Sensor:tsens_tz_sensor4:50000 mC
02-03 16:34:48.420   416   552 I ThermalEngine: Sensor:tsens_tz_sensor4:50000 mC
02-03 16:34:48.484   416   552 I ThermalEngine: Sensor:tsens_tz_sensor4:49000 mC
02-03 16:34:49.127   416   593 I ThermalEngine: Sensor:tmp108:43000 mC
02-03 16:34:49.128   416   593 I ThermalEngine: Sensor:max170xx_battery:40000 mC
02-03 16:34:49.133   416   593 I ThermalEngine: Sensor:chg_therm:41000 mC
02-03 16:34:49.139   416   593 I ThermalEngine: Sensor:wchg_therm:39000 mC
02-03 16:34:49.144   416   593 I ThermalEngine: Sensor:chg_therm:41000 mC
02-03 16:34:49.145   416   593 I ThermalEngine: Sensor:VS-BATT:42570 mC
02-03 16:34:49.514   416   581 I ThermalEngine: Sensor:/sys/class/power_supply/battery/capacity:70 mC
02-03 16:34:49.538   416   575 I ThermalEngine: Sensor:chg_therm:41000 mC
02-03 16:34:49.885  1497  2052 D ConnectivityService: NetworkAgentInfo [WIFI () - 101] validation failed
02-03 16:34:49.890  1497  5531 I chatty  : uid=1000 system_server expire 4 lines
02-03 16:34:51.072  1497  1545 I chatty  : uid=1000(system) ActivityManager expire 1 line
02-03 16:34:51.120  1497  1510 I chatty  : uid=1000(system) HeapTaskDaemon expire 2 lines
02-03 16:34:51.170  4712  4712 D GmsGcmTrigger: Ignoring Intent { act=org.microg.gms.gcm.mcs.RECONNECT flg=0x14 cmp=com.google.android.gms/org.microg.gms.gcm.TriggerReceiver (has extras) }: service is running. heartbeat instead.
02-03 16:34:51.173  4712  4732 D GmsGcmMcsSvc: Heartbeat initiated, reason: Intent { act=org.microg.gms.gcm.mcs.RECONNECT flg=0x14 cmp=com.google.android.gms/org.microg.gms.gcm.TriggerReceiver (has extras) }
02-03 16:34:51.174  4712  4732 D GmsGcmMcsSvc: Scheduling heartbeat in 300 seconds...
02-03 16:34:51.175  4712  5433 D GmsGcmMcsOutput: Outgoing message: HeartbeatPing{last_stream_id_received=3}
02-03 16:34:51.708  3962  4049 W OpenGLRenderer: Incorrectly called buildLayer on View: method, destroying layer...
02-03 16:34:51.745  1497  3491 I ActivityManager: Setting hasTopUi=true for pid=2091
02-03 16:34:51.747  2091  2091 D PhoneStatusBar: disable: < expand ICONS* alerts SYSTEM_INFO* back home recent clock search quick_settings >
02-03 16:34:52.351  1497  3488 I ActivityManager: START u0 {act=android.settings.SETTINGS flg=0x14000000 cmp=com.android.settings/.Settings} from uid 10033 on display 0
02-03 16:34:52.391  1497  2131 E ActivityManager: applyOptionsLocked: Unknown animationType=0
02-03 16:34:52.446  4414  4566 I chatty  : uid=1000(system) com.android.settings expire 10 lines
02-03 16:34:52.454  3962  3980 W ContextImpl: Failed to ensure /data/user/0/com.google.android.gms/shared_prefs: mkdir failed: EACCES (Permission denied)
02-03 16:34:52.521  1497  1553 D BluetoothManagerService: Message: 20
02-03 16:34:52.521  1497  1553 D BluetoothManagerService: Added callback: android.bluetooth.IBluetoothManagerCallback$Stub$Proxy@7ffc6cd:true
02-03 16:34:52.533  1497  1553 D BluetoothManagerService: Message: 30
02-03 16:34:52.558  1497  1553 D BluetoothManagerService: Message: 30
02-03 16:34:52.567  4414  5543 I chatty  : uid=1000(system) SummaryLoader expire 20 lines
02-03 16:34:52.571  1497  1553 D BluetoothManagerService: Message: 30
02-03 16:34:52.576  1497  1554 I chatty  : uid=1000(system) android.display expire 3 lines
02-03 16:34:52.576  1497  1553 D BluetoothManagerService: Message: 30
02-03 16:34:52.585  1497  1553 D BluetoothManagerService: Message: 30
02-03 16:34:52.605  1497  3414 I ActivityManager: Start proc 5545:org.cyanogenmod.cmparts/1000 for content provider org.cyanogenmod.cmparts/.search.CMPartsSearchIndexablesProvider
02-03 16:34:52.649  5545  5545 I art     : Starting a blocking GC AddRemoveAppImageSpace
02-03 16:34:52.651  5545  5545 W System  : ClassLoader referenced unknown path: /system/priv-app/CMParts/lib/arm
02-03 16:34:52.674  1497  2328 I ProcessStatsService: Added stats: 2017-02-03-13-33-00, over +2h56m9s759ms
02-03 16:34:52.687  1497  1543 I ActivityManager: Setting hasTopUi=false for pid=2091
02-03 16:34:52.689  2091  2091 D PhoneStatusBar: disable: < expand icons* alerts system_info* back home recent clock search quick_settings >
02-03 16:34:53.003  1497  2328 E BatteryStatsService: no controller energy info supplied
02-03 16:34:53.003  1497  2328 E BatteryStatsService: no controller energy info supplied
02-03 16:34:53.012  1497  2328 E BatteryStatsService: modem info is invalid: ModemActivityInfo{ mTimestamp=0 mSleepTimeMs=0 mIdleTimeMs=0 mTxTimeMs[]=[0, 0, 0, 0, 0] mRxTimeMs=0 mEnergyUsed=0}
02-03 16:34:53.162  1497  2052 D ConnectivityService: NetworkAgentInfo [WIFI () - 101] validation failed
02-03 16:34:53.164  1497  5566 I chatty  : uid=1000 system_server expire 4 lines
02-03 16:34:54.044  1497  2052 D NetworkNotificationManager: showNotification NO_INTERNET transportType=Wi-Fi extraInfo="Home_273" highPriority=true
02-03 16:34:54.064  2091  5568 E MediaPlayer-JNI: JNIMediaPlayerFactory: bIsQCMediaPlayerPresent 0
02-03 16:34:54.064  2091  5568 E MediaPlayer-JNI: JNIMediaPlayerFactory: bIsQCMediaPlayerPresent 0
02-03 16:34:54.111   437  5570 D NuPlayerDriver: notifyListener_l(0xb287c180), (1, 0, 0), loop setting(0, 0)
02-03 16:34:54.111  2091  5568 D MediaPlayer: setSubtitleAnchor in MediaPlayer
02-03 16:34:54.116  1497  3495 I chatty  : uid=1000(system) Binder:1497_F expire 1 line
02-03 16:34:54.118   437  2180 D NuPlayerDriver: start(0xb287c180), state is 4, eos is 0
02-03 16:34:54.118   437  5570 I GenericSource: start
02-03 16:34:54.134   437  5570 W Utils   : track of type 'audio/vorbis' does not publish channel mask, channel count 2
02-03 16:34:54.141   437  5570 W Utils   : track of type 'audio/vorbis' does not publish channel mask, channel count 2
02-03 16:34:54.143   437  5575 I MediaPlayerService: MediaPlayerService::getOMX
02-03 16:34:54.144   437  5575 I OMXClient: MuxOMX ctor
02-03 16:34:54.144   426  2401 I OMXMaster: makeComponentInstance(OMX.google.vorbis.decoder) in mediacodec process
02-03 16:34:54.146   416   593 I ThermalEngine: Sensor:tmp108:43000 mC
02-03 16:34:54.146  1497  2131 I ActivityManager: Setting hasTopUi=true for pid=2091
02-03 16:34:54.147   426   694 E OMXNodeInstance: setConfig(1aa003a:google.vorbis.decoder, ConfigPriority(0x6f800002)) ERROR: Undefined(0x80001001)
02-03 16:34:54.147   416   593 I ThermalEngine: Sensor:max170xx_battery:40000 mC
02-03 16:34:54.147   437  5575 I ACodec  : codec does not support config priority (err -2147483648)
02-03 16:34:54.148  2091  2091 D PhoneStatusBar: disable: < expand ICONS* alerts SYSTEM_INFO* back home recent clock search quick_settings >
02-03 16:34:54.150   437  5575 I MediaCodec: MediaCodec will operate in async mode
02-03 16:34:54.152  1497  2127 I ActivityManager: Setting hasTopUi=false for pid=2091
02-03 16:34:54.152   416   593 I ThermalEngine: Sensor:chg_therm:41000 mC
02-03 16:34:54.158   416   593 I ThermalEngine: Sensor:wchg_therm:39000 mC
02-03 16:34:54.163   416   593 I ThermalEngine: Sensor:chg_therm:41000 mC
02-03 16:34:54.163   416   593 I ThermalEngine: Sensor:VS-BATT:42570 mC
02-03 16:34:54.174   437  5573 D AudioTrack: Client defaulted notificationFrames to 7350 for frameCount 22050
02-03 16:34:54.179   422   863 D audio_hw_primary: out_set_parameters: enter: usecase(1: low-latency-playback) kvpairs: routing=2
02-03 16:34:54.179   422   863 D audio_hw_extn: audio_extn_set_anc_parameters: anc_enabled:0
02-03 16:34:54.180   422   863 D audio_hw_primary: start_output_stream: enter: stream(0xb6271500)usecase(1: low-latency-playback) devices(0x2)
02-03 16:34:54.180   422   863 D audio_hw_primary: start_output_stream: enter: usecase(1: low-latency-playback) devices(0x2)
02-03 16:34:54.181   422   863 D audio_hw_primary: select_devices: out_snd_device(2: speaker) in_snd_device(0: )
02-03 16:34:54.181   422   863 W msm8974_platform: Codec backend bitwidth 16, samplerate 48000
02-03 16:34:54.181   422   863 D hardware_info: hw_info_append_hw_type : device_name = speaker
02-03 16:34:54.181   422   863 I msm8974_platform: platform_send_audio_calibration: sending audio calibration for snd_device(2) acdb_id(14)
02-03 16:34:54.181   422   863 D ACDB-LOADER: ACDB -> send_audio_cal, acdb_id = 14, path =  0
02-03 16:34:54.181   422   863 D ACDB-LOADER: ACDB -> send_adm_topology
02-03 16:34:54.181   422   863 D ACDB-LOADER: ACDB -> ACDB_CMD_GET_AUDPROC_COMMON_TOPOLOGY_ID
02-03 16:34:54.181   422   863 D ACDB-LOADER: ACDB -> send_asm_topology
02-03 16:34:54.181   437  5570 D NuPlayerDriver: notifyListener_l(0xb287c180), (6, 0, 0), loop setting(0, 0)
02-03 16:34:54.181   422   863 D ACDB-LOADER: ACDB -> ACDB_CMD_GET_AUDPROC_STREAM_TOPOLOGY_ID
02-03 16:34:54.182   422   863 D ACDB-LOADER: ACDB -> send_audtable
02-03 16:34:54.182   422   863 D ACDB-LOADER: ACDB -> ACDB_CMD_GET_AUDPROC_COMMON_TABLE
02-03 16:34:54.182   422   863 D ACDB-LOADER: ACDB -> AUDIO_SET_AUDPROC_CAL
02-03 16:34:54.182   422   863 D ACDB-LOADER: ACDB -> send_audvoltable
02-03 16:34:54.182   422   863 D ACDB-LOADER: ACDB -> ACDB_CMD_GET_AUDPROC_GAIN_DEP_STEP_TABLE
02-03 16:34:54.182   422   863 D         : Failed to fetch the lookup information of the device 0000000E 
02-03 16:34:54.182   422   863 E ACDB-LOADER: Error: ACDB AudProc vol returned = -19
02-03 16:34:54.182   422   863 D ACDB-LOADER: ACDB -> AUDIO_SET_AUDPROC_VOL_CAL
02-03 16:34:54.182   422   863 D ACDB-LOADER: ACDB -> send_afe_cal
02-03 16:34:54.182   422   863 D ACDB-LOADER: ACDB -> ACDB_CMD_GET_AFE_COMMON_TABLE
02-03 16:34:54.182   422   863 D         : Failed to fetch the lookup information of the device 0000000E 
02-03 16:34:54.183   422   863 E ACDB-LOADER: Error: ACDB AFE returned = -19
02-03 16:34:54.183   422   863 D ACDB-LOADER: ACDB -> AUDIO_SET_AFE_CAL
02-03 16:34:54.186   422   863 D audio_hw_primary: select_devices: done
02-03 16:34:54.227  1497  2327 I ActivityManager: Setting hasTopUi=true for pid=2091
02-03 16:34:54.515   416   584 I ThermalEngine: Sensor:max170xx_battery:40000 mC
02-03 16:34:54.516   416   581 I ThermalEngine: Sensor:/sys/class/power_supply/battery/capacity:70 mC
02-03 16:34:54.533   416   579 I ThermalEngine: Sensor:apq_therm:42000 mC
02-03 16:34:54.543   416   575 I ThermalEngine: Sensor:chg_therm:41000 mC
02-03 16:34:54.690  1497  3412 I ActivityManager: START u0 {flg=0x8000 cmp=com.android.settings/.Settings$DisplaySettingsActivity (has extras)} from uid 1000 on display 0
02-03 16:34:54.791  4414  4414 I chatty  : uid=1000(system) com.android.settings expire 2 lines
02-03 16:34:54.795  1497  3467 E UserRestrictionsUtils: Unknown restriction: null
02-03 16:34:54.796  1497  3412 E UserRestrictionsUtils: Unknown restriction: null
02-03 16:34:54.799  4414  4414 D ConstraintsHelper: construct key=wake_when_plugged_or_unplugged available=true
02-03 16:34:54.805  4414  4414 D ConstraintsHelper: construct key=proximity_on_wake available=false
02-03 16:34:54.831  4414  4414 D ConstraintsHelper: construct key=high_touch_sensitivity_enable available=false
02-03 16:34:54.875  4414  4414 D RemotePreference: ResolveInfo ResolveInfo{95a6437 org.cyanogenmod.cmparts/.PartsActivity m=0x0}
02-03 16:34:54.878  4414  4414 D RemotePreference: ResolveInfo ResolveInfo{f8f9da4 org.cyanogenmod.cmparts/.PartsActivity m=0x0}
02-03 16:34:54.887  4414  4414 W RemotePreference: No activity found for: Intent { act=org.cyanogenmod.settings.device.DOZE_SETTINGS }
02-03 16:34:54.916  4414  4563 D Index   : Indexing locale 'en_US' took 12 millis
02-03 16:34:54.945  4414  4563 D Index   : Indexing locale 'en_US' took 8 millis
02-03 16:34:55.010   437  5574 I NuPlayerDecoder: [audio] saw output EOS
02-03 16:34:55.023  4414  4563 W TileUtils: Found org.cyanogenmod.cmparts.input.ButtonSettings for intent Intent { act=com.android.settings.action.EXTRA_SETTINGS } missing metadata com.android.settings.category
02-03 16:34:55.023  4414  4563 W TileUtils: Found org.cyanogenmod.cmparts.statusbar.StatusBarSettings for intent Intent { act=com.android.settings.action.EXTRA_SETTINGS } missing metadata com.android.settings.category
02-03 16:34:55.023  4414  4563 W TileUtils: Found com.android.systemui.tuner.TunerActivity for intent Intent { act=com.android.settings.action.EXTRA_SETTINGS } missing metadata 
02-03 16:34:55.024  4414  4563 W TileUtils: Couldn't find category com.android.settings.rr
02-03 16:34:55.489   437  5570 D NuPlayerDriver: notifyListener_l(0xb287c180), (2, 0, 0), loop setting(0, 0)
02-03 16:34:55.492  1497  2328 I chatty  : uid=1000(system) Binder:1497_6 expire 1 line
02-03 16:34:55.796   437  2363 D NuPlayerDriver: stop(0xb287c180)
02-03 16:34:55.796   437  2363 D NuPlayerDriver: notifyListener_l(0xb287c180), (8, 0, 0), loop setting(0, 0)
02-03 16:34:55.799  2091  2125 W MessageQueue: Handler (android.media.MediaPlayer$EventHandler) {bdc64e1} sending message to a Handler on a dead thread
02-03 16:34:55.799  2091  2125 W MessageQueue: java.lang.IllegalStateException: Handler (android.media.MediaPlayer$EventHandler) {bdc64e1} sending message to a Handler on a dead thread
02-03 16:34:55.799  2091  2125 W MessageQueue: 	at android.os.MessageQueue.enqueueMessage(MessageQueue.java:543)
02-03 16:34:55.799  2091  2125 W MessageQueue: 	at android.os.Handler.enqueueMessage(Handler.java:643)
02-03 16:34:55.799  2091  2125 W MessageQueue: 	at android.os.Handler.sendMessageAtTime(Handler.java:612)
02-03 16:34:55.799  2091  2125 W MessageQueue: 	at android.os.Handler.sendMessageDelayed(Handler.java:582)
02-03 16:34:55.799  2091  2125 W MessageQueue: 	at android.os.Handler.sendMessage(Handler.java:519)
02-03 16:34:55.799  2091  2125 W MessageQueue: 	at android.media.MediaPlayer.postEventFromNative(MediaPlayer.java:3060)
02-03 16:34:55.800   437  2201 D NuPlayerDriver: reset(0xb287c180) at state 8
02-03 16:34:55.819   437  5570 W AMessage: failed to post message as target looper for handler 0 is gone.
02-03 16:34:55.823   437  5570 D NuPlayerDriver: notifyResetComplete(0xb287c180)
02-03 16:34:56.049  1497  3490 I ActivityManager: Setting hasTopUi=false for pid=2091
02-03 16:34:56.056  2091  2091 D PhoneStatusBar: disable: < expand icons* alerts system_info* back home recent clock search quick_settings >
02-03 16:34:56.139  4963  4963 I chatty  : uid=1010(wifi) /system/bin/wpa_supplicant expire 631 lines
02-03 16:34:56.756  1497  1545 I ActivityManager: Waited long enough for: ServiceRecord{fb341eb u0 projekt.substratum/com.google.firebase.iid.FirebaseInstanceIdService}
02-03 16:34:56.824  5190  5246 W System  : ClassLoader referenced unknown path: /system/framework/tcmclient.jar
02-03 16:34:57.006  1497  3412 I ActivityManager: START u0 {act=android.intent.action.MAIN cmp=com.android.settings/.SubSettings (has extras)} from uid 1000 on display 0
02-03 16:34:57.150  4414  4414 D SubSettings: Launching fragment com.android.settings.wfd.WifiDisplaySettings
02-03 16:34:57.162  4414  4414 V MediaRouter: Adding route: RouteInfo{ name=Phone, description=null, status=null, category=RouteCategory{ name=null types=ROUTE_TYPE_LIVE_AUDIO ROUTE_TYPE_LIVE_VIDEO  groupable=false }, supportedTypes=ROUTE_TYPE_LIVE_AUDIO ROUTE_TYPE_LIVE_VIDEO , presentationDisplay=null }
02-03 16:34:57.170  4414  4414 V MediaRouter: Updating audio routes: AudioRoutesInfo{ type=SPEAKER }
02-03 16:34:57.173  4414  4414 V MediaRouter: Selecting route: RouteInfo{ name=Phone, description=null, status=null, category=RouteCategory{ name=null types=ROUTE_TYPE_LIVE_AUDIO ROUTE_TYPE_LIVE_VIDEO  groupable=false }, supportedTypes=ROUTE_TYPE_LIVE_AUDIO ROUTE_TYPE_LIVE_VIDEO , presentationDisplay=null }
02-03 16:34:57.217  1497  2052 D ConnectivityService: NetworkAgentInfo [WIFI () - 101] validation failed
02-03 16:34:57.219  1497  5594 I chatty  : uid=1000 system_server expire 4 lines
02-03 16:34:57.233  4414  4566 D Index   : Indexing locale 'en_US' took 13 millis
02-03 16:34:57.258  4414  4566 D Index   : Indexing locale 'en_US' took 7 millis
02-03 16:34:57.305  4414  4566 W TileUtils: Found org.cyanogenmod.cmparts.input.ButtonSettings for intent Intent { act=com.android.settings.action.EXTRA_SETTINGS } missing metadata com.android.settings.category
02-03 16:34:57.305  4414  4566 W TileUtils: Found org.cyanogenmod.cmparts.statusbar.StatusBarSettings for intent Intent { act=com.android.settings.action.EXTRA_SETTINGS } missing metadata com.android.settings.category
02-03 16:34:57.305  4414  4566 W TileUtils: Found com.android.systemui.tuner.TunerActivity for intent Intent { act=com.android.settings.action.EXTRA_SETTINGS } missing metadata 
02-03 16:34:57.307  4414  4566 W TileUtils: Couldn't find category com.android.settings.rr
02-03 16:34:57.322  4414  4569 D OpenGLRenderer: endAllActiveAnimators on 0x981cc100 (RippleDrawable) with handle 0x97b0b020
02-03 16:34:57.768  1497  1545 I ActivityManager: Waited long enough for: ServiceRecord{fb98950 u0 me.bluemail.mail/com.trtf.blue.service.PollService}
02-03 16:34:58.433   422   863 D audio_hw_primary: out_standby: enter: stream (0xb6271500) usecase(1: low-latency-playback)
02-03 16:34:58.539   422   863 D hardware_info: hw_info_append_hw_type : device_name = speaker
02-03 16:34:59.164   416   593 I ThermalEngine: Sensor:tmp108:43000 mC
02-03 16:34:59.165   416   593 I ThermalEngine: Sensor:max170xx_battery:41000 mC
02-03 16:34:59.170   416   593 I ThermalEngine: Sensor:chg_therm:41000 mC
02-03 16:34:59.175   416   593 I ThermalEngine: Sensor:wchg_therm:39000 mC
02-03 16:34:59.181   416   593 I ThermalEngine: Sensor:chg_therm:41000 mC
02-03 16:34:59.182   416   593 I ThermalEngine: Sensor:VS-BATT:42570 mC
02-03 16:34:59.517   416   581 I ThermalEngine: Sensor:/sys/class/power_supply/battery/capacity:70 mC
02-03 16:34:59.549   416   575 I ThermalEngine: Sensor:chg_therm:41000 mC
02-03 16:35:00.051  1497  1554 I WifiDisplayController: Starting Wifi display scan.
02-03 16:35:00.060  1497  3412 W InputMethodManagerService: Window already focused, ignoring focus gain of: com.android.internal.view.IInputMethodClient$Stub$Proxy@2a42752 attribute=null, token = android.os.BinderProxy@916511c
02-03 16:35:00.236  4414  4569 D OpenGLRenderer: endAllActiveAnimators on 0x97569380 (MenuPopupWindow$MenuDropDownListView) with handle 0x97b0b580
02-03 16:35:02.185   468   468 E Parcel  : Reading a NULL string not supported here.
02-03 16:35:02.186   468   468 E Parcel  : Reading a NULL string not supported here.
02-03 16:35:04.187   416   593 I ThermalEngine: Sensor:tmp108:42000 mC
02-03 16:35:04.189   416   593 I ThermalEngine: Sensor:max170xx_battery:40000 mC
02-03 16:35:04.194   416   593 I ThermalEngine: Sensor:chg_therm:41000 mC
02-03 16:35:04.200   416   593 I ThermalEngine: Sensor:wchg_therm:39000 mC
02-03 16:35:04.205   416   593 I ThermalEngine: Sensor:chg_therm:41000 mC
02-03 16:35:04.206   416   593 I ThermalEngine: Sensor:VS-BATT:41580 mC
02-03 16:35:04.382  1497  2021 W ActivityManager: Unable to start service Intent { act=com.whatsapp.messaging.k.RECONNECT_ACTION flg=0x4 (has extras) } U=0: not found
02-03 16:35:04.517   416   584 I ThermalEngine: Sensor:max170xx_battery:40000 mC
02-03 16:35:04.519   416   581 I ThermalEngine: Sensor:/sys/class/power_supply/battery/capacity:70 mC
02-03 16:35:04.538   416   579 I ThermalEngine: Sensor:apq_therm:41000 mC
02-03 16:35:04.555   416   575 I ThermalEngine: Sensor:chg_therm:41000 mC
02-03 16:35:05.200   468   468 E Parcel  : Reading a NULL string not supported here.
02-03 16:35:05.200   468   468 E Parcel  : Reading a NULL string not supported here.
02-03 16:35:05.280  1497  2052 D ConnectivityService: NetworkAgentInfo [WIFI () - 101] validation failed
02-03 16:35:05.284  1497  5606 I chatty  : uid=1000 system_server expire 4 lines
02-03 16:35:06.064  4479  4479 D WeatherUpdateService: Service started, but shouldn't update ... stopping
02-03 16:35:06.231  1497  5608 I chatty  : uid=1000 system_server expire 16 lines
02-03 16:35:06.300  5610  5610 I dex2oat : /system/bin/dex2oat --compiler-filter=verify-profile -j4
02-03 16:35:06.428  5610  5610 I dex2oat : Explicit concurrent mark sweep GC freed 1361(390KB) AllocSpace objects, 0(0B) LOS objects, 99% free, 920B/1024KB, paused 94us total 4.579ms
02-03 16:35:06.531  5610  5610 I dex2oat : dex2oat took 232.038ms (threads: 4) arena alloc=0B (0B) java alloc=8KB (8816B) native alloc=1049KB (1074608B) free=2022KB (2071120B)
02-03 16:35:06.661  4963  4963 I chatty  : uid=1010(wifi) /system/bin/wpa_supplicant expire 1030 lines
02-03 16:35:06.664  5617  5617 I dex2oat : /system/bin/dex2oat --compiler-filter=verify-profile -j4
02-03 16:35:06.874  5617  5617 I dex2oat : Explicit concurrent mark sweep GC freed 5245(1199KB) AllocSpace objects, 0(0B) LOS objects, 99% free, 904B/1024KB, paused 80us total 4.942ms
02-03 16:35:06.986  5617  5617 I dex2oat : dex2oat took 322.922ms (threads: 4) arena alloc=1136B (1136B) java alloc=8KB (8800B) native alloc=1055KB (1080336B) free=2MB (2589680B)
02-03 16:35:07.157  5624  5624 I dex2oat : /system/bin/dex2oat --compiler-filter=verify-profile -j4
02-03 16:35:07.554  5624  5624 I dex2oat : Explicit concurrent mark sweep GC freed 9996(1491KB) AllocSpace objects, 0(0B) LOS objects, 99% free, 904B/1024KB, paused 96us total 6.888ms
02-03 16:35:07.729  5624  5624 I dex2oat : dex2oat took 572.201ms (threads: 4) arena alloc=728B (728B) java alloc=8KB (8800B) native alloc=1491KB (1527072B) free=3MB (3191520B)
02-03 16:35:07.899  5631  5631 I dex2oat : /system/bin/dex2oat --compiler-filter=verify-profile -j4
02-03 16:35:07.963  5631  5631 I dex2oat : Explicit concurrent mark sweep GC freed 202(76KB) AllocSpace objects, 0(0B) LOS objects, 99% free, 888B/1024KB, paused 80us total 2.468ms
02-03 16:35:08.102  5631  5631 I dex2oat : dex2oat took 204.244ms (threads: 4) arena alloc=0B (0B) java alloc=8KB (8784B) native alloc=1306KB (1337704B) free=1765KB (1808024B)
02-03 16:35:08.205   468   468 E Parcel  : Reading a NULL string not supported here.
02-03 16:35:08.205   468   468 E Parcel  : Reading a NULL string not supported here.
02-03 16:35:08.215  5638  5638 I dex2oat : /system/bin/dex2oat --compiler-filter=verify-profile -j4
02-03 16:35:08.542  5638  5638 I dex2oat : Explicit concurrent mark sweep GC freed 8481(923KB) AllocSpace objects, 0(0B) LOS objects, 99% free, 920B/1024KB, paused 99us total 5.760ms
02-03 16:35:08.665  5638  5638 I dex2oat : dex2oat took 450.251ms (threads: 4) arena alloc=912B (912B) java alloc=8KB (8816B) native alloc=1242KB (1272136B) free=2MB (2922168B)
02-03 16:35:08.735  5652  5652 I dex2oat : /system/bin/dex2oat --compiler-filter=verify-profile -j4
02-03 16:35:08.934  5652  5652 I dex2oat : Explicit concurrent mark sweep GC freed 4222(1195KB) AllocSpace objects, 0(0B) LOS objects, 99% free, 904B/1024KB, paused 95us total 6.121ms
02-03 16:35:09.048  5652  5652 I dex2oat : dex2oat took 313.991ms (threads: 4) arena alloc=384B (384B) java alloc=8KB (8800B) native alloc=969KB (992608B) free=3MB (3201696B)
02-03 16:35:09.207   416   593 I ThermalEngine: Sensor:tmp108:42000 mC
02-03 16:35:09.208   416   593 I ThermalEngine: Sensor:max170xx_battery:40000 mC
02-03 16:35:09.213   416   593 I ThermalEngine: Sensor:chg_therm:41000 mC
02-03 16:35:09.219   416   593 I ThermalEngine: Sensor:wchg_therm:39000 mC
02-03 16:35:09.224   416   593 I ThermalEngine: Sensor:chg_therm:41000 mC
02-03 16:35:09.224   416   593 I ThermalEngine: Sensor:VS-BATT:41580 mC
02-03 16:35:09.266  5665  5665 I dex2oat : /system/bin/dex2oat --compiler-filter=verify-profile -j4
02-03 16:35:09.340  5665  5665 I dex2oat : Explicit concurrent mark sweep GC freed 256(153KB) AllocSpace objects, 0(0B) LOS objects, 99% free, 904B/1024KB, paused 81us total 2.521ms
02-03 16:35:09.431  5665  5665 I dex2oat : dex2oat took 165.540ms (threads: 4) arena alloc=0B (0B) java alloc=8KB (8800B) native alloc=1301KB (1332768B) free=1770KB (1812960B)
02-03 16:35:09.509  5672  5672 I dex2oat : /system/bin/dex2oat --compiler-filter=verify-profile -j4
02-03 16:35:09.520   416   581 I ThermalEngine: Sensor:/sys/class/power_supply/battery/capacity:70 mC
02-03 16:35:09.560   416   575 I ThermalEngine: Sensor:chg_therm:41000 mC
02-03 16:35:09.615  5672  5672 I dex2oat : Explicit concurrent mark sweep GC freed 325(116KB) AllocSpace objects, 0(0B) LOS objects, 99% free, 968B/1024KB, paused 100us total 5.050ms
02-03 16:35:09.714  5672  5672 I dex2oat : dex2oat took 205.883ms (threads: 4) arena alloc=0B (0B) java alloc=8KB (8864B) native alloc=1337KB (1369976B) free=1734KB (1775752B)
02-03 16:35:09.858  5679  5679 I dex2oat : /system/bin/dex2oat --compiler-filter=verify-profile -j4
02-03 16:35:10.478  5679  5679 I dex2oat : Explicit concurrent mark sweep GC freed 12763(2MB) AllocSpace objects, 0(0B) LOS objects, 99% free, 904B/1024KB, paused 94us total 6.988ms
02-03 16:35:10.642  5679  5679 I dex2oat : dex2oat took 785.682ms (threads: 4) arena alloc=0B (0B) java alloc=8KB (8800B) native alloc=2MB (2380456B) free=4MB (4435288B)
02-03 16:35:10.766  5686  5686 I dex2oat : /system/bin/dex2oat --compiler-filter=verify-profile -j4
02-03 16:35:10.803  5693  5693 D su      : su invoked.
02-03 16:35:10.803  5693  5693 D su      : starting daemon client 2000 2000
02-03 16:35:10.805  5696  5696 D su      : remote pid: 5693
02-03 16:35:10.805  5696  5696 D su      : remote pts_slave: /dev/pts/1
02-03 16:35:10.806  5696  5696 D su      : waiting for child exit
02-03 16:35:10.806  5698  5698 D su      : daemon: stdin using PTY
02-03 16:35:10.806  5698  5698 D su      : daemon: stdout using PTY
02-03 16:35:10.806  5698  5698 D su      : daemon: stderr using PTY
02-03 16:35:10.807  5699  5699 D su      : su invoked.
02-03 16:35:10.807  5699  5699 E su      : SU from: shell
02-03 16:35:10.807  5699  5699 D su      : Allowing shell.
02-03 16:35:10.807  5699  5699 D su      : 2000 /system/bin/sh executing 0 /system/bin/sh using binary /system/bin/sh : sh
02-03 16:35:10.808  5699  5699 D su      : Waiting for pid 5700.
02-03 16:35:11.164  5686  5686 I dex2oat : Explicit concurrent mark sweep GC freed 10130(1753KB) AllocSpace objects, 0(0B) LOS objects, 99% free, 936B/1024KB, paused 91us total 5.736ms
02-03 16:35:11.310  5686  5686 I dex2oat : dex2oat took 544.800ms (threads: 4) arena alloc=664B (664B) java alloc=8KB (8832B) native alloc=1609KB (1648504B) free=2MB (3070088B)
02-03 16:35:11.400  5712  5712 I dex2oat : /system/bin/dex2oat --compiler-filter=verify-profile -j4
02-03 16:35:11.697  5712  5712 I dex2oat : Explicit concurrent mark sweep GC freed 8082(1471KB) AllocSpace objects, 0(0B) LOS objects, 99% free, 936B/1024KB, paused 92us total 6.315ms
02-03 16:35:11.793  5257  5409 W InstanceID/Rpc: No response android.os.ConditionVariable@448a16c
02-03 16:35:11.795  5257  5409 D FirebaseInstanceId: background sync failed: TIMEOUT, retry in 30s
02-03 16:35:11.817  4712  5719 D GmsGcmRegisterSvc: onHandleIntent: Intent { act=com.google.android.c2dm.intent.REGISTER pkg=com.google.android.gms (has extras) }
02-03 16:35:11.824  4712  5719 D GmsGcmRegisterSvc: onHandleIntent: Bundle[mParcelledData.dataSize=2548]
02-03 16:35:11.826  4712  5719 D GmsGcmRegisterSvc: register[req]: Intent { act=com.google.android.c2dm.intent.REGISTER pkg=com.google.android.gms (has extras) } extras=Bundle[{subtype=860912288789, X-subscription=860912288789, sender=860912288789, X-subtype=860912288789, app_ver=561, app=PendingIntent{22fa6a6: android.os.BinderProxy@9227241}, kid=|ID|2|, osv=25, sig=DP1JUk9ZSH5pUodqd6YhCJf_eQd0hDOBobzE-u8PGOea4y1D_h7VyNbSi5Vpd_GEc8ZPcGyZOSoBKav4V3UfSXS4ORUBWlPfXaOazqf9kq4m8zBgivPe-2PyYDfwzh3kbm3BSbEol4G5XoKvs4qjEev3Cfz_kkZwbKe6gmrxPqbS6VTAp_4989fi1zM-FKgWNUCLSm0L99GFAoHIyekjlD0XgjYMX-ZuKel1Of0_ukP6Rng7XsQKVBI3QS6jFh0ay3I2D0J6Gv6r-3ljnWpBnpRxB6Cm9SKdNOITkL8A9U4UjnWywoxQ1KFFpQGJ9GaIz1EmEV9RkHGyT7iv1qXZLg, cliv=fiid-10084000, gmsv=10087409, pub2=MIIBIjANBgkqhkiG9w0BAQEFAAOCAQ8AMIIBCgKCAQEArsjjUS2ZDhRuPvWwtSUEIKM4JhpuEV9a5NpIHwQqImMu9Ctg5mcyd4-BzIFqZeCtJuP-zGKCU5BrsyohOVMmQNG789cq1-mC-pMraWTqrgPoxrq9HJ0wXQWkF6fjj2eZ4QAy4Z9Gyc0wUW8dSeism1gkt3A0tBi6-5Q3PLnqQQ9DzHZLLSEUSTWyMJs-_LRykRcazk4ZQVh1S_fP6dL1Ix0tRUBGGfMDfKFl8UiXi6sL1c0EXSIoyYUIWlxtOL8qY01bfRmsM6ZO7k9x2Pg1zkWMLQtOM8F8swWi5qTsn1pbUzkDyrS8tw4MkrHR4qBAfO6SFqzvHV8FDBE7zAI0JQIDAQAB, X-kid=|ID|2|, appid=ewt1vSjLfA8, scope=*, subscription=860912288789, google.messenger=android.os.Messenger@1c0a3e6, gmp_app_id=1:860912288789:android:cecb4572f9730fd6, app_ver_name=five hundred sixty one}]
02-03 16:35:11.847  4712  5719 W System  : ClassLoader referenced unknown path: /system/framework/tcmclient.jar
02-03 16:35:11.857  4712  5719 D GmsHttpFormClient: -- Request --
02-03 16:35:11.857  4712  5719 D GmsHttpFormClient: X-GOOG.USER_AID=3586884931491410738&device=3586884931491410738&app=projekt.substratum&cert=8a847cceabacbe3981eee5111dfc62e6f7e25ecd&app_ver=561&sender=860912288789
02-03 16:35:11.869  4712  5719 W GmsGcmRegisterSvc: 
02-03 16:35:11.869  4712  5719 W GmsGcmRegisterSvc: java.net.ConnectException: Connection refused
02-03 16:35:11.869  4712  5719 W GmsGcmRegisterSvc: 	at java.net.PlainSocketImpl.socketConnect(Native Method)
02-03 16:35:11.869  4712  5719 W GmsGcmRegisterSvc: 	at java.net.AbstractPlainSocketImpl.doConnect(AbstractPlainSocketImpl.java:334)
02-03 16:35:11.869  4712  5719 W GmsGcmRegisterSvc: 	at java.net.AbstractPlainSocketImpl.connectToAddress(AbstractPlainSocketImpl.java:196)
02-03 16:35:11.869  4712  5719 W GmsGcmRegisterSvc: 	at java.net.AbstractPlainSocketImpl.connect(AbstractPlainSocketImpl.java:178)
02-03 16:35:11.869  4712  5719 W GmsGcmRegisterSvc: 	at java.net.SocksSocketImpl.connect(SocksSocketImpl.java:356)
02-03 16:35:11.869  4712  5719 W GmsGcmRegisterSvc: 	at java.net.Socket.connect(Socket.java:605)
02-03 16:35:11.869  4712  5719 W GmsGcmRegisterSvc: 	at com.android.okhttp.internal.Platform.connectSocket(Platform.java:113)
02-03 16:35:11.869  4712  5719 W GmsGcmRegisterSvc: 	at com.android.okhttp.Connection.connectSocket(Connection.java:196)
02-03 16:35:11.869  4712  5719 W GmsGcmRegisterSvc: 	at com.android.okhttp.Connection.connect(Connection.java:172)
02-03 16:35:11.869  4712  5719 W GmsGcmRegisterSvc: 	at com.android.okhttp.Connection.connectAndSetOwner(Connection.java:367)
02-03 16:35:11.869  4712  5719 W GmsGcmRegisterSvc: 	at com.android.okhttp.OkHttpClient$1.connectAndSetOwner(OkHttpClient.java:130)
02-03 16:35:11.869  4712  5719 W GmsGcmRegisterSvc: 	at com.android.okhttp.internal.http.HttpEngine.connect(HttpEngine.java:330)
02-03 16:35:11.869  4712  5719 W GmsGcmRegisterSvc: 	at com.android.okhttp.internal.http.HttpEngine.sendRequest(HttpEngine.java:247)
02-03 16:35:11.869  4712  5719 W GmsGcmRegisterSvc: 	at com.android.okhttp.internal.huc.HttpURLConnectionImpl.execute(HttpURLConnectionImpl.java:457)
02-03 16:35:11.869  4712  5719 W GmsGcmRegisterSvc: 	at com.android.okhttp.internal.huc.HttpURLConnectionImpl.connect(HttpURLConnectionImpl.java:126)
02-03 16:35:11.869  4712  5719 W GmsGcmRegisterSvc: 	at com.android.okhttp.internal.huc.HttpURLConnectionImpl.getOutputStream(HttpURLConnectionImpl.java:257)
02-03 16:35:11.869  4712  5719 W GmsGcmRegisterSvc: 	at com.android.okhttp.internal.huc.DelegatingHttpsURLConnection.getOutputStream(DelegatingHttpsURLConnection.java:218)
02-03 16:35:11.869  4712  5719 W GmsGcmRegisterSvc: 	at com.android.okhttp.internal.huc.HttpsURLConnectionImpl.getOutputStream(HttpsURLConnectionImpl.java)
02-03 16:35:11.869  4712  5719 W GmsGcmRegisterSvc: 	at org.microg.gms.common.HttpFormClient.request(HttpFormClient.java:79)
02-03 16:35:11.869  4712  5719 W GmsGcmRegisterSvc: 	at org.microg.gms.gcm.RegisterRequest.getResponse(RegisterRequest.java:101)
02-03 16:35:11.869  4712  5719 W GmsGcmRegisterSvc: 	at org.microg.gms.gcm.PushRegisterService.register(PushRegisterService.java:215)
02-03 16:35:11.869  4712  5719 W GmsGcmRegisterSvc: 	at org.microg.gms.gcm.PushRegisterService.register(PushRegisterService.java:77)
02-03 16:35:11.869  4712  5719 W GmsGcmRegisterSvc: 	at org.microg.gms.gcm.PushRegisterService.registerAndReply(PushRegisterService.java:178)
02-03 16:35:11.869  4712  5719 W GmsGcmRegisterSvc: 	at org.microg.gms.gcm.PushRegisterService.register(PushRegisterService.java:151)
02-03 16:35:11.869  4712  5719 W GmsGcmRegisterSvc: 	at org.microg.gms.gcm.PushRegisterService.onHandleIntent(PushRegisterService.java:111)
02-03 16:35:11.869  4712  5719 W GmsGcmRegisterSvc: 	at android.app.IntentService$ServiceHandler.handleMessage(IntentService.java:68)
02-03 16:35:11.869  4712  5719 W GmsGcmRegisterSvc: 	at android.os.Handler.dispatchMessage(Handler.java:102)
02-03 16:35:11.869  4712  5719 W GmsGcmRegisterSvc: 	at android.os.Looper.loop(Looper.java:154)
02-03 16:35:11.869  4712  5719 W GmsGcmRegisterSvc: 	at android.os.HandlerThread.run(HandlerThread.java:61)
02-03 16:35:11.878  4712  5719 D GmsGcmRegisterSvc: register[res]: Intent { act=com.google.android.c2dm.intent.REGISTRATION (has extras) } extras=Bundle[{error=SERVICE_NOT_AVAILABLE}]
02-03 16:35:11.879  5257  5409 D FirebaseInstanceId: background sync failed: SERVICE_NOT_AVAILABLE, retry in 60s
02-03 16:35:11.882  5712  5712 I dex2oat : dex2oat took 483.089ms (threads: 4) arena alloc=752B (752B) java alloc=8KB (8832B) native alloc=1280KB (1311576B) free=2MB (2358440B)
02-03 16:35:11.981  5721  5721 I dex2oat : /system/bin/dex2oat --compiler-filter=verify-profile -j4
02-03 16:35:12.119  5721  5721 W dex2oat : Before Android 4.1, method android.graphics.PorterDuffColorFilter android.support.graphics.drawable.VectorDrawableCompat.updateTintFilter(android.graphics.PorterDuffColorFilter, android.content.res.ColorStateList, android.graphics.PorterDuff$Mode) would have incorrectly overridden the package-private method in android.graphics.drawable.Drawable
02-03 16:35:12.154  5721  5721 W dex2oat : Before Android 4.1, method int android.support.v7.widget.ListViewCompat.lookForSelectablePosition(int, boolean) would have incorrectly overridden the package-private method in android.widget.ListView
