02-03 16:34:18.844  3725  3958 W System.err: 	at com.estrongs.android.scanner.al.run(Unknown Source)
02-03 16:34:18.844  3725  3958 W System.err: 	at java.util.concurrent.ThreadPoolExecutor.runWorker(ThreadPoolExecutor.java:1133)
02-03 16:34:18.844  3725  3958 W System.err: 	at java.util.concurrent.ThreadPoolExecutor$Worker.run(ThreadPoolExecutor.java:607)
02-03 16:34:18.844  3725  3958 W System.err: 	at java.lang.Thread.run(Thread.java:761)
02-03 16:34:18.888   416   552 I ThermalEngine: Sensor:tsens_tz_sensor4:60000 mC
02-03 16:34:18.910  1497  3490 W SettingsProvider: You shouldn't keep your settings in the secure settings. This will soon become an error.
02-03 16:34:18.946  4023  4023 W System  : ClassLoader referenced unknown path: /system/app/Calendar/lib/arm
02-03 16:34:18.952   416   552 I ThermalEngine: Sensor:tsens_tz_sensor4:61000 mC
02-03 16:34:18.955  1497  3487 W SettingsProvider: You shouldn't keep your settings in the secure settings. This will soon become an error.
02-03 16:34:18.980  3962  4049 I Adreno  : QUALCOMM build                   : a5b4970, If5818605d9
02-03 16:34:18.980  3962  4049 I Adreno  : Build Date                       : 10/12/16
02-03 16:34:18.980  3962  4049 I Adreno  : OpenGL ES Shader Compiler Version: XE031.09.00.04
02-03 16:34:18.980  3962  4049 I Adreno  : Local Branch                     : N24D
02-03 16:34:18.980  3962  4049 I Adreno  : Remote Branch                    : 
02-03 16:34:18.980  3962  4049 I Adreno  : Remote Branch                    : 
02-03 16:34:18.980  3962  4049 I Adreno  : Reconstruct Branch               : 
02-03 16:34:18.984  3962  4049 I OpenGLRenderer: Initialized EGL, version 1.4
02-03 16:34:18.984  3962  4049 D OpenGLRenderer: Swap behavior 1
02-03 16:34:18.991  1497  1542 W SettingsProvider: You shouldn't keep your settings in the secure settings. This will soon become an error.
02-03 16:34:19.003  3962  3980 I FA      : This instance being marked as an uploader
02-03 16:34:19.019   416   593 I ThermalEngine: Sensor:tmp108:46000 mC
02-03 16:34:19.020   416   593 I ThermalEngine: Sensor:max170xx_battery:39000 mC
02-03 16:34:19.024   416   593 I ThermalEngine: Sensor:chg_therm:41000 mC
02-03 16:34:19.030   416   593 I ThermalEngine: Sensor:wchg_therm:38000 mC
02-03 16:34:19.034   416   593 I ThermalEngine: Sensor:chg_therm:41000 mC
02-03 16:34:19.034   416   593 I ThermalEngine: Sensor:VS-BATT:45540 mC
02-03 16:34:19.039  1497  2131 W SettingsProvider: You shouldn't keep your settings in the secure settings. This will soon become an error.
02-03 16:34:19.057  3962  3980 D ApplicationLoaders: ignored Vulkan layer search path /data/app-lib/com.google.android.gms-1:/data/app/com.google.android.gms-1.apk!/lib/armeabi-v7a for namespace 0xb2ef6090
02-03 16:34:19.060  3962  3980 W ContextImpl: Failed to ensure /data/user/0/com.google.android.gms/shared_prefs: mkdir failed: EACCES (Permission denied)
02-03 16:34:19.075  4023  4023 D ExtensionsFactory: No custom extensions.
02-03 16:34:19.087  1497  2131 W ActivityManager: Permission Denial: opening provider com.android.providers.calendar.CalendarProvider2 from ProcessRecord{68fbda9 4023:com.android.calendar/u0a99} (pid=4023, uid=10099) requires android.permission.READ_CALENDAR or android.permission.WRITE_CALENDAR
--------- beginning of crash
02-03 16:34:19.088  4023  4055 E AndroidRuntime: FATAL EXCEPTION: AsyncTask #1
02-03 16:34:19.088  4023  4055 E AndroidRuntime: Process: com.android.calendar, PID: 4023
02-03 16:34:19.088  4023  4055 E AndroidRuntime: java.lang.RuntimeException: An error occurred while executing doInBackground()
02-03 16:34:19.088  4023  4055 E AndroidRuntime: 	at android.os.AsyncTask$3.done(AsyncTask.java:325)
02-03 16:34:19.088  4023  4055 E AndroidRuntime: 	at java.util.concurrent.FutureTask.finishCompletion(FutureTask.java:354)
02-03 16:34:19.088  4023  4055 E AndroidRuntime: 	at java.util.concurrent.FutureTask.setException(FutureTask.java:223)
02-03 16:34:19.088  4023  4055 E AndroidRuntime: 	at java.util.concurrent.FutureTask.run(FutureTask.java:242)
02-03 16:34:19.088  4023  4055 E AndroidRuntime: 	at java.util.concurrent.ThreadPoolExecutor.runWorker(ThreadPoolExecutor.java:1133)
02-03 16:34:19.088  4023  4055 E AndroidRuntime: 	at java.util.concurrent.ThreadPoolExecutor$Worker.run(ThreadPoolExecutor.java:607)
02-03 16:34:19.088  4023  4055 E AndroidRuntime: 	at java.lang.Thread.run(Thread.java:761)
02-03 16:34:19.088  4023  4055 E AndroidRuntime: Caused by: java.lang.SecurityException: Permission Denial: opening provider com.android.providers.calendar.CalendarProvider2 from ProcessRecord{68fbda9 4023:com.android.calendar/u0a99} (pid=4023, uid=10099) requires android.permission.READ_CALENDAR or android.permission.WRITE_CALENDAR
02-03 16:34:19.088  4023  4055 E AndroidRuntime: 	at android.os.Parcel.readException(Parcel.java:1684)
02-03 16:34:19.088  4023  4055 E AndroidRuntime: 	at android.os.Parcel.readException(Parcel.java:1637)
02-03 16:34:19.088  4023  4055 E AndroidRuntime: 	at android.app.ActivityManagerProxy.getContentProvider(ActivityManagerNative.java:4213)
02-03 16:34:19.088  4023  4055 E AndroidRuntime: 	at android.app.ActivityThread.acquireProvider(ActivityThread.java:5533)
02-03 16:34:19.088  4023  4055 E AndroidRuntime: 	at android.app.ContextImpl$ApplicationContentResolver.acquireUnstableProvider(ContextImpl.java:2239)
02-03 16:34:19.088  4023  4055 E AndroidRuntime: 	at android.content.ContentResolver.acquireUnstableProvider(ContentResolver.java:1520)
02-03 16:34:19.088  4023  4055 E AndroidRuntime: 	at android.content.ContentResolver.query(ContentResolver.java:518)
02-03 16:34:19.088  4023  4055 E AndroidRuntime: 	at android.content.CursorLoader.loadInBackground(CursorLoader.java:64)
02-03 16:34:19.088  4023  4055 E AndroidRuntime: 	at android.content.CursorLoader.loadInBackground(CursorLoader.java:56)
02-03 16:34:19.088  4023  4055 E AndroidRuntime: 	at android.content.AsyncTaskLoader.onLoadInBackground(AsyncTaskLoader.java:312)
02-03 16:34:19.088  4023  4055 E AndroidRuntime: 	at android.content.AsyncTaskLoader$LoadTask.doInBackground(AsyncTaskLoader.java:69)
02-03 16:34:19.088  4023  4055 E AndroidRuntime: 	at android.content.AsyncTaskLoader$LoadTask.doInBackground(AsyncTaskLoader.java:66)
02-03 16:34:19.088  4023  4055 E AndroidRuntime: 	at android.os.AsyncTask$2.call(AsyncTask.java:305)
02-03 16:34:19.088  4023  4055 E AndroidRuntime: 	at java.util.concurrent.FutureTask.run(FutureTask.java:237)
02-03 16:34:19.088  4023  4055 E AndroidRuntime: 	... 3 more
02-03 16:34:19.101  1497  3490 W SettingsProvider: You shouldn't keep your settings in the secure settings. This will soon become an error.
02-03 16:34:19.112  1497  1545 I ActivityManager: Start proc 4058:com.cyanogenmod.lockclock/u0a106 for broadcast com.cyanogenmod.lockclock/.ClockWidgetProvider
02-03 16:34:19.148  1497  4071 I chatty  : uid=1000(system) RenderThread expire 3 lines
02-03 16:34:19.285  4058  4058 W System  : ClassLoader referenced unknown path: /system/app/LockClock/lib/arm
02-03 16:34:19.325  3252  3252 I AlarmClock: AlarmInitReceiver android.intent.action.TIME_SET
02-03 16:34:19.358  3252  3252 I DigitalWidgetProvider: onReceive: Intent { act=android.intent.action.TIME_SET flg=0x24000010 cmp=com.google.android.deskclock/com.android.alarmclock.DigitalAppWidgetProvider }
02-03 16:34:19.459   467   467 I ServiceManager: Waiting for service AtCmdFwd...
02-03 16:34:19.503   416   575 I ThermalEngine: Sensor:chg_therm:41000 mC
02-03 16:34:19.507   416   581 I ThermalEngine: Sensor:/sys/class/power_supply/battery/capacity:70 mC
02-03 16:34:19.513  1497  3491 I ActivityManager: Start proc 4085:com.qualcomm.timeservice/1000 for broadcast com.qualcomm.timeservice/.TimeServiceBroadcastReceiver
02-03 16:34:19.541  4085  4085 I art     : Starting a blocking GC AddRemoveAppImageSpace
02-03 16:34:19.542  4085  4085 W System  : ClassLoader referenced unknown path: /system/app/TimeService/lib/arm
02-03 16:34:19.561  4085  4085 D TimeService: Receivedandroid.intent.action.TIME_SET intent. Current Time is 1486146859561
02-03 16:34:19.561  4085  4085 D         : TimeServiceNative: User Time to be set is 1486146859561
02-03 16:34:19.561  4085  4085 D QC-time-services: Lib:time_genoff_operation: pargs->base = 2
02-03 16:34:19.561  4085  4085 D QC-time-services: Lib:time_genoff_operation: pargs->operation = 0
02-03 16:34:19.561  4085  4085 D QC-time-services: Lib:time_genoff_operation: pargs->ts_val = 1486146859561
02-03 16:34:19.561  4085  4085 D QC-time-services: Lib:time_genoff_operation: Send to server  passed!!
02-03 16:34:19.561   445  1669 D QC-time-services: Daemon: Connection accepted:time_genoff
02-03 16:34:19.561   445  4101 D QC-time-services: Daemon:Received base = 2, unit = 1, operation = 0,value = 1486146859561
02-03 16:34:19.561   445  4101 D QC-time-services: Daemon:genoff_opr: Base = 2, val = 1486146859561, operation = 0
02-03 16:34:19.562   445  4101 D QC-time-services: Daemon:rtc_get: Time read from RTC -- MM/DD/YY HH:MM:SS0/1/70 15:12:19
02-03 16:34:19.562   445  4101 D QC-time-services: Daemon:Value read from RTC seconds = 54739000
02-03 16:34:19.562   445  4101 D QC-time-services: Daemon:new time 1486146859561 
02-03 16:34:19.562   445  4101 D QC-time-services: Daemon: delta 1486092120561 genoff 1486092120561 
02-03 16:34:19.562   445  4101 D QC-time-services: Daemon:genoff_persistent_update: Writing genoff = 1486092120561 to memory
02-03 16:34:19.562   445  4101 D QC-time-services: Daemon:Opening File: /data/time/ats_2
02-03 16:34:19.562   445  4101 D QC-time-services: Daemon:time_persistent_memory_opr:Genoff write operation 
02-03 16:34:19.562   445  4101 D QC-time-services: Updating the TOD offset
02-03 16:34:19.562   445  4101 D QC-time-services: Daemon:genoff_persistent_update: Writing genoff = 1486092120561 to memory
02-03 16:34:19.562   445  4101 D QC-time-services: Daemon:Opening File: /data/time/ats_1
02-03 16:34:19.562   445  4101 D QC-time-services: Daemon:time_persistent_memory_opr:Genoff write operation 
02-03 16:34:19.563   445  4101 E QC-time-services: Daemon:Update to modem bit set
02-03 16:34:19.563   445  4101 D QC-time-services: Daemon:genoff_send_modem: Sending data to MODEM !
02-03 16:34:19.563   445  4101 D QC-time-services: Daemon: Base = 2, Value being sent to MODEM = 1170182059561
02-03 16:34:19.563  4085  4085 E QC-time-services: Receive Passed == base = 2, unit = 1, operation = 0, result = 0
02-03 16:34:19.570   445  1669 E QC-time-services: Daemon: Time-services: Waiting to acceptconnection
02-03 16:34:19.574  1497  3491 I ActivityManager: Start proc 4102:com.handmark.expressweather/u0a68 for broadcast com.handmark.expressweather/.widgets.Widget4x1_Clock
02-03 16:34:19.576   445  1649 E QC-time-services: Daemon:tod_update_ind_cb: Got Update from modem msg_id 40
02-03 16:34:19.623  4102  4102 I art     : Starting a blocking GC AddRemoveAppImageSpace
02-03 16:34:19.682  3962  3962 W System  : ClassLoader referenced unknown path: 
02-03 16:34:19.685  3962  3962 D ApplicationLoaders: ignored Vulkan layer search path /data/app-lib/com.painless.pc-1 for namespace 0xb2ef60d0
02-03 16:34:19.692  4102  4102 I MultiDex: VM with version 2.1.0 has multidex support
02-03 16:34:19.692  4102  4102 I MultiDex: install
02-03 16:34:19.692  4102  4102 I MultiDex: VM has multidex support, MultiDex support library is disabled.
02-03 16:34:19.692  4102  4102 I MultiDex: install
02-03 16:34:19.692  4102  4102 I MultiDex: VM has multidex support, MultiDex support library is disabled.
02-03 16:34:19.722  4102  4102 I GMPM    : App measurement is starting up, version: 8487
02-03 16:34:19.722  4102  4102 I GMPM    : To enable debug logging run: adb shell setprop log.tag.GMPM VERBOSE
02-03 16:34:19.765  4102  4119 W GooglePlayServicesUtil: Google Play Store is neither installed nor updating.
02-03 16:34:19.765  4102  4119 W FlurryAgent: Google Play Services not available - connection result: 9
02-03 16:34:19.775  4102  4102 I GAv4    : Google Analytics 8.4.87 is starting up. To enable debug logging on a device run:
02-03 16:34:19.775  4102  4102 I GAv4    :   adb shell setprop log.tag.GAv4 DEBUG
02-03 16:34:19.775  4102  4102 I GAv4    :   adb logcat -s GAv4
02-03 16:34:19.778  4102  4102 W GAv4    : String xml configuration name not recognized: ga_trackingId
02-03 16:34:19.779  4102  4102 W GAv4    : Bool xml configuration name not recognized: ga_autoActivityTracking
02-03 16:34:19.780  4102  4102 W GAv4    : Bool xml configuration name not recognized: ga_reportUncaughtExceptions
02-03 16:34:19.785  4102  4102 W GAv4    : AnalyticsReceiver is not registered or is disabled. Register the receiver for reliable dispatching on non-Google Play devices. See http://goo.gl/8Rd3yj for instructions.
02-03 16:34:19.791  4102  4122 W GAv4    : AnalyticsService not registered in the app manifest. Hits might not be delivered reliably. See http://goo.gl/8Rd3yj for instructions.
02-03 16:34:19.830  4102  4102 I GAv4    : Logger is deprecated. To enable debug logging, please run:
02-03 16:34:19.830  4102  4102 I GAv4    : adb shell setprop log.tag.GAv4 DEBUG
02-03 16:34:19.830  4102  4125 D PrivacyManager: Initializing Pinsight Privacy SDK v2.2.0
02-03 16:34:19.835  4102  4102 I ErrorAgent: Registering custom exceptions handler
02-03 16:34:19.917  4102  4102 I CrashlyticsCore: Initializing Crashlytics 2.3.8.97
02-03 16:34:19.925  4102  4134 W GooglePlayServicesUtil: Google Play Store is neither installed nor updating.
02-03 16:34:20.121  1497  3495 I ActivityManager: Start proc 4140:com.painless.pc/u0a74 for broadcast com.painless.pc/.PCWidgetActivity
02-03 16:34:20.165  4140  4140 I art     : Starting a blocking GC AddRemoveAppImageSpace
02-03 16:34:20.203  4140  4140 D ConnectivityManager: getMobileDataEnabled()+ subId=1
02-03 16:34:20.205  4140  4140 D ConnectivityManager: getMobileDataEnabled()- subId=1 retVal=false
02-03 16:34:20.220  1497  1553 D BluetoothManagerService: Message: 20
02-03 16:34:20.220  1497  1553 D BluetoothManagerService: Added callback: android.bluetooth.IBluetoothManagerCallback$Stub$Proxy@4679233:true
02-03 16:34:20.233  4140  4140 D ConnectivityManager: getMobileDataEnabled()+ subId=1
02-03 16:34:20.233  4140  4140 D ConnectivityManager: getMobileDataEnabled()- subId=1 retVal=false
02-03 16:34:20.243  4140  4140 D ConnectivityManager: getMobileDataEnabled()+ subId=1
02-03 16:34:20.243  4140  4140 D ConnectivityManager: getMobileDataEnabled()- subId=1 retVal=false
02-03 16:34:20.264  1497  3491 I ActivityManager: Start proc 4160:org.cyanogenmod.cmparts/1000 for broadcast org.cyanogenmod.cmparts/.BootReceiver
02-03 16:34:20.290  4160  4160 I art     : Starting a blocking GC AddRemoveAppImageSpace
02-03 16:34:20.291  4160  4160 W System  : ClassLoader referenced unknown path: /system/priv-app/CMParts/lib/arm
02-03 16:34:20.335  1497  2327 I ActivityManager: Killing 4023:com.android.calendar/u0a99 (adj 902): crash
02-03 16:34:20.335  1497  2327 D ActivityManager: cleanUpApplicationRecord -- 4023
02-03 16:34:20.360  1497  3495 W InputMethodManagerService: Window already focused, ignoring focus gain of: com.android.internal.view.IInputMethodClient$Stub$Proxy@2c58c6 attribute=null, token = android.os.BinderProxy@6508318
02-03 16:34:20.398  1497  3490 I ActivityManager: Start proc 4184:com.android.dialer/u0a22 for broadcast com.android.dialer/.calllog.CallLogReceiver
02-03 16:34:20.414  1497  4183 I chatty  : uid=1000 system_server expire 6 lines
02-03 16:34:20.430  4184  4184 W System  : ClassLoader referenced unknown path: /system/priv-app/Dialer/lib/arm
02-03 16:34:20.432  1497  4183 I BootReceiver: Copying audit failures to DropBox
02-03 16:34:20.432  1497  4183 I BootReceiver: Checking for fsck errors
02-03 16:34:20.460   467   467 I ServiceManager: Waiting for service AtCmdFwd...
02-03 16:34:20.476  1497  1554 W AppOps  : Finishing op nesting under-run: uid 1000 pkg android code 24 time=0 duration=0 nesting=0
02-03 16:34:20.520  4184  4184 D BlockedNumbersAuto: Not attempting auto-migrate: already checked once.
02-03 16:34:20.532  2268  2268 V OtaStartupReceiver: onOtaspChanged: mOtaspMode=3
02-03 16:34:20.533  2268  2268 D CarrierConfigLoader: mHandler: 13 phoneId: 0
02-03 16:34:20.533  2268  2268 D CarrierConfigLoader: mHandler: 7 phoneId: 0
02-03 16:34:20.533  4184  4201 W CountryDetector: No location permissions, not registering for location updates.
02-03 16:34:20.538  2268  2268 D CarrierConfigLoader: Loaded config from XML. package=com.android.carrierconfig phoneId=0
02-03 16:34:20.538  2268  2268 D CarrierConfigLoader: mHandler: 5 phoneId: 0
02-03 16:34:20.547  1497  3491 I ActivityManager: Start proc 4202:com.android.calendar/u0a99 for broadcast com.android.calendar/.UpgradeReceiver
02-03 16:34:20.559  1497  3490 I ActivityManager: Start proc 4216:android.process.acore/u0a0 for content provider com.android.providers.contacts/.CallLogProvider
02-03 16:34:20.570  1497  1497 I Telecom : PhoneAccountRegistrar: SimCallManager queried, returning: null: TSI.gSCMFU@ADE
02-03 16:34:20.601  4216  4216 I art     : Starting a blocking GC AddRemoveAppImageSpace
02-03 16:34:20.602  4216  4216 W System  : ClassLoader referenced unknown path: /system/priv-app/ContactsProvider/lib/arm
02-03 16:34:20.633  4202  4202 W System  : ClassLoader referenced unknown path: /system/app/Calendar/lib/arm
02-03 16:34:20.641  4216  4216 I ContactsPerf: VoicemailContentProvider.onCreate start
02-03 16:34:20.641  4216  4216 I ContactsPerf: VoicemailContentProvider.onCreate finish
02-03 16:34:20.647  4216  4216 W System  : ClassLoader referenced unknown path: /system/priv-app/BlockedNumberProvider/lib/arm
02-03 16:34:20.648  4216  4216 D ApplicationLoaders: ignored Vulkan layer search path /system/priv-app/BlockedNumberProvider/lib/arm:/system/lib:/vendor/lib for namespace 0xb6d05090
02-03 16:34:20.659  4216  4216 W System  : ClassLoader referenced unknown path: /system/app/UserDictionaryProvider/lib/arm
02-03 16:34:20.662  4216  4216 D ApplicationLoaders: ignored Vulkan layer search path /system/app/UserDictionaryProvider/lib/arm:/system/lib:/vendor/lib for namespace 0xb6d050d0
02-03 16:34:20.675  4202  4202 D ExtensionsFactory: No custom extensions.
02-03 16:34:20.691  3428  3428 I CMActions: Booting
02-03 16:34:20.693  3428  3428 W ContextImpl: Calling a method in the system process without a qualified user: android.app.ContextImpl.startService:1357 android.content.ContextWrapper.startService:613 android.content.ContextWrapper.startService:613 com.cyanogenmod.settings.device.BootCompletedReceiver.onReceive:38 android.app.ActivityThread.handleReceiver:3055 
02-03 16:34:20.695  3428  3428 I CMActions-ServiceWrapper: onCreate
02-03 16:34:20.695  3428  3428 D CMActions: Starting
02-03 16:34:20.718  1497  3495 I ActivityManager: Start proc 4244:android.romstats/u0a52 for broadcast android.romstats/.ReportingServiceManager
02-03 16:34:20.766  4244  4244 I art     : Starting a blocking GC AddRemoveAppImageSpace
02-03 16:34:20.767  4244  4244 W System  : ClassLoader referenced unknown path: /system/app/ResurrectionStats/lib/arm
02-03 16:34:20.784  4244  4244 D ResurrectionStats: [onReceive] BOOT_COMPLETED
02-03 16:34:20.794  4244  4244 D ResurrectionStats: [checkPersistentOptOut] Check prefs exist: false
02-03 16:34:20.794  4244  4244 D ResurrectionStats: [checkPersistentOptOut] New install, check for 'Persistent cookie'
02-03 16:34:20.796  4244  4244 D ResurrectionStats: [checkPersistentOptOut] No persistent cookie found
02-03 16:34:20.797  4216  4233 I ContactLocale: AddressBook Labels [[en_US,pt_BR]]: [, A, B, C, D, E, F, G, H, I, J, K, L, M, N, O, P, Q, R, S, T, U, V, W, X, Y, Z, , , , , , , , , , , , , , , , , , , , , , , , , , , , , , , , , , , , , , , , , , , , , , , , , , , , , , , , , , , , , , , , , , , , , , , , , , , , , , , , , , , , , , , , , , , , , , , , , , , , , , , , , , , , , , , , , , , , , , , , , , , , , , , , , , , , , , , , , , , , , , , , , , , , , , , , , , , , , , , , , , , , , , , , , , , , , , , , , , , , , , , , , , , #, ]
02-03 16:34:20.798  4244  4244 D ResurrectionStats: [setAlarm] Next sync attempt in : 22 hours
02-03 16:34:20.810  4202  4202 D AlertReceiver: onReceive: a=android.intent.action.BOOT_COMPLETED Intent { act=android.intent.action.BOOT_COMPLETED flg=0x9000010 cmp=com.android.calendar/.alerts.AlertReceiver (has extras) }
02-03 16:34:20.824  1497  2131 I ActivityManager: Start proc 4263:com.android.camera2/u0a101 for broadcast com.android.camera2/com.android.camera.DisableCameraReceiver
02-03 16:34:20.834  4202  4202 D AlertUtils: Flushing old alerts from shared prefs table
02-03 16:34:20.836  4202  4277 D AlertService: 0 Action = android.intent.action.BOOT_COMPLETED
02-03 16:34:20.838  4202  4277 D AlertService: Scheduling next alarm with AlarmScheduler. sEventReminderReceived: null
02-03 16:34:20.850  1497  2131 W ActivityManager: Permission Denial: opening provider com.android.providers.calendar.CalendarProvider2 from ProcessRecord{1ca6977 4202:com.android.calendar/u0a99} (pid=4202, uid=10099) requires android.permission.READ_CALENDAR or android.permission.WRITE_CALENDAR
02-03 16:34:20.851  4202  4277 E AndroidRuntime: FATAL EXCEPTION: AlertService
02-03 16:34:20.851  4202  4277 E AndroidRuntime: Process: com.android.calendar, PID: 4202
02-03 16:34:20.851  4202  4277 E AndroidRuntime: java.lang.SecurityException: Permission Denial: opening provider com.android.providers.calendar.CalendarProvider2 from ProcessRecord{1ca6977 4202:com.android.calendar/u0a99} (pid=4202, uid=10099) requires android.permission.READ_CALENDAR or android.permission.WRITE_CALENDAR
02-03 16:34:20.851  4202  4277 E AndroidRuntime: 	at android.os.Parcel.readException(Parcel.java:1684)
02-03 16:34:20.851  4202  4277 E AndroidRuntime: 	at android.os.Parcel.readException(Parcel.java:1637)
02-03 16:34:20.851  4202  4277 E AndroidRuntime: 	at android.app.ActivityManagerProxy.getContentProvider(ActivityManagerNative.java:4213)
02-03 16:34:20.851  4202  4277 E AndroidRuntime: 	at android.app.ActivityThread.acquireProvider(ActivityThread.java:5533)
02-03 16:34:20.851  4202  4277 E AndroidRuntime: 	at android.app.ContextImpl$ApplicationContentResolver.acquireUnstableProvider(ContextImpl.java:2239)
02-03 16:34:20.851  4202  4277 E AndroidRuntime: 	at android.content.ContentResolver.acquireUnstableProvider(ContentResolver.java:1520)
02-03 16:34:20.851  4202  4277 E AndroidRuntime: 	at android.content.ContentResolver.query(ContentResolver.java:518)
02-03 16:34:20.851  4202  4277 E AndroidRuntime: 	at android.content.ContentResolver.query(ContentResolver.java:475)
02-03 16:34:20.851  4202  4277 E AndroidRuntime: 	at com.android.calendar.alerts.AlarmScheduler.queryUpcomingEvents(AlarmScheduler.java:167)
02-03 16:34:20.851  4202  4277 E AndroidRuntime: 	at com.android.calendar.alerts.AlarmScheduler.scheduleNextAlarm(AlarmScheduler.java:114)
02-03 16:34:20.851  4202  4277 E AndroidRuntime: 	at com.android.calendar.alerts.AlarmScheduler.scheduleNextAlarm(AlarmScheduler.java:105)
02-03 16:34:20.851  4202  4277 E AndroidRuntime: 	at com.android.calendar.alerts.AlertService.processMessage(AlertService.java:251)
02-03 16:34:20.851  4202  4277 E AndroidRuntime: 	at com.android.calendar.alerts.AlertService$ServiceHandler.handleMessage(AlertService.java:1092)
02-03 16:34:20.851  4202  4277 E AndroidRuntime: 	at android.os.Handler.dispatchMessage(Handler.java:102)
02-03 16:34:20.851  4202  4277 E AndroidRuntime: 	at android.os.Looper.loop(Looper.java:154)
02-03 16:34:20.851  4202  4277 E AndroidRuntime: 	at android.os.HandlerThread.run(HandlerThread.java:61)
02-03 16:34:20.852  1497  2127 W ActivityManager: Process com.android.calendar has crashed too many times: killing!
02-03 16:34:20.852  1497  2127 I ActivityManager: Killing 4202:com.android.calendar/u0a99 (adj 500): crash
02-03 16:34:20.852  1497  2127 D ActivityManager: cleanUpApplicationRecord -- 4202
02-03 16:34:20.988  4263  4263 I CAM_Profiler: [ 17.500ms][ui] GUARD: CameraApp onCreate() - STOP
02-03 16:34:20.994  4263  4263 I CAM_DisableCamRcver: number of camera: 2
02-03 16:34:21.030  1497  3414 I ActivityManager: Start proc 4285:com.android.email/u0a105 for broadcast com.android.email/.service.EmailUpgradeBroadcastReceiver
02-03 16:34:21.236  4285  4285 W System  : ClassLoader referenced unknown path: /system/app/Email/lib/arm
02-03 16:34:21.324  1497  3495 I ActivityManager: Setting hasTopUi=true for pid=2091
02-03 16:34:21.325  2091  2091 D PhoneStatusBar: disable: < expand ICONS* alerts SYSTEM_INFO* back home recent clock search quick_settings >
02-03 16:34:21.405  1497  3490 I ActivityManager: Start proc 4301:com.android.exchange/u0a100 for service com.android.exchange/.service.EasService
02-03 16:34:21.430  4285  4315 D ActivityThread: Loading provider com.android.email.provider;com.android.email.notifier: com.android.email.provider.EmailProvider
02-03 16:34:21.450  4285  4318 D ActivityThread: Loading provider com.android.email.provider;com.android.email.notifier: com.android.email.provider.EmailProvider
02-03 16:34:21.455  4285  4285 D ActivityThread: Loading provider com.android.email.provider;com.android.email.notifier: com.android.email.provider.EmailProvider
02-03 16:34:21.460   467   467 I ServiceManager: Waiting for service AtCmdFwd...
02-03 16:34:21.460  4285  4316 D ActivityThread: Loading provider com.android.email.provider;com.android.email.notifier: com.android.email.provider.EmailProvider
02-03 16:34:21.572  4301  4301 W System  : ClassLoader referenced unknown path: /system/app/Exchange2/lib/arm
02-03 16:34:21.624  1497  2131 W ActivityManager: Unable to start service Intent { act=com.android.mail.action.BACKUP_DATA_CHANGED pkg=com.android.email } U=0: not found
02-03 16:34:21.625  1497  3414 W ActivityManager: Unable to start service Intent { act=com.android.mail.action.BACKUP_DATA_CHANGED pkg=com.android.email } U=0: not found
02-03 16:34:21.627  1497  3491 W ActivityManager: Unable to start service Intent { act=com.android.mail.action.BACKUP_DATA_CHANGED pkg=com.android.email } U=0: not found
02-03 16:34:21.628  1497  3482 W ActivityManager: Unable to start service Intent { act=com.android.mail.action.BACKUP_DATA_CHANGED pkg=com.android.email } U=0: not found
02-03 16:34:21.629  1497  2127 W ActivityManager: Unable to start service Intent { act=com.android.mail.action.BACKUP_DATA_CHANGED pkg=com.android.email } U=0: not found
02-03 16:34:21.630  1497  1542 W ActivityManager: Unable to start service Intent { act=com.android.mail.action.BACKUP_DATA_CHANGED pkg=com.android.email } U=0: not found
02-03 16:34:21.631  1497  3412 W ActivityManager: Unable to start service Intent { act=com.android.mail.action.BACKUP_DATA_CHANGED pkg=com.android.email } U=0: not found
02-03 16:34:21.645  1497  3495 W ActivityManager: Unable to start service Intent { cmp=com.android.email/.service.AttachmentService } U=0: not found
02-03 16:34:21.646  1497  3487 W ActivityManager: Unable to start service Intent { cmp=com.android.email/.service.AttachmentService } U=0: not found
02-03 16:34:21.656  1497  3488 W ActivityManager: Unable to start service Intent { cmp=com.android.email/.service.AttachmentService } U=0: not found
02-03 16:34:21.670  1497  3490 W ActivityManager: Unable to start service Intent { cmp=com.android.email/.service.AttachmentService } U=0: not found
02-03 16:34:21.670  4285  4322 I Email   : Observing account changes for notifications
02-03 16:34:21.674  1497  3488 W ActivityManager: Unable to start service Intent { cmp=com.android.email/.service.AttachmentService } U=0: not found
02-03 16:34:21.680  4285  4285 D BluetoothEmailBroadcastReceiver: Received android.intent.action.BOOT_COMPLETED
02-03 16:34:21.684  4301  4301 I Exchange: EasService.onCreate
02-03 16:34:21.695  1497  3467 I ActivityManager: Start proc 4324:com.android.gallery3d/u0a96 for broadcast com.android.gallery3d/com.android.camera.DisableCameraReceiver
02-03 16:34:21.697  4285  4323 I Email   : Onetime initialization: 1
02-03 16:34:21.698  4285  4323 I Email   : Onetime initialization: 2
02-03 16:34:21.700  4301  4337 I Exchange: RestartPingTask
02-03 16:34:21.703  4285  4323 I Email   : Onetime initialization: completed.
02-03 16:34:21.716  4301  4301 I Exchange: RestartPingsTask did not start any pings.
02-03 16:34:21.717  4301  4301 I Exchange: PSS stopIfIdle
02-03 16:34:21.717  4301  4301 I Exchange: PSS has no active accounts; stopping service.
02-03 16:34:21.724  4301  4301 I Exchange: onDestroy
02-03 16:34:21.725  4301  4301 I Exchange: EasService.onCreate
02-03 16:34:21.733  4301  4344 I Exchange: RestartPingTask
02-03 16:34:21.764  4301  4301 I Exchange: RestartPingsTask did not start any pings.
02-03 16:34:21.764  4301  4301 I Exchange: PSS stopIfIdle
02-03 16:34:21.764  4301  4301 I Exchange: PSS has no active accounts; stopping service.
02-03 16:34:21.775  4301  4301 I Exchange: onDestroy
02-03 16:34:21.776  1497  2127 I ActivityManager: Killing 2494:com.android.cellbroadcastreceiver/u0a92 (adj 906): empty #17
02-03 16:34:21.810  1497  3491 D ActivityManager: cleanUpApplicationRecord -- 2494
02-03 16:34:21.981  4324  4324 I G:DisableCameraReceiver: back camera found: 0
02-03 16:34:21.983  1497  1543 I ActivityManager: Killing 2283:com.android.settings/1000 (adj 906): empty #17
02-03 16:34:21.984  2085  2085 I SystemBroadcastReceiver: Boot has been completed
02-03 16:34:21.985  2085  2085 I SystemBroadcastReceiver: toggleAppIcon() : FLAG_SYSTEM = true
02-03 16:34:22.002  1497  3495 I ActivityManager: Start proc 4347:com.android.managedprovisioning/u0a14 for broadcast com.android.managedprovisioning/.BootReminder
02-03 16:34:22.017  1497  3488 D ActivityManager: cleanUpApplicationRecord -- 2283
02-03 16:34:22.031  4347  4347 I art     : Starting a blocking GC AddRemoveAppImageSpace
02-03 16:34:22.031  4347  4347 W System  : ClassLoader referenced unknown path: /system/priv-app/ManagedProvisioning/lib/arm
02-03 16:34:22.076  1497  3488 I ActivityManager: Start proc 4362:com.android.messaging/u0a58 for broadcast com.android.messaging/.receiver.BootAndPackageReplacedReceiver
02-03 16:34:22.077  1497  3488 I ActivityManager: Killing 3596:com.android.keychain/1000 (adj 906): empty #17
02-03 16:34:22.103  1497  3412 D ActivityManager: cleanUpApplicationRecord -- 3596
02-03 16:34:22.123  4362  4362 I art     : Starting a blocking GC AddRemoveAppImageSpace
02-03 16:34:22.124  4362  4362 W System  : ClassLoader referenced unknown path: /system/app/messaging/lib/arm
02-03 16:34:22.259  1497  3482 I ActivityManager: Start proc 4382:com.android.onetimeinitializer/u0a15 for broadcast com.android.onetimeinitializer/.OneTimeInitializerReceiver
02-03 16:34:22.271  4362  4362 I MessagingApp: Carrier config changed. Reloading MMS config.
02-03 16:34:22.289  4362  4381 I MessagingAppDataModel: Fixup: Send failed - 0 Download failed - 0
02-03 16:34:22.290  4382  4382 I art     : Starting a blocking GC AddRemoveAppImageSpace
02-03 16:34:22.290  4382  4382 W System  : ClassLoader referenced unknown path: /system/priv-app/OneTimeInitializer/lib/arm
02-03 16:34:22.305  4382  4382 V OneTimeInitializerRece: OneTimeInitializerReceiver.onReceive
02-03 16:34:22.311  4362  4380 W MessagingApp: canonicalizeMccMnc: invalid mccmnc:null ,null
02-03 16:34:22.322  1497  3495 I ActivityManager: Killing 3834:com.google.android.gms/u0a71 (adj 906): empty #17
02-03 16:34:22.330  1497  1543 D MmsServiceBroker: getCarrierConfigValues() by com.android.messaging
02-03 16:34:22.330  1497  1543 W MmsServiceBroker: MmsService not connected. Try connecting...
02-03 16:34:22.330  1497  1497 I MmsServiceBroker: Connecting to MmsService
02-03 16:34:22.330  1497  1497 W ContextImpl: Calling a method in the system process without a qualified user: android.app.ContextImpl.bindService:1421 com.android.server.MmsServiceBroker.tryConnecting:240 com.android.server.MmsServiceBroker.-wrap3:-1 com.android.server.MmsServiceBroker$1.handleMessage:82 android.os.Handler.dispatchMessage:102 
02-03 16:34:22.353  2268  2268 W System  : ClassLoader referenced unknown path: /system/priv-app/MmsService/lib/arm
02-03 16:34:22.354  2268  2268 D ApplicationLoaders: ignored Vulkan layer search path /system/priv-app/MmsService/lib/arm:/system/lib:/vendor/lib for namespace 0xb6d06110
02-03 16:34:22.359  1497  2127 D ActivityManager: cleanUpApplicationRecord -- 3834
02-03 16:34:22.359  2268  2268 D MmsService: onCreate
02-03 16:34:22.364  1497  1497 I MmsServiceBroker: MmsService connected
02-03 16:34:22.364  2268  2281 D MmsService: getCarrierConfigValues
02-03 16:34:22.364  2268  2281 I MmsService: mms config for sub 1: null
02-03 16:34:22.364  2268  2268 V VvmBootCompletedRcvr: processing subId list
02-03 16:34:22.366  4362  4380 I MessagingApp: Carrier configs loaded: Bundle[{smsToMmsTextThreshold=-1, maxMessageTextSize=-1, recipientLimit=-1, maxImageHeight=480, maxMessageSize=307200, maxImageWidth=640, enabledMMS=true, enableMultipartSMS=true}] from resources+system for subId=1
02-03 16:34:22.368  2268  2268 V VvmBootCompletedRcvr: processing subId 1
02-03 16:34:22.374  2268  2268 D VvmSimChangeReceiver: visual voicemail not supported for carrier 72404 on subId 1
02-03 16:34:22.384  4362  4394 W MessagingApp: canonicalizeMccMnc: invalid mccmnc:null ,null
02-03 16:34:22.390  1497  3495 D MmsServiceBroker: getCarrierConfigValues() by com.android.messaging
02-03 16:34:22.390  2268  2530 D MmsService: getCarrierConfigValues
02-03 16:34:22.390  2268  2530 I MmsService: mms config for sub 1: null
02-03 16:34:22.390  4362  4394 I MessagingApp: Carrier configs loaded: Bundle[{smsToMmsTextThreshold=-1, maxMessageTextSize=-1, recipientLimit=-1, maxImageHeight=480, maxMessageSize=307200, maxImageWidth=640, enabledMMS=true, enableMultipartSMS=true}] from resources+system for subId=1
02-03 16:34:22.400  2268  2268 I MmsService: MmsConfigManager receiver action: android.intent.action.SIM_STATE_CHANGED
02-03 16:34:22.400  2268  2268 I MmsService: MmsConfigManager receiver action: android.telephony.action.CARRIER_CONFIG_CHANGED
02-03 16:34:22.401  2268  4410 I MmsService: MmsConfigManager loads in background mcc/mnc: 724/4
02-03 16:34:22.401  2268  4409 I MmsService: MmsConfigManager loads in background mcc/mnc: 724/4
02-03 16:34:22.403  2268  4408 I MmsService: MmsConfigManager loads in background mcc/mnc: 724/4
02-03 16:34:22.418  4362  4398 W MessagingApp: canonicalizeMccMnc: invalid mccmnc:null ,null
02-03 16:34:22.423  4362  4411 I MessagingAppDataModel: SyncMessagesAction: Starting batch for messages from 1486131068601 to 1486146862230 (message update limit = 80, message scan limit = 4000)
02-03 16:34:22.423  1497  1542 D MmsServiceBroker: getCarrierConfigValues() by com.android.messaging
02-03 16:34:22.423  2268  2281 D MmsService: getCarrierConfigValues
02-03 16:34:22.423  2268  2281 I MmsService: mms config for sub 1: Bundle[{httpSocketTimeout=60000, aliasMinChars=2, smsToMmsTextThreshold=-1, enableSMSDeliveryReports=true, maxMessageTextSize=-1, supportMmsContentDisposition=true, enabledTransID=false, aliasEnabled=false, supportHttpCharsetHeader=false, allowAttachAudio=true, smsToMmsTextLengthThreshold=-1, recipientLimit=2147483647, uaProfTagName=x-wap-profile, aliasMaxChars=48, maxImageHeight=480, enableMMSDeliveryReports=false, userAgent=, mmsCloseConnection=false, config_cellBroadcastAppLinks=true, maxSubjectLength=40, httpParams=, enableGroupMms=true, emailGatewayNumber=, maxMessageSize=307200, naiSuffix=, enableMMSReadReports=false, maxImageWidth=640, uaProfUrl=, enabledMMS=true, enabledNotifyWapMMSC=false, sendMultipartSmsAsSeparateMessages=false, enableMultipartSMS=true}]
02-03 16:34:22.423  4362  4398 I MessagingApp: Carrier configs loaded: Bundle[{httpSocketTimeout=60000, aliasMinChars=2, smsToMmsTextThreshold=-1, enableSMSDeliveryReports=true, maxMessageTextSize=-1, supportMmsContentDisposition=true, enabledTransID=false, aliasEnabled=false, supportHttpCharsetHeader=false, allowAttachAudio=true, smsToMmsTextLengthThreshold=-1, recipientLimit=2147483647, uaProfTagName=x-wap-profile, aliasMaxChars=48, maxImageHeight=480, enableMMSDeliveryReports=false, userAgent=, mmsCloseConnection=false, config_cellBroadcastAppLinks=true, maxSubjectLength=40, httpParams=, enableGroupMms=true, emailGatewayNumber=, maxMessageSize=307200, naiSuffix=, enableMMSReadReports=false, maxImageWidth=640, uaProfUrl=, enabledMMS=true, enabledNotifyWapMMSC=false, sendMultipartSmsAsSeparateMessages=false, enableMultipartSMS=true}] from resources+system for subId=1
02-03 16:34:22.444  4362  4397 W MessagingApp: PhoneUtils.getSelfRawNumber: subInfo is null for 2
02-03 16:34:22.460   467   467 I ServiceManager: Waiting for service AtCmdFwd...
02-03 16:34:22.492  1497  3491 I ActivityManager: Start proc 4414:com.android.settings/1000 for broadcast com.android.settings/.rr.util.OnBoot
02-03 16:34:22.506  3633  3633 D MtpService: starting MTP server in MTP mode
02-03 16:34:22.522  4414  4414 W System  : ClassLoader referenced unknown path: /system/priv-app/Settings/lib/arm
02-03 16:34:22.535  4362  4413 I MessagingAppDataModel: SyncMessagesAction: All messages now in sync
02-03 16:34:22.538  1497  3488 I ActivityManager: Killing 3895:me.bluemail.mail/u0a81 (adj 906): empty #17
02-03 16:34:22.567  1497  3412 D ActivityManager: cleanUpApplicationRecord -- 3895
02-03 16:34:22.572  4437  4437 D su      : su invoked.
02-03 16:34:22.572  4437  4437 D su      : starting daemon client 1000 1000
02-03 16:34:22.574  4439  4439 D su      : remote pid: 4437
02-03 16:34:22.574  4439  4439 D su      : remote pts_slave: 
02-03 16:34:22.574  4439  4439 D su      : waiting for child exit
02-03 16:34:22.575  4441  4441 D su      : su invoked.
02-03 16:34:22.575  4441  4441 E su      : SU from: system
02-03 16:34:22.575  4441  4441 D su      : Checking whether app [uid:1000, pkgName: com.quicinc.cne.CNEService] is allowed to be root
02-03 16:34:22.577  4441  4441 D su      : Privilege elevation allowed by appops
02-03 16:34:22.577  4441  4441 D su      : Allowing via appops.
02-03 16:34:22.577  4441  4441 D su      : 1000 /system/bin/app_process32 executing 0 setenforce 0 using binary /system/bin/sh : sh -c setenforce 0
02-03 16:34:22.577  4441  4441 D su      : Waiting for pid 4442.
02-03 16:34:22.577  2091  2091 I SuControllerImpl: Got change
02-03 16:34:22.597  4441  4441 D su      : Finishing su operation for app [uid:1000, pkgName: com.quicinc.cne.CNEService]
02-03 16:34:22.598  2091  2091 I SuControllerImpl: Got change
02-03 16:34:22.598  4441  4441 W IPCThreadState: Calling IPCThreadState::self() during shutdown is dangerous, expect a crash.
02-03 16:34:22.598  4441  4441 W IPCThreadState: Calling IPCThreadState::self() during shutdown is dangerous, expect a crash.
02-03 16:34:22.599  4439  4439 D su      : sending code
02-03 16:34:22.599  4439  4439 D su      : child exited
02-03 16:34:22.599  4437  4437 D su      : client exited 0
02-03 16:34:22.602  4414  4414 D CommandResult: Time to execute: 41452817 ns (nanoseconds)
02-03 16:34:22.604  1497  3491 I ActivityManager: Killing 3538:system:ui/1000 (adj 906): empty #17
02-03 16:34:22.618  1497  1543 I ActivityManager: Start proc 4447:com.bhb27.isu/u0a57 for broadcast com.bhb27.isu/.bootservice.BootBroadcastReceiver
02-03 16:34:22.632  1497  3414 D ActivityManager: cleanUpApplicationRecord -- 3538
02-03 16:34:22.645  4447  4447 I art     : Starting a blocking GC AddRemoveAppImageSpace
02-03 16:34:22.645  4447  4447 W System  : ClassLoader referenced unknown path: /system/app/isu/lib/arm
02-03 16:34:22.663  4447  4447 D iSu_BReceiver: Not Started action android.intent.action.BOOT_COMPLETED run_boot false
02-03 16:34:22.674  1497  3491 I ActivityManager: Start proc 4463:com.bhb27.kerneladiutor/u0a56 for broadcast com.bhb27.kerneladiutor/com.grarak.kerneladiutor.services.BootReceiver
02-03 16:34:22.675  1497  3491 I ActivityManager: Killing 4058:com.cyanogenmod.lockclock/u0a106 (adj 906): empty #17
02-03 16:34:22.697  1497  3467 D ActivityManager: cleanUpApplicationRecord -- 4058
02-03 16:34:22.717  4463  4463 I art     : Starting a blocking GC AddRemoveAppImageSpace
02-03 16:34:22.719  4463  4463 W System  : ClassLoader referenced unknown path: /data/app/com.bhb27.kerneladiutor-1/lib/arm
02-03 16:34:22.786  1497  1542 I ActivityManager: Start proc 4479:com.cyanogenmod.lockclock/u0a106 for broadcast com.cyanogenmod.lockclock/.ClockWidgetProvider
02-03 16:34:22.790  4463  4463 I Kernel Adiutor: BootService: initialize
02-03 16:34:22.800  4463  4463 I KernelAdiutorPlugin: SU initialized
02-03 16:34:22.815  4497  4497 D su      : su invoked.
02-03 16:34:22.815  4497  4497 D su      : starting daemon client 10056 10056
02-03 16:34:22.817  4499  4499 D su      : remote pid: 4497
02-03 16:34:22.817  4499  4499 D su      : remote pts_slave: 
02-03 16:34:22.818  4499  4499 D su      : waiting for child exit
02-03 16:34:22.818  4501  4501 D su      : su invoked.
02-03 16:34:22.819  4501  4501 E su      : SU from: u0_a56
02-03 16:34:22.819  4501  4501 D su      : Checking whether app [uid:10056, pkgName: com.bhb27.kerneladiutor] is allowed to be root
02-03 16:34:22.821  4501  4501 D su      : Privilege elevation allowed by appops
02-03 16:34:22.821  4501  4501 D su      : Allowing via appops.
02-03 16:34:22.821  4501  4501 D su      : 10056 /system/bin/app_process32 executing 0 /system/bin/sh using binary /system/bin/sh : sh
02-03 16:34:22.821  2091  2091 I SuControllerImpl: Got change
02-03 16:34:22.821  4501  4501 D su      : Waiting for pid 4502.
02-03 16:34:22.857  4463  4463 I Kernel Adiutor: BootService: Applying on boot for CPUFragment
02-03 16:34:22.862  4463  4463 I Kernel Adiutor: BootService: Applying on boot for CPUVoltageFragment
02-03 16:34:22.862  4463  4463 I Kernel Adiutor: BootService: Applying on boot for MiscFragment
02-03 16:34:22.862  4463  4463 I Kernel Adiutor: BootService: Applying on boot for ScreenFragment
02-03 16:34:22.862  4463  4463 I Kernel Adiutor: BootService: Applying on boot for VMFragment
02-03 16:34:22.862  4463  4463 I Kernel Adiutor: BootService: Applying on boot for WakeFragment
02-03 16:34:22.863  4463  4463 I Kernel Adiutor: BootService: Applying on boot for WakeLockFragment
02-03 16:34:22.907  4479  4479 W System  : ClassLoader referenced unknown path: /system/app/LockClock/lib/arm
02-03 16:34:22.949  1497  3412 I ActivityManager: Start proc 4513:com.cyanogenmod.trebuchet/u0a28 for broadcast com.cyanogenmod.trebuchet/com.android.launcher3.StartupReceiver
02-03 16:34:22.951  1497  3412 I ActivityManager: Killing 3252:com.google.android.deskclock/u0a51 (adj 906): empty #17
02-03 16:34:22.977  1497  3490 D ActivityManager: cleanUpApplicationRecord -- 3252
02-03 16:34:22.991  4513  4513 I art     : Starting a blocking GC AddRemoveAppImageSpace
02-03 16:34:22.992  4513  4513 W System  : ClassLoader referenced unknown path: /system/priv-app/Trebuchet/lib/arm
02-03 16:34:23.041  1497  3488 I ActivityManager: Start proc 4528:com.google.android.apps.wallpaper/u0a107 for broadcast com.google.android.apps.wallpaper/.module.GoogleBootReceiver
02-03 16:34:23.042  1497  3487 I ActivityManager: START u0 {act=android.settings.WIFI_SETTINGS flg=0x14000000 cmp=com.android.settings/.Settings$WifiSettingsActivity} from uid 10033 on display 0
02-03 16:34:23.049  1497  3412 W InputMethodManagerService: Window already focused, ignoring focus gain of: com.android.internal.view.IInputMethodClient$Stub$Proxy@fc2442f attribute=null, token = android.os.BinderProxy@6508318
02-03 16:34:23.062  1497  3488 I ActivityManager: Killing 4085:com.qualcomm.timeservice/1000 (adj 906): empty #17
02-03 16:34:23.063  3962  3980 I FA      : Tag Manager is not found and thus will not be used
02-03 16:34:23.063  1497  3414 E ActivityManager: applyOptionsLocked: Unknown animationType=0
02-03 16:34:23.096  1497  3487 D ActivityManager: cleanUpApplicationRecord -- 4085
02-03 16:34:23.201  4528  4528 W System  : ClassLoader referenced unknown path: /system/app/Wallpaper/lib/arm
02-03 16:34:23.208  4414  4414 W TileUtils: Found org.cyanogenmod.cmparts.input.ButtonSettings for intent Intent { act=com.android.settings.action.EXTRA_SETTINGS } missing metadata com.android.settings.category
02-03 16:34:23.208  4414  4414 W TileUtils: Found org.cyanogenmod.cmparts.statusbar.StatusBarSettings for intent Intent { act=com.android.settings.action.EXTRA_SETTINGS } missing metadata com.android.settings.category
02-03 16:34:23.208  4414  4414 W TileUtils: Found com.android.systemui.tuner.TunerActivity for intent Intent { act=com.android.settings.action.EXTRA_SETTINGS } missing metadata 
02-03 16:34:23.213  4414  4414 W TileUtils: Couldn't find category com.android.settings.rr
02-03 16:34:23.300  1497  3491 I ActivityManager: Setting hasTopUi=false for pid=2091
02-03 16:34:23.301  2091  2091 D PhoneStatusBar: disable: < expand icons* alerts system_info* back home recent clock search quick_settings >
02-03 16:34:23.314  1497  3412 I ActivityManager: Start proc 4547:com.google.android.deskclock/u0a51 for broadcast com.google.android.deskclock/com.android.deskclock.AlarmInitReceiver
02-03 16:34:23.352  4547  4547 I art     : Starting a blocking GC AddRemoveAppImageSpace
02-03 16:34:23.353  4547  4547 W System  : ClassLoader referenced unknown path: /system/app/DeskClock/lib/arm
02-03 16:34:23.391  4414  4566 I IndexDatabaseHelper: Using schema version: 115
02-03 16:34:23.393  4414  4566 I IndexDatabaseHelper: Index is fine
02-03 16:34:23.405  4547  4547 I GAv4    : Google Analytics 9.2.56 is starting up. To enable debug logging on a device run:
02-03 16:34:23.405  4547  4547 I GAv4    :   adb shell setprop log.tag.GAv4 DEBUG
02-03 16:34:23.405  4547  4547 I GAv4    :   adb logcat -s GAv4
02-03 16:34:23.414  4547  4572 W GAv4    : AnalyticsReceiver is not registered or is disabled. Register the receiver for reliable dispatching on non-Google Play devices. See http://goo.gl/8Rd3yj for instructions.
02-03 16:34:23.418  4414  4566 D Index   : Indexing locale 'en_US' took 25 millis
02-03 16:34:23.420  4547  4572 W GAv4    : CampaignTrackingReceiver is not registered, not exported or is disabled. Installation campaign tracking is not possible. See http://goo.gl/8Rd3yj for instructions.
02-03 16:34:23.428  4547  4572 W GAv4    : AnalyticsService not registered in the app manifest. Hits might not be delivered reliably. See http://goo.gl/8Rd3yj for instructions.
02-03 16:34:23.430  4414  4566 D Index   : Indexing locale 'en_US' took 7 millis
02-03 16:34:23.432  4414  4569 I Adreno  : QUALCOMM build                   : a5b4970, If5818605d9
02-03 16:34:23.432  4414  4569 I Adreno  : Build Date                       : 10/12/16
02-03 16:34:23.432  4414  4569 I Adreno  : OpenGL ES Shader Compiler Version: XE031.09.00.04
02-03 16:34:23.432  4414  4569 I Adreno  : Local Branch                     : N24D
02-03 16:34:23.432  4414  4569 I Adreno  : Remote Branch                    : 
02-03 16:34:23.432  4414  4569 I Adreno  : Remote Branch                    : 
02-03 16:34:23.432  4414  4569 I Adreno  : Reconstruct Branch               : 
02-03 16:34:23.437  4414  4569 I OpenGLRenderer: Initialized EGL, version 1.4
02-03 16:34:23.437  4414  4569 D OpenGLRenderer: Swap behavior 1
02-03 16:34:23.445  4547  4547 I AlarmClock: AlarmInitReceiver android.intent.action.BOOT_COMPLETED
02-03 16:34:23.461   467   467 I ServiceManager: Waiting for service AtCmdFwd...
02-03 16:34:23.496  4547  4577 W GooglePlayServicesUtil: Google Play Store is missing.
02-03 16:34:23.498  4547  4574 E AlarmClock: Error initializing index: ConnectionResult{statusCode=SERVICE_INVALID, resolution=null, message=null}
02-03 16:34:23.505  1497  1542 I ActivityManager: Start proc 4578:com.qualcomm.telephony/1000 for broadcast com.qualcomm.atfwd/.AtFwdAutoboot
02-03 16:34:23.507  1497  1545 I ActivityManager: Killing 3568:com.android.printspooler/u0a48 (adj 906): empty #17
02-03 16:34:23.523  1497  3491 D ActivityManager: cleanUpApplicationRecord -- 3568
02-03 16:34:23.527  4414  4563 W TileUtils: Found org.cyanogenmod.cmparts.input.ButtonSettings for intent Intent { act=com.android.settings.action.EXTRA_SETTINGS } missing metadata com.android.settings.category
02-03 16:34:23.527  4414  4563 W TileUtils: Found org.cyanogenmod.cmparts.statusbar.StatusBarSettings for intent Intent { act=com.android.settings.action.EXTRA_SETTINGS } missing metadata com.android.settings.category
02-03 16:34:23.527  4414  4563 W TileUtils: Found com.android.systemui.tuner.TunerActivity for intent Intent { act=com.android.settings.action.EXTRA_SETTINGS } missing metadata 
02-03 16:34:23.528  4414  4563 W TileUtils: Couldn't find category com.android.settings.rr
02-03 16:34:23.539  4578  4578 I art     : Starting a blocking GC AddRemoveAppImageSpace
02-03 16:34:23.540  4578  4578 W System  : ClassLoader referenced unknown path: /system/priv-app/atfwd/lib/arm
02-03 16:34:23.558  4414  4564 D Index   : Deleting data for locale 'en_US' took 18 millis
02-03 16:34:23.559  4578  4578 W ContextImpl: Calling a method in the system process without a qualified user: android.app.ContextImpl.startService:1357 android.content.ContextWrapper.startService:613 android.content.ContextWrapper.startService:613 com.qualcomm.atfwd.AtFwdAutoboot.onReceive:24 android.app.ActivityThread.handleReceiver:3055 
02-03 16:34:23.570  4578  4578 E AtFwd AutoBoot: AtFwd Auto Boot Started Successfully
02-03 16:34:23.573  4578  4578 D AtFwdService: onCreate method
02-03 16:34:23.573  4578  4578 I AtFwdService: Instantiate AtCmdFwd Service
02-03 16:34:23.575  4414  4564 D Index   : Indexing locale 'en_US' took 17 millis
02-03 16:34:23.577  4578  4593 D AtCkpdCmdHandler: De-queing command
02-03 16:34:23.583  1497  1497 I chatty  : uid=1000 system_server expire 10 lines
02-03 16:34:23.615  1497  1497 I ActivityManager: Start proc 4595:com.qualcomm.qcrilmsgtunnel/1001 for broadcast com.qualcomm.qcrilmsgtunnel/.QcrilMsgTunnelAutoboot
