02-03 16:34:09.744 D/UiccCardApplication( 2268): Query facility lock : 0
02-03 16:34:09.744 D/CAT     ( 2268): CatService: handleMessage[8]
02-03 16:34:09.744 D/CAT     ( 2268): CatService: MSG_ID_ICC_CHANGED
02-03 16:34:09.744 D/CAT     ( 2268): CatService: New Card State = CARDSTATE_PRESENT Old Card State = CARDSTATE_ABSENT
02-03 16:34:09.744 D/RILJ    ( 2268): [3691]> RIL_REQUEST_REPORT_STK_SERVICE_IS_RUNNING [SUB0]
02-03 16:34:09.745 D/GsmCdmaPhone( 2268): [GsmCdmaPhone] New Uicc application found. type = APPTYPE_SIM
02-03 16:34:09.745 D/SIMRecords( 2268): [SIMRecords] getOperatorNumeric: IMSI == null
02-03 16:34:09.745 D/GsmCdmaPhone( 2268): [GsmCdmaPhone] mIccRecords = SimRecords: mDestroyed=false mContext=com.android.phone.PhoneGlobals@28d02c4 mCi=com.android.internal.telephony.RIL@b7e6f2a mFh=Handler (com.android.internal.telephony.uicc.SIMFileHandler) {47a15ad} mParentApp=com.android.internal.telephony.uicc.UiccCardApplication@b6420e2 recordsLoadedRegistrants=android.os.RegistrantList@c730c73 mImsiReadyRegistrants=android.os.RegistrantList@eb98730 mRecordsEventsRegistrants=android.os.RegistrantList@b4f5fa9 mNewSmsRegistrants=android.os.RegistrantList@5a7692e mNetworkSelectionModeAutomaticRegistrants=android.os.RegistrantList@1e7fccf recordsToLoad=17 adnCache=Handler (com.android.internal.telephony.uicc.AdnRecordCache) {5e7e65c} recordsRequested=true iccid=null msisdnTag=null voiceMailNum=null voiceMailTag=null voiceMailNum=null newVoiceMailTag=null isVoiceMailFixed=false mImsi=null mncLength=-1 mailboxIndex=0 spn=null mVmConfigcom.android.internal.telephony.uicc.VoiceMailConstants@3154d65 mSpnOverride=mSpnOverride callForwardingEnabled=0 spnState=READ_SPN_3GPP mCphsInfo=null mCspPlmnEnabled=true efMWIS=null efCPHS_MWI=null mEfCff=null mEfCfis=null getOperatorNumeric=null
02-03 16:34:09.745 D/GsmSMSDispatcher( 2268): GsmSMSDispatcher: subId = -2 slotId = 0
02-03 16:34:09.745 D/GsmSMSDispatcher( 2268): New Uicc application found
02-03 16:34:09.745 D/RILJ    ( 2268): [3666]< GET_IMEISV  [SUB0]
02-03 16:34:09.745 D/IccCardProxy( 2268): Icc changed. Reregestering.
02-03 16:34:09.745 D/UiccCardApplication( 2268): Notifying 1 registrant: READY
02-03 16:34:09.745 E/IccCardProxy( 2268): setExternalState: set mPhoneId=0 mExternalState=READY
02-03 16:34:09.745 D/TelephonyManager( 2268): setTelephonyProperty: success phoneId=0 property=gsm.sim.state value: READY propVal=READY
02-03 16:34:09.746 D/IccCardProxy( 2268): broadcastIccStateChangedIntent intent ACTION_SIM_STATE_CHANGED value=READY reason=null for mPhoneId=0
02-03 16:34:09.748 D/SST     ( 2268): New card found
02-03 16:34:09.748 D/UiccCardApplication( 2268): Notifying 1 registrant: READY
02-03 16:34:09.748 D/CAT     ( 2268): CatService: handleMessage[8]
02-03 16:34:09.748 D/CAT     ( 2268): CatService: MSG_ID_ICC_CHANGED
02-03 16:34:09.748 D/CAT     ( 2268): CatService: New Card State = CARDSTATE_PRESENT Old Card State = CARDSTATE_PRESENT
02-03 16:34:09.748 D/GsmCdmaPhone( 2268): [GsmCdmaPhone] Baseband version: MDM9625_104438.245.02.85R
02-03 16:34:09.749 D/Phone   ( 2268): Get video call forwarding info from preferences
02-03 16:34:09.749 D/SubscriptionController( 2268): [getActiveSubInfoList] Sub Controller not ready
02-03 16:34:09.750 E/IccCardProxy( 2268): setExternalState: !override and newstate unchanged from READY
02-03 16:34:09.751 D/SubscriptionInfoUpdater( 2268): [Receiver]+
02-03 16:34:09.751 D/SubscriptionInfoUpdater( 2268): Action: android.intent.action.SIM_STATE_CHANGED
02-03 16:34:09.751 D/SubscriptionInfoUpdater( 2268): slotId: 0
02-03 16:34:09.751 D/SubscriptionInfoUpdater( 2268): simStatus: READY
02-03 16:34:09.751 D/SubscriptionInfoUpdater( 2268): Ignoring simStatus: READY
02-03 16:34:09.751 D/SubscriptionInfoUpdater( 2268): [Receiver]-
02-03 16:34:09.751 D/SST     ( 2268): set service state as POWER_OFF
02-03 16:34:09.751 D/SST     ( 2268): Poll ServiceState done:  oldSS=[1 1 voice home data home null null null null null null  Unknown Unknown CSS not supported -1 -1 RoamInd=-1 DefRoamInd=-1 EmergOnly=false IsDataRoamingFromRegistration=false IsUsingCarrierAggregation=false] newSS=[3 3 voice home data home null null null null null null  Unknown Unknown CSS not supported -1 -1 RoamInd=-1 DefRoamInd=-1 EmergOnly=false IsDataRoamingFromRegistration=false IsUsingCarrierAggregation=false] oldMaxDataCalls=1 mNewMaxDataCalls=1 oldReasonDataDenied=-1 mNewReasonDataDenied=-1
02-03 16:34:09.751 D/RILJ    ( 2268): [3691]< RIL_REQUEST_REPORT_STK_SERVICE_IS_RUNNING  [SUB0]
02-03 16:34:09.752 D/SubscriptionController( 2268): [getPhoneId]- no sims, returning default phoneId=2147483647
02-03 16:34:09.752 D/SIMRecords( 2268): [SIMRecords] getServiceProviderName: no brandOverride, providerName=null
02-03 16:34:09.752 D/SST     ( 2268): updateSpnDisplay: radio is off w/ showPlmn=true plmn=No service
02-03 16:34:09.752 D/SIMRecords( 2268): [SIMRecords] getServiceProviderName: no brandOverride, providerName=null
02-03 16:34:09.752 D/SST     ( 2268): updateSpnDisplay: changed sending intent rule=2 showPlmn='true' plmn='No service' showSpn='false' spn='null' dataSpn='null' subId='-2'
02-03 16:34:09.755 D/SubscriptionController( 2268): [setPlmnSpn] No valid subscription to store info
02-03 16:34:09.755 D/SubscriptionController( 2268): notifySubscriptionInfoChanged:
02-03 16:34:09.757 D/RILJ    ( 2268): [3665]< GET_IMEI  [SUB0]
02-03 16:34:09.759 D/SubscriptionController( 2268): [getActiveSubInfoList] Sub Controller not ready
02-03 16:34:09.759 D/SubscriptionController( 2268): [getActiveSubInfoList] Sub Controller not ready
02-03 16:34:09.760 D/TelephonyManager( 2268): setTelephonyProperty: success phoneId=0 property=gsm.operator.alpha value:  propVal=
02-03 16:34:09.760 D/TelephonyManager( 2268): setTelephonyProperty: success phoneId=0 property=gsm.operator.numeric value:  propVal=
02-03 16:34:09.760 D/SubscriptionController( 2268): [getActiveSubInfoList] Sub Controller not ready
02-03 16:34:09.760 D/SST     ( 2268): operatorNumeric is null
02-03 16:34:09.760 D/TelephonyManager( 2268): setTelephonyProperty: success phoneId=0 property=gsm.operator.iso-country value:  propVal=
02-03 16:34:09.761 D/TelephonyManager( 2268): setTelephonyProperty: success phoneId=0 property=gsm.operator.isroaming value: false propVal=false
02-03 16:34:09.761 D/SST     ( 2268): Broadcasting ServiceState : 3 3 voice home data home null null null null null null  Unknown Unknown CSS not supported -1 -1 RoamInd=-1 DefRoamInd=-1 EmergOnly=false IsDataRoamingFromRegistration=false IsUsingCarrierAggregation=false
02-03 16:34:09.761 D/DefaultPhoneNotifier( 2268): nofityServiceState: mRegistry=com.android.internal.telephony.ITelephonyRegistry$Stub$Proxy@ebae47e ss=3 3 voice home data home null null null null null null  Unknown Unknown CSS not supported -1 -1 RoamInd=-1 DefRoamInd=-1 EmergOnly=false IsDataRoamingFromRegistration=false IsUsingCarrierAggregation=false sender=Handler (com.android.internal.telephony.GsmCdmaPhone) {934c801} phondId=0 subId=-2
02-03 16:34:09.762 D/RILJ    ( 2268): [3669]< RIL_REQUEST_QUERY_TTY_MODE {0} [SUB0]
02-03 16:34:09.768 D/SubscriptionController( 2268): [getSlotId]- subId invalid
02-03 16:34:09.769 D/RILJ    ( 2268): [3659]< OPERATOR {null, null, null, null, null, null} [SUB0]
02-03 16:34:09.769 D/TelephonyManager( 1497): getSimState: default sim:-1, sim state for slotIdx=0 is 5, return state as unknown
02-03 16:34:09.771 D/SST     ( 2268): notifyDataRegStateRilRadioTechnologyChanged: drs=3 rat=0
02-03 16:34:09.771 D/TelephonyManager( 2268): setTelephonyProperty: success phoneId=0 property=gsm.network.type value: Unknown propVal=Unknown
02-03 16:34:09.771 D/DCT     ( 2268): [0]get all active apn types
02-03 16:34:09.771 D/SST     ( 2268): SubscriptionListener.onSubscriptionInfoChanged
02-03 16:34:09.772 E/Phone   ( 2268): getStoredVoiceMessageCount: invalid subId -2
02-03 16:34:09.772 D/GsmCdmaPhone( 2268): [GsmCdmaPhone] updateVoiceMail countVoiceMessages = 0 subId -2
02-03 16:34:09.772 E/Phone   ( 2268): setVoiceMessageCount in sharedPreference: invalid subId -2
02-03 16:34:09.772 D/DCT     ( 2268): [0]SubscriptionListener.onSubscriptionInfoChanged
02-03 16:34:09.775 D/SubscriptionController( 2268): [getActiveSubInfoList] Sub Controller not ready
02-03 16:34:09.775 D/SubscriptionController( 2268): [getPhoneId]- no sims, returning default phoneId=2147483647
02-03 16:34:09.776 D/SubscriptionController( 2268): [getActiveSubInfoList] Sub Controller not ready
02-03 16:34:09.792 E/RILQ    (  417): (0/417): RIL[0][qmi_cb] qcril_uim_qmi_conv_open_logical_channel_resp: response error: 0x50
02-03 16:34:09.796 D/DCT     ( 2268): [0]setupDataOnConnectableApns: nwTypeChanged hipri:[state=IDLE,enabled=false] mms:[state=IDLE,enabled=false] supl:[state=IDLE,enabled=false] cbs:[state=IDLE,enabled=false] dun:[state=IDLE,enabled=false] fota:[state=IDLE,enabled=false] ims:[state=IDLE,enabled=false] default:[state=IDLE,enabled=false] emergency:[state=IDLE,enabled=false] 
02-03 16:34:09.805 D/RILJ    ( 2268): [3660]< DATA_REGISTRATION_STATE {0, null, null, null, 0, 20, null, null, null, null, null} [SUB0]
02-03 16:34:09.831 D/RILJ    ( 2268): [3661]< VOICE_REGISTRATION_STATE {2, null, null, 0, null, null, null, 0, null, null, null, null, null, 0, null} [SUB0]
02-03 16:34:09.832 D/RILJ    ( 2268): [3662]< QUERY_NETWORK_SELECTION_MODE {0} [SUB0]
02-03 16:34:09.832 D/SST     ( 2268): EVENT_POLL_STATE_NETWORK_SELECTION_MODE
02-03 16:34:09.902 D/RILJ    ( 2268): [3651]< SET_SUPP_SVC_NOTIFICATION  [SUB0]
02-03 16:34:09.916 E/RILQ    (  417): (0/417): RIL[0][event] qcril_gstk_qmi_get_recovery_proactive_cache: Error GET_CACHED_PROACTIVE_CMD_REQ, qmi_err_code: 0x0, result: 0x1, error: 0x47
02-03 16:34:09.928 E/RILQ    (  417): (0/417): RIL[0][event] qcril_gstk_qmi_get_recovery_proactive_cache: Error GET_CACHED_PROACTIVE_CMD_REQ, qmi_err_code: 0x0, result: 0x1, error: 0x47
02-03 16:34:09.938 D/RILJ    ( 2268): [3670]< QUERY_FACILITY_LOCK {0} [SUB0]
02-03 16:34:09.938 D/UiccCardApplication( 2268): Query facility FDN : FDN service available: true enabled: false
02-03 16:34:09.946 I/RILQ    (  417): (0/417):RIL[0][event] qcril_common_update_current_imsi: cur imsi 724045013177656, is gwl 1
02-03 16:34:09.949 D/RILJ    ( 2268): [3673]< GET_IMSI  [SUB0]
02-03 16:34:09.949 D/SIMRecords( 2268): [SIMRecords] IMSI: mMncLength=-1
02-03 16:34:09.949 D/SIMRecords( 2268): [SIMRecords] IMSI: 724045[hT0zMuDmobTHQ0k_8jY6wr0sdhs]
02-03 16:34:09.949 D/SIMRecords( 2268): [SIMRecords] onRecordLoaded 16 requested: true
02-03 16:34:09.950 D/IccCardProxy( 2268): broadcastIccStateChangedIntent intent ACTION_SIM_STATE_CHANGED value=IMSI reason=null for mPhoneId=0
02-03 16:34:09.955 D/SubscriptionInfoUpdater( 2268): [Receiver]+
02-03 16:34:09.955 D/SubscriptionInfoUpdater( 2268): Action: android.intent.action.SIM_STATE_CHANGED
02-03 16:34:09.955 D/SubscriptionInfoUpdater( 2268): slotId: 0
02-03 16:34:09.955 D/SubscriptionInfoUpdater( 2268): simStatus: IMSI
02-03 16:34:09.955 D/SubscriptionInfoUpdater( 2268): Ignoring simStatus: IMSI
02-03 16:34:09.955 D/SubscriptionInfoUpdater( 2268): [Receiver]-
02-03 16:34:09.956 D/RilRequest( 2268): [3672]< RIL_REQUEST_SIM_OPEN_CHANNEL error: com.android.internal.telephony.CommandException: NO_SUCH_ELEMENT ret=
02-03 16:34:09.957 D/UiccCard( 2268): Error in SIM access with exceptioncom.android.internal.telephony.CommandException: NO_SUCH_ELEMENT
02-03 16:34:09.957 D/UiccPkcs15( 2268): Creating UiccPkcs15
02-03 16:34:09.957 D/RILJ    ( 2268): [3692]> RIL_REQUEST_SIM_OPEN_CHANNEL [SUB0]
02-03 16:34:09.959 D/RILJ    ( 2268): [3674]< SIM_IO IccIoResponse sw1:0x90 sw2:0x0 [SUB0]
02-03 16:34:09.962 I/RILQ    (  417): (0/417):RIL[0][event] qcril_qmi_nas_dms_op_state_update_handler: reported op mode LPM
02-03 16:34:09.962 I/RILQ    (  417): (0/417):RIL[0][event] qcril_qmi_nas_dms_op_state_update_handler: expected op mode LPM
02-03 16:34:09.964 D/RILJ    ( 2268): [3693]> iccIO: SIM_IO 0xb0 0x2fe2  path: 3F00,0,0,10 aid:  [SUB0]
02-03 16:34:09.973 D/SubscriptionController( 2268): [getActiveSubInfoList] Sub Controller not ready
02-03 16:34:09.976 D/RILJ    ( 2268): [3675]< SIM_IO IccIoResponse sw1:0x90 sw2:0x0 [SUB0]
02-03 16:34:09.977 D/RILJ    ( 2268): [3654]< RADIO_POWER  [SUB0]
02-03 16:34:09.977 D/RILJ    ( 2268): [UNSL]< UNSOL_RESPONSE_RADIO_STATE_CHANGED RADIO_OFF [SUB0]
02-03 16:34:09.979 D/RILJ    ( 2268): [3694]> iccIO: SIM_IO 0xb2 0x6f40  path: 3F007F10,1,4,28 aid:  [SUB0]
02-03 16:34:09.979 I/RILQ    (  417): (0/417):RIL[0][event] qcril_qmi_nas_reset_data_snapshot_cache_and_timer: Resetting snapshot timer
02-03 16:34:09.979 D/SubscriptionController( 2268): [getPhoneId]- no sims, returning default phoneId=2147483647
02-03 16:34:09.983 E/use-Rlog/RLOG-RIL-MOTEXT(  417): qcrilUpdAPMState, called , state =1
02-03 16:34:09.983 D/RILJ    ( 2268): [UNSL]< UNSOL_RESPONSE_VOICE_NETWORK_STATE_CHANGED [SUB0]
02-03 16:34:09.983 D/RILJ    ( 2268): [3695]> OPERATOR [SUB0]
02-03 16:34:09.985 D/RILJ    ( 2268): [3696]> DATA_REGISTRATION_STATE [SUB0]
02-03 16:34:09.985 D/RILJ    ( 2268): [3697]> VOICE_REGISTRATION_STATE [SUB0]
02-03 16:34:09.986 D/RILJ    ( 2268): [3698]> QUERY_NETWORK_SELECTION_MODE [SUB0]
02-03 16:34:09.990 D/RilRequest( 2268): [3676]< SIM_IO error: com.android.internal.telephony.CommandException: GENERIC_FAILURE ret=IccIoResponse sw1:0x94 sw2:0x4
02-03 16:34:09.990 D/RILJ    ( 2268): [3695]< OPERATOR {null, null, null, null, null, null} [SUB0]
02-03 16:34:09.990 D/RILJ    ( 2268): [3699]> iccIO: SIM_IO 0xc0 0x6f17  path: 3F007F20,0,0,15 aid:  [SUB0]
02-03 16:34:09.991 D/SIMRecords( 2268): [SIMRecords] onRecordLoaded 16 requested: true
02-03 16:34:09.993 D/RILJ    ( 2268): [3677]< SIM_IO IccIoResponse sw1:0x90 sw2:0x0 [SUB0]
02-03 16:34:09.994 D/RILJ    ( 2268): [3700]> iccIO: SIM_IO 0xb0 0x6fad  path: 3F007F20,0,0,4 aid:  [SUB0]
02-03 16:34:09.996 D/RilRequest( 2268): [3678]< SIM_IO error: com.android.internal.telephony.CommandException: GENERIC_FAILURE ret=IccIoResponse sw1:0x94 sw2:0x4
02-03 16:34:09.996 D/SIMRecords( 2268): [SIMRecords] EF_MWIS : null
02-03 16:34:09.996 D/SIMRecords( 2268): [SIMRecords] EVENT_GET_MWIS_DONE exception = com.android.internal.telephony.CommandException: GENERIC_FAILURE
02-03 16:34:09.996 D/SIMRecords( 2268): [SIMRecords] onRecordLoaded 15 requested: true
02-03 16:34:09.997 D/RILJ    ( 2268): [3679]< SIM_IO IccIoResponse sw1:0x90 sw2:0x0 [SUB0]
02-03 16:34:09.998 D/RILJ    ( 2268): [3701]> iccIO: SIM_IO 0xb0 0x6f11  path: 3F007F20,0,0,4 aid:  [SUB0]
02-03 16:34:10.000 D/RilRequest( 2268): [3680]< SIM_IO error: com.android.internal.telephony.CommandException: GENERIC_FAILURE ret=IccIoResponse sw1:0x94 sw2:0x4
02-03 16:34:10.000 D/SIMRecords( 2268): [SIMRecords] onRecordLoaded 14 requested: true
02-03 16:34:10.033 D/RILJ    ( 2268): [3698]< QUERY_NETWORK_SELECTION_MODE {0} [SUB0]
02-03 16:34:10.033 D/SST     ( 2268): EVENT_POLL_STATE_NETWORK_SELECTION_MODE
02-03 16:34:10.033 D/RILJ    ( 2268): [3696]< DATA_REGISTRATION_STATE {2, null, null, null, 0, 20, null, null, null, null, null} [SUB0]
02-03 16:34:10.034 D/SST     ( 2268): handlPollStateResultMessage: GsmSST setDataRegState=1 regState=2 dataRadioTechnology=0
02-03 16:34:10.092 D/RILJ    ( 2268): [3697]< VOICE_REGISTRATION_STATE {2, null, null, 0, null, null, null, 0, null, null, null, null, null, 0, null} [SUB0]
02-03 16:34:10.095 D/SST     ( 2268): set service state as POWER_OFF
02-03 16:34:10.095 D/SST     ( 2268): Poll ServiceState done:  oldSS=[3 3 voice home data home null null null null null null  Unknown Unknown CSS not supported -1 -1 RoamInd=-1 DefRoamInd=-1 EmergOnly=false IsDataRoamingFromRegistration=false IsUsingCarrierAggregation=false] newSS=[3 3 voice home data home null null null null null null  Unknown Unknown CSS not supported -1 -1 RoamInd=-1 DefRoamInd=-1 EmergOnly=false IsDataRoamingFromRegistration=false IsUsingCarrierAggregation=false] oldMaxDataCalls=1 mNewMaxDataCalls=20 oldReasonDataDenied=-1 mNewReasonDataDenied=-1
02-03 16:34:10.106 D/RILJ    ( 2268): [3681]< SIM_IO IccIoResponse sw1:0x90 sw2:0x0 [SUB0]
02-03 16:34:10.106 D/RILJ    ( 2268): [3702]> iccIO: SIM_IO 0xb0 0x6f13  path: 3F007F20,0,0,4 aid:  [SUB0]
02-03 16:34:10.117 D/RILJ    ( 2268): [3682]< SIM_IO IccIoResponse sw1:0x90 sw2:0x0 [SUB0]
02-03 16:34:10.117 D/RILJ    ( 2268): [3703]> iccIO: SIM_IO 0xb0 0x6f46  path: 3F007F20,0,0,17 aid:  [SUB0]
02-03 16:34:10.132 E/RILQ    (  417): (0/417): RIL[0][qmi_cb] qcril_uim_qmi_conv_open_logical_channel_resp: response error: 0x50
02-03 16:34:10.133 D/RilRequest( 2268): [3683]< SIM_IO error: com.android.internal.telephony.CommandException: GENERIC_FAILURE ret=IccIoResponse sw1:0x94 sw2:0x4
02-03 16:34:10.133 D/SIMRecords( 2268): [SIMRecords] onRecordLoaded 13 requested: true
02-03 16:34:10.142 D/RilRequest( 2268): [3684]< SIM_IO error: com.android.internal.telephony.CommandException: GENERIC_FAILURE ret=IccIoResponse sw1:0x94 sw2:0x4
02-03 16:34:10.143 D/SIMRecords( 2268): [SIMRecords] onRecordLoaded 12 requested: true
02-03 16:34:10.159 D/RILJ    ( 2268): [3685]< SIM_IO IccIoResponse sw1:0x90 sw2:0x0 [SUB0]
02-03 16:34:10.160 D/RILJ    ( 2268): [3704]> iccIO: SIM_IO 0xb0 0x6f38  path: 3F007F20,0,0,12 aid:  [SUB0]
02-03 16:34:10.160 I/RILQ    (  417): (0/417):RIL[0][event] qcril_qmi_nas_dms_op_state_update_handler: reported op mode ONLINE
02-03 16:34:10.160 I/RILQ    (  417): (0/417):RIL[0][event] qcril_qmi_nas_dms_op_state_update_handler: expected op mode ONLINE
02-03 16:34:10.160 E/use-Rlog/RLOG-RIL-MOTEXT(  417): qcrilUpdAPMState, called , state =0
02-03 16:34:10.168 D/RILJ    ( 2268): [3658]< RADIO_POWER  [SUB0]
02-03 16:34:10.169 D/RILJ    ( 2268): [UNSL]< UNSOL_RESPONSE_RADIO_STATE_CHANGED RADIO_ON [SUB0]
02-03 16:34:10.170 D/SST     ( 2268): mDeviceShuttingDown=false, mDesiredPowerState=true, getRadioState=RADIO_ON, mPowerOffDelayNeed=true, mAlarmSwitch=false, mRadioDisabledByCarrier=false
02-03 16:34:10.170 D/RILJ    ( 2268): [3705]> OPERATOR [SUB0]
02-03 16:34:10.171 D/RILJ    ( 2268): [3706]> DATA_REGISTRATION_STATE [SUB0]
02-03 16:34:10.171 D/RILJ    ( 2268): [3707]> VOICE_REGISTRATION_STATE [SUB0]
02-03 16:34:10.172 D/RILJ    ( 2268): [3708]> QUERY_NETWORK_SELECTION_MODE [SUB0]
02-03 16:34:10.174 D/RILJ    ( 2268): [3709]> GET_CURRENT_CALLS [SUB0]
02-03 16:34:10.175 D/RILJ    ( 2268): [3710]> RIL_REQUEST_IMS_REGISTRATION_STATE [SUB0]
02-03 16:34:10.175 D/RILJ    ( 2268): [3711]> RIL_REQUEST_CDMA_GET_SUBSCRIPTION_SOURCE [SUB0]
02-03 16:34:10.176 D/GsmCdmaPhone( 2268): [GsmCdmaPhone] Event EVENT_RADIO_ON Received
02-03 16:34:10.176 D/RILJ    ( 2268): [3712]> RIL_REQUEST_VOICE_RADIO_TECH [SUB0]
02-03 16:34:10.178 D/RILJ    ( 2268): [3705]< OPERATOR {null, null, null, null, null, null} [SUB0]
02-03 16:34:10.196 D/RILJ    ( 2268): [3686]< SIM_IO IccIoResponse sw1:0x90 sw2:0x0 [SUB0]
02-03 16:34:10.197 D/RILJ    ( 2268): [3713]> iccIO: SIM_IO 0xb0 0x6f16  path: 3F007F20,0,0,3 aid:  [SUB0]
02-03 16:34:10.203 D/RILJ    ( 2268): [3687]< SIM_IO IccIoResponse sw1:0x90 sw2:0x0 [SUB0]
02-03 16:34:10.203 D/RILJ    ( 2268): [3714]> iccIO: SIM_IO 0xb0 0x6f15  path: 3F007F20,0,0,24 aid:  [SUB0]
02-03 16:34:10.212 D/RILJ    ( 2268): [3706]< DATA_REGISTRATION_STATE {2, null, null, null, 0, 20, null, null, null, null, null} [SUB0]
02-03 16:34:10.213 D/SST     ( 2268): handlPollStateResultMessage: GsmSST setDataRegState=1 regState=2 dataRadioTechnology=0
02-03 16:34:10.216 D/RILJ    ( 2268): [3708]< QUERY_NETWORK_SELECTION_MODE {0} [SUB0]
02-03 16:34:10.216 D/SST     ( 2268): EVENT_POLL_STATE_NETWORK_SELECTION_MODE
02-03 16:34:10.217 E/use-Rlog/RLOG-RIL-MOTEXT(  417): qcrilUpdVoiceCallCount, called , VcCount =0
02-03 16:34:10.217 I/RILQ    (  417): (0/417):RIL[0][main] qcril_qmi_get_call_list_to_send: RILVI: calls rep: reported/skipped 0/0 calls
02-03 16:34:10.218 D/RILJ    ( 2268): [3688]< SIM_IO IccIoResponse sw1:0x90 sw2:0x0 [SUB0]
02-03 16:34:10.218 D/RILJ    ( 2268): [3715]> iccIO: SIM_IO 0xb0 0x6f3e  path: 3F007F20,0,0,9 aid:  [SUB0]
02-03 16:34:10.220 D/RILJ    ( 2268): [3709]< GET_CURRENT_CALLS {} [SUB0]
02-03 16:34:10.223 D/GsmCdmaCallTracker( 2268): Event EVENT_POLL_CALLS_RESULT Received
02-03 16:34:10.223 D/GsmCdmaCallTracker( 2268): [GsmCdmaCallTracker] update phone state, old=IDLE new=IDLE
02-03 16:34:10.232 D/RILJ    ( 2268): [3689]< SIM_IO IccIoResponse sw1:0x90 sw2:0x0 [SUB0]
02-03 16:34:10.233 D/RILJ    ( 2268): [3716]> iccIO: SIM_IO 0xb0 0x6f3f  path: 3F007F20,0,0,9 aid:  [SUB0]
02-03 16:34:10.237 D/RILJ    ( 2268): [3690]< SIM_IO IccIoResponse sw1:0x90 sw2:0x0 [SUB0]
02-03 16:34:10.237 D/SIMRecords( 2268): [SIMRecords] EVENT_GET_SMS_RECORD_SIZE_DONE Size 176 total 8800 record 50
02-03 16:34:10.253 D/RilRequest( 2268): [3692]< RIL_REQUEST_SIM_OPEN_CHANNEL error: com.android.internal.telephony.CommandException: NO_SUCH_ELEMENT ret=
02-03 16:34:10.254 D/UiccCard( 2268): Error in SIM access with exceptioncom.android.internal.telephony.CommandException: NO_SUCH_ELEMENT
02-03 16:34:10.254 D/UiccPkcs15( 2268): handleMessage: 201
02-03 16:34:10.254 D/UiccPkcs15( 2268): error: com.android.internal.telephony.CommandException: NO_SUCH_ELEMENT
02-03 16:34:10.255 D/UiccPkcs15( 2268): handleMessage: 1
02-03 16:34:10.255 D/UiccPkcs15( 2268): select pkcs15 failed: com.android.internal.telephony.CommandException: NO_SUCH_ELEMENT
02-03 16:34:10.262 E/RILQ    (  417): (0/417): RIL[0][cmd-112(776)] qcril_qmi_client_send_msg_sync_ex: error 2 / 0 / 1 / 52, context msg hex 4a, service 2 
02-03 16:34:10.262 E/RILQ    (  417): (0/417): RIL[0][cmd-112(776)] qcril_sms_request_ims_registration_state: Failed to get the response of IMS NW registration state from qmi.
02-03 16:34:10.265 D/RilRequest( 2268): [3710]< RIL_REQUEST_IMS_REGISTRATION_STATE error: com.android.internal.telephony.CommandException: GENERIC_FAILURE ret=
02-03 16:34:10.265 E/RIL_ImsSms( 2268): IMS State query failed with exp com.android.internal.telephony.CommandException: GENERIC_FAILURE
02-03 16:34:10.268 D/RILJ    ( 2268): [3707]< VOICE_REGISTRATION_STATE {2, null, null, 0, null, null, null, 0, null, null, null, null, null, 0, null} [SUB0]
02-03 16:34:10.269 D/SST     ( 2268): Poll ServiceState done:  oldSS=[3 3 voice home data home null null null null null null  Unknown Unknown CSS not supported -1 -1 RoamInd=-1 DefRoamInd=-1 EmergOnly=false IsDataRoamingFromRegistration=false IsUsingCarrierAggregation=false] newSS=[1 1 voice home data home null null null null null null  Unknown Unknown CSS not supported -1 -1 RoamInd=-1 DefRoamInd=-1 EmergOnly=false IsDataRoamingFromRegistration=false IsUsingCarrierAggregation=false] oldMaxDataCalls=20 mNewMaxDataCalls=20 oldReasonDataDenied=-1 mNewReasonDataDenied=-1
02-03 16:34:10.271 D/SIMRecords( 2268): [SIMRecords] getServiceProviderName: no brandOverride, providerName=null
02-03 16:34:10.271 D/SST     ( 2268): updateSpnDisplay: radio is on but out of service, set plmn='No service'
02-03 16:34:10.271 D/SIMRecords( 2268): [SIMRecords] getServiceProviderName: no brandOverride, providerName=null
02-03 16:34:10.272 D/TelephonyManager( 2268): setTelephonyProperty: success phoneId=0 property=gsm.operator.alpha value:  propVal=
02-03 16:34:10.273 D/TelephonyManager( 2268): setTelephonyProperty: success phoneId=0 property=gsm.operator.numeric value:  propVal=
02-03 16:34:10.274 D/RILJ    ( 2268): [3693]< SIM_IO IccIoResponse sw1:0x90 sw2:0x0 [SUB0]
02-03 16:34:10.275 D/SST     ( 2268): operatorNumeric is null
02-03 16:34:10.275 D/TelephonyManager( 2268): setTelephonyProperty: success phoneId=0 property=gsm.operator.iso-country value:  propVal=
02-03 16:34:10.276 D/TelephonyManager( 2268): setTelephonyProperty: success phoneId=0 property=gsm.operator.isroaming value: false propVal=false
02-03 16:34:10.277 D/SST     ( 2268): Broadcasting ServiceState : 1 1 voice home data home null null null null null null  Unknown Unknown CSS not supported -1 -1 RoamInd=-1 DefRoamInd=-1 EmergOnly=false IsDataRoamingFromRegistration=false IsUsingCarrierAggregation=false
02-03 16:34:10.278 D/DefaultPhoneNotifier( 2268): nofityServiceState: mRegistry=com.android.internal.telephony.ITelephonyRegistry$Stub$Proxy@ebae47e ss=1 1 voice home data home null null null null null null  Unknown Unknown CSS not supported -1 -1 RoamInd=-1 DefRoamInd=-1 EmergOnly=false IsDataRoamingFromRegistration=false IsUsingCarrierAggregation=false sender=Handler (com.android.internal.telephony.GsmCdmaPhone) {934c801} phondId=0 subId=-2
02-03 16:34:10.280 D/SubscriptionController( 2268): [getSlotId]- subId invalid
02-03 16:34:10.280 D/TelephonyManager( 1497): getSimState: default sim:-1, sim state for slotIdx=0 is 5, return state as unknown
02-03 16:34:10.282 D/SST     ( 2268): notifyDataRegStateRilRadioTechnologyChanged: drs=1 rat=0
02-03 16:34:10.282 D/TelephonyManager( 2268): setTelephonyProperty: success phoneId=0 property=gsm.network.type value: Unknown propVal=Unknown
02-03 16:34:10.283 D/DCT     ( 2268): [0]get all active apn types
02-03 16:34:10.284 D/DCT     ( 2268): [0]setupDataOnConnectableApns: nwTypeChanged hipri:[state=IDLE,enabled=false] mms:[state=IDLE,enabled=false] supl:[state=IDLE,enabled=false] cbs:[state=IDLE,enabled=false] dun:[state=IDLE,enabled=false] fota:[state=IDLE,enabled=false] ims:[state=IDLE,enabled=false] default:[state=IDLE,enabled=false] emergency:[state=IDLE,enabled=false] 
02-03 16:34:10.284 D/SIMRecords( 2268): [SIMRecords] iccid: 89550450000131776562
02-03 16:34:10.284 D/SIMRecords( 2268): [SIMRecords] onRecordLoaded 11 requested: true
02-03 16:34:10.295 D/RILJ    ( 2268): [3694]< SIM_IO IccIoResponse sw1:0x90 sw2:0x0 [SUB0]
02-03 16:34:10.299 D/RILJ    ( 2268): [3712]< RIL_REQUEST_VOICE_RADIO_TECH {3} [SUB0]
02-03 16:34:10.302 D/RilRequest( 2268): [3711]< RIL_REQUEST_CDMA_GET_SUBSCRIPTION_SOURCE error: com.android.internal.telephony.CommandException: GENERIC_FAILURE ret=
02-03 16:34:10.318 D/GsmCdmaPhone( 2268): [GsmCdmaPhone] EVENT_REQUEST_VOICE_RADIO_TECH_DONE: newVoiceTech=3
02-03 16:34:10.318 D/GsmCdmaPhone( 2268): [GsmCdmaPhone] phoneObjectUpdater: newVoiceRadioTech=3
02-03 16:34:10.318 D/GsmCdmaPhone( 2268): [GsmCdmaPhone] phoneObjectUpdater: No change ignore, newVoiceRadioTech=3 mActivePhone=GSM
02-03 16:34:10.319 D/CdmaSSM ( 2268): CDMA_SUBSCRIPTION_SOURCE event = 2
02-03 16:34:10.319 W/CdmaSSM ( 2268): Unable to get CDMA Subscription Source, Exception: com.android.internal.telephony.CommandException: GENERIC_FAILURE, result: null
02-03 16:34:10.319 D/SIMRecords( 2268): [SIMRecords] MSISDN: 
02-03 16:34:10.319 D/SIMRecords( 2268): [SIMRecords] onRecordLoaded 10 requested: true
02-03 16:34:10.380 D/RILJ    ( 2268): [UNSL]< UNSOL_RESPONSE_VOICE_NETWORK_STATE_CHANGED [SUB0]
02-03 16:34:10.381 D/RILJ    ( 2268): [3717]> OPERATOR [SUB0]
02-03 16:34:10.381 D/RILJ    ( 2268): [3718]> DATA_REGISTRATION_STATE [SUB0]
02-03 16:34:10.382 D/RILJ    ( 2268): [3719]> VOICE_REGISTRATION_STATE [SUB0]
02-03 16:34:10.383 D/RILJ    ( 2268): [3720]> QUERY_NETWORK_SELECTION_MODE [SUB0]
02-03 16:34:10.384 D/RILJ    ( 2268): [3717]< OPERATOR {null, null, null, null, null, null} [SUB0]
02-03 16:34:10.411 D/RILJ    ( 2268): [3718]< DATA_REGISTRATION_STATE {2, null, null, null, 0, 20, null, null, null, null, null} [SUB0]
02-03 16:34:10.412 D/SST     ( 2268): handlPollStateResultMessage: GsmSST setDataRegState=1 regState=2 dataRadioTechnology=0
02-03 16:34:10.437 D/RILJ    ( 2268): [3720]< QUERY_NETWORK_SELECTION_MODE {0} [SUB0]
02-03 16:34:10.437 D/SST     ( 2268): EVENT_POLL_STATE_NETWORK_SELECTION_MODE
02-03 16:34:10.440 D/RILJ    ( 2268): [3719]< VOICE_REGISTRATION_STATE {2, null, null, 0, null, null, null, 0, null, null, null, null, null, 0, null} [SUB0]
02-03 16:34:10.441 D/SST     ( 2268): Poll ServiceState done:  oldSS=[1 1 voice home data home null null null null null null  Unknown Unknown CSS not supported -1 -1 RoamInd=-1 DefRoamInd=-1 EmergOnly=false IsDataRoamingFromRegistration=false IsUsingCarrierAggregation=false] newSS=[1 1 voice home data home null null null null null null  Unknown Unknown CSS not supported -1 -1 RoamInd=-1 DefRoamInd=-1 EmergOnly=false IsDataRoamingFromRegistration=false IsUsingCarrierAggregation=false] oldMaxDataCalls=20 mNewMaxDataCalls=20 oldReasonDataDenied=-1 mNewReasonDataDenied=-1
02-03 16:34:10.472 I/RILQ    (  417): (0/417):RIL[0][event] qcril_arb_set_dsd_sys_status: old_pref_data 1 - new_data_pref 1
02-03 16:34:10.472 I/RILQ    (  417): (0/417):RIL[0][event] qcril_arb_set_dsd_sys_status: preferred dsd_sys_status nw=0x0, rat_value=0x0, so_mask=0x0000000000000800
02-03 16:34:10.483 D/RILJ    ( 2268): [3699]< SIM_IO IccIoResponse sw1:0x90 sw2:0x0 [SUB0]
02-03 16:34:10.483 D/RILJ    ( 2268): [3721]> iccIO: SIM_IO 0xb2 0x6f17  path: 3F007F20,1,4,28 aid:  [SUB0]
02-03 16:34:10.496 D/RILJ    ( 2268): [3700]< SIM_IO IccIoResponse sw1:0x90 sw2:0x0 [SUB0]
02-03 16:34:10.497 D/SIMRecords( 2268): [SIMRecords] EF_AD: 00000002
02-03 16:34:10.497 D/SIMRecords( 2268): [SIMRecords] setting4 mMncLength=2
02-03 16:34:10.497 D/SIMRecords( 2268): [SIMRecords] mccmncCode=724045
02-03 16:34:10.497 D/SIMRecords( 2268): [SIMRecords] update mccmnc=72404
02-03 16:34:10.501 D/SubscriptionController( 2268): [getPhoneId]- no sims, returning default phoneId=2147483647
02-03 16:34:10.508 D/RILJ    ( 2268): [3701]< SIM_IO IccIoResponse sw1:0x90 sw2:0x0 [SUB0]
02-03 16:34:10.509 D/RILJ    ( 2268): [3702]< SIM_IO IccIoResponse sw1:0x90 sw2:0x0 [SUB0]
02-03 16:34:10.511 D/RILJ    ( 2268): [3703]< SIM_IO IccIoResponse sw1:0x90 sw2:0x0 [SUB0]
02-03 16:34:10.513 D/RILJ    ( 2268): [3704]< SIM_IO IccIoResponse sw1:0x90 sw2:0x0 [SUB0]
02-03 16:34:10.517 D/RILJ    ( 2268): [3713]< SIM_IO IccIoResponse sw1:0x90 sw2:0x0 [SUB0]
02-03 16:34:10.518 D/RILJ    ( 2268): [3714]< SIM_IO IccIoResponse sw1:0x90 sw2:0x0 [SUB0]
02-03 16:34:10.522 D/RILJ    ( 2268): [3715]< SIM_IO IccIoResponse sw1:0x90 sw2:0x0 [SUB0]
02-03 16:34:10.524 D/RILJ    ( 2268): [3716]< SIM_IO IccIoResponse sw1:0x90 sw2:0x0 [SUB0]
02-03 16:34:10.524 E/RILQ    (  417): (0/417): RIL[0][event] get_ecc_property_name: ecc list name : ril.ecclist.
02-03 16:34:10.527 D/RILJ    ( 2268): [3721]< SIM_IO IccIoResponse sw1:0x90 sw2:0x0 [SUB0]
02-03 16:34:10.532 D/SIMRecords( 2268): [SIMRecords] onRecordLoaded 9 requested: true
02-03 16:34:10.535 D/DCT     ( 2268): [0]fetchDunApn: net.tethering.noprovisioning=true ret: null
02-03 16:34:10.535 D/DCT     ( 2268): [0]hasMatchedTetherApnSetting: APN=null
02-03 16:34:10.538 D/SIMRecords( 2268): [SIMRecords] EF_CPHS_MWI: 5a55ffff
02-03 16:34:10.538 D/SIMRecords( 2268): [SIMRecords] onRecordLoaded 8 requested: true
02-03 16:34:10.538 D/SIMRecords( 2268): [SIMRecords] EF_CFF_CPHS: 5555ffff
02-03 16:34:10.538 D/SIMRecords( 2268): [SIMRecords] onRecordLoaded 7 requested: true
02-03 16:34:10.538 D/SIMRecords( 2268): [SIMRecords] getServiceProviderName: no brandOverride, providerName=TIM
02-03 16:34:10.538 D/SIMRecords( 2268): [SIMRecords] Load EF_SPN: TIM spnDisplayCondition: 0
02-03 16:34:10.538 D/TelephonyManager( 2268): setTelephonyProperty: success phoneId=0 property=gsm.sim.operator.alpha value: TIM propVal=TIM
02-03 16:34:10.538 D/SIMRecords( 2268): [SIMRecords] onRecordLoaded 6 requested: true
02-03 16:34:10.544 D/SIMRecords( 2268): [SIMRecords] SST: UsimServiceTable[96]={ PHONEBOOK, FDN, FDN_EXTENSION, SDN, SDN_EXTENSION, BDN, BDN_EXTENSION, OUTGOING_CALL_INFO, ADVICE_OF_CHARGE, CAP_CONFIG_PARAMS_2, GROUP_ID_LEVEL_1, GROUP_ID_LEVEL_2, SPN, USER_PLMN_SELECT, MSISDN, IMAGE, LOCALISED_SERVICE_AREAS, EMLPP, EMLPP_AUTO_ANSWER, RFU, GSM_ACCESS, DATA_DL_VIA_SMS_PP, DATA_DL_VIA_SMS_CB, CALL_CONTROL_BY_USIM, MO_SMS_CONTROL_BY_USIM, RUN_AT_COMMAND, IGNORED_1, ENABLED_SERVICES_TABLE, APN_CONTROL_LIST, DEPERSONALISATION_CONTROL_KEYS, CFI_STATUS, IGNORED_2, SERVICE_PROVIDER_DISPLAY_INFO, MMS_NOTIFICATION, MMS_NOTIFICATION_EXTENSION, GPRS_CALL_CONTROL_BY_USIM, VGCS_GROUP_ID_LIST, VBS_GROUP_ID_LIST, OMA_BCAST_PROFILE, GBA_LOCAL_KEY_ESTABLISHMENT }
02-03 16:34:10.545 D/SIMRecords( 2268): [SIMRecords] onRecordLoaded 5 requested: true
02-03 16:34:10.547 D/SIMRecords( 2268): [SIMRecords] iCPHS: 023300
02-03 16:34:10.548 D/SIMRecords( 2268): [SIMRecords] onRecordLoaded 4 requested: true
02-03 16:34:10.548 D/SIMRecords( 2268): [SIMRecords] EF_CSP: 01f802f803d804f005fe0600070008b309fcc0fdd500ffff
02-03 16:34:10.548 D/SIMRecords( 2268): [SIMRecords] [CSP] found ValueAddedServicesGroup, value -3
02-03 16:34:10.548 D/SIMRecords( 2268): [SIMRecords] onRecordLoaded 3 requested: true
02-03 16:34:10.548 D/SIMRecords( 2268): [SIMRecords] GID1: ffffffffffffffffff
02-03 16:34:10.548 D/SIMRecords( 2268): [SIMRecords] onRecordLoaded 2 requested: true
02-03 16:34:10.548 D/SIMRecords( 2268): [SIMRecords] GID2: ffffffffffffffffff
02-03 16:34:10.548 D/SIMRecords( 2268): [SIMRecords] onRecordLoaded 1 requested: true
02-03 16:34:10.549 D/SIMRecords( 2268): [SIMRecords] VM: ADN Record 'Caixa Postal' '[kSziGni4kleahNvnQd70_e_ZS_8] null null' EF[MAILBOX]
02-03 16:34:10.549 D/SIMRecords( 2268): [SIMRecords] onRecordLoaded 0 requested: true
02-03 16:34:10.549 D/SIMRecords( 2268): [SIMRecords] record load complete
02-03 16:34:10.549 D/SIMRecords( 2268): [SIMRecords] Not using EF LI/EF PL
02-03 16:34:10.549 D/SIMRecords( 2268): [SIMRecords] EF_CFF: callForwardingEnabled=0
02-03 16:34:10.549 D/SIMRecords( 2268): [SIMRecords] onAllRecordsLoaded set 'gsm.sim.operator.numeric' to operator='72404'
02-03 16:34:10.549 D/TelephonyManager( 2268): setTelephonyProperty: success phoneId=0 property=gsm.sim.operator.numeric value: 72404 propVal=72404
02-03 16:34:10.550 D/SubscriptionController( 2268): [setMccMnc]+ mcc/mnc:724/4 subId:-2
02-03 16:34:10.552 D/SubscriptionController( 2268): notifySubscriptionInfoChanged:
02-03 16:34:10.556 D/SubscriptionController( 2268): [getActiveSubInfoList] Sub Controller not ready
02-03 16:34:10.558 D/SubscriptionController( 2268): [getActiveSubInfoList] Sub Controller not ready
02-03 16:34:10.558 D/SIMRecords( 2268): [SIMRecords] update icc_operator_numeric = 72404 subId = -2
02-03 16:34:10.558 D/SIMRecords( 2268): [SIMRecords] onAllRecordsLoaded set mcc imsi
02-03 16:34:10.559 D/TelephonyManager( 2268): setTelephonyProperty: success phoneId=0 property=gsm.sim.operator.iso-country value: br propVal=br
02-03 16:34:10.561 D/SST     ( 2268): SubscriptionListener.onSubscriptionInfoChanged
02-03 16:34:10.561 D/DCT     ( 2268): [0]SubscriptionListener.onSubscriptionInfoChanged
02-03 16:34:10.563 D/SubscriptionController( 2268): [getActiveSubInfoList] Sub Controller not ready
02-03 16:34:10.566 D/SubscriptionController( 2268): [getActiveSubInfoList] Sub Controller not ready
02-03 16:34:10.566 D/SubscriptionController( 2268): [getPhoneId]- no sims, returning default phoneId=2147483647
02-03 16:34:10.595 D/CAT     ( 2268): CatService: handleMessage[20]
02-03 16:34:10.595 D/GsmCdmaPhone( 2268): [GsmCdmaPhone] updateCurrentCarrierInProvider: mSubId = -2 currentDds = 1 operatorNumeric = 72404
02-03 16:34:10.595 D/IccCardProxy( 2268): operator=72404 mPhoneId=0
02-03 16:34:10.595 D/TelephonyManager( 2268): setTelephonyProperty: success phoneId=0 property=gsm.sim.operator.numeric value: 72404 propVal=72404
02-03 16:34:10.596 D/TelephonyManager( 2268): setTelephonyProperty: success phoneId=0 property=gsm.sim.operator.iso-country value: br propVal=br
02-03 16:34:10.596 D/IccCardProxy( 2268): Sending intent ACTION_INTERNAL_SIM_STATE_CHANGED for mPhoneId : 0
02-03 16:34:10.597 D/SST     ( 2268): EVENT_SIM_RECORDS_LOADED: what=16
02-03 16:34:10.597 D/SST     ( 2268): getOtasp: otasp not needed for GSM
02-03 16:34:10.597 D/SST     ( 2268): updateOtaspState: call notifyOtaspChanged old otaspMode=0 new otaspMode=3
02-03 16:34:10.598 D/SIMRecords( 2268): [SIMRecords] getServiceProviderName: no brandOverride, providerName=TIM
02-03 16:34:10.598 D/SST     ( 2268): updateSpnDisplay: radio is on but out of service, set plmn='No service'
02-03 16:34:10.598 D/SIMRecords( 2268): [SIMRecords] getServiceProviderName: no brandOverride, providerName=TIM
02-03 16:34:10.599 D/SST     ( 2268): updateSpnDisplay: changed sending intent rule=3 showPlmn='true' plmn='No service' showSpn='true' spn='TIM' dataSpn='TIM' subId='-2'
02-03 16:34:10.600 D/SubscriptionController( 2268): [setPlmnSpn] No valid subscription to store info
02-03 16:34:10.601 D/SubscriptionController( 2268): notifySubscriptionInfoChanged:
02-03 16:34:10.603 D/SubscriptionController( 2268): [getActiveSubInfoList] Sub Controller not ready
02-03 16:34:10.606 D/SubscriptionController( 2268): [getActiveSubInfoList] Sub Controller not ready
02-03 16:34:10.608 D/SubscriptionController( 2268): [getPhoneId]- no sims, returning default phoneId=2147483647
02-03 16:34:10.613 D/SubscriptionInfoUpdater( 2268): [Receiver]+
02-03 16:34:10.613 D/SubscriptionInfoUpdater( 2268): Action: android.intent.action.internal_sim_state_changed
02-03 16:34:10.613 D/SubscriptionInfoUpdater( 2268): slotId: 0
02-03 16:34:10.613 D/SubscriptionInfoUpdater( 2268): simStatus: LOADED
02-03 16:34:10.613 D/SubscriptionInfoUpdater( 2268): [Receiver]-
02-03 16:34:10.613 D/SST     ( 2268): SubscriptionListener.onSubscriptionInfoChanged
02-03 16:34:10.613 D/DCT     ( 2268): [0]SubscriptionListener.onSubscriptionInfoChanged
02-03 16:34:10.614 D/SubscriptionController( 2268): [getActiveSubInfoList] Sub Controller not ready
02-03 16:34:10.614 D/SubscriptionController( 2268): [getActiveSubInfoList] Sub Controller not ready
02-03 16:34:10.626 D/SubscriptionController( 2268): [getActiveSubInfoList] Sub Controller not ready
02-03 16:34:10.628 D/SubscriptionController( 2268): [getActiveSubInfoList] Sub Controller not ready
02-03 16:34:10.630 D/SubscriptionInfoUpdater( 2268): handleSimStateLoadedInternal: slotId: 0
02-03 16:34:10.630 D/SubscriptionInfoUpdater( 2268): All IccIds query complete
02-03 16:34:10.630 D/SubscriptionInfoUpdater( 2268): updateSubscriptionInfoByIccId:+ Start
02-03 16:34:10.631 D/SubscriptionController( 2268): [clearSubInfo]- no simInfo size=0
02-03 16:34:10.631 D/SubscriptionInfoUpdater( 2268): insertedSimCount = 1
02-03 16:34:10.631 D/SubscriptionController( 2268): [getSubInfoUsingSlotIdWithCheck]+ slotId:0
02-03 16:34:10.635 D/SubscriptionController( 2268): [getSubInfoUsingSlotId]- null info return
02-03 16:34:10.635 D/SubscriptionInfoUpdater( 2268): updateSubscriptionInfoByIccId: No SIM in slot 0 last time
02-03 16:34:10.635 D/SubscriptionInfoUpdater( 2268): updateSubscriptionInfoByIccId: oldIccId[0] = , sIccId[0] = 89550450000131776562
02-03 16:34:10.635 D/SubscriptionController( 2268): [addSubInfoRecord]+ iccId:89550450000131776562 slotId:0
02-03 16:34:10.639 D/SubscriptionController( 2268): [getActiveSubInfoList] Sub Controller not ready
02-03 16:34:10.652 D/SubscriptionController( 2268): [addSubInfoRecord] Record already exists
02-03 16:34:10.656 D/SubscriptionController( 2268): [addSubInfoRecord] sSlotIdxToSubId.size=1 slotId=0 subId=1 defaultSubId=1 simCount=1
02-03 16:34:10.656 D/SubscriptionController( 2268): [setDefaultFallbackSubId] subId=1
02-03 16:34:10.656 D/SubscriptionController( 2268): [setDefaultFallbackSubId] set mDefaultFallbackSubId=1
02-03 16:34:10.659 D/SubscriptionController( 2268): [setDefaultFallbackSubId] broadcast default subId changed phoneId=0 subId=1
02-03 16:34:10.661 D/SubscriptionController( 2268): [addSubInfoRecord] one sim set defaults to subId=1
02-03 16:34:10.662 D/SubscriptionController( 2268): [setDefaultDataSubId] num phones=1, subId=1 dds flex map = dds
02-03 16:34:10.662 D/SubscriptionController( 2268): [setDefaultDataSubId] phoneId=0 subId=1 RAF=786430
02-03 16:34:10.663 D/RILJ    ( 2268): [3722]> RIL_REQUEST_GET_CELL_INFO_LIST [SUB0]
02-03 16:34:10.663 D/ProxyController( 2268): setRadioCapability: Already in requested configuration, nothing to do.
02-03 16:34:10.663 D/SubscriptionController( 2268): [updateAllDataConnectionTrackers] sPhones.length=1
02-03 16:34:10.663 D/SubscriptionController( 2268): [updateAllDataConnectionTrackers] phoneId=0
02-03 16:34:10.664 D/DCT     ( 2268): [0]update sub = 1
02-03 16:34:10.664 D/DCT     ( 2268): [0]update(): Active DDS, register for all events now!
02-03 16:34:10.664 D/DCT     ( 2268): [0]New records found.
02-03 16:34:10.664 D/SST     ( 2268): mDeviceShuttingDown=false, mDesiredPowerState=true, getRadioState=RADIO_ON, mPowerOffDelayNeed=true, mAlarmSwitch=false, mRadioDisabledByCarrier=false
02-03 16:34:10.664 D/GsmCdmaPhone( 2268): [GsmCdmaPhone] updateCurrentCarrierInProvider: mSubId = 1 currentDds = 1 operatorNumeric = 72404
02-03 16:34:10.674 D/RilRequest( 2268): [3722]< RIL_REQUEST_GET_CELL_INFO_LIST error: com.android.internal.telephony.CommandException: GENERIC_FAILURE ret=
02-03 16:34:10.684 D/SubscriptionController( 2268): [broadcastDefaultDataSubIdChanged] subId=1
02-03 16:34:10.686 D/SubscriptionController( 2268): [setDefaultSmsSubId] subId=1
02-03 16:34:10.686 D/SubscriptionController( 2268): [broadcastDefaultSmsSubIdChanged] subId=1
02-03 16:34:10.689 D/SubscriptionController( 2268): [setDefaultVoiceSubId] subId=1
02-03 16:34:10.690 D/SubscriptionController( 2268): [broadcastDefaultVoiceSubIdChanged] subId=1
02-03 16:34:10.691 D/SubscriptionController( 2268): [addSubInfoRecord] hashmap(0,1)
02-03 16:34:10.705 D/SubscriptionController( 2268): [addSubInfoRecord] sim name = TIM
02-03 16:34:10.705 D/DCT     ( 2268): [0]update sub = 1
02-03 16:34:10.705 D/DCT     ( 2268): [0]update(): Active DDS, register for all events now!
02-03 16:34:10.706 D/GsmCdmaPhone( 2268): [GsmCdmaPhone] updateCurrentCarrierInProvider: mSubId = 1 currentDds = 1 operatorNumeric = 72404
02-03 16:34:10.725 D/SubscriptionController( 2268): [addSubInfoRecord]- info size=1
02-03 16:34:10.726 D/PhoneFactory( 2268): setSMSPromptOption to false
02-03 16:34:10.726 D/SubscriptionInfoUpdater( 2268): newSim = true
02-03 16:34:10.726 D/SubscriptionInfoUpdater( 2268): updateSubscriptionInfoByIccId: sInsertSimState[0] = -2
02-03 16:34:10.733 D/SubscriptionInfoUpdater( 2268): updateSubscriptionInfoByIccId: nSubCount = 1
02-03 16:34:10.734 D/SubscriptionController( 2268): [setDefaultDataSubId] num phones=1, subId=1 dds flex map = dds
02-03 16:34:10.734 D/SubscriptionController( 2268): [setDefaultDataSubId] phoneId=0 subId=1 RAF=786430
02-03 16:34:10.734 D/ProxyController( 2268): setRadioCapability: Already in requested configuration, nothing to do.
02-03 16:34:10.734 D/SubscriptionController( 2268): [updateAllDataConnectionTrackers] sPhones.length=1
02-03 16:34:10.734 D/SubscriptionController( 2268): [updateAllDataConnectionTrackers] phoneId=0
02-03 16:34:10.736 D/DCT     ( 2268): [0]update sub = 1
02-03 16:34:10.736 D/DCT     ( 2268): [0]update(): Active DDS, register for all events now!
02-03 16:34:10.737 D/GsmCdmaPhone( 2268): [GsmCdmaPhone] updateCurrentCarrierInProvider: mSubId = 1 currentDds = 1 operatorNumeric = 72404
02-03 16:34:10.753 D/SubscriptionController( 2268): [broadcastDefaultDataSubIdChanged] subId=1
02-03 16:34:10.758 D/SubscriptionController( 2268): [setDefaultVoiceSubId] subId=1
02-03 16:34:10.758 D/SubscriptionController( 2268): [broadcastDefaultVoiceSubIdChanged] subId=1
02-03 16:34:10.760 D/SubscriptionController( 2268): [setDefaultSmsSubId] subId=1
02-03 16:34:10.761 D/SubscriptionController( 2268): [broadcastDefaultSmsSubIdChanged] subId=1
02-03 16:34:10.763 D/SubscriptionController( 2268): notifySubscriptionInfoChanged:
02-03 16:34:10.764 D/SubscriptionMonitor( 2268): Phone[0] subId changed -2->1, 1 registrants
02-03 16:34:10.765 D/SubscriptionMonitor( 2268): mDefaultDataSubId = 1, 1 registrants
02-03 16:34:10.775 D/SubscriptionInfoUpdater( 2268): updateSubscriptionInfoByIccId:- SsubscriptionInfo update complete
02-03 16:34:10.779 D/SubscriptionController( 2268): [setMccMnc]+ mcc/mnc:724/4 subId:1
02-03 16:34:10.793 D/SubscriptionController( 2268): notifySubscriptionInfoChanged:
02-03 16:34:10.806 D/SubscriptionController( 2268): [getActiveSubscriptionInfo]+ subId=1 subInfo={id=1, iccId=89550450000131776562 simSlotIndex=0 displayName=TIM carrierName=No service  TIM nameSource=0 iconTint=-16746133 dataRoaming=0 iconBitmap=android.graphics.Bitmap@4c7c053 mcc 724 mnc 4 userNwMode=9}
02-03 16:34:10.806 D/SubscriptionInfoUpdater( 2268): sim name = TIM
02-03 16:34:10.806 D/SubscriptionController( 2268): [setDisplayName]+  displayName:TIM subId:1 nameSource:-1
02-03 16:34:10.806 D/SubscriptionController( 2268): validateSubId subId: 1
02-03 16:34:10.807 D/SubscriptionController( 2268): [setDisplayName]- mDisplayName:TIM set
02-03 16:34:10.818 D/SubscriptionController( 2268): notifySubscriptionInfoChanged:
02-03 16:34:10.827 D/SubscriptionInfoUpdater( 2268): Broadcasting intent ACTION_SIM_STATE_CHANGED LOADED reason null for mCardIndex: 0
02-03 16:34:10.852 D/SubscriptionController( 2268): [getActiveSubscriptionInfo]+ subId=1 subInfo={id=1, iccId=89550450000131776562 simSlotIndex=0 displayName=TIM carrierName=No service  TIM nameSource=0 iconTint=-16746133 dataRoaming=0 iconBitmap=android.graphics.Bitmap@b196245 mcc 724 mnc 4 userNwMode=9}
02-03 16:34:10.869 D/DCT     ( 2268): [0]onRecordsLoadedOrSubIdChanged: createAllApnList
02-03 16:34:10.869 D/DCT     ( 2268): [0]createAllApnList: selection=numeric = '72404'
02-03 16:34:10.874 D/DCT     ( 2268): [0]createApnList: X result=[[ApnSettingV3] TIM Connect FAST, 3375, 72404, timbrasil.br, , http://www.google.com.br, , , , 1, default | supl, IP, IP, true, 0, 0, 0, false, 0, 0, 0, 0, , , false, [ApnSettingV3] TIM WAP FAST, 3376, 72404, wap.tim.br, 200.244.116.65, http://wap.tim.com.br, , , 8080, -1, default | supl, IP, IP, true, 0, 0, 0, false, 0, 0, 0, 0, , , false, [ApnSettingV3] TIM MMS, 3377, 72404, mms.tim.br, , http://mms.tim.br, 200.179.66.242, 8080, , 1, mms, IP, IP, true, 0, 0, 0, false, 0, 0, 0, 0, , , false, [ApnSettingV3] TIM BR CONNECT FAST, 3378, 72404, tim.br, , null, , , , -1, default | supl, IP, IP, true, 0, 0, 0, false, 0, 0, 0, 0, , , false]
02-03 16:34:10.884 D/DCT     ( 2268): [0]getPreferredApn: mRequestedApnType=default cursor=android.content.ContentResolver$CursorWrapperInner@8c64ac0 cursor.count=0
02-03 16:34:10.885 D/DCT     ( 2268): [0]getPreferredApn: X not found
02-03 16:34:10.885 D/DCT     ( 2268): [0]createAllApnList: mPreferredApn=null
02-03 16:34:10.885 D/DCT     ( 2268): [0]createAllApnList: X mAllApnSettings=[[ApnSettingV3] TIM Connect FAST, 3375, 72404, timbrasil.br, , http://www.google.com.br, , , , 1, default | supl, IP, IP, true, 0, 0, 0, false, 0, 0, 0, 0, , , false, [ApnSettingV3] TIM WAP FAST, 3376, 72404, wap.tim.br, 200.244.116.65, http://wap.tim.com.br, , , 8080, -1, default | supl, IP, IP, true, 0, 0, 0, false, 0, 0, 0, 0, , , false, [ApnSettingV3] TIM MMS, 3377, 72404, mms.tim.br, , http://mms.tim.br, 200.179.66.242, 8080, , 1, mms, IP, IP, true, 0, 0, 0, false, 0, 0, 0, 0, , , false, [ApnSettingV3] TIM BR CONNECT FAST, 3378, 72404, tim.br, , null, , , , -1, default | supl, IP, IP, true, 0, 0, 0, false, 0, 0, 0, 0, , , false]
02-03 16:34:10.885 D/DCT     ( 2268): [0]setDataProfilesAsNeeded
02-03 16:34:10.885 D/DCT     ( 2268): [0]setInitialApn: E mPreferredApn=null
02-03 16:34:10.885 D/DCT     ( 2268): [0]setInitialApn: firstApnSetting=[ApnSettingV3] TIM Connect FAST, 3375, 72404, timbrasil.br, , http://www.google.com.br, , , , 1, default | supl, IP, IP, true, 0, 0, 0, false, 0, 0, 0, 0, , , false
02-03 16:34:10.885 D/DCT     ( 2268): [0]setInitialApn: defaultApnSetting=[ApnSettingV3] TIM Connect FAST, 3375, 72404, timbrasil.br, , http://www.google.com.br, , , , 1, default | supl, IP, IP, true, 0, 0, 0, false, 0, 0, 0, 0, , , false
02-03 16:34:10.885 D/DCT     ( 2268): [0]setInitialAttachApn: using defaultApnSetting
02-03 16:34:10.885 D/DCT     ( 2268): [0]setInitialAttachApn: X selected Apn=[ApnSettingV3] TIM Connect FAST, 3375, 72404, timbrasil.br, , http://www.google.com.br, , , , 1, default | supl, IP, IP, true, 0, 0, 0, false, 0, 0, 0, 0, , , false
02-03 16:34:10.885 D/RILJ    ( 2268): Set RIL_REQUEST_SET_INITIAL_ATTACH_APN [SUB0]
02-03 16:34:10.885 D/RILJ    ( 2268): [3723]> RIL_REQUEST_SET_INITIAL_ATTACH_APN, apn:timbrasil.br, protocol:IP, authType:1, username:tim, password:tim [SUB0]
02-03 16:34:10.886 D/DCT     ( 2268): [0]onRecordsLoadedOrSubIdChanged: notifying data availability
02-03 16:34:10.886 D/CdmaSSM ( 2268): subscriptionSource from settings: 0
02-03 16:34:10.887 D/DCT     ( 2268): [0]isDataAllowed: No - Not attached
02-03 16:34:10.887 D/CdmaSSM ( 2268): subscriptionSource from settings: 0
02-03 16:34:10.896 D/CdmaSSM ( 2268): subscriptionSource from settings: 0
02-03 16:34:10.900 D/CdmaSSM ( 2268): subscriptionSource from settings: 0
02-03 16:34:10.903 D/CdmaSSM ( 2268): subscriptionSource from settings: 0
02-03 16:34:10.905 D/CdmaSSM ( 2268): subscriptionSource from settings: 0
02-03 16:34:10.909 D/CdmaSSM ( 2268): subscriptionSource from settings: 0
02-03 16:34:10.911 D/CdmaSSM ( 2268): subscriptionSource from settings: 0
02-03 16:34:10.913 D/CdmaSSM ( 2268): subscriptionSource from settings: 0
02-03 16:34:10.915 D/DCT     ( 2268): [0]setupDataOnConnectableApns: simLoaded hipri:[state=IDLE,enabled=false] mms:[state=IDLE,enabled=false] supl:[state=IDLE,enabled=false] cbs:[state=IDLE,enabled=false] dun:[state=IDLE,enabled=false] fota:[state=IDLE,enabled=false] ims:[state=IDLE,enabled=false] default:[state=IDLE,enabled=false] emergency:[state=IDLE,enabled=false] 
02-03 16:34:10.920 D/SST     ( 2268): EVENT_GET_CELL_INFO_LIST: error ret null, e=com.android.internal.telephony.CommandException: GENERIC_FAILURE
02-03 16:34:10.920 D/SST     ( 2268): SST.getAllCellInfo(): X size=0 list=null
02-03 16:34:10.922 D/SST     ( 2268): SST.getAllCellInfo(): return last, back to back calls
02-03 16:34:10.922 D/SST     ( 2268): SST.getAllCellInfo(): X size=0 list=null
02-03 16:34:10.925 D/RILJ    ( 2268): [3723]< RIL_REQUEST_SET_INITIAL_ATTACH_APN  [SUB0]
02-03 16:34:10.925 D/SST     ( 2268): SubscriptionListener.onSubscriptionInfoChanged
02-03 16:34:10.926 D/Phone   ( 2268): Get video call forwarding info from preferences
