02-03 16:34:10.939 D/SubscriptionController( 2268): [getActiveSubscriptionInfo]+ subId=1 subInfo={id=1, iccId=89550450000131776562 simSlotIndex=0 displayName=TIM carrierName=No service  TIM nameSource=0 iconTint=-16746133 dataRoaming=0 iconBitmap=android.graphics.Bitmap@b65114a mcc 724 mnc 4 userNwMode=9}
02-03 16:34:10.939 D/PhoneFactory( 2268): calculatePreferredNetworkType: phoneSubId = 1 networkType = 9
02-03 16:34:10.939 D/Phone   ( 2268): setPreferredNetworkType: networkType = 9 modemRaf = 786430 rafFromType = 642574 filteredType = 9
02-03 16:34:10.939 D/RILJ    ( 2268): [3724]> REQUEST_SET_PREFERRED_NETWORK_TYPE : 9 [SUB0]
02-03 16:34:10.940 D/TelephonyManager( 2268): setTelephonyProperty: success phoneId=0 property=gsm.network.type value: Unknown propVal=Unknown
02-03 16:34:10.941 D/RILJ    ( 2268): [3724]< REQUEST_SET_PREFERRED_NETWORK_TYPE  [SUB0]
02-03 16:34:10.941 D/SubscriptionController( 2268): [setCarrierText]+ text:No service  TIM subId:1
02-03 16:34:10.954 D/SubscriptionController( 2268): notifySubscriptionInfoChanged:
02-03 16:34:10.959 D/SIMRecords( 2268): [SIMRecords] getServiceProviderName: no brandOverride, providerName=TIM
02-03 16:34:10.959 D/SST     ( 2268): updateSpnDisplay: radio is on but out of service, set plmn='No service'
02-03 16:34:10.959 D/SIMRecords( 2268): [SIMRecords] getServiceProviderName: no brandOverride, providerName=TIM
02-03 16:34:10.960 D/SST     ( 2268): updateSpnDisplay: changed sending intent rule=3 showPlmn='true' plmn='No service' showSpn='true' spn='TIM' dataSpn='TIM' subId='1'
02-03 16:34:10.962 D/SubscriptionController( 2268): [setCarrierText]+ text:No service  TIM subId:1
02-03 16:34:10.974 D/SubscriptionController( 2268): notifySubscriptionInfoChanged:
02-03 16:34:10.975 D/SIMRecords( 2268): [SIMRecords]  VoiceMessageCount from SIM CPHS = -1
02-03 16:34:10.975 D/GsmCdmaPhone( 2268): [GsmCdmaPhone] updateVoiceMail countVoiceMessages = -1 subId 1
02-03 16:34:10.975 D/Phone   ( 2268): setVoiceMessageCount: Storing Voice Mail Count = -1 for mVmCountKey = vm_count_key1 in preferences.
02-03 16:34:10.977 D/DCT     ( 2268): [0]SubscriptionListener.onSubscriptionInfoChanged
02-03 16:34:10.984 D/DCT     ( 2268): [0]onRecordsLoadedOrSubIdChanged: createAllApnList
02-03 16:34:10.985 D/DCT     ( 2268): [0]createAllApnList: selection=numeric = '72404'
02-03 16:34:10.995 D/DCT     ( 2268): [0]createApnList: X result=[[ApnSettingV3] TIM Connect FAST, 3375, 72404, timbrasil.br, , http://www.google.com.br, , , , 1, default | supl, IP, IP, true, 0, 0, 0, false, 0, 0, 0, 0, , , false, [ApnSettingV3] TIM WAP FAST, 3376, 72404, wap.tim.br, 200.244.116.65, http://wap.tim.com.br, , , 8080, -1, default | supl, IP, IP, true, 0, 0, 0, false, 0, 0, 0, 0, , , false, [ApnSettingV3] TIM MMS, 3377, 72404, mms.tim.br, , http://mms.tim.br, 200.179.66.242, 8080, , 1, mms, IP, IP, true, 0, 0, 0, false, 0, 0, 0, 0, , , false, [ApnSettingV3] TIM BR CONNECT FAST, 3378, 72404, tim.br, , null, , , , -1, default | supl, IP, IP, true, 0, 0, 0, false, 0, 0, 0, 0, , , false]
02-03 16:34:11.000 D/DCT     ( 2268): [0]getPreferredApn: mRequestedApnType=default cursor=android.content.ContentResolver$CursorWrapperInner@4994f1c cursor.count=0
02-03 16:34:11.000 D/DCT     ( 2268): [0]getPreferredApn: X not found
02-03 16:34:11.000 D/DCT     ( 2268): [0]createAllApnList: mPreferredApn=null
02-03 16:34:11.001 D/DCT     ( 2268): [0]createAllApnList: X mAllApnSettings=[[ApnSettingV3] TIM Connect FAST, 3375, 72404, timbrasil.br, , http://www.google.com.br, , , , 1, default | supl, IP, IP, true, 0, 0, 0, false, 0, 0, 0, 0, , , false, [ApnSettingV3] TIM WAP FAST, 3376, 72404, wap.tim.br, 200.244.116.65, http://wap.tim.com.br, , , 8080, -1, default | supl, IP, IP, true, 0, 0, 0, false, 0, 0, 0, 0, , , false, [ApnSettingV3] TIM MMS, 3377, 72404, mms.tim.br, , http://mms.tim.br, 200.179.66.242, 8080, , 1, mms, IP, IP, true, 0, 0, 0, false, 0, 0, 0, 0, , , false, [ApnSettingV3] TIM BR CONNECT FAST, 3378, 72404, tim.br, , null, , , , -1, default | supl, IP, IP, true, 0, 0, 0, false, 0, 0, 0, 0, , , false]
02-03 16:34:11.001 D/DCT     ( 2268): [0]setDataProfilesAsNeeded
02-03 16:34:11.001 D/DCT     ( 2268): [0]setInitialApn: E mPreferredApn=null
02-03 16:34:11.001 D/DCT     ( 2268): [0]setInitialApn: firstApnSetting=[ApnSettingV3] TIM Connect FAST, 3375, 72404, timbrasil.br, , http://www.google.com.br, , , , 1, default | supl, IP, IP, true, 0, 0, 0, false, 0, 0, 0, 0, , , false
02-03 16:34:11.001 D/DCT     ( 2268): [0]setInitialApn: defaultApnSetting=[ApnSettingV3] TIM Connect FAST, 3375, 72404, timbrasil.br, , http://www.google.com.br, , , , 1, default | supl, IP, IP, true, 0, 0, 0, false, 0, 0, 0, 0, , , false
02-03 16:34:11.001 D/DCT     ( 2268): [0]setInitialAttachApn: using defaultApnSetting
02-03 16:34:11.001 D/DCT     ( 2268): [0]setInitialAttachApn: X selected Apn=[ApnSettingV3] TIM Connect FAST, 3375, 72404, timbrasil.br, , http://www.google.com.br, , , , 1, default | supl, IP, IP, true, 0, 0, 0, false, 0, 0, 0, 0, , , false
02-03 16:34:11.001 D/RILJ    ( 2268): Set RIL_REQUEST_SET_INITIAL_ATTACH_APN [SUB0]
02-03 16:34:11.001 D/RILJ    ( 2268): [3725]> RIL_REQUEST_SET_INITIAL_ATTACH_APN, apn:timbrasil.br, protocol:IP, authType:1, username:tim, password:tim [SUB0]
02-03 16:34:11.002 D/DCT     ( 2268): [0]onRecordsLoadedOrSubIdChanged: notifying data availability
02-03 16:34:11.002 D/CdmaSSM ( 2268): subscriptionSource from settings: 0
02-03 16:34:11.003 D/DCT     ( 2268): [0]isDataAllowed: No - Not attached
02-03 16:34:11.003 D/CdmaSSM ( 2268): subscriptionSource from settings: 0
02-03 16:34:11.009 D/CdmaSSM ( 2268): subscriptionSource from settings: 0
02-03 16:34:11.011 D/CdmaSSM ( 2268): subscriptionSource from settings: 0
02-03 16:34:11.013 D/CdmaSSM ( 2268): subscriptionSource from settings: 0
02-03 16:34:11.014 D/CdmaSSM ( 2268): subscriptionSource from settings: 0
02-03 16:34:11.018 D/CdmaSSM ( 2268): subscriptionSource from settings: 0
02-03 16:34:11.020 D/CdmaSSM ( 2268): subscriptionSource from settings: 0
02-03 16:34:11.022 D/CdmaSSM ( 2268): subscriptionSource from settings: 0
02-03 16:34:11.024 D/DCT     ( 2268): [0]setupDataOnConnectableApns: simLoaded hipri:[state=IDLE,enabled=false] mms:[state=IDLE,enabled=false] supl:[state=IDLE,enabled=false] cbs:[state=IDLE,enabled=false] dun:[state=IDLE,enabled=false] fota:[state=IDLE,enabled=false] ims:[state=IDLE,enabled=false] default:[state=IDLE,enabled=false] emergency:[state=IDLE,enabled=false] 
02-03 16:34:11.026 D/TelephonyNetworkFactory[0]( 2268): onSubIdChange -2->1
02-03 16:34:11.026 D/TelephonyNetworkFactory[0]( 2268): onDefaultChange(false,true)
02-03 16:34:11.026 D/PhoneSwitcher( 2268): evaluating due to subChanged phone[0] -2->1
02-03 16:34:11.027 D/PhoneSwitcher( 2268): activate 0
02-03 16:34:11.027 D/RILJ    ( 2268): [3726]> RIL_REQUEST_ALLOW_DATA allowed: true [SUB0]
02-03 16:34:11.032 D/RILJ    ( 2268): [3725]< RIL_REQUEST_SET_INITIAL_ATTACH_APN  [SUB0]
02-03 16:34:11.042 I/RILQ    (  417): (0/417):RIL[0][main] qcril_qmi_nas_request_allow_data: Already PS attached!
02-03 16:34:11.042 I/RILQ    (  417): (0/417):RIL[0][main] qcril_qmi_nas_request_allow_data: PS ATTACH/DETACH resp 0
02-03 16:34:11.042 D/RILJ    ( 2268): [3726]< RIL_REQUEST_ALLOW_DATA  [SUB0]
02-03 16:34:11.047 D/SubscriptionController( 2268): [getActiveSubscriptionInfo]+ subId=1 subInfo={id=1, iccId=89550450000131776562 simSlotIndex=0 displayName=TIM carrierName=No service  TIM nameSource=0 iconTint=-16746133 dataRoaming=0 iconBitmap=android.graphics.Bitmap@f1e0287 mcc 724 mnc 4 userNwMode=9}
02-03 16:34:11.074 D/SST     ( 2268): SubscriptionListener.onSubscriptionInfoChanged
02-03 16:34:11.075 D/DCT     ( 2268): [0]SubscriptionListener.onSubscriptionInfoChanged
02-03 16:34:11.087 D/SubscriptionController( 2268): [getActiveSubscriptionInfo]+ subId=1 subInfo={id=1, iccId=89550450000131776562 simSlotIndex=0 displayName=TIM carrierName=No service  TIM nameSource=0 iconTint=-16746133 dataRoaming=0 iconBitmap=android.graphics.Bitmap@a2f72d9 mcc 724 mnc 4 userNwMode=9}
02-03 16:34:11.113 D/SST     ( 2268): SubscriptionListener.onSubscriptionInfoChanged
02-03 16:34:11.113 D/DCT     ( 2268): [0]SubscriptionListener.onSubscriptionInfoChanged
02-03 16:34:11.135 D/SubscriptionController( 2268): [getActiveSubscriptionInfo]+ subId=1 subInfo={id=1, iccId=89550450000131776562 simSlotIndex=0 displayName=TIM carrierName=No service  TIM nameSource=0 iconTint=-16746133 dataRoaming=0 iconBitmap=android.graphics.Bitmap@a683976 mcc 724 mnc 4 userNwMode=9}
02-03 16:34:11.148 D/SubscriptionInfoUpdater( 2268): [Receiver]+
02-03 16:34:11.148 D/SubscriptionInfoUpdater( 2268): Action: android.intent.action.SIM_STATE_CHANGED
02-03 16:34:11.148 D/SubscriptionInfoUpdater( 2268): slotId: 0
02-03 16:34:11.148 D/SubscriptionInfoUpdater( 2268): simStatus: LOADED
02-03 16:34:11.148 D/SubscriptionInfoUpdater( 2268): Ignoring simStatus: LOADED
02-03 16:34:11.148 D/SubscriptionInfoUpdater( 2268): [Receiver]-
02-03 16:34:11.178 D/SST     ( 2268): SubscriptionListener.onSubscriptionInfoChanged
02-03 16:34:11.178 D/DCT     ( 2268): [0]SubscriptionListener.onSubscriptionInfoChanged
02-03 16:34:11.203 D/SubscriptionController( 2268): [getActiveSubscriptionInfo]+ subId=1 subInfo={id=1, iccId=89550450000131776562 simSlotIndex=0 displayName=TIM carrierName=No service  TIM nameSource=0 iconTint=-16746133 dataRoaming=0 iconBitmap=android.graphics.Bitmap@4e7e45a mcc 724 mnc 4 userNwMode=9}
02-03 16:34:11.231 D/SST     ( 2268): SubscriptionListener.onSubscriptionInfoChanged
02-03 16:34:11.231 D/DCT     ( 2268): [0]SubscriptionListener.onSubscriptionInfoChanged
02-03 16:34:11.258 D/SubscriptionController( 2268): [getActiveSubscriptionInfo]+ subId=1 subInfo={id=1, iccId=89550450000131776562 simSlotIndex=0 displayName=TIM carrierName=No service  TIM nameSource=0 iconTint=-16746133 dataRoaming=0 iconBitmap=android.graphics.Bitmap@b668c03 mcc 724 mnc 4 userNwMode=9}
02-03 16:34:11.278 D/TelephonyNetworkFactory[0]( 2268): onActivePhoneSwitch(true, true)
02-03 16:34:11.291 D/SubscriptionController( 2268): [getActiveSubscriptionInfo]+ subId=1 subInfo={id=1, iccId=89550450000131776562 simSlotIndex=0 displayName=TIM carrierName=No service  TIM nameSource=0 iconTint=-16746133 dataRoaming=0 iconBitmap=android.graphics.Bitmap@9bbe55f mcc 724 mnc 4 userNwMode=9}
02-03 16:34:11.340 D/SubscriptionController( 2268): [getActiveSubscriptionInfo]+ subId=1 subInfo={id=1, iccId=89550450000131776562 simSlotIndex=0 displayName=TIM carrierName=No service  TIM nameSource=0 iconTint=-16746133 dataRoaming=0 iconBitmap=android.graphics.Bitmap@f787ef1 mcc 724 mnc 4 userNwMode=9}
02-03 16:34:11.351 D/DCT     ( 2268): [0]onEnableApn: apnContext={mApnType=default mState=IDLE mWaitingApns={null} mApnSetting={null} mReason=radioTurnedOff mDataEnabled=false mDependencyMet=true} call applyNewState
02-03 16:34:11.351 D/DCT     ( 2268): [0]applyNewState(default, true(false), true(true))
02-03 16:34:11.351 D/DCT     ( 2268): [0]trySetupData for type:default due to dataEnabled, mIsPsRestricted=false
02-03 16:34:11.353 D/CdmaSSM ( 2268): subscriptionSource from settings: 0
02-03 16:34:11.353 D/CdmaSSM ( 2268): subscriptionSource from settings: 0
02-03 16:34:11.353 D/DCT     ( 2268): [0]isDataAllowed: No - Not attached
02-03 16:34:11.353 D/CdmaSSM ( 2268): subscriptionSource from settings: 0
02-03 16:34:11.355 D/CdmaSSM ( 2268): subscriptionSource from settings: 0
02-03 16:34:11.357 D/CdmaSSM ( 2268): subscriptionSource from settings: 0
02-03 16:34:11.372 D/CdmaSSM ( 2268): subscriptionSource from settings: 0
02-03 16:34:11.374 D/CdmaSSM ( 2268): subscriptionSource from settings: 0
02-03 16:34:11.380 D/CdmaSSM ( 2268): subscriptionSource from settings: 0
02-03 16:34:11.381 D/CdmaSSM ( 2268): subscriptionSource from settings: 0
02-03 16:34:11.384 D/CdmaSSM ( 2268): subscriptionSource from settings: 0
02-03 16:34:11.387 D/DCT     ( 2268): [0]isEmergency: result=false
02-03 16:34:11.387 D/DCT     ( 2268): [0]trySetupData failed. apnContext = [type=default, mState=IDLE, mDataEnabled=true, mDependencyMet=true] data not allowed: isDataAllowed: No - Not attached. isDataEnabled(true) = false. isInternalDataEnabled = true, userDataEnabled = false, isPolicyDataEnabled = true, isCarrierDataEnabled = true
02-03 16:34:11.387 D/GsmCdmaPhone( 2268): mBroadcastReceiver: action android.telephony.action.CARRIER_CONFIG_CHANGED
02-03 16:34:11.406 D/RILJ    ( 2268): [UNSL]< UNSOL_RESPONSE_VOICE_NETWORK_STATE_CHANGED [SUB0]
02-03 16:34:11.415 E/RILQ    (  417): (0/417): RIL[0][event] qcril_qmi_nas_coex_control_process_rf_band_info: Null Pointer
02-03 16:34:11.415 V/RILJ    ( 2268): [UNSL]< UNSOL_OEM_HOOK_RAW 00100004100000000100000005000000500000000a2a0000 [SUB0]
02-03 16:34:11.428 D/RILJ    ( 2268): [UNSL]< UNSOL_RESPONSE_VOICE_NETWORK_STATE_CHANGED [SUB0]
02-03 16:34:11.428 D/RILJ    ( 2268): [UNSL]< UNSOL_RESPONSE_VOICE_NETWORK_STATE_CHANGED [SUB0]
02-03 16:34:11.431 I/RILQ    (  417): (0/417):RIL[0][event] qcril_arb_set_dsd_sys_status: old_pref_data 1 - new_data_pref 1
02-03 16:34:11.431 I/RILQ    (  417): (0/417):RIL[0][event] qcril_arb_set_dsd_sys_status: preferred dsd_sys_status nw=0x0, rat_value=0x0, so_mask=0x0000000000000000
02-03 16:34:11.431 I/RILQ    (  417): (0/417):RIL[0][event] qcril_arb_set_dsd_sys_status: preferred 1 - dsd_sys_status nw=0x0, rat_value=0x0, so_mask=0x0000000000000000
02-03 16:34:11.431 I/RILQ    (  417): (0/417):RIL[0][event] qcril_arb_set_dsd_sys_status: is_wwan_available 0
02-03 16:34:11.432 D/RILJ    ( 2268): [3727]> RIL_REQUEST_VOICE_RADIO_TECH [SUB0]
02-03 16:34:11.436 D/RILJ    ( 2268): [UNSL]< UNSOL_RESPONSE_VOICE_NETWORK_STATE_CHANGED [SUB0]
02-03 16:34:11.437 D/RILJ    ( 2268): [3727]< RIL_REQUEST_VOICE_RADIO_TECH {3} [SUB0]
02-03 16:34:11.440 D/ImsManager( 2268): updateVolteFeatureValue: available = false, enabled = true, nonTTY = true
02-03 16:34:11.441 E/ImsManager( 2268): updateImsServiceConfig: 
02-03 16:34:11.441 E/ImsManager( 2268): com.android.ims.ImsException: Service is unavailable, code = 106
02-03 16:34:11.441 E/ImsManager( 2268): 	at com.android.ims.ImsManager.checkAndThrowExceptionIfServiceUnavailable(ImsManager.java:1353)
02-03 16:34:11.441 E/ImsManager( 2268): 	at com.android.ims.ImsManager.getConfigInterface(ImsManager.java:1232)
02-03 16:34:11.441 E/ImsManager( 2268): 	at com.android.ims.ImsManager.updateVolteFeatureValue(ImsManager.java:814)
02-03 16:34:11.441 E/ImsManager( 2268): 	at com.android.ims.ImsManager.updateImsServiceConfig(ImsManager.java:774)
02-03 16:34:11.441 E/ImsManager( 2268): 	at com.android.internal.telephony.GsmCdmaPhone.handleMessage(GsmCdmaPhone.java:2122)
02-03 16:34:11.441 E/ImsManager( 2268): 	at android.os.Handler.dispatchMessage(Handler.java:102)
02-03 16:34:11.441 E/ImsManager( 2268): 	at android.os.Looper.loop(Looper.java:154)
02-03 16:34:11.441 E/ImsManager( 2268): 	at android.app.ActivityThread.main(ActivityThread.java:6176)
02-03 16:34:11.441 E/ImsManager( 2268): 	at java.lang.reflect.Method.invoke(Native Method)
02-03 16:34:11.441 E/ImsManager( 2268): 	at com.android.internal.os.ZygoteInit$MethodAndArgsCaller.run(ZygoteInit.java:888)
02-03 16:34:11.441 E/ImsManager( 2268): 	at com.android.internal.os.ZygoteInit.main(ZygoteInit.java:778)
02-03 16:34:11.443 D/GsmCdmaPhone( 2268): [GsmCdmaPhone] broadcastEmergencyCallStateChanges = false
02-03 16:34:11.443 E/GsmCdmaPhone( 2268): [GsmCdmaPhone] Invalid cdma_roaming_mode settings: -1
02-03 16:34:11.443 D/EriManager( 2268): loadEriFileFromXml: check for alternate file
02-03 16:34:11.444 D/EriManager( 2268): loadEriFileFromXml: no alternate file
02-03 16:34:11.446 D/EriManager( 2268): eriFile = eri.xml
02-03 16:34:11.450 D/EriManager( 2268): loadEriFileFromXml: eri parsing successful, file loaded. ver = 1357, # of entries = 176
02-03 16:34:11.450 D/GsmCdmaPhone( 2268): [GsmCdmaPhone] ERI read, notify registrants
02-03 16:34:11.462 D/SubscriptionController( 2268): [getActiveSubscriptionInfo]+ subId=1 subInfo={id=1, iccId=89550450000131776562 simSlotIndex=0 displayName=TIM carrierName=No service  TIM nameSource=0 iconTint=-16746133 dataRoaming=0 iconBitmap=android.graphics.Bitmap@7471b29 mcc 724 mnc 4 userNwMode=9}
02-03 16:34:11.466 D/RILJ    ( 2268): [3728]> OPERATOR [SUB0]
02-03 16:34:11.466 D/RILJ    ( 2268): [3729]> DATA_REGISTRATION_STATE [SUB0]
02-03 16:34:11.467 D/RILJ    ( 2268): [3730]> VOICE_REGISTRATION_STATE [SUB0]
02-03 16:34:11.467 D/RILJ    ( 2268): [3731]> QUERY_NETWORK_SELECTION_MODE [SUB0]
02-03 16:34:11.472 D/RILJ    ( 2268): [3732]> OPERATOR [SUB0]
02-03 16:34:11.474 D/RILJ    ( 2268): [3733]> DATA_REGISTRATION_STATE [SUB0]
02-03 16:34:11.475 D/RILJ    ( 2268): [3734]> VOICE_REGISTRATION_STATE [SUB0]
02-03 16:34:11.476 D/RILJ    ( 2268): [3735]> QUERY_NETWORK_SELECTION_MODE [SUB0]
02-03 16:34:11.476 D/RILJ    ( 2268): [3736]> OPERATOR [SUB0]
02-03 16:34:11.477 D/RILJ    ( 2268): [3737]> DATA_REGISTRATION_STATE [SUB0]
02-03 16:34:11.478 D/RILJ    ( 2268): [3738]> VOICE_REGISTRATION_STATE [SUB0]
02-03 16:34:11.479 D/RILJ    ( 2268): [3739]> QUERY_NETWORK_SELECTION_MODE [SUB0]
02-03 16:34:11.481 D/RILJ    ( 2268): [3740]> OPERATOR [SUB0]
02-03 16:34:11.482 D/RILJ    ( 2268): [3729]< DATA_REGISTRATION_STATE {2, null, null, null, 0, 20, null, null, null, null, null} [SUB0]
02-03 16:34:11.485 D/RILJ    ( 2268): [3741]> DATA_REGISTRATION_STATE [SUB0]
02-03 16:34:11.485 D/RILJ    ( 2268): [3733]< DATA_REGISTRATION_STATE {2, null, null, null, 0, 20, null, null, null, null, null} [SUB0]
02-03 16:34:11.486 D/RILJ    ( 2268): [3742]> VOICE_REGISTRATION_STATE [SUB0]
02-03 16:34:11.486 D/RILJ    ( 2268): [3737]< DATA_REGISTRATION_STATE {2, null, null, null, 0, 20, null, null, null, null, null} [SUB0]
02-03 16:34:11.487 D/RILJ    ( 2268): [3743]> QUERY_NETWORK_SELECTION_MODE [SUB0]
02-03 16:34:11.488 D/GsmCdmaPhone( 2268): [GsmCdmaPhone] EVENT_REQUEST_VOICE_RADIO_TECH_DONE: newVoiceTech=3
02-03 16:34:11.488 D/GsmCdmaPhone( 2268): [GsmCdmaPhone] phoneObjectUpdater: newVoiceRadioTech=3
02-03 16:34:11.488 D/GsmCdmaPhone( 2268): [GsmCdmaPhone] phoneObjectUpdater: No change ignore, newVoiceRadioTech=3 mActivePhone=GSM
02-03 16:34:11.498 E/use-Rlog/RLOG-RIL-MOTEXT(  417): mothook_oem_ex: header type 0, requestCode 0x0
02-03 16:34:11.501 D/RILJ    ( 2268): [3730]< VOICE_REGISTRATION_STATE {1, c4b1, 02145e79, 3, null, null, null, 0, null, null, null, null, null, 0, 6c} [SUB0]
02-03 16:34:11.501 D/RILJ    ( 2268): [3734]< VOICE_REGISTRATION_STATE {1, c4b1, 02145e79, 3, null, null, null, 0, null, null, null, null, null, 0, 6c} [SUB0]
02-03 16:34:11.502 D/RILJ    ( 2268): [3738]< VOICE_REGISTRATION_STATE {1, c4b1, 02145e79, 3, null, null, null, 0, null, null, null, null, null, 0, 6c} [SUB0]
02-03 16:34:11.502 D/RILJ    ( 2268): [3742]< VOICE_REGISTRATION_STATE {1, c4b1, 02145e79, 3, null, null, null, 0, null, null, null, null, null, 0, 6c} [SUB0]
02-03 16:34:11.502 D/RILJ    ( 2268): [3731]< QUERY_NETWORK_SELECTION_MODE {0} [SUB0]
02-03 16:34:11.502 D/RILJ    ( 2268): [3735]< QUERY_NETWORK_SELECTION_MODE {0} [SUB0]
02-03 16:34:11.502 D/RILJ    ( 2268): [3739]< QUERY_NETWORK_SELECTION_MODE {0} [SUB0]
02-03 16:34:11.502 D/RILJ    ( 2268): [3743]< QUERY_NETWORK_SELECTION_MODE {0} [SUB0]
02-03 16:34:11.502 D/SST     ( 2268): EVENT_POLL_STATE_NETWORK_SELECTION_MODE
02-03 16:34:11.502 D/SST     ( 2268): EVENT_POLL_STATE_NETWORK_SELECTION_MODE
02-03 16:34:11.503 D/SST     ( 2268): EVENT_POLL_STATE_NETWORK_SELECTION_MODE
02-03 16:34:11.503 D/SST     ( 2268): EVENT_POLL_STATE_NETWORK_SELECTION_MODE
02-03 16:34:11.503 D/RILJ    ( 2268): [3728]< OPERATOR {TIM, TIM, 72404, , , } [SUB0]
02-03 16:34:11.503 D/RILJ    ( 2268): [3732]< OPERATOR {TIM, TIM, 72404, , , } [SUB0]
02-03 16:34:11.504 D/RILJ    ( 2268): [3736]< OPERATOR {TIM, TIM, 72404, , , } [SUB0]
02-03 16:34:11.504 D/RILJ    ( 2268): [3740]< OPERATOR {TIM, TIM, 72404, , , } [SUB0]
02-03 16:34:11.513 D/RILJ    ( 2268): [3741]< DATA_REGISTRATION_STATE {2, null, null, null, 0, 20, null, null, null, null, null} [SUB0]
02-03 16:34:11.514 D/SST     ( 2268): handlPollStateResultMessage: GsmSST setDataRegState=1 regState=2 dataRadioTechnology=0
02-03 16:34:11.514 D/SST     ( 2268): Poll ServiceState done:  oldSS=[1 1 voice home data home null null null null null null  Unknown Unknown CSS not supported -1 -1 RoamInd=-1 DefRoamInd=-1 EmergOnly=false IsDataRoamingFromRegistration=false IsUsingCarrierAggregation=false] newSS=[0 1 voice home data home TIM TIM 72404 TIM TIM 72404  UMTS Unknown CSS not supported -1 -1 RoamInd=-1 DefRoamInd=-1 EmergOnly=false IsDataRoamingFromRegistration=false IsUsingCarrierAggregation=false] oldMaxDataCalls=20 mNewMaxDataCalls=20 oldReasonDataDenied=-1 mNewReasonDataDenied=-1
02-03 16:34:11.515 D/SST     ( 2268): RAT switched Unknown -> UMTS at cell 34889337
02-03 16:34:11.515 D/SST     ( 2268): pollStateDone: registering current mNitzUpdatedTime=false changing to false
02-03 16:34:11.515 D/SIMRecords( 2268): [SIMRecords] getServiceProviderName: no brandOverride, providerName=TIM
02-03 16:34:11.515 D/SIMRecords( 2268): [SIMRecords] getServiceProviderName: no brandOverride, providerName=TIM
02-03 16:34:11.516 D/SST     ( 2268): updateSpnDisplay: changed sending intent rule=1 showPlmn='false' plmn='TIM' showSpn='true' spn='TIM' dataSpn='TIM' subId='1'
02-03 16:34:11.517 D/SubscriptionController( 2268): [setCarrierText]+ text:TIM subId:1
02-03 16:34:11.532 D/SubscriptionController( 2268): notifySubscriptionInfoChanged:
02-03 16:34:11.535 D/TelephonyManager( 2268): setTelephonyProperty: success phoneId=0 property=gsm.operator.alpha value: TIM propVal=TIM
02-03 16:34:11.536 D/TelephonyManager( 2268): setTelephonyProperty: success phoneId=0 property=gsm.operator.numeric value: 72404 propVal=72404
02-03 16:34:11.536 D/SST     ( 2268): update mccmnc=72404 fromServiceState=true
02-03 16:34:11.544 D/TelephonyManager( 2268): setTelephonyProperty: success phoneId=0 property=gsm.operator.iso-country value: br propVal=br
02-03 16:34:11.551 D/SST     ( 2268): pollStateDone: there are 4 unique offsets for iso-cc='br testOneUniqueOffsetPath=false', do nothing
02-03 16:34:11.552 D/SST     ( 2268): shouldFixTimeZoneNow: retVal=true iccCardExist=true operatorNumeric=72404 mcc=724 prevOperatorNumeric= prevMcc=725 needToFixTimeZone=false ltod=02-03 16:34:11.552
02-03 16:34:11.552 D/SST     ( 2268): fixTimeZone zoneName='America/Sao_Paulo' mZoneOffset=0 mZoneDst=false iso-cc='br' iso-cc-idx=-2
02-03 16:34:11.552 D/SST     ( 2268): fixTimeZone: using default TimeZone
02-03 16:34:11.552 D/SST     ( 2268): fixTimeZone: zone != null zone.getID=America/Sao_Paulo
02-03 16:34:11.552 D/SST     ( 2268): setAndBroadcastNetworkSetTimeZone: setTimeZone=America/Sao_Paulo
02-03 16:34:11.553 D/SST     ( 2268): setAndBroadcastNetworkSetTimeZone: call alarm.setTimeZone and broadcast zoneId=America/Sao_Paulo
02-03 16:34:11.553 D/TelephonyManager( 2268): setTelephonyProperty: success phoneId=0 property=gsm.operator.isroaming value: false propVal=false
02-03 16:34:11.554 D/SST     ( 2268): Broadcasting ServiceState : 0 1 voice home data home TIM TIM 72404 TIM TIM 72404  UMTS Unknown CSS not supported -1 -1 RoamInd=-1 DefRoamInd=-1 EmergOnly=false IsDataRoamingFromRegistration=false IsUsingCarrierAggregation=false
02-03 16:34:11.554 D/DefaultPhoneNotifier( 2268): nofityServiceState: mRegistry=com.android.internal.telephony.ITelephonyRegistry$Stub$Proxy@ebae47e ss=0 1 voice home data home TIM TIM 72404 TIM TIM 72404  UMTS Unknown CSS not supported -1 -1 RoamInd=-1 DefRoamInd=-1 EmergOnly=false IsDataRoamingFromRegistration=false IsUsingCarrierAggregation=false sender=Handler (com.android.internal.telephony.GsmCdmaPhone) {934c801} phondId=0 subId=1
02-03 16:34:11.562 D/SST     ( 2268): getCellLocation(): X good mCellLoc=[50353,34889337,108]
02-03 16:34:11.562 D/TelephonyRegistry( 1497): notifyCellLocationForSubscriber: subId=1 cellLocation=Bundle[mParcelledData.dataSize=64]
02-03 16:34:11.569 D/SST     ( 2268): SST.getAllCellInfo(): return last, back to back calls
02-03 16:34:11.569 D/SST     ( 2268): SST.getAllCellInfo(): X size=0 list=null
02-03 16:34:11.569 D/GsmCdmaPhone( 2268): [GsmCdmaPhone] Event EVENT_REGISTERED_TO_NETWORK Received
02-03 16:34:11.569 D/SST     ( 2268): SubscriptionListener.onSubscriptionInfoChanged
02-03 16:34:11.569 D/DCT     ( 2268): [0]SubscriptionListener.onSubscriptionInfoChanged
02-03 16:34:11.589 D/SubscriptionController( 2268): [getActiveSubscriptionInfo]+ subId=1 subInfo={id=1, iccId=89550450000131776562 simSlotIndex=0 displayName=TIM carrierName=TIM nameSource=0 iconTint=-16746133 dataRoaming=0 iconBitmap=android.graphics.Bitmap@e2e674 mcc 724 mnc 4 userNwMode=9}
02-03 16:34:11.622 D/SubscriptionController( 2268): [getActiveSubscriptionInfo]+ subId=1 subInfo={id=1, iccId=89550450000131776562 simSlotIndex=0 displayName=TIM carrierName=TIM nameSource=0 iconTint=-16746133 dataRoaming=0 iconBitmap=android.graphics.Bitmap@2d2af5e mcc 724 mnc 4 userNwMode=9}
02-03 16:34:11.644 D/SubscriptionController( 2268): [getActiveSubscriptionInfo]+ subId=1 subInfo={id=1, iccId=89550450000131776562 simSlotIndex=0 displayName=TIM carrierName=TIM nameSource=0 iconTint=-16746133 dataRoaming=0 iconBitmap=android.graphics.Bitmap@fa92d55 mcc 724 mnc 4 userNwMode=9}
02-03 16:34:11.684 D/SubscriptionController( 2268): [getActiveSubscriptionInfo]+ subId=1 subInfo={id=1, iccId=89550450000131776562 simSlotIndex=0 displayName=TIM carrierName=TIM nameSource=0 iconTint=-16746133 dataRoaming=0 iconBitmap=android.graphics.Bitmap@41c49d1 mcc 724 mnc 4 userNwMode=9}
02-03 16:34:11.721 D/SubscriptionController( 2268): [getActiveSubscriptionInfo]+ subId=1 subInfo={id=1, iccId=89550450000131776562 simSlotIndex=0 displayName=TIM carrierName=TIM nameSource=0 iconTint=-16746133 dataRoaming=0 iconBitmap=android.graphics.Bitmap@46d4a4 mcc 724 mnc 4 userNwMode=9}
02-03 16:34:12.317 D/RILJ    ( 2268): [UNSL]< UNSOL_RESPONSE_VOICE_NETWORK_STATE_CHANGED [SUB0]
02-03 16:34:12.318 D/RILJ    ( 2268): [3744]> OPERATOR [SUB0]
02-03 16:34:12.320 D/RILJ    ( 2268): [3745]> DATA_REGISTRATION_STATE [SUB0]
02-03 16:34:12.322 D/RILJ    ( 2268): [3746]> VOICE_REGISTRATION_STATE [SUB0]
02-03 16:34:12.326 D/RILJ    ( 2268): [UNSL]< UNSOL_RESPONSE_VOICE_NETWORK_STATE_CHANGED [SUB0]
02-03 16:34:12.326 D/RILJ    ( 2268): [3747]> QUERY_NETWORK_SELECTION_MODE [SUB0]
02-03 16:34:12.339 E/use-Rlog/RLOG-RIL-MOTEXT(  417): mothook_oem_ex: header type 0, requestCode 0x0
02-03 16:34:12.343 D/RILJ    ( 2268): [3744]< OPERATOR {TIM, TIM, 72404, , , } [SUB0]
02-03 16:34:12.344 D/RILJ    ( 2268): [3746]< VOICE_REGISTRATION_STATE {1, c4b1, 02145e79, 3, null, null, null, 0, null, null, null, null, null, 0, 6c} [SUB0]
02-03 16:34:12.349 D/RILJ    ( 2268): [3747]< QUERY_NETWORK_SELECTION_MODE {0} [SUB0]
02-03 16:34:12.351 D/RILJ    ( 2268): [3745]< DATA_REGISTRATION_STATE {3, null, null, null, 7, 20, null, null, null, null, null} [SUB0]
02-03 16:34:12.408 D/RILJ    ( 2268): [3748]> OPERATOR [SUB0]
02-03 16:34:12.411 D/RILJ    ( 2268): [3749]> DATA_REGISTRATION_STATE [SUB0]
02-03 16:34:12.413 D/RILJ    ( 2268): [3750]> VOICE_REGISTRATION_STATE [SUB0]
02-03 16:34:12.414 D/RILJ    ( 2268): [3751]> QUERY_NETWORK_SELECTION_MODE [SUB0]
02-03 16:34:12.415 D/SST     ( 2268): EVENT_POLL_STATE_NETWORK_SELECTION_MODE
02-03 16:34:12.426 D/RILJ    ( 2268): [3751]< QUERY_NETWORK_SELECTION_MODE {0} [SUB0]
02-03 16:34:12.426 D/SST     ( 2268): EVENT_POLL_STATE_NETWORK_SELECTION_MODE
02-03 16:34:12.437 D/RILJ    ( 2268): [3750]< VOICE_REGISTRATION_STATE {1, c4b1, 02145e79, 3, null, null, null, 0, null, null, null, null, null, 0, 6c} [SUB0]
02-03 16:34:12.438 D/RILJ    ( 2268): [3749]< DATA_REGISTRATION_STATE {3, null, null, null, 7, 20, null, null, null, null, null} [SUB0]
02-03 16:34:12.440 D/SST     ( 2268): handlPollStateResultMessage: GsmSST setDataRegState=1 regState=3 dataRadioTechnology=0
02-03 16:34:12.475 E/use-Rlog/RLOG-RIL-MOTEXT(  417): mothook_oem_ex: header type 0, requestCode 0x0
02-03 16:34:12.476 D/RILJ    ( 2268): [3748]< OPERATOR {TIM, TIM, 72404, , , } [SUB0]
02-03 16:34:12.476 E/RILQ    (  417): (0/417): RIL[0][event] qcril_qmi_util_decode_operator_name: CHECK FAILED
02-03 16:34:12.485 D/SST     ( 2268): Poll ServiceState done:  oldSS=[0 1 voice home data home TIM TIM 72404 TIM TIM 72404  UMTS Unknown CSS not supported -1 -1 RoamInd=-1 DefRoamInd=-1 EmergOnly=false IsDataRoamingFromRegistration=false IsUsingCarrierAggregation=false] newSS=[0 1 voice home data home TIM TIM 72404 TIM TIM 72404  UMTS Unknown CSS not supported -1 -1 RoamInd=-1 DefRoamInd=-1 EmergOnly=false IsDataRoamingFromRegistration=false IsUsingCarrierAggregation=false] oldMaxDataCalls=20 mNewMaxDataCalls=20 oldReasonDataDenied=-1 mNewReasonDataDenied=7
02-03 16:34:12.498 D/RILJ    ( 2268): [UNSL]< UNSOL_NITZ_TIME_RECEIVED 17/02/03,18:34:14-08,01 [SUB0]
02-03 16:34:12.498 D/SST     ( 2268): NITZ: 17/02/03,18:34:14-08,01,70406 start=70406 delay=0
02-03 16:34:12.499 D/SST     ( 2268): NITZ: tzOffset=-7200000 dst=1 zone=America/Sao_Paulo iso=br mGotCountryCode=true mNeedFixZoneAfterNitz=true
02-03 16:34:12.499 D/SST     ( 2268): setAndBroadcastNetworkSetTimeZone: setTimeZone=America/Sao_Paulo
02-03 16:34:12.501 D/SST     ( 2268): setAndBroadcastNetworkSetTimeZone: call alarm.setTimeZone and broadcast zoneId=America/Sao_Paulo
02-03 16:34:12.502 D/SST     ( 2268): NITZ: Setting time of day to Fri Feb 03 16:34:14 GMT-02:00 2017 NITZ receive delay(ms): 4 gained(ms): 1502 from 17/02/03,18:34:14-08,01
02-03 16:34:12.502 D/SST     ( 2268): setAndBroadcastNetworkSetTime: time=1486146854004ms
02-03 16:34:14.004 D/RILJ    ( 2268): [UNSL]< UNSOL_RESPONSE_VOICE_NETWORK_STATE_CHANGED [SUB0]
02-03 16:34:14.006 I/SST     ( 2268): NITZ: after Setting time of day
02-03 16:34:14.007 D/SST     ( 2268): NITZ: end=70477 dur=8
02-03 16:34:14.014 E/use-Rlog/RLOG-RIL-MOTEXT(  417): mothook_oem_ex: header type 0, requestCode 0x0
02-03 16:34:14.016 D/RILJ    ( 2268): [3752]< OPERATOR {TIM, TIM, 72404, , , } [SUB0]
02-03 16:34:14.028 D/RILJ    ( 2268): [3753]< DATA_REGISTRATION_STATE {2, null, null, null, 0, 20, null, null, null, null, null} [SUB0]
02-03 16:34:14.028 D/SST     ( 2268): handlPollStateResultMessage: GsmSST setDataRegState=1 regState=2 dataRadioTechnology=0
02-03 16:34:14.028 D/RILJ    ( 2268): [3755]< QUERY_NETWORK_SELECTION_MODE {0} [SUB0]
02-03 16:34:14.028 D/SST     ( 2268): EVENT_POLL_STATE_NETWORK_SELECTION_MODE
02-03 16:34:14.030 D/RILJ    ( 2268): [3754]< VOICE_REGISTRATION_STATE {1, c4b1, 02145e79, 3, null, null, null, 0, null, null, null, null, null, 0, 6c} [SUB0]
02-03 16:34:14.031 D/SST     ( 2268): Poll ServiceState done:  oldSS=[0 1 voice home data home TIM TIM 72404 TIM TIM 72404  UMTS Unknown CSS not supported -1 -1 RoamInd=-1 DefRoamInd=-1 EmergOnly=false IsDataRoamingFromRegistration=false IsUsingCarrierAggregation=false] newSS=[0 1 voice home data home TIM TIM 72404 TIM TIM 72404  UMTS Unknown CSS not supported -1 -1 RoamInd=-1 DefRoamInd=-1 EmergOnly=false IsDataRoamingFromRegistration=false IsUsingCarrierAggregation=false] oldMaxDataCalls=20 mNewMaxDataCalls=20 oldReasonDataDenied=7 mNewReasonDataDenied=-1
02-03 16:34:14.052 I/SST     ( 2268): NITZ: after Setting time of day
02-03 16:34:14.053 D/SST     ( 2268): NITZ: end=70460 dur=54
02-03 16:34:14.053 D/RILJ    ( 2268): [3752]> OPERATOR [SUB0]
02-03 16:34:14.054 D/RILJ    ( 2268): [3753]> DATA_REGISTRATION_STATE [SUB0]
02-03 16:34:14.060 D/RILJ    ( 2268): [3754]> VOICE_REGISTRATION_STATE [SUB0]
02-03 16:34:14.061 D/RILJ    ( 2268): [3755]> QUERY_NETWORK_SELECTION_MODE [SUB0]
02-03 16:34:14.062 D/RILJ    ( 2268): [UNSL]< UNSOL_NITZ_TIME_RECEIVED 17/02/03,18:34:14-08,01 [SUB0]
02-03 16:34:14.062 D/SST     ( 2268): NITZ: 17/02/03,18:34:14-08,01,70469 start=70469 delay=0
02-03 16:34:14.063 D/SST     ( 2268): NITZ: tzOffset=-7200000 dst=1 zone=America/Sao_Paulo iso=br mGotCountryCode=true mNeedFixZoneAfterNitz=true
02-03 16:34:14.063 D/SST     ( 2268): setAndBroadcastNetworkSetTimeZone: setTimeZone=America/Sao_Paulo
02-03 16:34:14.064 D/SST     ( 2268): setAndBroadcastNetworkSetTimeZone: call alarm.setTimeZone and broadcast zoneId=America/Sao_Paulo
02-03 16:34:14.065 D/SST     ( 2268): NITZ: Setting time of day to Fri Feb 03 16:34:14 GMT-02:00 2017 NITZ receive delay(ms): 2 gained(ms): -62 from 17/02/03,18:34:14-08,01
02-03 16:34:14.065 D/SST     ( 2268): setAndBroadcastNetworkSetTime: time=1486146854002ms
02-03 16:34:14.193 D/WAP PUSH( 2268): Received broadcast android.intent.action.USER_UNLOCKED
02-03 16:34:14.193 D/WAP PUSH( 2268): Received broadcast android.intent.action.USER_UNLOCKED
02-03 16:34:14.194 D/SmsBroadcastUndelivered( 2268): Received broadcast android.intent.action.USER_UNLOCKED
02-03 16:34:14.194 D/SubscriptionInfoUpdater( 2268): [Receiver]+
02-03 16:34:14.194 D/SubscriptionInfoUpdater( 2268): Action: android.intent.action.USER_UNLOCKED
02-03 16:34:14.194 D/SubscriptionInfoUpdater( 2268): Broadcasting intent ACTION_SIM_STATE_CHANGED for mCardIndex: 0
02-03 16:34:14.195 D/SubscriptionInfoUpdater( 2268): [Receiver]-
02-03 16:34:14.197 D/SmsBroadcastUndelivered( 2268): scanning raw table for undelivered messages
02-03 16:34:14.216 D/SubscriptionInfoUpdater( 2268): [Receiver]+
02-03 16:34:14.216 D/SubscriptionInfoUpdater( 2268): Action: android.intent.action.SIM_STATE_CHANGED
02-03 16:34:14.216 D/SubscriptionInfoUpdater( 2268): slotId: 0
02-03 16:34:14.216 D/SubscriptionInfoUpdater( 2268): simStatus: LOADED
02-03 16:34:14.216 D/SubscriptionInfoUpdater( 2268): Ignoring simStatus: LOADED
02-03 16:34:14.216 D/SubscriptionInfoUpdater( 2268): [Receiver]-
02-03 16:34:14.394 D/SmsBroadcastUndelivered( 2268): finished scanning raw table in 197 ms
02-03 16:34:15.306 D/RILJ    ( 2268): [UNSL]< UNSOL_RESPONSE_VOICE_NETWORK_STATE_CHANGED [SUB0]
02-03 16:34:15.307 D/RILJ    ( 2268): [3756]> OPERATOR [SUB0]
02-03 16:34:15.312 D/RILJ    ( 2268): [3757]> DATA_REGISTRATION_STATE [SUB0]
02-03 16:34:15.315 D/RILJ    ( 2268): [3758]> VOICE_REGISTRATION_STATE [SUB0]
02-03 16:34:15.317 D/RILJ    ( 2268): [3759]> QUERY_NETWORK_SELECTION_MODE [SUB0]
02-03 16:34:15.348 E/use-Rlog/RLOG-RIL-MOTEXT(  417): mothook_oem_ex: header type 0, requestCode 0x0
02-03 16:34:15.352 D/RILJ    ( 2268): [3756]< OPERATOR {TIM, TIM, 72404, , , } [SUB0]
02-03 16:34:15.377 D/RILJ    ( 2268): [3758]< VOICE_REGISTRATION_STATE {1, c4b1, 02145e79, 3, null, null, null, 0, null, null, null, null, null, 0, 6c} [SUB0]
02-03 16:34:15.383 D/RILJ    ( 2268): [3757]< DATA_REGISTRATION_STATE {2, null, null, null, 0, 20, null, null, null, null, null} [SUB0]
02-03 16:34:15.384 D/SST     ( 2268): handlPollStateResultMessage: GsmSST setDataRegState=1 regState=2 dataRadioTechnology=0
02-03 16:34:15.387 D/RILJ    ( 2268): [3759]< QUERY_NETWORK_SELECTION_MODE {0} [SUB0]
02-03 16:34:15.388 D/SST     ( 2268): EVENT_POLL_STATE_NETWORK_SELECTION_MODE
02-03 16:34:15.394 D/SST     ( 2268): Poll ServiceState done:  oldSS=[0 1 voice home data home TIM TIM 72404 TIM TIM 72404  UMTS Unknown CSS not supported -1 -1 RoamInd=-1 DefRoamInd=-1 EmergOnly=false IsDataRoamingFromRegistration=false IsUsingCarrierAggregation=false] newSS=[0 1 voice home data home TIM TIM 72404 TIM TIM 72404  UMTS Unknown CSS not supported -1 -1 RoamInd=-1 DefRoamInd=-1 EmergOnly=false IsDataRoamingFromRegistration=false IsUsingCarrierAggregation=false] oldMaxDataCalls=20 mNewMaxDataCalls=20 oldReasonDataDenied=-1 mNewReasonDataDenied=-1
02-03 16:34:16.342 D/RILJ    ( 2268): [UNSL]< UNSOL_STK_PROACTIVE_COMMAND [SUB0]
02-03 16:34:16.342 D/CAT     ( 2268): CatService: handleMessage[2]
02-03 16:34:16.342 D/CAT     ( 2268): CatService: ril message arrived,slotid:0
02-03 16:34:16.345 D/CAT     ( 2268): CommandParamsFactory: process SelectItem
02-03 16:34:16.350 D/CAT     ( 2268): CatService: handleMessage[10]
02-03 16:34:16.350 D/CAT     ( 2268): CatService: SET_UP_MENU
02-03 16:34:16.351 D/CAT     ( 2268): CatService: encodeOptionalTags() Unsupported Cmd details=CmdDetails: compRequired=true commandNumber=1 typeOfCommand=37 commandQualifier=0
02-03 16:34:16.351 D/RILJ    ( 2268): [3760]> REQUEST_STK_SEND_TERMINAL_RESPONSE [SUB0]
02-03 16:34:16.352 D/CAT     ( 2268): CatService: Sending CmdMsg: com.android.internal.telephony.cat.CatCmdMessage@237ac0e on slotid:0
02-03 16:34:16.372 D/RILJ    ( 2268): [3760]< REQUEST_STK_SEND_TERMINAL_RESPONSE  [SUB0]
02-03 16:34:16.378 E/RILQ    (  417): (0/417): RIL[0][event] qcril_gstk_qmi_copy_and_save_proactive_cmd: Invalid ril_unsol_resp parameters, cannot save
02-03 16:34:16.379 D/RILJ    ( 2268): [UNSL]< UNSOL_STK_SESSION_END [SUB0]
02-03 16:34:16.379 D/CAT     ( 2268): CatService: handleMessage[1]
02-03 16:34:16.379 D/CAT     ( 2268): CatService: ril message arrived,slotid:0
02-03 16:34:16.379 D/CAT     ( 2268): CatService: handleMessage[10]
02-03 16:34:16.379 D/CAT     ( 2268): CatService: SESSION END on 0
02-03 16:34:16.394 D/CAT     ( 2268): StkCmdReceiver: handleAction, op: 4args: Bundle[{SLOT_ID=0, op=4}], slot id: 0
02-03 16:34:16.417 D/CAT     ( 2268): com.android.stk.StkAppService: onCreate()+
02-03 16:34:16.417 D/CAT     ( 2268): com.android.stk.StkAppService: simCount: 1
02-03 16:34:16.432 D/CAT     ( 2268): com.android.stk.StkAppService: slotId: 0
02-03 16:34:16.436 D/CAT     ( 2268): com.android.stk.StkAppService: onStart sim id: 0, op: 4, *****
02-03 16:34:16.537 D/CAT     ( 2268): com.android.stk.StkAppService: handleMessage opcode[4], sim id[0]
02-03 16:34:16.537 D/CAT     ( 2268): StkAppService$StkContext: getPendingActivityInstance act : 0, null
02-03 16:34:16.537 D/CAT     ( 2268): StkAppService$StkContext: getPendingDialogInstance act : 0, null
02-03 16:34:16.537 D/CAT     ( 2268): com.android.stk.StkAppService: cleanUpInstanceStackBySlot slotId: 0
02-03 16:34:16.537 D/CAT     ( 2268): com.android.stk.StkAppService: current cmd is null.
02-03 16:34:16.537 D/CAT     ( 2268): com.android.stk.StkAppService: [handleSessionEnd] - mCurrentCmd changed to mMainCmd!.
02-03 16:34:16.537 D/CAT     ( 2268): com.android.stk.StkAppService: slotId: 0, mMenuState: 0
02-03 16:34:16.537 D/CAT     ( 2268): com.android.stk.StkAppService: [handleSessionEnd][mMainCmd is null!]
02-03 16:34:16.537 D/CAT     ( 2268): com.android.stk.StkAppService: [handleSessionEnd][mMenuState]false
02-03 16:34:17.191 D/SubscriptionController( 2268): [getPhoneId] asked for default subId=1
02-03 16:34:19.137 D/SubscriptionController( 2268): [getPhoneId] asked for default subId=1
02-03 16:34:20.531 D/SubscriptionController( 2268): [getPhoneId] asked for default subId=1
02-03 16:34:20.561 D/GsmCdmaPhone( 2268): mBroadcastReceiver: action android.telephony.action.CARRIER_CONFIG_CHANGED
02-03 16:34:20.564 D/RILJ    ( 2268): [3761]> RIL_REQUEST_VOICE_RADIO_TECH [SUB0]
02-03 16:34:20.568 D/RILJ    ( 2268): [3761]< RIL_REQUEST_VOICE_RADIO_TECH {3} [SUB0]
02-03 16:34:20.568 D/ImsManager( 2268): updateVolteFeatureValue: available = false, enabled = true, nonTTY = true
02-03 16:34:20.569 E/ImsManager( 2268): updateImsServiceConfig: 
02-03 16:34:20.569 E/ImsManager( 2268): com.android.ims.ImsException: Service is unavailable, code = 106
02-03 16:34:20.569 E/ImsManager( 2268): 	at com.android.ims.ImsManager.checkAndThrowExceptionIfServiceUnavailable(ImsManager.java:1353)
02-03 16:34:20.569 E/ImsManager( 2268): 	at com.android.ims.ImsManager.getConfigInterface(ImsManager.java:1232)
02-03 16:34:20.569 E/ImsManager( 2268): 	at com.android.ims.ImsManager.updateVolteFeatureValue(ImsManager.java:814)
02-03 16:34:20.569 E/ImsManager( 2268): 	at com.android.ims.ImsManager.updateImsServiceConfig(ImsManager.java:774)
02-03 16:34:20.569 E/ImsManager( 2268): 	at com.android.internal.telephony.GsmCdmaPhone.handleMessage(GsmCdmaPhone.java:2122)
02-03 16:34:20.569 E/ImsManager( 2268): 	at android.os.Handler.dispatchMessage(Handler.java:102)
02-03 16:34:20.569 E/ImsManager( 2268): 	at android.os.Looper.loop(Looper.java:154)
02-03 16:34:20.569 E/ImsManager( 2268): 	at android.app.ActivityThread.main(ActivityThread.java:6176)
02-03 16:34:20.569 E/ImsManager( 2268): 	at java.lang.reflect.Method.invoke(Native Method)
02-03 16:34:20.569 E/ImsManager( 2268): 	at com.android.internal.os.ZygoteInit$MethodAndArgsCaller.run(ZygoteInit.java:888)
02-03 16:34:20.569 E/ImsManager( 2268): 	at com.android.internal.os.ZygoteInit.main(ZygoteInit.java:778)
02-03 16:34:20.570 D/GsmCdmaPhone( 2268): [GsmCdmaPhone] broadcastEmergencyCallStateChanges = false
02-03 16:34:20.570 E/GsmCdmaPhone( 2268): [GsmCdmaPhone] Invalid cdma_roaming_mode settings: -1
02-03 16:34:20.570 D/EriManager( 2268): loadEriFileFromXml: check for alternate file
02-03 16:34:20.571 D/EriManager( 2268): loadEriFileFromXml: no alternate file
02-03 16:34:20.572 D/EriManager( 2268): eriFile = eri.xml
02-03 16:34:20.577 D/EriManager( 2268): loadEriFileFromXml: eri parsing successful, file loaded. ver = 1357, # of entries = 176
02-03 16:34:20.577 D/GsmCdmaPhone( 2268): [GsmCdmaPhone] ERI read, notify registrants
02-03 16:34:20.585 D/SubscriptionController( 2268): [getActiveSubscriptionInfo]+ subId=1 subInfo={id=1, iccId=89550450000131776562 simSlotIndex=0 displayName=TIM carrierName=TIM nameSource=0 iconTint=-16746133 dataRoaming=0 iconBitmap=android.graphics.Bitmap@f1de440 mcc 724 mnc 4 userNwMode=9}
02-03 16:34:20.585 D/GsmCdmaPhone( 2268): [GsmCdmaPhone] EVENT_REQUEST_VOICE_RADIO_TECH_DONE: newVoiceTech=3
02-03 16:34:20.585 D/GsmCdmaPhone( 2268): [GsmCdmaPhone] phoneObjectUpdater: newVoiceRadioTech=3
02-03 16:34:20.585 D/GsmCdmaPhone( 2268): [GsmCdmaPhone] phoneObjectUpdater: No change ignore, newVoiceRadioTech=3 mActivePhone=GSM
02-03 16:34:22.251 D/SubscriptionController( 2268): [getPhoneId] asked for default subId=1
02-03 16:34:22.299 D/SubscriptionController( 2268): [getActiveSubscriptionInfo]+ subId=1 subInfo={id=1, iccId=89550450000131776562 simSlotIndex=0 displayName=TIM carrierName=TIM nameSource=0 iconTint=-16746133 dataRoaming=0 iconBitmap=android.graphics.Bitmap@51d046c mcc 724 mnc 4 userNwMode=9}
02-03 16:34:22.328 D/PhoneFactory( 2268): SMS Prompt option:false
02-03 16:34:22.328 D/RIL_UiccSmsController( 2268): isSmsSimPickActivityNeeded: false, sms prompt disabled.
02-03 16:34:22.332 D/SipService( 2268): SipService: started!
02-03 16:34:22.334 D/SipService( 2268): start:
02-03 16:34:22.357 D/SubscriptionController( 2268): [getActiveSubscriptionInfo]+ subId=1 subInfo={id=1, iccId=89550450000131776562 simSlotIndex=0 displayName=TIM carrierName=TIM nameSource=0 iconTint=-16746133 dataRoaming=0 iconBitmap=android.graphics.Bitmap@728f80f mcc 724 mnc 4 userNwMode=9}
02-03 16:34:22.363 D/SubscriptionController( 2268): [getActiveSubscriptionInfo]+ subId=1 subInfo={id=1, iccId=89550450000131776562 simSlotIndex=0 displayName=TIM carrierName=TIM nameSource=0 iconTint=-16746133 dataRoaming=0 iconBitmap=android.graphics.Bitmap@587062b mcc 724 mnc 4 userNwMode=9}
02-03 16:34:22.382 D/SubscriptionController( 2268): [getActiveSubscriptionInfo]+ subId=1 subInfo={id=1, iccId=89550450000131776562 simSlotIndex=0 displayName=TIM carrierName=TIM nameSource=0 iconTint=-16746133 dataRoaming=0 iconBitmap=android.graphics.Bitmap@29e2734 mcc 724 mnc 4 userNwMode=9}
02-03 16:34:22.390 D/PhoneFactory( 2268): SMS Prompt option:false
02-03 16:34:22.390 D/RIL_UiccSmsController( 2268): isSmsSimPickActivityNeeded: false, sms prompt disabled.
02-03 16:34:22.405 D/SubscriptionController( 2268): [getActiveSubscriptionInfo]+ subId=1 subInfo={id=1, iccId=89550450000131776562 simSlotIndex=0 displayName=TIM carrierName=TIM nameSource=0 iconTint=-16746133 dataRoaming=0 iconBitmap=android.graphics.Bitmap@b9082a0 mcc 724 mnc 4 userNwMode=9}
02-03 16:34:22.417 D/SubscriptionController( 2268): [getActiveSubscriptionInfo]+ subId=1 subInfo={id=1, iccId=89550450000131776562 simSlotIndex=0 displayName=TIM carrierName=TIM nameSource=0 iconTint=-16746133 dataRoaming=0 iconBitmap=android.graphics.Bitmap@f928a2a mcc 724 mnc 4 userNwMode=9}
02-03 16:34:22.418 D/SubscriptionController( 2268): [getActiveSubscriptionInfo]+ subId=1 subInfo={id=1, iccId=89550450000131776562 simSlotIndex=0 displayName=TIM carrierName=TIM nameSource=0 iconTint=-16746133 dataRoaming=0 iconBitmap=android.graphics.Bitmap@df9d01b mcc 724 mnc 4 userNwMode=9}
02-03 16:34:22.422 D/PhoneFactory( 2268): SMS Prompt option:false
02-03 16:34:22.422 D/RIL_UiccSmsController( 2268): isSmsSimPickActivityNeeded: false, sms prompt disabled.
02-03 16:34:22.443 D/SubscriptionController( 2268): [getActiveSubInfoForSubscriber]- subId=2 subList=[{id=1, iccId=89550450000131776562 simSlotIndex=0 displayName=TIM carrierName=TIM nameSource=0 iconTint=-16746133 dataRoaming=0 iconBitmap=android.graphics.Bitmap@d98af91 mcc 724 mnc 4 userNwMode=9}] subInfo=null
02-03 16:34:22.452 D/SubscriptionController( 2268): [getActiveSubInfoForSubscriber]- subId=2 subList=[{id=1, iccId=89550450000131776562 simSlotIndex=0 displayName=TIM carrierName=TIM nameSource=0 iconTint=-16746133 dataRoaming=0 iconBitmap=android.graphics.Bitmap@cdb52f7 mcc 724 mnc 4 userNwMode=9}] subInfo=null
02-03 16:34:22.482 D/SubscriptionController( 2268): [getPhoneId] asked for default subId=1
02-03 16:34:22.607 D/CAT     ( 2268): com.android.stk.BootCompletedReceiver: [ACTION_BOOT_COMPLETED]
02-03 16:34:22.607 D/CAT     ( 2268): com.android.stk.StkAppService: onStart sim id: 0, op: 5, *****
02-03 16:34:22.607 D/CAT     ( 2268): com.android.stk.StkAppService: handleMessage opcode[5], sim id[0]
02-03 16:34:22.607 D/CAT     ( 2268): com.android.stk.StkAppService:  OP_BOOT_COMPLETED
02-03 16:34:22.608 D/CAT     ( 2268): StkAppInstaller: [setAppState]+
02-03 16:34:22.608 D/CAT     ( 2268): StkAppInstaller: Change app state[false]
02-03 16:34:22.608 D/CAT     ( 2268): StkAppInstaller: [setAppState]-
02-03 16:34:24.917 D/DCT     ( 2268): [0]fetchDunApn: net.tethering.noprovisioning=true ret: null
02-03 16:34:24.917 D/DCT     ( 2268): [0]hasMatchedTetherApnSetting: APN=null
02-03 16:34:24.928 D/DCT     ( 2268): [0]setPolicyDataEnabled: true
02-03 16:34:25.037 D/DCT     ( 2268): [0]Wifi state changed
02-03 16:34:25.037 D/DCT     ( 2268): [0]WIFI_STATE_CHANGED_ACTION: enabled=false mIsWifiConnected=false
02-03 16:34:25.172 D/DCT     ( 2268): [0]Wifi state changed
02-03 16:34:25.172 D/DCT     ( 2268): [0]WIFI_STATE_CHANGED_ACTION: enabled=true mIsWifiConnected=false
02-03 16:34:25.294 D/DCT     ( 2268): [0]NETWORK_STATE_CHANGED_ACTION: mIsWifiConnected=false
02-03 16:34:30.345 D/DCT     ( 2268): [0]NETWORK_STATE_CHANGED_ACTION: mIsWifiConnected=false
02-03 16:34:31.209 D/RILJ    ( 2268): [3762]> SIGNAL_STRENGTH [SUB0]
02-03 16:34:31.213 D/RILJ    ( 2268): [3762]< SIGNAL_STRENGTH SignalStrength: 14 0 -1 -1 -1 -1 -1 99 2147483647 2147483647 2147483647 2147483647 2147483647 gsm|lte [SUB0]
02-03 16:34:32.264 D/CAT     ( 2268): StkCmdReceiver: handleAction, op: 1args: Bundle[{SLOT_ID=0, cmd message=com.android.internal.telephony.cat.CatCmdMessage@2e82793, op=1}], slot id: 0
02-03 16:34:32.266 D/CAT     ( 2268): com.android.stk.StkAppService: onStart sim id: 0, op: 1, *****
02-03 16:34:32.267 D/CAT     ( 2268): com.android.stk.StkAppService: handleMessage opcode[1], sim id[0]
02-03 16:34:32.267 D/CAT     ( 2268): com.android.stk.StkAppService: cmdName[SET_UP_MENU]
02-03 16:34:32.267 D/CAT     ( 2268): com.android.stk.StkAppService: [OP_CMD]
02-03 16:34:32.267 D/CAT     ( 2268): com.android.stk.StkAppService: [handleCmd]SET_UP_MENU
02-03 16:34:32.267 D/CAT     ( 2268): com.android.stk.StkAppService: SET_UP_MENU [false]
02-03 16:34:32.267 D/CAT     ( 2268): com.android.stk.StkAppService: install App
02-03 16:34:32.267 D/CAT     ( 2268): StkAppInstaller: [setAppState]+
02-03 16:34:32.268 D/CAT     ( 2268): StkAppInstaller: Change app state[true]
02-03 16:34:32.268 D/CAT     ( 2268): StkAppInstaller: [setAppState]-
02-03 16:34:35.413 D/DCT     ( 2268): [0]NETWORK_STATE_CHANGED_ACTION: mIsWifiConnected=false
02-03 16:34:35.513 D/DCT     ( 2268): [0]NETWORK_STATE_CHANGED_ACTION: mIsWifiConnected=false
02-03 16:34:35.566 D/DCT     ( 2268): [0]NETWORK_STATE_CHANGED_ACTION: mIsWifiConnected=false
02-03 16:34:35.698 D/DCT     ( 2268): [0]NETWORK_STATE_CHANGED_ACTION: mIsWifiConnected=false
02-03 16:34:35.743 D/DCT     ( 2268): [0]NETWORK_STATE_CHANGED_ACTION: mIsWifiConnected=false
02-03 16:34:35.757 D/DCT     ( 2268): [0]NETWORK_STATE_CHANGED_ACTION: mIsWifiConnected=false
02-03 16:34:35.762 D/DCT     ( 2268): [0]NETWORK_STATE_CHANGED_ACTION: mIsWifiConnected=false
02-03 16:34:41.455 D/DCT     ( 2268): [0]NETWORK_STATE_CHANGED_ACTION: mIsWifiConnected=false
02-03 16:34:41.482 D/DCT     ( 2268): [0]NETWORK_STATE_CHANGED_ACTION: mIsWifiConnected=true
02-03 16:34:41.496 D/DCT     ( 2268): [0]NETWORK_STATE_CHANGED_ACTION: mIsWifiConnected=true
02-03 16:34:41.571 D/DCT     ( 2268): [0]setPolicyDataEnabled: true
02-03 16:34:41.605 D/DCT     ( 2268): [0]setPolicyDataEnabled: true
02-03 16:34:41.726 D/DCT     ( 2268): [0]setPolicyDataEnabled: true
02-03 16:34:42.426 D/TelephonyNetworkFactory[0]( 2268): onReleaseNetworkFor NetworkRequest [ REQUEST id=1, [ Capabilities: INTERNET&NOT_RESTRICTED&TRUSTED&NOT_VPN] ]
02-03 16:34:42.427 D/DCT     ( 2268): [0]onEnableApn: apnContext={mApnType=default mState=IDLE mWaitingApns={null} mApnSetting={null} mReason=dataEnabled mDataEnabled=true mDependencyMet=true} call applyNewState
02-03 16:34:42.427 D/DCT     ( 2268): [0]applyNewState(default, false(true), true(true))
02-03 16:34:42.431 D/DCT     ( 2268): [0]setupDataForSinglePdn: reason = dataDisabled isDisconnected = true
02-03 16:34:42.431 D/DCT     ( 2268): [0]isOnlySingleDcAllowed(0): false
02-03 16:34:42.431 D/DCT     ( 2268): [0]cleanUpConnection: X tearDown=true reason=dataDisabled apnContext={mApnType=default mState=IDLE mWaitingApns={null} mApnSetting={null} mReason=dataDisabled mDataEnabled=false mDependencyMet=true} dcac=null
02-03 16:34:43.987 D/DCT     ( 2268): [0]NETWORK_STATE_CHANGED_ACTION: mIsWifiConnected=false
02-03 16:34:43.990 D/DCT     ( 2268): [0]NETWORK_STATE_CHANGED_ACTION: mIsWifiConnected=false
