01-01 12:11:53.916 D/RILD    (  417): **RIL Daemon Started**
01-01 12:11:53.916 D/RILD    (  417): **RILd param count=1**
02-03 16:33:53.621 W/RILD    (  417): RIL_SAP_Init not defined or exported in /system/vendor/lib/libril-qc-qmi-1.so: undefined symbol: RIL_SAP_Init
02-03 16:33:53.621 D/RILD    (  417): RIL_Init argc = 3 clientId = 0
02-03 16:33:53.626 E/RILQ    (  417): log to /data/misc/radio/ril_log for QCRIL logging is not enabled
02-03 16:33:56.230 D/TelephonyManager(  421): No /proc/cmdline exception=java.io.FileNotFoundException: /proc/cmdline (Permission denied)
02-03 16:33:56.230 D/TelephonyManager(  421): /proc/cmdline=
02-03 16:33:56.666 I/RILQ    (  417): (0/417):RIL[0][rild] qmi_ril_qmi_client_pre_initialization_acquire: entry
02-03 16:33:56.667 I/RILQ    (  417): (0/417):RIL[0][rild] qmi_ril_qmi_client_pre_initialization_acquire: exit
02-03 16:33:56.674 D/RILD    (  417): RIL_Init rilInit completed
02-03 16:33:56.674 I/RILC    (  417): SIM_COUNT: 1
02-03 16:33:56.674 E/RILC    (  417): RIL_register: RIL version 11
02-03 16:33:56.674 I/RILC    (  417): s_registerCalled flag set, 1
02-03 16:33:56.674 I/RILC    (  417): Start to listen RIL_SOCKET_1
02-03 16:33:56.674 D/RILD    (  417): RIL_Init RIL_register completed
02-03 16:33:56.674 D/RILD    (  417): RIL_register_socket completed
02-03 16:33:56.674 D/RILD    (  417): RIL_Init starting sleep loop
02-03 16:34:05.497 D/TelephonyRegistry( 1497): listen oscl: hasNotifySubscriptionInfoChangedOccurred==false no callback
02-03 16:34:05.666 D/TelephonyRegistry( 1497): listen oscl: hasNotifySubscriptionInfoChangedOccurred==false no callback
02-03 16:34:05.732 D/TelephonyRegistry( 1497): listen oscl: hasNotifySubscriptionInfoChangedOccurred==false no callback
02-03 16:34:05.759 D/TelephonyRegistry( 1497): systemRunning register for intents
02-03 16:34:06.322 D/TDC     ( 2268): updateOrInsert: inserting: Modem { uuid=modem, state=0, rilModel=0, rat={}, maxActiveVoiceCall=1, maxActiveDataCall=1, maxStandby=1 }
02-03 16:34:06.322 D/TDC     ( 2268): updateOrInsert: inserting: Sim { uuid=sim, modemUuid=modem, state=0 }
02-03 16:34:06.331 D/TelephonyComponentFactory( 2268): classLoader = dalvik.system.PathClassLoader[DexPathList[[],nativeLibraryDirectories=[/system/lib, /vendor/lib]]]
02-03 16:34:06.341 E/TelephonyComponentFactory( 2268): Error loading TelephonyComponentFactory
02-03 16:34:06.341 D/TelephonyManager( 2268): getLteOnCdmaMode=0 curVal=-1 product_type='' lteOnCdmaProductType=''
02-03 16:34:06.351 D/CdmaSSM ( 2268): subscriptionSource from settings: 0
02-03 16:34:06.351 I/PhoneFactory( 2268): Cdma Subscription set to 0
02-03 16:34:06.368 I/PhoneFactory( 2268): RILClassname is RIL
02-03 16:34:06.368 I/PhoneFactory( 2268): Network Mode set to 9
02-03 16:34:06.376 D/RILJ    ( 2268): RIL(context, preferredNetworkType=9 cdmaSubscription=0)
02-03 16:34:06.378 D/RILJ    ( 2268): Starting RILReceiver0 [SUB0]
02-03 16:34:06.380 I/RILJ    ( 2268): (0) Connected to 'rild' socket
02-03 16:34:06.384 D/RILJ    ( 2268): [3648]> GET_HARDWARE_CONFIG [SUB0]
02-03 16:34:06.385 I/PhoneFactory( 2268): Creating SubscriptionController
02-03 16:34:06.385 D/TelephonyComponentFactory( 2268): initSubscriptionController
02-03 16:34:06.390 D/SubscriptionController( 2268): [SubscriptionController] init by Context
02-03 16:34:06.394 D/UiccController( 2268): Creating UiccController
02-03 16:34:06.395 D/TelephonyComponentFactory( 2268): makePhone
02-03 16:34:06.397 D/TelephonyTester( 2268): register for intent action=com.android.internal.telephony.action_detached
02-03 16:34:06.397 D/TelephonyTester( 2268): register for intent action=com.android.internal.telephony.action_attached
02-03 16:34:06.402 D/Phone   ( 2268): mDoesRilSendMultipleCallRing=false
02-03 16:34:06.402 D/Phone   ( 2268): mCallRingDelay=3000
02-03 16:34:06.402 D/TelephonyComponentFactory( 2268): makeSmsStorageMonitor
02-03 16:34:06.404 D/TelephonyComponentFactory( 2268): makeSmsUsageMonitor
02-03 16:34:06.408 D/RILJ    ( 2268): [3649]> RIL_REQUEST_START_LCE [SUB0]
02-03 16:34:06.408 D/TelephonyComponentFactory( 2268): makeGsmCdmaCallTracker
02-03 16:34:06.412 D/TelephonyComponentFactory( 2268): makeIccPhoneBookInterfaceManager
02-03 16:34:06.417 D/TelephonyComponentFactory( 2268): makeIccSmsInterfaceManager
02-03 16:34:06.419 E/RIL_ImsSms( 2268): getFormat should never be called from here!
02-03 16:34:06.419 D/SMSDispatcher( 2268): SMSDispatcher: ctor mSmsCapable=true format=unknown mSmsSendDisabled=false
02-03 16:34:06.419 D/RIL_ImsSms( 2268): ImsSMSDispatcher created
02-03 16:34:06.420 D/SMSDispatcher( 2268): SMSDispatcher: ctor mSmsCapable=true format=3gpp2 mSmsSendDisabled=false
02-03 16:34:06.420 D/CdmaSMSDispatcher( 2268): CdmaSMSDispatcher created
02-03 16:34:06.432 D/TelephonyComponentFactory( 2268): getIDeviceIdleController
02-03 16:34:06.435 D/TelephonyComponentFactory( 2268): getIDeviceIdleController
02-03 16:34:06.435 D/GsmInboundSmsHandler( 2268): created InboundSmsHandler
02-03 16:34:06.443 D/TelephonyComponentFactory( 2268): getIDeviceIdleController
02-03 16:34:06.455 D/TelephonyComponentFactory( 2268): getIDeviceIdleController
02-03 16:34:06.456 D/CdmaInboundSmsHandler( 2268): created InboundSmsHandler
02-03 16:34:06.466 D/SMSDispatcher( 2268): SMSDispatcher: ctor mSmsCapable=true format=3gpp mSmsSendDisabled=false
02-03 16:34:06.466 D/GsmSMSDispatcher( 2268): GsmSMSDispatcher created
02-03 16:34:06.483 D/GsmInboundSmsHandler( 2268): StartupState.processMessage:6
02-03 16:34:06.483 D/GsmInboundSmsHandler( 2268): entering Idle state
02-03 16:34:06.483 D/GsmInboundSmsHandler( 2268): IdleState.processMessage:5
02-03 16:34:06.483 D/GsmInboundSmsHandler( 2268): Idle state processing message type 5
02-03 16:34:06.483 D/CdmaInboundSmsHandler( 2268): StartupState.processMessage:6
02-03 16:34:06.483 D/CdmaInboundSmsHandler( 2268): entering Idle state
02-03 16:34:06.483 D/CdmaInboundSmsHandler( 2268): IdleState.processMessage:5
02-03 16:34:06.483 D/CdmaInboundSmsHandler( 2268): Idle state processing message type 5
02-03 16:34:06.483 D/GsmInboundSmsHandler( 2268): mWakeLock released wakelockcount = 0
02-03 16:34:06.484 D/CdmaInboundSmsHandler( 2268): mWakeLock released wakelockcount = 0
02-03 16:34:06.484 D/TelephonyComponentFactory( 2268): makeIccCardProxy
02-03 16:34:06.488 D/IccCardProxy( 2268): ctor: ci=com.android.internal.telephony.RIL@b7e6f2a phoneId=0
02-03 16:34:06.488 D/CdmaSSM ( 2268): subscriptionSource from settings: 0
02-03 16:34:06.488 D/CdmaSSM ( 2268): cdmaSSM constructor: 0
02-03 16:34:06.488 D/IccCardProxy( 2268): update icc_operator_numeric=
02-03 16:34:06.488 D/TelephonyManager( 2268): setTelephonyProperty: success phoneId=0 property=gsm.sim.operator.numeric value:  propVal=
02-03 16:34:06.488 D/TelephonyManager( 2268): setTelephonyProperty: success phoneId=0 property=gsm.sim.operator.iso-country value:  propVal=
02-03 16:34:06.489 D/TelephonyManager( 2268): setTelephonyProperty: success phoneId=0 property=gsm.sim.operator.alpha value:  propVal=
02-03 16:34:06.489 E/IccCardProxy( 2268): setExternalState: set mPhoneId=0 mExternalState=NOT_READY
02-03 16:34:06.489 D/TelephonyManager( 2268): setTelephonyProperty: success phoneId=0 property=gsm.sim.state value: NOT_READY propVal=NOT_READY
02-03 16:34:06.490 D/IccCardProxy( 2268): broadcastIccStateChangedIntent intent ACTION_SIM_STATE_CHANGED value=NOT_READY reason=null for mPhoneId=0
02-03 16:34:06.491 D/TelephonyComponentFactory( 2268): getCdmaSubscriptionSourceManagerInstance
02-03 16:34:06.491 D/TelephonyComponentFactory( 2268): makeEriManager
02-03 16:34:06.492 D/GsmCdmaPhone( 2268): [GsmCdmaPhone] Precise phone type 1
02-03 16:34:06.492 D/RILJ    ( 2268): setPhoneType=1 old value=0 [SUB0]
02-03 16:34:06.493 D/TelephonyManager( 2268): setTelephonyProperty: success phoneId=0 property=gsm.current.phone-type value: 1 propVal=1
02-03 16:34:06.493 D/IccCardProxy( 2268): Setting radio tech UMTS
02-03 16:34:06.494 D/IccCardProxy( 2268): updateQuietMode: 3GPP subscription -> newQuietMode=false
02-03 16:34:06.494 D/IccCardProxy( 2268): updateQuietMode: no changes don't setExternalState
02-03 16:34:06.494 D/IccCardProxy( 2268): updateQuietMode: QuietMode is false (app_type=1 cdmaSource=-1)
02-03 16:34:06.494 D/TelephonyComponentFactory( 2268): makeServiceStateTracker
02-03 16:34:06.498 W/CarrierConfigManager( 2268): Error getting config for subId -1 ICarrierConfigLoader is null
02-03 16:34:06.499 D/TelephonyRegistry( 1497): listen oscl: hasNotifySubscriptionInfoChangedOccurred==false no callback
02-03 16:34:06.503 D/TelephonyManager( 2268): setTelephonyProperty: success phoneId=0 property=gsm.network.type value: Unknown propVal=Unknown
02-03 16:34:06.504 D/RILJ    ( 2268): [3650]> SIGNAL_STRENGTH [SUB0]
02-03 16:34:06.508 D/SST     ( 2268): notifyDataRegStateRilRadioTechnologyChanged: drs=1 rat=0
02-03 16:34:06.508 D/TelephonyManager( 2268): setTelephonyProperty: success phoneId=0 property=gsm.network.type value: Unknown propVal=Unknown
02-03 16:34:06.508 D/TelephonyComponentFactory( 2268): makeDcTracker
02-03 16:34:06.514 D/DCT     ( 2268): [0]DCT.constructor
02-03 16:34:06.521 D/TelephonyRegistry( 1497): listen oscl: hasNotifySubscriptionInfoChangedOccurred==false no callback
02-03 16:34:06.522 D/Dcc     ( 2268): E ctor
02-03 16:34:06.523 D/Dcc     ( 2268): X ctor
02-03 16:34:06.525 D/SubscriptionController( 2268): [getPhoneId] asked for default subId=-1
02-03 16:34:06.528 D/DcTesterDeacativateAll( 2268): register for intent action=com.android.internal.telephony.dataconnection.action_deactivate_all
02-03 16:34:06.528 D/DcTesterDeacativateAll( 2268): register for intent action=com.android.internal.telephony.action_detached
02-03 16:34:06.530 D/DcTesterFailBrinupAll( 2268): register for intent action=com.android.internal.telephony.dataconnection.action_fail_bringup
02-03 16:34:06.530 D/DcTesterFailBrinupAll( 2268): register for intent action=com.android.internal.telephony.action_detached
02-03 16:34:06.530 D/DcTesterFailBrinupAll( 2268): register for intent action=com.android.internal.telephony.action_attached
02-03 16:34:06.533 D/SST     ( 2268): notifyDataRegStateRilRadioTechnologyChanged: drs=1 rat=0
02-03 16:34:06.533 D/TelephonyManager( 2268): setTelephonyProperty: success phoneId=0 property=gsm.network.type value: Unknown propVal=Unknown
02-03 16:34:06.533 D/DCT     ( 2268): [0]update sub = -2
02-03 16:34:06.533 D/DCT     ( 2268): [0]update(): Active DDS, register for all events now!
02-03 16:34:06.534 D/GsmCdmaPhone( 2268): [GsmCdmaPhone] updateCurrentCarrierInProvider: mSubId = -2 currentDds = 1 operatorNumeric = null
02-03 16:34:06.537 D/DCT     ( 2268): [0]initApnContexts: E
02-03 16:34:06.537 D/DCT     ( 2268): [0]initApnContexts: skipping unknown type=1
02-03 16:34:06.537 D/DCT     ( 2268): [0]initApnContexts: apnContext={mApnType=default mState=IDLE mWaitingApns={null} mApnSetting={null} mReason=dataEnabled mDataEnabled=false mDependencyMet=true}
02-03 16:34:06.538 D/DCT     ( 2268): [0]initApnContexts: apnContext={mApnType=mms mState=IDLE mWaitingApns={null} mApnSetting={null} mReason=dataEnabled mDataEnabled=false mDependencyMet=true}
02-03 16:34:06.538 D/DCT     ( 2268): [0]initApnContexts: apnContext={mApnType=supl mState=IDLE mWaitingApns={null} mApnSetting={null} mReason=dataEnabled mDataEnabled=false mDependencyMet=true}
02-03 16:34:06.538 D/DCT     ( 2268): [0]initApnContexts: apnContext={mApnType=dun mState=IDLE mWaitingApns={null} mApnSetting={null} mReason=dataEnabled mDataEnabled=false mDependencyMet=true}
02-03 16:34:06.538 D/DCT     ( 2268): [0]initApnContexts: apnContext={mApnType=hipri mState=IDLE mWaitingApns={null} mApnSetting={null} mReason=dataEnabled mDataEnabled=false mDependencyMet=true}
02-03 16:34:06.538 D/DCT     ( 2268): [0]initApnContexts: apnContext={mApnType=fota mState=IDLE mWaitingApns={null} mApnSetting={null} mReason=dataEnabled mDataEnabled=false mDependencyMet=true}
02-03 16:34:06.538 D/DCT     ( 2268): [0]initApnContexts: apnContext={mApnType=ims mState=IDLE mWaitingApns={null} mApnSetting={null} mReason=dataEnabled mDataEnabled=false mDependencyMet=true}
02-03 16:34:06.538 D/DCT     ( 2268): [0]initApnContexts: apnContext={mApnType=cbs mState=IDLE mWaitingApns={null} mApnSetting={null} mReason=dataEnabled mDataEnabled=false mDependencyMet=true}
02-03 16:34:06.538 D/DCT     ( 2268): [0]initApnContexts: skipping unknown type=13
02-03 16:34:06.538 D/DCT     ( 2268): [0]initApnContexts: skipping unknown type=9
02-03 16:34:06.538 D/DCT     ( 2268): [0]initApnContexts: skipping unknown type=7
02-03 16:34:06.538 D/DCT     ( 2268): [0]initApnContexts: skipping unknown type=37
02-03 16:34:06.538 D/DCT     ( 2268): [0]initApnContexts: apnContext={mApnType=emergency mState=IDLE mWaitingApns={null} mApnSetting={null} mReason=dataEnabled mDataEnabled=false mDependencyMet=true}
02-03 16:34:06.544 D/SubscriptionController( 2268): [getPhoneId]- no sims, returning default phoneId=2147483647
02-03 16:34:06.561 D/GsmCdmaPhone( 2268): [GsmCdmaPhone] GsmCdmaPhone: constructor: sub = 0
02-03 16:34:06.561 I/PhoneFactory( 2268): Creating Phone with type = 1 sub = 0
02-03 16:34:06.564 I/PhoneFactory( 2268): defaultSmsApplication: NONE
02-03 16:34:06.566 I/PhoneFactory( 2268): Creating SubInfoRecordUpdater 
02-03 16:34:06.566 D/TelephonyComponentFactory( 2268): makeSubscriptionInfoUpdater
02-03 16:34:06.566 D/SubscriptionInfoUpdater( 2268): Constructor invoked
02-03 16:34:06.622 D/TelephonyRegistry( 1497): notifyCellLocationForSubscriber: subId=0 cellLocation=Bundle[{cid=-1, lac=-1, psc=-1}]
02-03 16:34:06.622 D/SubscriptionController( 2268): [getPhoneId]- no sims, returning default phoneId=2147483647
02-03 16:34:06.696 D/SubscriptionController( 2268): [getActiveSubInfoList] Sub Controller not ready
02-03 16:34:06.696 D/SubscriptionController( 2268): [getActiveSubInfoForSubscriber]- subId=-2 subList=null subInfo=null
02-03 16:34:06.696 E/SubscriptionController( 2268): getUserNwMode: invalid subId = -2
02-03 16:34:06.698 D/TelephonyRegistry( 1497): listen oscl: hasNotifySubscriptionInfoChangedOccurred==false no callback
02-03 16:34:06.698 D/SubscriptionController( 2268): [getPhoneId]- no sims, returning default phoneId=2147483647
02-03 16:34:06.699 D/TelephonyComponentFactory( 2268): makePhoneSwitcher
02-03 16:34:06.700 D/TelephonyRegistry( 1497): listen oscl: hasNotifySubscriptionInfoChangedOccurred==false no callback
02-03 16:34:06.702 D/PhoneSwitcher( 2268): PhoneSwitcher started
02-03 16:34:06.703 D/ProxyController( 2268): Constructor - Enter
02-03 16:34:06.705 D/ProxyController( 2268): clearTransaction
02-03 16:34:06.705 D/ProxyController( 2268): clearTransaction: phoneId=0 status=IDLE
02-03 16:34:06.705 D/ProxyController( 2268): Constructor - Exit
02-03 16:34:06.706 D/TelephonyNetworkFactory[0]( 2268): Registering NetworkFactory
02-03 16:34:06.706 D/TelephonyComponentFactory( 2268): makeExtTelephonyClasses
02-03 16:34:06.708 D/CallManager( 2268): registerPhone(GSM Handler (com.android.internal.telephony.GsmCdmaPhone) {934c801})
02-03 16:34:06.708 D/RILJ    ( 2268): [3651]> SET_SUPP_SVC_NOTIFICATION [SUB0]
02-03 16:34:06.711 D/TelephonyRegistry( 1497): listen oscl: hasNotifySubscriptionInfoChangedOccurred==false no callback
02-03 16:34:06.733 D/TelephonyRegistry( 1497): listen oscl: hasNotifySubscriptionInfoChangedOccurred==false no callback
02-03 16:34:06.749 D/RILJ    ( 2268): [3652]> RIL_REQUEST_SET_TTY_MODE : 0 [SUB0]
02-03 16:34:06.758 D/TelephonyRegistry( 1497): listen oscl: hasNotifySubscriptionInfoChangedOccurred==false no callback
02-03 16:34:06.759 D/SubscriptionController( 2268): [getPhoneId] asked for default subId=-1
02-03 16:34:06.762 D/UiccController( 2268): EVENT_RADIO_UNAVAILABLE, dispose card
02-03 16:34:06.763 D/RILJ    ( 2268): [3653]> GET_CURRENT_CALLS [SUB0]
02-03 16:34:06.763 D/GsmSMSDispatcher( 2268): GsmSMSDispatcher: subId = -2 slotId = 0
02-03 16:34:06.764 E/IccCardProxy( 2268): setExternalState: !override and newstate unchanged from NOT_READY
02-03 16:34:06.764 E/IccCardProxy( 2268): setExternalState: !override and newstate unchanged from NOT_READY
02-03 16:34:06.764 D/GsmCdmaPhone( 2268): [GsmCdmaPhone] Event EVENT_RADIO_OFF_OR_NOT_AVAILABLE Received
02-03 16:34:06.764 E/IccCardProxy( 2268): setExternalState: !override and newstate unchanged from NOT_READY
02-03 16:34:06.764 D/SST     ( 2268): mDeviceShuttingDown=false, mDesiredPowerState=true, getRadioState=RADIO_UNAVAILABLE, mPowerOffDelayNeed=true, mAlarmSwitch=false, mRadioDisabledByCarrier=false
02-03 16:34:06.764 D/SST     ( 2268): Poll ServiceState done:  oldSS=[1 1 voice home data home null null null null null null  Unknown Unknown CSS not supported 0 0 RoamInd=0 DefRoamInd=0 EmergOnly=false IsDataRoamingFromRegistration=false IsUsingCarrierAggregation=false] newSS=[1 1 voice home data home null null null null null null  Unknown Unknown CSS not supported -1 -1 RoamInd=-1 DefRoamInd=-1 EmergOnly=false IsDataRoamingFromRegistration=false IsUsingCarrierAggregation=false] oldMaxDataCalls=1 mNewMaxDataCalls=1 oldReasonDataDenied=-1 mNewReasonDataDenied=-1
02-03 16:34:06.765 D/SST     ( 2268): updateSpnDisplay: radio is on but out of service, set plmn='No service'
02-03 16:34:06.766 D/SST     ( 2268): updateSpnDisplay: changed sending intent rule=0 showPlmn='true' plmn='No service' showSpn='false' spn='' dataSpn='' subId='-2'
02-03 16:34:06.768 D/SubscriptionController( 2268): [setPlmnSpn] No valid subscription to store info
02-03 16:34:06.768 D/SubscriptionController( 2268): notifySubscriptionInfoChanged:
02-03 16:34:06.768 D/TelephonyRegistry( 1497): notifySubscriptionInfoChanged: first invocation mRecords.size=16
02-03 16:34:06.769 D/SubscriptionController( 2268): [getActiveSubInfoList] Sub Controller not ready
02-03 16:34:06.770 D/TelephonyManager( 2268): setTelephonyProperty: success phoneId=0 property=gsm.operator.alpha value:  propVal=
02-03 16:34:06.770 D/TelephonyManager( 2268): setTelephonyProperty: success phoneId=0 property=gsm.operator.numeric value:  propVal=
02-03 16:34:06.771 D/SST     ( 2268): operatorNumeric is null
02-03 16:34:06.771 D/TelephonyManager( 2268): setTelephonyProperty: success phoneId=0 property=gsm.operator.iso-country value:  propVal=
02-03 16:34:06.771 D/SubscriptionController( 2268): [getPhoneId]- no sims, returning default phoneId=2147483647
02-03 16:34:06.771 D/TelephonyManager( 2268): setTelephonyProperty: success phoneId=0 property=gsm.operator.isroaming value: false propVal=false
02-03 16:34:06.771 D/SST     ( 2268): Broadcasting ServiceState : 1 1 voice home data home null null null null null null  Unknown Unknown CSS not supported -1 -1 RoamInd=-1 DefRoamInd=-1 EmergOnly=false IsDataRoamingFromRegistration=false IsUsingCarrierAggregation=false
02-03 16:34:06.772 D/DefaultPhoneNotifier( 2268): nofityServiceState: mRegistry=com.android.internal.telephony.ITelephonyRegistry$Stub$Proxy@ebae47e ss=1 1 voice home data home null null null null null null  Unknown Unknown CSS not supported -1 -1 RoamInd=-1 DefRoamInd=-1 EmergOnly=false IsDataRoamingFromRegistration=false IsUsingCarrierAggregation=false sender=Handler (com.android.internal.telephony.GsmCdmaPhone) {934c801} phondId=0 subId=-2
02-03 16:34:06.773 D/SubscriptionController( 2268): [getSlotId]- subId invalid
02-03 16:34:06.773 D/TelephonyManager( 1497): getSimState: default sim:-1, sim state for slotIdx=0 is 6, return state as unknown
02-03 16:34:06.778 D/SST     ( 2268): mDeviceShuttingDown=false, mDesiredPowerState=true, getRadioState=RADIO_UNAVAILABLE, mPowerOffDelayNeed=true, mAlarmSwitch=false, mRadioDisabledByCarrier=false
02-03 16:34:06.779 D/SST     ( 2268): Poll ServiceState done:  oldSS=[1 1 voice home data home null null null null null null  Unknown Unknown CSS not supported -1 -1 RoamInd=-1 DefRoamInd=-1 EmergOnly=false IsDataRoamingFromRegistration=false IsUsingCarrierAggregation=false] newSS=[1 1 voice home data home null null null null null null  Unknown Unknown CSS not supported -1 -1 RoamInd=-1 DefRoamInd=-1 EmergOnly=false IsDataRoamingFromRegistration=false IsUsingCarrierAggregation=false] oldMaxDataCalls=1 mNewMaxDataCalls=1 oldReasonDataDenied=-1 mNewReasonDataDenied=-1
02-03 16:34:06.779 D/DCT     ( 2268): [0]onRadioOffOrNotAvailable: is off and clean up all connections
02-03 16:34:06.779 D/DCT     ( 2268): [0]cleanUpAllConnections: tearDown=false reason=radioTurnedOff
02-03 16:34:06.779 D/GsmCdmaPhone( 2268): [GsmCdmaPhone] getDataConnectionState apnType=default ret=DISCONNECTED
02-03 16:34:06.779 D/CdmaSSM ( 2268): subscriptionSource from settings: 0
02-03 16:34:06.781 D/DCT     ( 2268): [0]setupDataForSinglePdn: reason = radioTurnedOff isDisconnected = true
02-03 16:34:06.781 D/DCT     ( 2268): [0]isOnlySingleDcAllowed(0): false
02-03 16:34:06.782 D/DCT     ( 2268): [0]cleanUpConnection: X tearDown=false reason=radioTurnedOff apnContext={mApnType=default mState=IDLE mWaitingApns={null} mApnSetting={null} mReason=radioTurnedOff mDataEnabled=false mDependencyMet=true} dcac=null
02-03 16:34:06.782 D/GsmCdmaPhone( 2268): [GsmCdmaPhone] getDataConnectionState apnType=mms ret=DISCONNECTED
02-03 16:34:06.782 D/CdmaSSM ( 2268): subscriptionSource from settings: 0
02-03 16:34:06.784 D/DCT     ( 2268): [0]setupDataForSinglePdn: reason = radioTurnedOff isDisconnected = true
02-03 16:34:06.784 D/DCT     ( 2268): [0]isOnlySingleDcAllowed(0): false
02-03 16:34:06.784 D/DCT     ( 2268): [0]cleanUpConnection: X tearDown=false reason=radioTurnedOff apnContext={mApnType=mms mState=IDLE mWaitingApns={null} mApnSetting={null} mReason=radioTurnedOff mDataEnabled=false mDependencyMet=true} dcac=null
02-03 16:34:06.784 D/GsmCdmaPhone( 2268): [GsmCdmaPhone] getDataConnectionState apnType=cbs ret=DISCONNECTED
02-03 16:34:06.784 D/CdmaSSM ( 2268): subscriptionSource from settings: 0
02-03 16:34:06.785 D/DCT     ( 2268): [0]setupDataForSinglePdn: reason = radioTurnedOff isDisconnected = true
02-03 16:34:06.786 D/DCT     ( 2268): [0]isOnlySingleDcAllowed(0): false
02-03 16:34:06.786 D/DCT     ( 2268): [0]cleanUpConnection: X tearDown=false reason=radioTurnedOff apnContext={mApnType=cbs mState=IDLE mWaitingApns={null} mApnSetting={null} mReason=radioTurnedOff mDataEnabled=false mDependencyMet=true} dcac=null
02-03 16:34:06.786 D/GsmCdmaPhone( 2268): [GsmCdmaPhone] getDataConnectionState apnType=fota ret=DISCONNECTED
02-03 16:34:06.786 D/CdmaSSM ( 2268): subscriptionSource from settings: 0
02-03 16:34:06.787 D/DCT     ( 2268): [0]setupDataForSinglePdn: reason = radioTurnedOff isDisconnected = true
02-03 16:34:06.787 D/DCT     ( 2268): [0]isOnlySingleDcAllowed(0): false
02-03 16:34:06.787 D/DCT     ( 2268): [0]cleanUpConnection: X tearDown=false reason=radioTurnedOff apnContext={mApnType=fota mState=IDLE mWaitingApns={null} mApnSetting={null} mReason=radioTurnedOff mDataEnabled=false mDependencyMet=true} dcac=null
02-03 16:34:06.787 D/GsmCdmaPhone( 2268): [GsmCdmaPhone] getDataConnectionState apnType=supl ret=DISCONNECTED
02-03 16:34:06.787 D/CdmaSSM ( 2268): subscriptionSource from settings: 0
02-03 16:34:06.789 D/DCT     ( 2268): [0]setupDataForSinglePdn: reason = radioTurnedOff isDisconnected = true
02-03 16:34:06.789 D/DCT     ( 2268): [0]isOnlySingleDcAllowed(0): false
02-03 16:34:06.789 D/DCT     ( 2268): [0]cleanUpConnection: X tearDown=false reason=radioTurnedOff apnContext={mApnType=supl mState=IDLE mWaitingApns={null} mApnSetting={null} mReason=radioTurnedOff mDataEnabled=false mDependencyMet=true} dcac=null
02-03 16:34:06.789 D/GsmCdmaPhone( 2268): [GsmCdmaPhone] getDataConnectionState apnType=emergency ret=DISCONNECTED
02-03 16:34:06.790 D/DCT     ( 2268): [0]setupDataForSinglePdn: reason = radioTurnedOff isDisconnected = true
02-03 16:34:06.790 D/DCT     ( 2268): [0]isOnlySingleDcAllowed(0): false
02-03 16:34:06.790 D/DCT     ( 2268): [0]cleanUpConnection: X tearDown=false reason=radioTurnedOff apnContext={mApnType=emergency mState=IDLE mWaitingApns={null} mApnSetting={null} mReason=radioTurnedOff mDataEnabled=false mDependencyMet=true} dcac=null
02-03 16:34:06.790 D/GsmCdmaPhone( 2268): [GsmCdmaPhone] getDataConnectionState apnType=dun ret=DISCONNECTED
02-03 16:34:06.790 D/CdmaSSM ( 2268): subscriptionSource from settings: 0
02-03 16:34:06.792 D/DCT     ( 2268): [0]setupDataForSinglePdn: reason = radioTurnedOff isDisconnected = true
02-03 16:34:06.792 D/DCT     ( 2268): [0]isOnlySingleDcAllowed(0): false
02-03 16:34:06.792 D/DCT     ( 2268): [0]cleanUpConnection: X tearDown=false reason=radioTurnedOff apnContext={mApnType=dun mState=IDLE mWaitingApns={null} mApnSetting={null} mReason=radioTurnedOff mDataEnabled=false mDependencyMet=true} dcac=null
02-03 16:34:06.792 D/GsmCdmaPhone( 2268): [GsmCdmaPhone] getDataConnectionState apnType=hipri ret=DISCONNECTED
02-03 16:34:06.793 D/CdmaSSM ( 2268): subscriptionSource from settings: 0
02-03 16:34:06.796 D/DCT     ( 2268): [0]setupDataForSinglePdn: reason = radioTurnedOff isDisconnected = true
02-03 16:34:06.796 D/DCT     ( 2268): [0]isOnlySingleDcAllowed(0): false
02-03 16:34:06.796 D/DCT     ( 2268): [0]cleanUpConnection: X tearDown=false reason=radioTurnedOff apnContext={mApnType=hipri mState=IDLE mWaitingApns={null} mApnSetting={null} mReason=radioTurnedOff mDataEnabled=false mDependencyMet=true} dcac=null
02-03 16:34:06.796 D/GsmCdmaPhone( 2268): [GsmCdmaPhone] getDataConnectionState apnType=ims ret=DISCONNECTED
02-03 16:34:06.796 D/CdmaSSM ( 2268): subscriptionSource from settings: 0
02-03 16:34:06.799 D/DCT     ( 2268): [0]setupDataForSinglePdn: reason = radioTurnedOff isDisconnected = true
02-03 16:34:06.799 D/DCT     ( 2268): [0]isOnlySingleDcAllowed(0): false
02-03 16:34:06.799 D/DCT     ( 2268): [0]cleanUpConnection: X tearDown=false reason=radioTurnedOff apnContext={mApnType=ims mState=IDLE mWaitingApns={null} mApnSetting={null} mReason=radioTurnedOff mDataEnabled=false mDependencyMet=true} dcac=null
02-03 16:34:06.799 D/DCT     ( 2268): [0]stopNetStatPoll
02-03 16:34:06.800 D/DCT     ( 2268): [0]cleanUpConnection: mDisconnectPendingCount = 0
02-03 16:34:06.801 D/CdmaSSM ( 2268): subscriptionSource from settings: 0
02-03 16:34:06.802 D/DCT     ( 2268): [0]isDataAllowed: No - SIM not loaded - Not attached
02-03 16:34:06.802 D/CdmaSSM ( 2268): subscriptionSource from settings: 0
02-03 16:34:06.804 D/CdmaSSM ( 2268): subscriptionSource from settings: 0
02-03 16:34:06.805 D/CdmaSSM ( 2268): subscriptionSource from settings: 0
02-03 16:34:06.807 D/CdmaSSM ( 2268): subscriptionSource from settings: 0
02-03 16:34:06.808 D/CdmaSSM ( 2268): subscriptionSource from settings: 0
02-03 16:34:06.811 D/CdmaSSM ( 2268): subscriptionSource from settings: 0
02-03 16:34:06.812 D/CdmaSSM ( 2268): subscriptionSource from settings: 0
02-03 16:34:06.813 D/CdmaSSM ( 2268): subscriptionSource from settings: 0
02-03 16:34:06.815 D/DCT     ( 2268): [0]onDataConnectionDetached: stop polling and notify detached
02-03 16:34:06.815 D/DCT     ( 2268): [0]stopNetStatPoll
02-03 16:34:06.815 D/DCT     ( 2268): [0]notifyDataConnection: reason=dataDetached
02-03 16:34:06.815 D/CdmaSSM ( 2268): subscriptionSource from settings: 0
02-03 16:34:06.815 D/DCT     ( 2268): [0]isDataAllowed: No - SIM not loaded - Not attached
02-03 16:34:06.815 D/CdmaSSM ( 2268): subscriptionSource from settings: 0
02-03 16:34:06.817 D/CdmaSSM ( 2268): subscriptionSource from settings: 0
02-03 16:34:06.818 D/CdmaSSM ( 2268): subscriptionSource from settings: 0
02-03 16:34:06.819 D/CdmaSSM ( 2268): subscriptionSource from settings: 0
02-03 16:34:06.820 D/CdmaSSM ( 2268): subscriptionSource from settings: 0
02-03 16:34:06.823 D/CdmaSSM ( 2268): subscriptionSource from settings: 0
02-03 16:34:06.824 D/CdmaSSM ( 2268): subscriptionSource from settings: 0
02-03 16:34:06.828 D/CdmaSSM ( 2268): subscriptionSource from settings: 0
02-03 16:34:06.830 D/DCT     ( 2268): [0]onRoamingOff
02-03 16:34:06.830 D/DCT     ( 2268): [0]setupDataOnConnectableApns: nwTypeChanged hipri:[state=IDLE,enabled=false] mms:[state=IDLE,enabled=false] supl:[state=IDLE,enabled=false] cbs:[state=IDLE,enabled=false] dun:[state=IDLE,enabled=false] fota:[state=IDLE,enabled=false] ims:[state=IDLE,enabled=false] default:[state=IDLE,enabled=false] emergency:[state=IDLE,enabled=false] 
02-03 16:34:06.830 D/SubscriptionInfoUpdater( 2268): [Receiver]+
02-03 16:34:06.830 D/SubscriptionInfoUpdater( 2268): Action: android.intent.action.SIM_STATE_CHANGED
02-03 16:34:06.830 D/SubscriptionInfoUpdater( 2268): slotId: 0
02-03 16:34:06.830 D/SubscriptionInfoUpdater( 2268): simStatus: NOT_READY
02-03 16:34:06.830 D/SubscriptionInfoUpdater( 2268): Ignoring simStatus: NOT_READY
02-03 16:34:06.831 D/SubscriptionInfoUpdater( 2268): [Receiver]-
02-03 16:34:06.831 D/TelephonyNetworkFactory[0]( 2268): onSubIdChange -1->-2
02-03 16:34:06.831 D/TelephonyNetworkFactory[0]( 2268): got request NetworkRequest [ REQUEST id=1, [ Capabilities: INTERNET&NOT_RESTRICTED&TRUSTED&NOT_VPN] ] with score 0
02-03 16:34:06.832 D/DebugService( 2268): DebugService DebugService:
02-03 16:34:06.834 D/GsmSMSDispatcher( 2268): GsmSMSDispatcher: subId = -2 slotId = 0
02-03 16:34:06.834 E/IccCardProxy( 2268): setExternalState: !override and newstate unchanged from NOT_READY
02-03 16:34:06.836 D/SST     ( 2268): SubscriptionListener.onSubscriptionInfoChanged
02-03 16:34:06.836 D/GsmCdmaPhone( 2268): [GsmCdmaPhone] updateVoiceMail countVoiceMessages = 0 subId -2
02-03 16:34:06.836 E/Phone   ( 2268): setVoiceMessageCount in sharedPreference: invalid subId -2
02-03 16:34:06.836 D/DCT     ( 2268): [0]SubscriptionListener.onSubscriptionInfoChanged
02-03 16:34:06.837 D/PhoneSwitcher( 2268): evaluating due to subChanged default 0->1 phone[0] 0->-2
02-03 16:34:06.837 D/SubscriptionController( 2268): [getActiveSubInfoList] Sub Controller not ready
02-03 16:34:06.838 D/SubscriptionController( 2268): [getActiveSubInfoList] Sub Controller not ready
02-03 16:34:06.864 D/SubscriptionController( 2268): [getPhoneId]- no sims, returning default phoneId=2147483647
02-03 16:34:06.865 D/SubscriptionController( 2268): [getPhoneId]- no sims, returning default phoneId=2147483647
02-03 16:34:06.867 D/SubscriptionController( 2268): [getPhoneId]- no sims, returning default phoneId=2147483647
02-03 16:34:06.867 D/SubscriptionController( 2268): [getPhoneId]- no sims, returning default phoneId=2147483647
02-03 16:34:06.868 D/SubscriptionController( 2268): [getPhoneId]- no sims, returning default phoneId=2147483647
02-03 16:34:06.869 D/SubscriptionController( 2268): [getPhoneId]- no sims, returning default phoneId=2147483647
02-03 16:34:06.869 D/SubscriptionController( 2268): [getPhoneId]- no sims, returning default phoneId=2147483647
02-03 16:34:06.871 D/SubscriptionController( 2268): [getPhoneId]- no sims, returning default phoneId=2147483647
02-03 16:34:06.871 D/SubscriptionController( 2268): [getPhoneId]- no sims, returning default phoneId=2147483647
02-03 16:34:06.872 D/SubscriptionController( 2268): [getPhoneId]- no sims, returning default phoneId=2147483647
02-03 16:34:06.872 D/SubscriptionController( 2268): [getPhoneId]- no sims, returning default phoneId=2147483647
02-03 16:34:06.873 D/SubscriptionController( 2268): [getPhoneId]- no sims, returning default phoneId=2147483647
02-03 16:34:06.874 D/SubscriptionController( 2268): [getPhoneId]- no sims, returning default phoneId=2147483647
02-03 16:34:06.874 D/SubscriptionController( 2268): [getPhoneId]- no sims, returning default phoneId=2147483647
02-03 16:34:06.875 D/SubscriptionController( 2268): [getPhoneId]- no sims, returning default phoneId=2147483647
02-03 16:34:06.875 D/SubscriptionController( 2268): [getPhoneId]- no sims, returning default phoneId=2147483647
02-03 16:34:06.876 D/SubscriptionController( 2268): [getPhoneId]- no sims, returning default phoneId=2147483647
02-03 16:34:06.877 D/SubscriptionController( 2268): [getPhoneId]- no sims, returning default phoneId=2147483647
02-03 16:34:06.877 D/SubscriptionController( 2268): [getPhoneId]- no sims, returning default phoneId=2147483647
02-03 16:34:06.878 D/SubscriptionController( 2268): [getPhoneId]- no sims, returning default phoneId=2147483647
02-03 16:34:06.878 D/SubscriptionController( 2268): [getPhoneId]- no sims, returning default phoneId=2147483647
02-03 16:34:06.879 D/SubscriptionController( 2268): [getPhoneId]- no sims, returning default phoneId=2147483647
02-03 16:34:06.879 D/SubscriptionController( 2268): [getPhoneId]- no sims, returning default phoneId=2147483647
02-03 16:34:06.880 D/SubscriptionController( 2268): [getPhoneId]- no sims, returning default phoneId=2147483647
02-03 16:34:06.880 D/SubscriptionController( 2268): [getPhoneId]- no sims, returning default phoneId=2147483647
02-03 16:34:06.881 D/SubscriptionController( 2268): [getPhoneId]- no sims, returning default phoneId=2147483647
02-03 16:34:06.882 D/SubscriptionController( 2268): [getPhoneId]- no sims, returning default phoneId=2147483647
02-03 16:34:06.882 D/PhoneSwitcher( 2268): evaluating due to netRequest
02-03 16:34:06.883 D/TelephonyNetworkFactory[0]( 2268): not acting - isApp=false, isAct=false NetworkRequest [ REQUEST id=1, [ Capabilities: INTERNET&NOT_RESTRICTED&TRUSTED&NOT_VPN] ]
02-03 16:34:07.255 D/SubscriptionController( 2268): [getActiveSubInfoList] Sub Controller not ready
02-03 16:34:07.257 D/SubscriptionController( 2268): [getActiveSubInfoList] Sub Controller not ready
02-03 16:34:07.260 D/SubscriptionController( 2268): [getActiveSubInfoList] Sub Controller not ready
02-03 16:34:07.747 D/SubscriptionController( 2268): [getPhoneId] asked for default subId=-1
02-03 16:34:07.790 D/SubscriptionController( 2268): [getSlotId]- subId invalid
02-03 16:34:07.791 D/TelephonyManager( 2091): getSimState: default sim:-1, sim state for slotIdx=0 is 6, return state as unknown
02-03 16:34:07.799 D/SubscriptionController( 2268): [getSlotId]- subId invalid
02-03 16:34:07.800 D/TelephonyManager( 2091): getSimState: default sim:-1, sim state for slotIdx=0 is 6, return state as unknown
02-03 16:34:07.804 D/SubscriptionController( 2268): [getSlotId]- subId invalid
02-03 16:34:07.804 D/TelephonyManager( 2091): getSimState: default sim:-1, sim state for slotIdx=0 is 6, return state as unknown
02-03 16:34:07.887 I/RILQ    (  417): (0/417):RIL[0][main] qmi_ril_qmi_client_pre_initialization_release: entry
02-03 16:34:07.887 I/RILQ    (  417): (0/417):RIL[0][main] qmi_ril_qmi_client_pre_initialization_release: exit
02-03 16:34:08.262 E/RILQ    (  417): (0/417): RIL[0][main] qcril_qmi_init_core_client_handles: qcril_qmi_presence_init returned failure(-3)
02-03 16:34:08.287 D/SubscriptionController( 2268): [getSlotId]- subId invalid
02-03 16:34:08.287 D/TelephonyManager( 2091): getSimState: default sim:-1, sim state for slotIdx=0 is 6, return state as unknown
02-03 16:34:08.312 D/SubscriptionController( 2268): [getSlotId]- subId invalid
02-03 16:34:08.313 D/TelephonyManager( 2091): getSimState: default sim:-1, sim state for slotIdx=0 is 6, return state as unknown
02-03 16:34:08.325 D/SubscriptionController( 2268): [getSlotId]- subId invalid
02-03 16:34:08.325 D/TelephonyManager( 2091): getSimState: default sim:-1, sim state for slotIdx=0 is 6, return state as unknown
02-03 16:34:08.327 D/SubscriptionController( 2268): [getSlotId]- subId invalid
02-03 16:34:08.327 D/TelephonyManager( 2091): getSimState: default sim:-1, sim state for slotIdx=0 is 6, return state as unknown
02-03 16:34:08.328 D/SubscriptionController( 2268): [getSlotId]- subId invalid
02-03 16:34:08.330 D/TelephonyManager( 2091): getSimState: default sim:-1, sim state for slotIdx=0 is 6, return state as unknown
02-03 16:34:08.493 D/SubscriptionController( 2268): [getSlotId]- subId invalid
02-03 16:34:08.494 D/TelephonyManager( 2091): getSimState: default sim:-1, sim state for slotIdx=0 is 6, return state as unknown
02-03 16:34:08.545 D/SubscriptionController( 2268): [getSlotId]- subId invalid
02-03 16:34:08.550 D/TelephonyManager( 2091): getSimState: default sim:-1, sim state for slotIdx=0 is 6, return state as unknown
02-03 16:34:08.573 D/SubscriptionController( 2268): [getSlotId]- subId invalid
02-03 16:34:08.574 D/TelephonyManager( 2091): getSimState: default sim:-1, sim state for slotIdx=0 is 6, return state as unknown
02-03 16:34:08.591 D/SubscriptionController( 2268): [getSlotId]- subId invalid
02-03 16:34:08.592 D/TelephonyManager( 2091): getSimState: default sim:-1, sim state for slotIdx=0 is 6, return state as unknown
02-03 16:34:08.594 D/SubscriptionController( 2268): [getSlotId]- subId invalid
02-03 16:34:08.595 D/TelephonyManager( 2091): getSimState: default sim:-1, sim state for slotIdx=0 is 6, return state as unknown
02-03 16:34:08.598 D/SubscriptionController( 2268): [getSlotId]- subId invalid
02-03 16:34:08.599 D/TelephonyManager( 2091): getSimState: default sim:-1, sim state for slotIdx=0 is 6, return state as unknown
02-03 16:34:08.606 D/SubscriptionController( 2268): [getSlotId]- subId invalid
02-03 16:34:08.607 D/TelephonyManager( 2091): getSimState: default sim:-1, sim state for slotIdx=0 is 6, return state as unknown
02-03 16:34:08.608 D/SubscriptionController( 2268): [getSlotId]- subId invalid
02-03 16:34:08.609 D/TelephonyManager( 2091): getSimState: default sim:-1, sim state for slotIdx=0 is 6, return state as unknown
02-03 16:34:08.616 D/SubscriptionController( 2268): [getSlotId]- subId invalid
02-03 16:34:08.616 D/TelephonyManager( 2091): getSimState: default sim:-1, sim state for slotIdx=0 is 6, return state as unknown
02-03 16:34:08.676 E/RILQ    (  417): (0/417): RIL[0][main] qcril_qmi_nas_init: QCRIL_OPERATOR_NAME is persist.env.spec,  property_name is persist.env.spec. Failed to get operator name
02-03 16:34:08.810 E/RILQ    (  417): (0/417): RIL[0] qcril_qmi_pdc_get_selected_config_ind_hdlr: no selected config id
02-03 16:34:08.810 E/RILQ    (  417): (0/417): RIL[0] mot_qcril_qmi_pdc_try_to_load_mbn: MCFG feature is NOT enabled
02-03 16:34:08.869 D/SubscriptionController( 2268): [getActiveSubInfoList] Sub Controller not ready
02-03 16:34:09.424 E/RILQ    (  417): (0/417): RIL[0][main] qcril_data_qmi_wds_init: qmi_wds_bind_subscription: subs_id binding failed
02-03 16:34:09.432 D/GsmCellBroadcastHandler( 2268): mWakeLock released
02-03 16:34:09.444 D/CellBroadcastHandler( 2268): mWakeLock released
02-03 16:34:09.471 D/CdmaServiceCategoryProgramHandler( 2268): mWakeLock released
02-03 16:34:09.522 I/RILQ    (  417): (0/417):RIL[0][main] qcril_arb_set_dsd_sys_status: old_pref_data 0 - new_data_pref 0
02-03 16:34:09.522 I/RILQ    (  417): (0/417):RIL[0][main] qcril_arb_set_dsd_sys_status: preferred dsd_sys_status nw=0x0, rat_value=0x0, so_mask=0x0000000000000800
02-03 16:34:09.522 I/RILQ    (  417): (0/417):RIL[0][main] qcril_arb_set_dsd_sys_status: preferred 1 - dsd_sys_status nw=0x0, rat_value=0x0, so_mask=0x0000000000000800
02-03 16:34:09.523 I/RILQ    (  417): (0/417):RIL[0][main] qcril_arb_set_dsd_sys_status: is_wwan_available 0
02-03 16:34:09.574 E/RILQ    (  417): (0/417): RIL[0][event] get_ecc_property_name: ecc list name : ril.ecclist.
02-03 16:34:09.584 E/RILQ    (  417): (0/417): RIL[0][event] qcril_uim_update_pbm_card_event: PBM_HANDLE_CARD 397313 processing Failed!
02-03 16:34:09.584 E/RILQ    (  417): (0/417): RIL[0][event] qcril_uim_update_pbm_card_event: PBM_HANDLE_CARD 397314 processing Failed!
02-03 16:34:09.655 E/RILQ    (  417): (0/417): RIL[0][event] qcril_dispatch_event: CHECK FAILED
02-03 16:34:09.656 E/RILQ    (  417): (0/417): RIL[0][event] qcril_dispatch_event: .. failure details instance id -1239005336, modem id -1244546691
02-03 16:34:09.656 E/RILQ    (  417): (0/417): RIL[0][event] qcril_event_main: Error processing event! (2)
02-03 16:34:09.675 E/RILQ    (  417): (0/417): RIL[0][main] qcril_sms_perform_transport_layer_info_initialization: error while retrieving transport layer reg info
02-03 16:34:09.687 I/RILC    (  417): libril: new connection to RIL_SOCKET_1
02-03 16:34:09.687 I/RILC    (  417): RIL Daemon version: Qualcomm RIL 1.0
02-03 16:34:09.688 D/RILJ    ( 2268): [UNSL]< UNSOL_RIL_CONNECTED {11} [SUB0]
02-03 16:34:09.688 D/RILJ    ( 2268): [3654]> RADIO_POWER off [SUB0]
02-03 16:34:09.689 D/RILJ    ( 2268): [3655]> RIL_REQUEST_CDMA_SET_SUBSCRIPTION_SOURCE : 0 [SUB0]
02-03 16:34:09.691 D/RILJ    ( 2268): setCellInfoListRate: 2147483647 [SUB0]
02-03 16:34:09.691 D/RILJ    ( 2268): [3656]> RIL_REQUEST_SET_CELL_INFO_LIST_RATE [SUB0]
02-03 16:34:09.693 D/RILJ    ( 2268): [UNSL]< UNSOL_RESPONSE_RADIO_STATE_CHANGED RADIO_OFF [SUB0]
02-03 16:34:09.693 E/use-Rlog/RLOG-RIL-MOTEXT(  417): qcrilUpdVoiceCallCount, called , VcCount =0
02-03 16:34:09.693 I/RILQ    (  417): (0/417):RIL[0][main] qcril_qmi_get_call_list_to_send: RILVI: calls rep: reported/skipped 0/0 calls
02-03 16:34:09.693 D/Dcc     ( 2268): DccDefaultState: msg.what=EVENT_RIL_CONNECTED mRilVersion=11
02-03 16:34:09.694 D/RILJ    ( 2268): [3657]> SCREEN_STATE: true [SUB0]
02-03 16:34:09.694 D/SST     ( 2268): mDeviceShuttingDown=false, mDesiredPowerState=true, getRadioState=RADIO_OFF, mPowerOffDelayNeed=true, mAlarmSwitch=false, mRadioDisabledByCarrier=false
02-03 16:34:09.694 D/RILJ    ( 2268): [3658]> RADIO_POWER on [SUB0]
02-03 16:34:09.697 D/RilRequest( 2268): [3648]< GET_HARDWARE_CONFIG error: com.android.internal.telephony.CommandException: REQUEST_NOT_SUPPORTED ret=
02-03 16:34:09.697 E/use-Rlog/RLOG-RIL-MOTEXT(  417): mothook_oem: header type 0, requestCode 0x0
02-03 16:34:09.697 D/RILJ    ( 2268): [3659]> OPERATOR [SUB0]
02-03 16:34:09.697 D/RilRequest( 2268): [3649]< RIL_REQUEST_START_LCE error: com.android.internal.telephony.CommandException: REQUEST_NOT_SUPPORTED ret=
02-03 16:34:09.699 D/RILJ    ( 2268): [3650]< SIGNAL_STRENGTH SignalStrength: 0 0 0 0 0 0 0 0 0 0 0 0 0 gsm|lte [SUB0]
02-03 16:34:09.699 D/RILJ    ( 2268): [3660]> DATA_REGISTRATION_STATE [SUB0]
02-03 16:34:09.699 D/RILJ    ( 2268): [3653]< GET_CURRENT_CALLS {} [SUB0]
02-03 16:34:09.702 D/RILJ    ( 2268): [3656]< RIL_REQUEST_SET_CELL_INFO_LIST_RATE  [SUB0]
02-03 16:34:09.702 D/RILJ    ( 2268): [3657]< SCREEN_STATE  [SUB0]
02-03 16:34:09.702 D/RILJ    ( 2268): [3661]> VOICE_REGISTRATION_STATE [SUB0]
02-03 16:34:09.704 D/RILJ    ( 2268): [3662]> QUERY_NETWORK_SELECTION_MODE [SUB0]
02-03 16:34:09.705 D/UiccController( 2268): Received EVENT_ICC_STATUS_CHANGED, calling getIccCardStatus
02-03 16:34:09.705 D/RILJ    ( 2268): [3663]> GET_SIM_STATUS [SUB0]
02-03 16:34:09.706 D/RILJ    ( 2268): [3652]< RIL_REQUEST_SET_TTY_MODE  [SUB0]
02-03 16:34:09.707 D/RILJ    ( 2268): [3664]> BASEBAND_VERSION [SUB0]
02-03 16:34:09.711 E/RILC    (  417): RIL_onRequestComplete: invalid RIL_Token
02-03 16:34:09.711 D/RILJ    ( 2268): [3665]> GET_IMEI [SUB0]
02-03 16:34:09.712 D/RILJ    ( 2268): [3666]> GET_IMEISV [SUB0]
02-03 16:34:09.712 D/RILJ    ( 2268): [3663]< GET_SIM_STATUS IccCardState {CARDSTATE_PRESENT,PINSTATE_UNKNOWN,num_apps=1,gsm_id=0{APPTYPE_SIM,APPSTATE_READY},cdma_id=-1,ims_id=-1} [SUB0]
02-03 16:34:09.713 D/RILJ    ( 2268): [3667]> RIL_REQUEST_GET_RADIO_CAPABILITY [SUB0]
02-03 16:34:09.714 D/RILJ    ( 2268): [3668]> RIL_REQUEST_START_LCE [SUB0]
02-03 16:34:09.714 D/DCT     ( 2268): [0]onRadioAvailable
02-03 16:34:09.714 D/Phone   ( 2268): config LCE service failed: com.android.internal.telephony.CommandException: REQUEST_NOT_SUPPORTED
02-03 16:34:09.714 D/GsmCdmaCallTracker( 2268): Event EVENT_POLL_CALLS_RESULT Received
02-03 16:34:09.714 D/GsmCdmaCallTracker( 2268): [GsmCdmaCallTracker] update phone state, old=IDLE new=IDLE
02-03 16:34:09.714 D/RILJ    ( 2268): [3669]> RIL_REQUEST_QUERY_TTY_MODE [SUB0]
02-03 16:34:09.715 D/RILJ    ( 2268): Faking RIL_REQUEST_GET_RADIO_CAPABILITY response using 786430 [SUB0]
02-03 16:34:09.715 D/RILJ    ( 2268): [3667]< RIL_REQUEST_GET_RADIO_CAPABILITY {mPhoneId = 0 mVersion=1 mSession=0 mPhase=0 mRadioAccessFamily=786430 mLogicModemId= mStatus=1} [SUB0]
02-03 16:34:09.715 D/UiccController( 2268): Received EVENT_GET_ICC_STATUS_DONE
02-03 16:34:09.716 D/RilRequest( 2268): [3668]< RIL_REQUEST_START_LCE error: com.android.internal.telephony.CommandException: REQUEST_NOT_SUPPORTED ret=
02-03 16:34:09.716 D/UiccCard( 2268): 1 applications
02-03 16:34:09.716 D/UiccCardApplication( 2268): Creating UiccApp: {APPTYPE_SIM,APPSTATE_READY}
02-03 16:34:09.719 W/VoiceMailConstants( 2268): Can't open /system/etc/voicemail-conf.xml
02-03 16:34:09.719 D/SpnOverride( 2268): No SPN in OEM image = /oem/telephony/spn-conf.xml Load SPN from system image
02-03 16:34:09.720 W/SpnOverride( 2268): Can not open /system/etc/spn-conf.xml
02-03 16:34:09.720 D/SIMRecords( 2268): [SIMRecords] setting0 mMncLength-1
02-03 16:34:09.720 D/SIMRecords( 2268): [SIMRecords] SIMRecords: onRadioOffOrNotAvailable set 'gsm.sim.operator.numeric' to operator=null
02-03 16:34:09.720 D/SIMRecords( 2268): [SIMRecords] update icc_operator_numeric=null
02-03 16:34:09.721 D/TelephonyManager( 2268): setTelephonyProperty: success phoneId=0 property=gsm.sim.operator.numeric value:  propVal=
02-03 16:34:09.721 D/TelephonyManager( 2268): setTelephonyProperty: success phoneId=0 property=gsm.sim.operator.alpha value:  propVal=
02-03 16:34:09.722 D/TelephonyManager( 2268): setTelephonyProperty: success phoneId=0 property=gsm.sim.operator.iso-country value:  propVal=
02-03 16:34:09.722 D/UiccCardApplication( 2268): Notifying 1 registrant: READY
02-03 16:34:09.723 D/SIMRecords( 2268): [SIMRecords] getOperatorNumeric: IMSI == null
02-03 16:34:09.723 D/SIMRecords( 2268): [SIMRecords] SIMRecords X ctor this=SimRecords: mDestroyed=false mContext=com.android.phone.PhoneGlobals@28d02c4 mCi=com.android.internal.telephony.RIL@b7e6f2a mFh=Handler (com.android.internal.telephony.uicc.SIMFileHandler) {47a15ad} mParentApp=com.android.internal.telephony.uicc.UiccCardApplication@b6420e2 recordsLoadedRegistrants=android.os.RegistrantList@c730c73 mImsiReadyRegistrants=android.os.RegistrantList@eb98730 mRecordsEventsRegistrants=android.os.RegistrantList@b4f5fa9 mNewSmsRegistrants=android.os.RegistrantList@5a7692e mNetworkSelectionModeAutomaticRegistrants=android.os.RegistrantList@1e7fccf recordsToLoad=0 adnCache=Handler (com.android.internal.telephony.uicc.AdnRecordCache) {5e7e65c} recordsRequested=false iccid=null msisdnTag=null voiceMailNum=null voiceMailTag=null voiceMailNum=null newVoiceMailTag=null isVoiceMailFixed=false mImsi=null mncLength=-1 mailboxIndex=0 spn=null mVmConfigcom.android.internal.telephony.uicc.VoiceMailConstants@3154d65 mSpnOverride=mSpnOverride callForwardingEnabled=0 spnState=null mCphsInfo=null mCspPlmnEnabled=true efMWIS=null efCPHS_MWI=null mEfCff=null mEfCfis=null getOperatorNumeric=null
02-03 16:34:09.724 D/RILJ    ( 2268): [3670]> QUERY_FACILITY_LOCK [FD 7 ] [SUB0]
02-03 16:34:09.724 D/RILJ    ( 2268): [3671]> QUERY_FACILITY_LOCK [SC 7 ] [SUB0]
02-03 16:34:09.727 D/RilRequest( 2268): [3655]< RIL_REQUEST_CDMA_SET_SUBSCRIPTION_SOURCE error: com.android.internal.telephony.CommandException: GENERIC_FAILURE ret=
02-03 16:34:09.729 D/RILJ    ( 2268): [3671]< QUERY_FACILITY_LOCK {0} [SUB0]
02-03 16:34:09.729 D/CAT     ( 2268): CatService: registerForRecordsLoaded slotid=0 instance:Handler (com.android.internal.telephony.cat.CatService) {f0b6c7}
02-03 16:34:09.730 D/CAT     ( 2268): CatService: Running CAT service on Slotid: 0. STK app installed:true
02-03 16:34:09.730 D/UiccCard( 2268): Before privilege rules: null : CARDSTATE_PRESENT
02-03 16:34:09.730 D/RILJ    ( 2268): [3672]> RIL_REQUEST_SIM_OPEN_CHANNEL [SUB0]
02-03 16:34:09.731 D/UiccCard( 2268): update: radioState=RADIO_OFF mLastRadioState=RADIO_UNAVAILABLE
02-03 16:34:09.731 D/UiccController( 2268): Notifying IccChangedRegistrants
02-03 16:34:09.733 D/GsmCdmaPhone( 2268): EVENT_GET_RADIO_CAPABILITY: phone rc: {mPhoneId = 0 mVersion=1 mSession=0 mPhase=0 mRadioAccessFamily=786430 mLogicModemId= mStatus=1}
02-03 16:34:09.733 D/Phone   ( 2268): config LCE service failed: com.android.internal.telephony.CommandException: REQUEST_NOT_SUPPORTED
02-03 16:34:09.733 D/SIMRecords( 2268): [SIMRecords] fetchSimRecords 0
02-03 16:34:09.733 D/RILJ    ( 2268): [3673]> getIMSI: GET_IMSI aid:  [SUB0]
02-03 16:34:09.733 D/RILJ    ( 2268): [3674]> iccIO: SIM_IO 0xc0 0x2fe2  path: 3F00,0,0,0 aid:  [SUB0]
02-03 16:34:09.734 D/RILJ    ( 2268): [3675]> iccIO: SIM_IO 0xc0 0x6f40  path: 3F007F10,0,0,15 aid:  [SUB0]
02-03 16:34:09.735 D/RILJ    ( 2268): [3676]> iccIO: SIM_IO 0xc0 0x6fc9  path: 3F007F20,0,0,15 aid:  [SUB0]
02-03 16:34:09.735 D/RILJ    ( 2268): [3677]> iccIO: SIM_IO 0xc0 0x6fad  path: 3F007F20,0,0,0 aid:  [SUB0]
02-03 16:34:09.736 D/RILJ    ( 2268): [3678]> iccIO: SIM_IO 0xc0 0x6fca  path: 3F007F20,0,0,15 aid:  [SUB0]
02-03 16:34:09.736 D/RILJ    ( 2268): [3679]> iccIO: SIM_IO 0xc0 0x6f11  path: 3F007F20,0,0,0 aid:  [SUB0]
02-03 16:34:09.736 D/RILJ    ( 2268): [3680]> iccIO: SIM_IO 0xc0 0x6fcb  path: 3F007F20,0,0,15 aid:  [SUB0]
02-03 16:34:09.737 D/RILJ    ( 2268): [3681]> iccIO: SIM_IO 0xc0 0x6f13  path: 3F007F20,0,0,0 aid:  [SUB0]
02-03 16:34:09.738 D/RILJ    ( 2268): [3682]> iccIO: SIM_IO 0xc0 0x6f46  path: 3F007F20,0,0,0 aid:  [SUB0]
02-03 16:34:09.739 D/RILJ    ( 2268): [3683]> iccIO: SIM_IO 0xc0 0x6fcd  path: 3F007F20,0,0,0 aid:  [SUB0]
02-03 16:34:09.739 D/RILJ    ( 2268): [3684]> iccIO: SIM_IO 0xc0 0x6fc5  path: 3F007F20,0,0,15 aid:  [SUB0]
02-03 16:34:09.740 D/RILJ    ( 2268): [3685]> iccIO: SIM_IO 0xc0 0x6f38  path: 3F007F20,0,0,0 aid:  [SUB0]
02-03 16:34:09.740 D/RILJ    ( 2268): [3686]> iccIO: SIM_IO 0xc0 0x6f16  path: 3F007F20,0,0,0 aid:  [SUB0]
02-03 16:34:09.741 D/RILJ    ( 2268): [3687]> iccIO: SIM_IO 0xc0 0x6f15  path: 3F007F20,0,0,0 aid:  [SUB0]
02-03 16:34:09.742 D/RILJ    ( 2268): [3664]< BASEBAND_VERSION MDM9625_104438.245.02.85R [SUB0]
02-03 16:34:09.743 D/RILJ    ( 2268): [3688]> iccIO: SIM_IO 0xc0 0x6f3e  path: 3F007F20,0,0,0 aid:  [SUB0]
02-03 16:34:09.743 D/RILJ    ( 2268): [3689]> iccIO: SIM_IO 0xc0 0x6f3f  path: 3F007F20,0,0,0 aid:  [SUB0]
02-03 16:34:09.743 D/RILJ    ( 2268): [3690]> iccIO: SIM_IO 0xc0 0x6f3c  path: 3F007F10,0,0,15 aid:  [SUB0]
02-03 16:34:09.744 D/SIMRecords( 2268): [SIMRecords] fetchSimRecords 17 requested: true
