10-23 03:19:19.145   482   635 I ThermalEngine: Sensor:chg_therm:35000 mC
10-23 03:19:19.150   482   635 I ThermalEngine: Sensor:wchg_therm:34000 mC
10-23 03:19:19.154   482   635 I ThermalEngine: Sensor:chg_therm:35000 mC
10-23 03:19:19.155   482   635 I ThermalEngine: Sensor:VS-BATT:35360 mC
10-23 03:19:20.717  1466  2203 I PowerManagerService: Waking up from dozing (uid 1000)...
10-23 03:19:20.720  1466  1466 V KeyguardServiceDelegate: onStartedWakingUp()
10-23 03:19:20.737  1466  1566 I DisplayPowerController: Blocking screen on until initial contents have been drawn.
10-23 03:19:20.744  1466  1566 V KeyguardServiceDelegate: onScreenTurnedOn(showListener = com.android.server.policy.PhoneWindowManager$2@8f77046)
10-23 03:19:20.748  1466  1561 I DisplayManagerService: Display device changed state: "Built-in Screen", ON
10-23 03:19:20.756   409   409 D SurfaceFlinger: Set power mode=2, type=0 flinger=0xb69e4000
10-23 03:19:20.756   409   409 D qdhwcomposer: hwc_setPowerMode: Setting mode 2 on display: 0
10-23 03:19:20.757   409   409 E qdutils : int qdutils::getHDMINode(): Failed to open fb node 2
10-23 03:19:20.757   409   409 E qdutils : int qdutils::getHDMINode(): Failed to open fb node 3
10-23 03:19:20.757   409   409 E qdutils : int qdutils::getHDMINode(): Failed to find HDMI node
10-23 03:19:20.799  1466  3423 V KeyguardServiceDelegate: **** SHOWN CALLED ****
10-23 03:19:20.824  1466  2223 D WifiConfigStore: Retrieve network priorities after PNO.
10-23 03:19:20.824  1466  2223 E WifiNative-wlan0: Update priority failed for :0
10-23 03:19:20.824  1466  2223 E WifiStateMachine:  Fail to set up pno, want false now false
10-23 03:19:20.827   468  2178 D audio_hw_primary: adev_set_parameters: enter: screen_state=on
10-23 03:19:20.827   468  2178 D audio_hw_extn: audio_extn_set_anc_parameters: anc_enabled:0
10-23 03:19:20.827   468  2178 E bt_a2dp_hw: adev_set_parameters: ERROR: set param called even when stream out is null
10-23 03:19:20.827   468  2178 D mot_vr_audio_hw: adev_set_parameters: screen_state=on
10-23 03:19:20.888  1466  1566 I DisplayPowerController: Unblocked screen on after 151 ms
10-23 03:19:20.889  1466  1566 V KeyguardServiceDelegate: onScreenTurnedOn()
10-23 03:19:20.890  1466  1566 I DreamManagerService: Gently waking up from dream.
10-23 03:19:20.896  1466  2856 I DreamManagerService: Leaving dreamland.
10-23 03:19:20.896  1466  1526 I DreamController: Stopping dream: name=ComponentInfo{com.android.systemui/com.android.systemui.doze.DozeService}, isTest=false, canDoze=true, userId=0
10-23 03:19:20.943   409   409 D qdhwcomposer: hwc_setPowerMode: Done setting mode 2 on display 0
10-23 03:19:20.944   409   804 I qdhwcomposer: handle_blank_event: dpy:0 panel power state: 1
10-23 03:19:20.944   409   804 E qdutils : int qdutils::getHDMINode(): Failed to open fb node 2
10-23 03:19:20.944   409   804 E qdutils : int qdutils::getHDMINode(): Failed to open fb node 3
10-23 03:19:20.944   409   804 E qdutils : int qdutils::getHDMINode(): Failed to find HDMI node
10-23 03:19:20.944  1466  2252 D SurfaceControl: Excessive delay in setPowerMode(): 197ms
10-23 03:19:21.670  2260  2260 D PhoneStatusBar: disable: < expand ICONS alerts SYSTEM_INFO back HOME RECENT clock SEARCH quick_settings >
10-23 03:19:21.691  1466  1561 E WindowAnimator: Timeout waiting for animation to startup
10-23 03:19:21.692  2260  2260 D PhoneStatusBar: disable: < expand icons* alerts system_info* back HOME RECENT clock SEARCH quick_settings >
10-23 03:19:21.705  2260  2260 W SurfaceComposerClient: At least one call to closeGlobalTransaction() was not matched by a prior call to openGlobalTransaction().
10-23 03:19:21.744  1466  3167 W InputMethodManagerService: Window already focused, ignoring focus gain of: com.android.internal.view.IInputMethodClient$Stub$Proxy@a084b22 attribute=android.view.inputmethod.EditorInfo@ab889b3, token = android.os.BinderProxy@9020325
10-23 03:19:21.760  2260  2260 D PhoneStatusBar: disable: < expand icons alerts system_info back home* recent* clock search* quick_settings >
10-23 03:19:23.347   482   623 I ThermalEngine: Sensor:/sys/class/power_supply/battery/capacity:0 mC
10-23 03:19:23.457  1466  2856 I ActivityManager: START u0 {act=android.intent.action.MAIN cat=[android.intent.category.LAUNCHER] flg=0x10200000 cmp=com.android.messaging/.ui.conversationlist.ConversationListActivity bnds=[328,2268][596,2572] (has extras)} from uid 10032 on display 0
10-23 03:19:23.476  1466  1524 W BroadcastQueue: Permission Denial: broadcasting Intent { act=com.android.launcher3.action.LAUNCH flg=0x10 (has extras) } from com.cyanogenmod.trebuchet (pid=2959, uid=10032) requires com.google.android.launcher.permission.RECEIVE_LAUNCH_BROADCASTS due to receiver com.google.android.gms/.icing.proxy.ApplicationLauncherReceiver
10-23 03:19:23.496   482   619 I ThermalEngine: Sensor:chg_therm:35000 mC
10-23 03:19:23.524  3926  3926 D MessagingApp: DraftMessageData: loading for conversationId=1
10-23 03:19:23.633  3926  4914 I MessagingAppDataModel: SyncMessagesAction: Starting batch for messages from 1477199927254 to 1477199963521 (message update limit = 80, message scan limit = 4000)
10-23 03:19:23.684  3926  4913 I MessagingAppDataModel: SyncMessagesAction: All messages now in sync
10-23 03:19:24.156   482   635 I ThermalEngine: Sensor:tmp108:35000 mC
10-23 03:19:24.156   482   635 I ThermalEngine: Sensor:max170xx_battery:35000 mC
10-23 03:19:24.161   482   635 I ThermalEngine: Sensor:chg_therm:35000 mC
10-23 03:19:24.165   482   635 I ThermalEngine: Sensor:wchg_therm:34000 mC
10-23 03:19:24.170   482   635 I ThermalEngine: Sensor:chg_therm:35000 mC
10-23 03:19:24.170   482   635 I ThermalEngine: Sensor:VS-BATT:35360 mC
10-23 03:19:24.492  2840  2840 I LatinIME: Starting input. Cursor position = 0,0
10-23 03:19:25.874  3926  3926 I MessagingApp: UI initiated message sending in conversation 1
10-23 03:19:25.927  2840  2840 I LatinIME: Starting input. Cursor position = 4,4
10-23 03:19:25.943  3926  3926 E ExtMediaPlayer-JNI: QCMediaPlayer could not be located....
10-23 03:19:25.943  3926  3926 E MediaPlayer-JNI: JNIMediaPlayerFactory: bIsQCMediaPlayerPresent 0
10-23 03:19:25.943  3926  3926 E ExtMediaPlayer-JNI: QCMediaPlayer could not be located....
10-23 03:19:25.943  3926  3926 E MediaPlayer-JNI: JNIMediaPlayerFactory: bIsQCMediaPlayerPresent 0
10-23 03:19:25.954   468  4920 I FFmpegExtractor: android-source:0xb5fe0e50
10-23 03:19:25.955   468  4920 D FFmpegExtractor: suppoted codec(pcm_s16le) by official Stagefright
10-23 03:19:25.955   468  4920 D FFmpegExtractor: ffmpeg detected media content as 'audio/x-wav' with confidence 0.08
10-23 03:19:25.955   468  4919 D NuPlayerDriver: notifyListener_l(0xb22585a0), (1, 0, 0)
10-23 03:19:25.955  3926  3926 D MediaPlayer: setSubtitleAnchor in MediaPlayer
10-23 03:19:25.957   468  3093 D NuPlayerDriver: seekTo(0xb22585a0) 0 ms
10-23 03:19:25.957   468  3093 D NuPlayerDriver: notifyListener_l(0xb22585a0), (7, 0, 0)
10-23 03:19:25.957   468  3086 D NuPlayerDriver: start(0xb22585a0), state is 4, eos is 0
10-23 03:19:25.968   468  4919 I GenericSource: start
10-23 03:19:25.969   468  4919 I MetaData: srte: (int32_t) 48000
10-23 03:19:25.969   468  4919 I MetaData: sbit: (int32_t) 16
10-23 03:19:25.969   468  4919 I MetaData: pfmt: (int32_t) 1
10-23 03:19:25.969   468  4919 I MetaData: mime: (char*) audio/raw
10-23 03:19:25.969   468  4919 I MetaData: inpS: (int32_t) 32768
10-23 03:19:25.969   468  4919 I MetaData: dura: (int64_t) 610500
10-23 03:19:25.969   468  4919 I MetaData: chnm: (int32_t) 0
10-23 03:19:25.969   468  4919 I MetaData: #chn: (int32_t) 2
10-23 03:19:25.969   468  4919 I AVNuUtils: No channel mask, try channel count
10-23 03:19:25.969   468  4919 W AVNuUtils: No bitrate info
10-23 03:19:25.969   468  4919 I NuPlayer: canOffloadDecodedPCMStream
10-23 03:19:25.969   468  4919 I MetaData: srte: (int32_t) 48000
10-23 03:19:25.969   468  4919 I MetaData: sbit: (int32_t) 16
10-23 03:19:25.969   468  4919 I MetaData: mime: (char*) audio/raw
10-23 03:19:25.969   468  4919 I MetaData: dura: (int64_t) 610500
10-23 03:19:25.969   468  4919 I MetaData: chnm: (int32_t) 3
10-23 03:19:25.969   468  4919 I MetaData: #chn: (int32_t) 2
10-23 03:19:25.969   468  4919 I AVNuUtils: decision 0 mime audio/raw
10-23 03:19:25.969   468  4919 I MetaData: srte: (int32_t) 48000
10-23 03:19:25.969   468  4919 I MetaData: sbit: (int32_t) 16
10-23 03:19:25.969   468  4919 I MetaData: mime: (char*) audio/raw
10-23 03:19:25.969   468  4919 I MetaData: dura: (int64_t) 610500
10-23 03:19:25.969   468  4919 I MetaData: chnm: (int32_t) 3
10-23 03:19:25.969   468  4919 I MetaData: #chn: (int32_t) 2
10-23 03:19:25.969   468  4919 I NuPlayer: PCM offload decided: 0
10-23 03:19:25.970   468  4919 D NuPlayerDriver: notifyListener_l(0xb22585a0), (4, 0, 0)
10-23 03:19:25.970   468  4919 I MetaData: srte: (int32_t) 48000
10-23 03:19:25.970   468  4919 I MetaData: sbit: (int32_t) 16
10-23 03:19:25.970   468  4919 I MetaData: pfmt: (int32_t) 1
10-23 03:19:25.970   468  4919 I MetaData: mime: (char*) audio/raw
10-23 03:19:25.970   468  4919 I MetaData: inpS: (int32_t) 32768
10-23 03:19:25.970   468  4919 I MetaData: dura: (int64_t) 610500
10-23 03:19:25.970   468  4919 I MetaData: chnm: (int32_t) 0
10-23 03:19:25.970   468  4919 I MetaData: #chn: (int32_t) 2
10-23 03:19:25.970   468  4919 I AVNuUtils: No channel mask, try channel count
10-23 03:19:25.970   468  4919 W AVNuUtils: No bitrate info
10-23 03:19:25.970   468  4919 I NuPlayer: canOffloadDecodedPCMStream
10-23 03:19:25.970   468  4919 I MetaData: srte: (int32_t) 48000
10-23 03:19:25.971   468  4919 I MetaData: sbit: (int32_t) 16
10-23 03:19:25.971   468  4919 I MetaData: mime: (char*) audio/raw
10-23 03:19:25.971   468  4919 I MetaData: dura: (int64_t) 610500
10-23 03:19:25.971   468  4919 I MetaData: chnm: (int32_t) 3
10-23 03:19:25.971   468  4919 I MetaData: #chn: (int32_t) 2
10-23 03:19:25.971   468  4919 I AVNuUtils: decision 0 mime audio/raw
10-23 03:19:25.971   468  4919 I MetaData: srte: (int32_t) 48000
10-23 03:19:25.971   468  4919 I MetaData: sbit: (int32_t) 16
10-23 03:19:25.972   468  4919 I MetaData: mime: (char*) audio/raw
10-23 03:19:25.972   468  4919 I MetaData: dura: (int64_t) 610500
10-23 03:19:25.972   468  4919 I MetaData: chnm: (int32_t) 3
10-23 03:19:25.972   468  4919 I MetaData: #chn: (int32_t) 2
10-23 03:19:25.972   468  4919 I NuPlayer: PCM offload decided: 0
10-23 03:19:25.981  3926  4925 I MessagingAppDataModel: InsertNewMessageAction: inserting new message
10-23 03:19:25.982   468  4924 E OMXNodeInstance: setConfig(3a:google.raw.decoder, ConfigPriority(0x6f800002)) ERROR: Undefined(0x80001001)
10-23 03:19:25.982   468  4924 I ACodec  : codec does not support config priority (err -2147483648)
10-23 03:19:25.982   468  4924 I MediaCodec: MediaCodec will operate in async mode
10-23 03:19:26.000   468  2150 D audio_hw_primary: out_set_parameters: enter: usecase(1: low-latency-playback) kvpairs: routing=2
10-23 03:19:26.000   468  2150 D audio_hw_extn: audio_extn_set_anc_parameters: anc_enabled:0
10-23 03:19:26.003   468  4919 D NuPlayerDriver: notifyListener_l(0xb22585a0), (6, 0, 0)
10-23 03:19:26.004   468  4923 I NuPlayerDecoder: [audio] saw output EOS
10-23 03:19:26.011   468  2150 D audio_hw_primary: start_output_stream: enter: stream(0xb5ff79c0)usecase(1: low-latency-playback) devices(0x2)
10-23 03:19:26.011   468  2150 D audio_hw_primary: start_output_stream: enter: usecase(1: low-latency-playback) devices(0x2)
10-23 03:19:26.011   468  2150 D audio_hw_primary: select_devices: out_snd_device(2: speaker) in_snd_device(0: )
10-23 03:19:26.011   468  2150 W msm8974_platform: Codec backend bitwidth 16, samplerate 48000
10-23 03:19:26.011   468  2150 D hardware_info: hw_info_append_hw_type : device_name = speaker
10-23 03:19:26.011   468  2150 I msm8974_platform: platform_send_audio_calibration: sending audio calibration for snd_device(2) acdb_id(14)
10-23 03:19:26.011   468  2150 D ACDB-LOADER: ACDB -> send_audio_cal, acdb_id = 14, path =  0
10-23 03:19:26.011   468  2150 D ACDB-LOADER: ACDB -> send_adm_topology
10-23 03:19:26.011   468  2150 D ACDB-LOADER: ACDB -> ACDB_CMD_GET_AUDPROC_COMMON_TOPOLOGY_ID
10-23 03:19:26.011   468  2150 D ACDB-LOADER: ACDB -> send_asm_topology
10-23 03:19:26.011   468  2150 D ACDB-LOADER: ACDB -> ACDB_CMD_GET_AUDPROC_STREAM_TOPOLOGY_ID
10-23 03:19:26.011   468  2150 D ACDB-LOADER: ACDB -> send_audtable
10-23 03:19:26.011   468  2150 D ACDB-LOADER: ACDB -> ACDB_CMD_GET_AUDPROC_COMMON_TABLE
10-23 03:19:26.011   468  2150 D ACDB-LOADER: ACDB -> AUDIO_SET_AUDPROC_CAL
10-23 03:19:26.011   468  2150 D ACDB-LOADER: ACDB -> send_audvoltable
10-23 03:19:26.011   468  2150 D ACDB-LOADER: ACDB -> ACDB_CMD_GET_AUDPROC_GAIN_DEP_STEP_TABLE
10-23 03:19:26.011   468  2150 D         : Failed to fetch the lookup information of the device 0000000E 
10-23 03:19:26.011   468  2150 E ACDB-LOADER: Error: ACDB AudProc vol returned = -19
10-23 03:19:26.011   468  2150 D ACDB-LOADER: ACDB -> AUDIO_SET_AUDPROC_VOL_CAL
10-23 03:19:26.011   468  2150 D ACDB-LOADER: ACDB -> send_afe_cal
10-23 03:19:26.011   468  2150 D ACDB-LOADER: ACDB -> ACDB_CMD_GET_AFE_COMMON_TABLE
10-23 03:19:26.011   468  2150 D         : Failed to fetch the lookup information of the device 0000000E 
10-23 03:19:26.011   468  2150 E ACDB-LOADER: Error: ACDB AFE returned = -19
10-23 03:19:26.011   468  2150 D ACDB-LOADER: ACDB -> AUDIO_SET_AFE_CAL
10-23 03:19:26.013   468  2150 D audio_hw_primary: select_devices: done
10-23 03:19:26.068  3926  4925 I MessagingAppDataModel: ProcessPendingMessagesAction: Scheduling pending messages
10-23 03:19:26.100  3926  4925 I MessagingAppDataModel: ProcessPendingMessagesAction: Queueing message 7 for sending
10-23 03:19:26.109  3926  3926 D f       : mAmbientApiClient is null, initializing
10-23 03:19:26.109  3926  3926 D f       : ambientApiClient is not connect or connecting, attempting to connect now
10-23 03:19:26.110  3926  3926 W MOD.CyanogenAmbientUtil: Cyanogen Ambient package is missing! Version 1050100 is required.
10-23 03:19:26.110  3926  3926 E MOD.AmbientApiClientImp: This application will not run unless you install Ambient services
10-23 03:19:26.110  3926  3926 E f       : Unable to connect with Ambient. ConnectionResult.ErrorCode : 1
10-23 03:19:26.196  3926  4929 I MessagingAppDataModel: SendMessageAction: Sending SMS message 7 in conversation 1
10-23 03:19:26.733   468  4919 D NuPlayerDriver: notifyListener_l(0xb22585a0), (2, 0, 0)
10-23 03:19:26.745   468  2178 D NuPlayerDriver: stop(0xb22585a0)
10-23 03:19:26.746   468  2178 D NuPlayerDriver: notifyListener_l(0xb22585a0), (8, 0, 0)
10-23 03:19:26.750   468  2855 D NuPlayerDriver: reset(0xb22585a0)
10-23 03:19:26.767   468  4919 D NuPlayerDriver: notifyResetComplete(0xb22585a0)
10-23 03:19:26.777  3926  3926 W MediaPlayer: mediaplayer went away with unhandled events
10-23 03:19:27.045  1466  2203 I PowerManagerService: Going to sleep due to power button (uid 1000)...
10-23 03:19:27.102  2840  2840 I LatinIME: Starting input. Cursor position = 0,0
10-23 03:19:27.103  3926  3926 W IInputConnectionWrapper: getSelectedText on inactive InputConnection
10-23 03:19:27.105  3926  3926 W IInputConnectionWrapper: requestCursorAnchorInfo on inactive InputConnection
10-23 03:19:27.107  3926  3926 W IInputConnectionWrapper: getTextBeforeCursor on inactive InputConnection
10-23 03:19:27.107  2840  2840 E RichInputConnection: Unable to connect to the editor to retrieve text.
10-23 03:19:27.107  2840  2840 D RichInputConnection: Will try to retrieve text later.
10-23 03:19:27.117  3926  3926 W IInputConnectionWrapper: getTextBeforeCursor on inactive InputConnection
10-23 03:19:27.118  2840  2840 E RichInputConnection: Unable to connect to the editor to retrieve text.
10-23 03:19:27.118  2840  2840 W RichInputConnection: Unable to connect to the editor. Setting caps mode without knowing text.
10-23 03:19:27.143  3926  3926 W IInputConnectionWrapper: getTextBeforeCursor on inactive InputConnection
10-23 03:19:27.143  2840  2840 E RichInputConnection: Unable to connect to the editor to retrieve text.
10-23 03:19:27.143  2840  2840 D RichInputConnection: Will try to retrieve text later.
10-23 03:19:27.143  3926  3926 W IInputConnectionWrapper: getTextBeforeCursor on inactive InputConnection
10-23 03:19:27.144  2840  2840 E RichInputConnection: Unable to connect to the editor to retrieve text.
10-23 03:19:27.144  2840  2840 D RichInputConnection: Will try to retrieve text later.
10-23 03:19:27.144  3926  3926 W IInputConnectionWrapper: getTextBeforeCursor on inactive InputConnection
10-23 03:19:27.144  2840  2840 E RichInputConnection: Unable to connect to the editor to retrieve text.
10-23 03:19:27.144  2840  2840 D RichInputConnection: Will try to retrieve text later.
10-23 03:19:27.144  3926  3926 W IInputConnectionWrapper: getTextBeforeCursor on inactive InputConnection
10-23 03:19:27.145  2840  2840 E RichInputConnection: Unable to connect to the editor to retrieve text.
10-23 03:19:27.145  2840  2840 D RichInputConnection: Will try to retrieve text later.
10-23 03:19:27.145  3926  3926 W IInputConnectionWrapper: getTextBeforeCursor on inactive InputConnection
10-23 03:19:27.145  2840  2840 E RichInputConnection: Unable to connect to the editor to retrieve text.
10-23 03:19:27.145  2840  2840 D RichInputConnection: Will try to retrieve text later.
10-23 03:19:27.145  3926  3926 W IInputConnectionWrapper: getTextBeforeCursor on inactive InputConnection
10-23 03:19:27.146  2840  2840 E RichInputConnection: Unable to connect to the editor to retrieve text.
10-23 03:19:27.146  2840  2840 D RichInputConnection: Will try to retrieve text later.
10-23 03:19:27.146  3926  3926 W IInputConnectionWrapper: getTextBeforeCursor on inactive InputConnection
10-23 03:19:27.147  3926  3926 W IInputConnectionWrapper: getSelectedText on inactive InputConnection
10-23 03:19:27.148  3926  3926 W IInputConnectionWrapper: getTextBeforeCursor on inactive InputConnection
10-23 03:19:27.148  2840  2840 E RichInputConnection: Unable to connect to the editor to retrieve text.
10-23 03:19:27.148  2840  2840 W RichInputConnection: Unable to connect to the editor. Setting caps mode without knowing text.
10-23 03:19:27.693  1466  1566 V KeyguardServiceDelegate: onScreenTurnedOff()
10-23 03:19:27.700  1466  1561 I DisplayManagerService: Display device changed state: "Built-in Screen", OFF
10-23 03:19:27.705   409   409 D SurfaceFlinger: Set power mode=0, type=0 flinger=0xb69e4000
10-23 03:19:27.705   409   409 D qdhwcomposer: hwc_setPowerMode: Setting mode 0 on display: 0
10-23 03:19:27.705   409   409 E qdutils : int qdutils::getHDMINode(): Failed to open fb node 2
10-23 03:19:27.705   409   409 E qdutils : int qdutils::getHDMINode(): Failed to open fb node 3
10-23 03:19:27.705   409   409 E qdutils : int qdutils::getHDMINode(): Failed to find HDMI node
10-23 03:19:27.747  1466  1479 I art     : Background partial concurrent mark sweep GC freed 21674(2MB) AllocSpace objects, 6(116KB) LOS objects, 31% free, 34MB/50MB, paused 1.356ms total 102.336ms
10-23 03:19:27.940   409   804 I qdhwcomposer: handle_blank_event: dpy:0 panel power state: 0
10-23 03:19:27.941   409   804 E qdutils : int qdutils::getHDMINode(): Failed to open fb node 2
10-23 03:19:27.941   409   804 E qdutils : int qdutils::getHDMINode(): Failed to open fb node 3
10-23 03:19:27.941   409   804 E qdutils : int qdutils::getHDMINode(): Failed to find HDMI node
10-23 03:19:27.943   409   409 D qdhwcomposer: hwc_setPowerMode: Done setting mode 0 on display 0
10-23 03:19:27.944  1466  2252 D SurfaceControl: Excessive delay in setPowerMode(): 244ms
10-23 03:19:27.948  1466  1566 I DreamManagerService: Entering dreamland.
10-23 03:19:27.948  1466  1566 I PowerManagerService: Dozing...
10-23 03:19:27.950  1466  1526 I DreamController: Starting dream: name=ComponentInfo{com.android.systemui/com.android.systemui.doze.DozeService}, isTest=false, canDoze=true, userId=0
10-23 03:19:27.993  1466  2223 D WifiConfigStore: Retrieve network priorities after PNO.
10-23 03:19:27.993   468   468 D audio_hw_primary: adev_set_parameters: enter: screen_state=off
10-23 03:19:27.993  1466  2223 E WifiNative-wlan0: Update priority failed for :0
10-23 03:19:27.993   468   468 D audio_hw_extn: audio_extn_set_anc_parameters: anc_enabled:0
10-23 03:19:27.993   468   468 E bt_a2dp_hw: adev_set_parameters: ERROR: set param called even when stream out is null
10-23 03:19:27.993   468   468 D mot_vr_audio_hw: adev_set_parameters: screen_state=off
10-23 03:19:27.993  1466  2223 E WifiStateMachine:  Fail to set up pno, want false now false
10-23 03:19:28.029  2260  2260 W SurfaceComposerClient: At least one call to closeGlobalTransaction() was not matched by a prior call to openGlobalTransaction().
10-23 03:19:28.034  2260  2260 D PhoneStatusBar: disable: < expand ICONS* alerts SYSTEM_INFO* back home recent clock search quick_settings >
10-23 03:19:28.161  2260  2260 D PhoneStatusBar: disable: < expand ICONS alerts SYSTEM_INFO back HOME* RECENT* clock SEARCH* quick_settings >
10-23 03:19:28.313   482   626 I ThermalEngine: Sensor:max170xx_battery:35000 mC
10-23 03:19:28.349   482   623 I ThermalEngine: Sensor:/sys/class/power_supply/battery/capacity:0 mC
10-23 03:19:28.390   482   621 I ThermalEngine: Sensor:apq_therm:35000 mC
10-23 03:19:28.500   482   619 I ThermalEngine: Sensor:chg_therm:35000 mC
10-23 03:19:28.504  3926  4934 I MessagingAppDataModel: ProcessSentMessageAction: Done sending SMS message 7 in conversation 1; status is SUCCEEDED
10-23 03:19:28.504  3926  4934 I MessagingAppDataModel: ProcessPendingMessagesAction: Scheduling pending messages
10-23 03:19:29.171   482   635 I ThermalEngine: Sensor:tmp108:36000 mC
10-23 03:19:29.172   482   635 I ThermalEngine: Sensor:max170xx_battery:35000 mC
10-23 03:19:29.177   482   635 I ThermalEngine: Sensor:chg_therm:35000 mC
10-23 03:19:29.182   482   635 I ThermalEngine: Sensor:wchg_therm:34000 mC
10-23 03:19:29.187   482   635 I ThermalEngine: Sensor:chg_therm:35000 mC
10-23 03:19:29.187   482   635 I ThermalEngine: Sensor:VS-BATT:35640 mC
10-23 03:19:29.676   468  2150 D audio_hw_primary: out_standby: enter: stream (0xb5ff79c0) usecase(1: low-latency-playback)
10-23 03:19:29.812   468  2150 D hardware_info: hw_info_append_hw_type : device_name = speaker
10-23 03:19:31.404  2942  3135 V BlacklistProvider: Query uri=content://blacklist/bynumber/9090, match=2
10-23 03:19:31.426  2942  3135 V GsmInboundSmsHandler: Unable to find carrier package: [], nor systemPackages: []
10-23 03:19:31.437  2942  3135 D MmsService: getAutoPersisting
10-23 03:19:31.444  3926  3926 D SmsReceiver.deliverSmsMessages: Is SMS Message Replaceable : false
10-23 03:19:31.500  3926  4935 D MessageReplaceFeature: SMS Message Replaceable : false
10-23 03:19:31.535  3926  4935 I MessagingAppDataModel: ReceiveSmsMessageAction: Received SMS message 8 in conversation 2, uri = content://sms/7
10-23 03:19:31.536  3926  4935 I MessagingAppDataModel: ProcessPendingMessagesAction: Scheduling pending messages
10-23 03:19:31.572  3926  4935 I MessagingAppNotif: Notifying for conversation 2; tag = com.android.messaging:sms:, type = 0
10-23 03:19:31.584  2260  4941 E ExtMediaPlayer-JNI: QCMediaPlayer could not be located....
10-23 03:19:31.585  2260  4941 E MediaPlayer-JNI: JNIMediaPlayerFactory: bIsQCMediaPlayerPresent 0
10-23 03:19:31.585  2260  4941 E ExtMediaPlayer-JNI: QCMediaPlayer could not be located....
10-23 03:19:31.585  2260  4941 E MediaPlayer-JNI: JNIMediaPlayerFactory: bIsQCMediaPlayerPresent 0
10-23 03:19:31.597  1466  2182 E MotoSensors: Proximity uncovered
10-23 03:19:31.627   468  4942 D NuPlayerDriver: notifyListener_l(0xb2258300), (1, 0, 0)
10-23 03:19:31.627  2260  4941 D MediaPlayer: setSubtitleAnchor in MediaPlayer
10-23 03:19:31.630  1466  2856 I MediaFocusControl:  AudioFocus  requestAudioFocus() from android.media.AudioManager@505d04 req=3flags=0x0
10-23 03:19:31.635   468  3086 D NuPlayerDriver: start(0xb2258300), state is 4, eos is 0
10-23 03:19:31.635   468  4942 I GenericSource: start
10-23 03:19:31.638   468  4942 I MetaData: vinf: (unknown type 0, size 30)
10-23 03:19:31.638   468  4942 I MetaData: 00000000:  01 76 6f 72 62 69 73 00  00 00 00 02 44 ac 00 00  .vorbis.....D...
10-23 03:19:31.638   468  4942 I MetaData: 00000010:  00 00 00 00 80 b5 01 00  00 00 00 00 b8 01        ..............
10-23 03:19:31.638   468  4942 I MetaData: vboo: (unknown type 0, size 3832)
10-23 03:19:31.638   468  4942 I MetaData: srte: (int32_t) 44100
10-23 03:19:31.638   468  4942 I MetaData: mime: (char*) audio/vorbis
10-23 03:19:31.638   468  4942 I MetaData: dura: (int64_t) 1200000
10-23 03:19:31.638   468  4942 I MetaData: #chn: (int32_t) 2
10-23 03:19:31.638   468  4942 I AVNuUtils: No channel mask, try channel count
10-23 03:19:31.639   468  4942 W AVNuUtils: No bitrate info
10-23 03:19:31.639   468  4942 I NuPlayer: canOffloadDecodedPCMStream
10-23 03:19:31.639   468  4942 I MetaData: srte: (int32_t) 44100
10-23 03:19:31.639   468  4942 I MetaData: sbit: (int32_t) 16
10-23 03:19:31.639   468  4942 I MetaData: mime: (char*) audio/raw
10-23 03:19:31.639   468  4942 I MetaData: dura: (int64_t) 1200000
10-23 03:19:31.639   468  4942 I MetaData: chnm: (int32_t) 3
10-23 03:19:31.639   468  4942 I MetaData: #chn: (int32_t) 2
10-23 03:19:31.639   468  4942 I AVNuUtils: decision 0 mime audio/vorbis
10-23 03:19:31.639   468  4942 I MetaData: srte: (int32_t) 44100
10-23 03:19:31.639   468  4942 I MetaData: sbit: (int32_t) 16
10-23 03:19:31.639   468  4942 I MetaData: mime: (char*) audio/raw
10-23 03:19:31.639   468  4942 I MetaData: dura: (int64_t) 1200000
10-23 03:19:31.639   468  4942 I MetaData: chnm: (int32_t) 3
10-23 03:19:31.639   468  4942 I MetaData: #chn: (int32_t) 2
10-23 03:19:31.639   468  4942 I NuPlayer: PCM offload decided: 0
10-23 03:19:31.640   468  4942 I MetaData: vinf: (unknown type 0, size 30)
10-23 03:19:31.640   468  4942 I MetaData: 00000000:  01 76 6f 72 62 69 73 00  00 00 00 02 44 ac 00 00  .vorbis.....D...
10-23 03:19:31.640   468  4942 I MetaData: 00000010:  00 00 00 00 80 b5 01 00  00 00 00 00 b8 01        ..............
10-23 03:19:31.640   468  4942 I MetaData: vboo: (unknown type 0, size 3832)
10-23 03:19:31.640   468  4942 I MetaData: srte: (int32_t) 44100
10-23 03:19:31.640   468  4942 I MetaData: mime: (char*) audio/vorbis
10-23 03:19:31.640   468  4942 I MetaData: dura: (int64_t) 1200000
10-23 03:19:31.640   468  4942 I MetaData: #chn: (int32_t) 2
10-23 03:19:31.640   468  4942 I AVNuUtils: No channel mask, try channel count
10-23 03:19:31.640   468  4942 W AVNuUtils: No bitrate info
10-23 03:19:31.640   468  4942 I NuPlayer: canOffloadDecodedPCMStream
10-23 03:19:31.640   468  4942 I MetaData: srte: (int32_t) 44100
10-23 03:19:31.640   468  4942 I MetaData: sbit: (int32_t) 16
10-23 03:19:31.640   468  4942 I MetaData: mime: (char*) audio/raw
10-23 03:19:31.640   468  4942 I MetaData: dura: (int64_t) 1200000
10-23 03:19:31.640   468  4942 I MetaData: chnm: (int32_t) 3
10-23 03:19:31.640   468  4942 I MetaData: #chn: (int32_t) 2
10-23 03:19:31.640   468  4942 I AVNuUtils: decision 0 mime audio/vorbis
10-23 03:19:31.640   468  4942 I MetaData: srte: (int32_t) 44100
10-23 03:19:31.640   468  4942 I MetaData: sbit: (int32_t) 16
10-23 03:19:31.640   468  4942 I MetaData: mime: (char*) audio/raw
10-23 03:19:31.640   468  4942 I MetaData: dura: (int64_t) 1200000
10-23 03:19:31.640   468  4942 I MetaData: chnm: (int32_t) 3
10-23 03:19:31.640   468  4942 I MetaData: #chn: (int32_t) 2
10-23 03:19:31.640   468  4942 I NuPlayer: PCM offload decided: 0
10-23 03:19:31.646   468  4947 E OMXNodeInstance: setConfig(3b:google.vorbis.decoder, ConfigPriority(0x6f800002)) ERROR: Undefined(0x80001001)
10-23 03:19:31.646   468  4947 I ACodec  : codec does not support config priority (err -2147483648)
10-23 03:19:31.647   468  4947 I MediaCodec: MediaCodec will operate in async mode
10-23 03:19:31.655   468  2150 D audio_hw_primary: out_set_parameters: enter: usecase(1: low-latency-playback) kvpairs: routing=2
10-23 03:19:31.655   468  2150 D audio_hw_extn: audio_extn_set_anc_parameters: anc_enabled:0
10-23 03:19:31.655   468  4942 D NuPlayerDriver: notifyListener_l(0xb2258300), (6, 0, 0)
10-23 03:19:31.665   468  2150 D audio_hw_primary: start_output_stream: enter: stream(0xb5ff79c0)usecase(1: low-latency-playback) devices(0x2)
10-23 03:19:31.665   468  2150 D audio_hw_primary: start_output_stream: enter: usecase(1: low-latency-playback) devices(0x2)
10-23 03:19:31.665   468  2150 W msm8974_platform: Codec backend bitwidth 16, samplerate 48000
10-23 03:19:31.665   468  2150 D hardware_info: hw_info_append_hw_type : device_name = speaker
10-23 03:19:31.665   468  2150 I msm8974_platform: platform_send_audio_calibration: sending audio calibration for snd_device(2) acdb_id(14)
10-23 03:19:31.665   468  2150 D ACDB-LOADER: ACDB -> send_audio_cal, acdb_id = 14, path =  0
10-23 03:19:31.665   468  2150 D ACDB-LOADER: ACDB -> send_adm_topology
10-23 03:19:31.665   468  2150 D ACDB-LOADER: ACDB -> ACDB_CMD_GET_AUDPROC_COMMON_TOPOLOGY_ID
10-23 03:19:31.665   468  2150 D ACDB-LOADER: ACDB -> send_asm_topology
10-23 03:19:31.665   468  2150 D ACDB-LOADER: ACDB -> ACDB_CMD_GET_AUDPROC_STREAM_TOPOLOGY_ID
10-23 03:19:31.665   468  2150 D ACDB-LOADER: ACDB -> send_audtable
10-23 03:19:31.665   468  2150 D ACDB-LOADER: ACDB -> ACDB_CMD_GET_AUDPROC_COMMON_TABLE
10-23 03:19:31.665   468  2150 D ACDB-LOADER: ACDB -> AUDIO_SET_AUDPROC_CAL
10-23 03:19:31.665   468  2150 D ACDB-LOADER: ACDB -> send_audvoltable
10-23 03:19:31.665   468  2150 D ACDB-LOADER: ACDB -> ACDB_CMD_GET_AUDPROC_GAIN_DEP_STEP_TABLE
10-23 03:19:31.665   468  2150 D         : Failed to fetch the lookup information of the device 0000000E 
10-23 03:19:31.665   468  2150 E ACDB-LOADER: Error: ACDB AudProc vol returned = -19
10-23 03:19:31.665   468  2150 D ACDB-LOADER: ACDB -> AUDIO_SET_AUDPROC_VOL_CAL
10-23 03:19:31.665   468  2150 D ACDB-LOADER: ACDB -> send_afe_cal
10-23 03:19:31.665   468  2150 D ACDB-LOADER: ACDB -> ACDB_CMD_GET_AFE_COMMON_TABLE
10-23 03:19:31.665   468  2150 D         : Failed to fetch the lookup information of the device 0000000E 
10-23 03:19:31.665   468  2150 E ACDB-LOADER: Error: ACDB AFE returned = -19
10-23 03:19:31.665   468  2150 D ACDB-LOADER: ACDB -> AUDIO_SET_AFE_CAL
10-23 03:19:31.666   468  2150 D audio_hw_primary: select_devices: done
10-23 03:19:31.686  1466  1566 I DisplayPowerController: Blocking screen on until initial contents have been drawn.
10-23 03:19:31.687  1466  1566 V KeyguardServiceDelegate: onScreenTurnedOn(showListener = com.android.server.policy.PhoneWindowManager$2@8f77046)
10-23 03:19:31.688  1466  1561 I DisplayManagerService: Display device changed state: "Built-in Screen", ON
10-23 03:19:31.697   409   409 D SurfaceFlinger: Set power mode=2, type=0 flinger=0xb69e4000
10-23 03:19:31.697   409   409 D qdhwcomposer: hwc_setPowerMode: Setting mode 2 on display: 0
10-23 03:19:31.697   409   409 E qdutils : int qdutils::getHDMINode(): Failed to open fb node 2
10-23 03:19:31.698   409   409 E qdutils : int qdutils::getHDMINode(): Failed to open fb node 3
10-23 03:19:31.698   409   409 E qdutils : int qdutils::getHDMINode(): Failed to find HDMI node
10-23 03:19:31.711  1466  2297 V KeyguardServiceDelegate: **** SHOWN CALLED ****
10-23 03:19:31.723  3513  4422 I Icing   : Usage reports 0 indexed 0 rejected 0 imm upload false
10-23 03:19:31.742  3513  4950 W IcingInternalCorpora: getNumBytesRead when not calculated.
10-23 03:19:31.782  1466  1566 I DisplayPowerController: Unblocked screen on after 96 ms
10-23 03:19:31.782  1466  1566 V KeyguardServiceDelegate: onScreenTurnedOn()
10-23 03:19:31.846   409   409 D qdhwcomposer: hwc_setPowerMode: Done setting mode 2 on display 0
10-23 03:19:31.846   409   804 I qdhwcomposer: handle_blank_event: dpy:0 panel power state: 1
10-23 03:19:31.847   409   804 E qdutils : int qdutils::getHDMINode(): Failed to open fb node 2
10-23 03:19:31.848   409   804 E qdutils : int qdutils::getHDMINode(): Failed to open fb node 3
10-23 03:19:31.848   409   804 E qdutils : int qdutils::getHDMINode(): Failed to find HDMI node
10-23 03:19:31.848  1466  2252 D SurfaceControl: Excessive delay in setPowerMode(): 160ms
10-23 03:19:32.490   468  4946 I NuPlayerDecoder: [audio] saw output EOS
10-23 03:19:32.732  3513  4422 I Icing   : Indexing 77C147F40E50121E6814F73D1642D2ABE7C8242F from com.google.android.gms
10-23 03:19:32.787  3513  4422 I Icing   : Indexing done 77C147F40E50121E6814F73D1642D2ABE7C8242F
10-23 03:19:32.989   468  4942 D NuPlayerDriver: notifyListener_l(0xb2258300), (2, 0, 0)
10-23 03:19:32.993  1466  2297 I MediaFocusControl:  AudioFocus  abandonAudioFocus() from android.media.AudioManager@505d04
10-23 03:19:33.350   482   623 I ThermalEngine: Sensor:/sys/class/power_supply/battery/capacity:0 mC
10-23 03:19:33.505   482   619 I ThermalEngine: Sensor:chg_therm:35000 mC
^C
130|shell@quark:/ $ 

