10-23 03:17:06.314   468  4825 I MetaData: vboo: (unknown type 0, size 3832)
10-23 03:17:06.314   468  4825 I MetaData: srte: (int32_t) 44100
10-23 03:17:06.314   468  4825 I MetaData: mime: (char*) audio/vorbis
10-23 03:17:06.314   468  4825 I MetaData: dura: (int64_t) 1200000
10-23 03:17:06.314   468  4825 I MetaData: #chn: (int32_t) 2
10-23 03:17:06.314   468  4825 I AVNuUtils: No channel mask, try channel count
10-23 03:17:06.314   468  4825 W AVNuUtils: No bitrate info
10-23 03:17:06.314   468  4825 I NuPlayer: canOffloadDecodedPCMStream
10-23 03:17:06.314   468  4825 I MetaData: srte: (int32_t) 44100
10-23 03:17:06.314   468  4825 I MetaData: sbit: (int32_t) 16
10-23 03:17:06.314   468  4825 I MetaData: mime: (char*) audio/raw
10-23 03:17:06.314   468  4825 I MetaData: dura: (int64_t) 1200000
10-23 03:17:06.314   468  4825 I MetaData: chnm: (int32_t) 3
10-23 03:17:06.314   468  4825 I MetaData: #chn: (int32_t) 2
10-23 03:17:06.314   468  4825 I AVNuUtils: decision 0 mime audio/vorbis
10-23 03:17:06.314   468  4825 I MetaData: srte: (int32_t) 44100
10-23 03:17:06.314   468  4825 I MetaData: sbit: (int32_t) 16
10-23 03:17:06.314   468  4825 I MetaData: mime: (char*) audio/raw
10-23 03:17:06.314   468  4825 I MetaData: dura: (int64_t) 1200000
10-23 03:17:06.314   468  4825 I MetaData: chnm: (int32_t) 3
10-23 03:17:06.314   468  4825 I MetaData: #chn: (int32_t) 2
10-23 03:17:06.314   468  4825 I NuPlayer: PCM offload decided: 0
10-23 03:17:06.317   468  4831 E OMXNodeInstance: setConfig(38:google.vorbis.decoder, ConfigPriority(0x6f800002)) ERROR: Undefined(0x80001001)
10-23 03:17:06.317   468  4831 I ACodec  : codec does not support config priority (err -2147483648)
10-23 03:17:06.318   468  4831 I MediaCodec: MediaCodec will operate in async mode
10-23 03:17:06.324   468  2150 D audio_hw_primary: out_set_parameters: enter: usecase(1: low-latency-playback) kvpairs: routing=2
10-23 03:17:06.324   468  2150 D audio_hw_extn: audio_extn_set_anc_parameters: anc_enabled:0
10-23 03:17:06.325   468  4825 D NuPlayerDriver: notifyListener_l(0xb2258480), (6, 0, 0)
10-23 03:17:06.334   468  2150 D audio_hw_primary: start_output_stream: enter: stream(0xb5ff79c0)usecase(1: low-latency-playback) devices(0x2)
10-23 03:17:06.334   468  2150 D audio_hw_primary: start_output_stream: enter: usecase(1: low-latency-playback) devices(0x2)
10-23 03:17:06.334   468  2150 D audio_hw_primary: select_devices: out_snd_device(2: speaker) in_snd_device(0: )
10-23 03:17:06.334   468  2150 W msm8974_platform: Codec backend bitwidth 16, samplerate 48000
10-23 03:17:06.334   468  2150 D hardware_info: hw_info_append_hw_type : device_name = speaker
10-23 03:17:06.334   468  2150 I msm8974_platform: platform_send_audio_calibration: sending audio calibration for snd_device(2) acdb_id(14)
10-23 03:17:06.334   468  2150 D ACDB-LOADER: ACDB -> send_audio_cal, acdb_id = 14, path =  0
10-23 03:17:06.334   468  2150 D ACDB-LOADER: ACDB -> send_adm_topology
10-23 03:17:06.334   468  2150 D ACDB-LOADER: ACDB -> ACDB_CMD_GET_AUDPROC_COMMON_TOPOLOGY_ID
10-23 03:17:06.334   468  2150 D ACDB-LOADER: ACDB -> send_asm_topology
10-23 03:17:06.334   468  2150 D ACDB-LOADER: ACDB -> ACDB_CMD_GET_AUDPROC_STREAM_TOPOLOGY_ID
10-23 03:17:06.334   468  2150 D ACDB-LOADER: ACDB -> send_audtable
10-23 03:17:06.334   468  2150 D ACDB-LOADER: ACDB -> ACDB_CMD_GET_AUDPROC_COMMON_TABLE
10-23 03:17:06.334   468  2150 D ACDB-LOADER: ACDB -> AUDIO_SET_AUDPROC_CAL
10-23 03:17:06.335   468  2150 D ACDB-LOADER: ACDB -> send_audvoltable
10-23 03:17:06.335   468  2150 D ACDB-LOADER: ACDB -> ACDB_CMD_GET_AUDPROC_GAIN_DEP_STEP_TABLE
10-23 03:17:06.335   468  2150 D         : Failed to fetch the lookup information of the device 0000000E 
10-23 03:17:06.335   468  2150 E ACDB-LOADER: Error: ACDB AudProc vol returned = -19
10-23 03:17:06.335   468  2150 D ACDB-LOADER: ACDB -> AUDIO_SET_AUDPROC_VOL_CAL
10-23 03:17:06.335   468  2150 D ACDB-LOADER: ACDB -> send_afe_cal
10-23 03:17:06.335   468  2150 D ACDB-LOADER: ACDB -> ACDB_CMD_GET_AFE_COMMON_TABLE
10-23 03:17:06.335   468  2150 D         : Failed to fetch the lookup information of the device 0000000E 
10-23 03:17:06.335   468  2150 E ACDB-LOADER: Error: ACDB AFE returned = -19
10-23 03:17:06.335   468  2150 D ACDB-LOADER: ACDB -> AUDIO_SET_AFE_CAL
10-23 03:17:06.335   468  2150 D audio_hw_primary: select_devices: done
10-23 03:17:06.374  3513  4353 I Icing   : Usage reports 0 indexed 0 rejected 0 imm upload false
10-23 03:17:06.378  3513  4834 W IcingInternalCorpora: getNumBytesRead when not calculated.
10-23 03:17:07.191   468  4830 I NuPlayerDecoder: [audio] saw output EOS
10-23 03:17:07.388  3513  4353 I Icing   : Indexing 77C147F40E50121E6814F73D1642D2ABE7C8242F from com.google.android.gms
10-23 03:17:07.438  3513  4353 I Icing   : Indexing done 77C147F40E50121E6814F73D1642D2ABE7C8242F
10-23 03:17:07.653   468  4825 D NuPlayerDriver: notifyListener_l(0xb2258480), (2, 0, 0)
10-23 03:17:07.656  1466  3423 I MediaFocusControl:  AudioFocus  abandonAudioFocus() from android.media.AudioManager@e6ed867
10-23 03:17:08.279   482   626 I ThermalEngine: Sensor:max170xx_battery:36000 mC
10-23 03:17:08.294   482   623 I ThermalEngine: Sensor:/sys/class/power_supply/battery/capacity:0 mC
10-23 03:17:08.306   482   621 I ThermalEngine: Sensor:apq_therm:36000 mC
10-23 03:17:08.339   482   619 I ThermalEngine: Sensor:chg_therm:36000 mC
10-23 03:17:08.607   482   635 I ThermalEngine: Sensor:tmp108:37000 mC
10-23 03:17:08.608   482   635 I ThermalEngine: Sensor:max170xx_battery:36000 mC
10-23 03:17:08.613   482   635 I ThermalEngine: Sensor:chg_therm:36000 mC
10-23 03:17:08.618   482   635 I ThermalEngine: Sensor:wchg_therm:35000 mC
10-23 03:17:08.623   482   635 I ThermalEngine: Sensor:chg_therm:36000 mC
10-23 03:17:08.623   482   635 I ThermalEngine: Sensor:VS-BATT:36630 mC
10-23 03:17:10.570   468  2150 D audio_hw_primary: out_standby: enter: stream (0xb5ff79c0) usecase(1: low-latency-playback)
10-23 03:17:10.705   468  2150 D hardware_info: hw_info_append_hw_type : device_name = speaker
10-23 03:17:11.340  3513  4353 I Icing   : Usage reports 0 indexed 0 rejected 0 imm upload false
10-23 03:17:13.296   482   623 I ThermalEngine: Sensor:/sys/class/power_supply/battery/capacity:0 mC
10-23 03:17:13.344   482   619 I ThermalEngine: Sensor:chg_therm:36000 mC
10-23 03:17:13.625   482   635 I ThermalEngine: Sensor:tmp108:36000 mC
10-23 03:17:13.626   482   635 I ThermalEngine: Sensor:max170xx_battery:36000 mC
10-23 03:17:13.631   482   635 I ThermalEngine: Sensor:chg_therm:36000 mC
10-23 03:17:13.635   482   635 I ThermalEngine: Sensor:wchg_therm:35000 mC
10-23 03:17:13.640   482   635 I ThermalEngine: Sensor:chg_therm:36000 mC
10-23 03:17:13.641   482   635 I ThermalEngine: Sensor:VS-BATT:36400 mC
10-23 03:17:18.282   482   626 I ThermalEngine: Sensor:max170xx_battery:36000 mC
10-23 03:17:18.297   482   623 I ThermalEngine: Sensor:/sys/class/power_supply/battery/capacity:0 mC
10-23 03:17:18.313   482   621 I ThermalEngine: Sensor:apq_therm:36000 mC
10-23 03:17:18.350   482   619 I ThermalEngine: Sensor:chg_therm:36000 mC
10-23 03:17:18.644   482   635 I ThermalEngine: Sensor:tmp108:36000 mC
10-23 03:17:18.645   482   635 I ThermalEngine: Sensor:max170xx_battery:36000 mC
10-23 03:17:18.650   482   635 I ThermalEngine: Sensor:chg_therm:36000 mC
10-23 03:17:18.656   482   635 I ThermalEngine: Sensor:wchg_therm:35000 mC
10-23 03:17:18.661   482   635 I ThermalEngine: Sensor:chg_therm:36000 mC
10-23 03:17:18.661   482   635 I ThermalEngine: Sensor:VS-BATT:36400 mC
10-23 03:17:23.300   482   623 I ThermalEngine: Sensor:/sys/class/power_supply/battery/capacity:0 mC
10-23 03:17:23.357   482   619 I ThermalEngine: Sensor:chg_therm:36000 mC
10-23 03:17:23.664   482   635 I ThermalEngine: Sensor:tmp108:36000 mC
10-23 03:17:23.665   482   635 I ThermalEngine: Sensor:max170xx_battery:36000 mC
10-23 03:17:23.671   482   635 I ThermalEngine: Sensor:chg_therm:36000 mC
10-23 03:17:23.676   482   635 I ThermalEngine: Sensor:wchg_therm:35000 mC
10-23 03:17:23.682   482   635 I ThermalEngine: Sensor:chg_therm:36000 mC
10-23 03:17:23.682   482   635 I ThermalEngine: Sensor:VS-BATT:36400 mC
10-23 03:17:28.286   482   626 I ThermalEngine: Sensor:max170xx_battery:36000 mC
10-23 03:17:28.301   482   623 I ThermalEngine: Sensor:/sys/class/power_supply/battery/capacity:0 mC
10-23 03:17:28.319   482   621 I ThermalEngine: Sensor:apq_therm:35000 mC
10-23 03:17:28.363   482   619 I ThermalEngine: Sensor:chg_therm:36000 mC
10-23 03:17:28.686   482   635 I ThermalEngine: Sensor:tmp108:36000 mC
10-23 03:17:28.687   482   635 I ThermalEngine: Sensor:max170xx_battery:36000 mC
10-23 03:17:28.692   482   635 I ThermalEngine: Sensor:chg_therm:36000 mC
10-23 03:17:28.698   482   635 I ThermalEngine: Sensor:wchg_therm:35000 mC
10-23 03:17:28.703   482   635 I ThermalEngine: Sensor:chg_therm:36000 mC
10-23 03:17:28.703   482   635 I ThermalEngine: Sensor:VS-BATT:36400 mC
10-23 03:17:33.304   482   623 I ThermalEngine: Sensor:/sys/class/power_supply/battery/capacity:0 mC
10-23 03:17:33.369   482   619 I ThermalEngine: Sensor:chg_therm:36000 mC
10-23 03:17:33.708   482   635 I ThermalEngine: Sensor:tmp108:35000 mC
10-23 03:17:33.709   482   635 I ThermalEngine: Sensor:max170xx_battery:36000 mC
10-23 03:17:33.715   482   635 I ThermalEngine: Sensor:chg_therm:36000 mC
10-23 03:17:33.720   482   635 I ThermalEngine: Sensor:wchg_therm:35000 mC
10-23 03:17:33.726   482   635 I ThermalEngine: Sensor:chg_therm:36000 mC
10-23 03:17:33.726   482   635 I ThermalEngine: Sensor:VS-BATT:36400 mC
10-23 03:17:38.289   482   626 I ThermalEngine: Sensor:max170xx_battery:36000 mC
10-23 03:17:38.305   482   623 I ThermalEngine: Sensor:/sys/class/power_supply/battery/capacity:0 mC
10-23 03:17:38.324   482   621 I ThermalEngine: Sensor:apq_therm:35000 mC
10-23 03:17:38.375   482   619 I ThermalEngine: Sensor:chg_therm:36000 mC
10-23 03:17:38.731   482   635 I ThermalEngine: Sensor:tmp108:35000 mC
10-23 03:17:38.732   482   635 I ThermalEngine: Sensor:max170xx_battery:36000 mC
10-23 03:17:38.738   482   635 I ThermalEngine: Sensor:chg_therm:36000 mC
10-23 03:17:38.743   482   635 I ThermalEngine: Sensor:wchg_therm:35000 mC
10-23 03:17:38.749   482   635 I ThermalEngine: Sensor:chg_therm:36000 mC
10-23 03:17:38.749   482   635 I ThermalEngine: Sensor:VS-BATT:36400 mC
10-23 03:17:43.308   482   623 I ThermalEngine: Sensor:/sys/class/power_supply/battery/capacity:0 mC
10-23 03:17:43.381   482   619 I ThermalEngine: Sensor:chg_therm:36000 mC
10-23 03:17:43.753   482   635 I ThermalEngine: Sensor:tmp108:35000 mC
10-23 03:17:43.755   482   635 I ThermalEngine: Sensor:max170xx_battery:35000 mC
10-23 03:17:43.761   482   635 I ThermalEngine: Sensor:chg_therm:36000 mC
10-23 03:17:43.766   482   635 I ThermalEngine: Sensor:wchg_therm:35000 mC
10-23 03:17:43.772   482   635 I ThermalEngine: Sensor:chg_therm:36000 mC
10-23 03:17:43.772   482   635 I ThermalEngine: Sensor:VS-BATT:36400 mC
10-23 03:17:48.292   482   626 I ThermalEngine: Sensor:max170xx_battery:35000 mC
10-23 03:17:48.310   482   623 I ThermalEngine: Sensor:/sys/class/power_supply/battery/capacity:0 mC
10-23 03:17:48.330   482   621 I ThermalEngine: Sensor:apq_therm:35000 mC
10-23 03:17:48.387   482   619 I ThermalEngine: Sensor:chg_therm:35000 mC
10-23 03:17:48.775   482   635 I ThermalEngine: Sensor:tmp108:35000 mC
10-23 03:17:48.776   482   635 I ThermalEngine: Sensor:max170xx_battery:35000 mC
10-23 03:17:48.781   482   635 I ThermalEngine: Sensor:chg_therm:35000 mC
10-23 03:17:48.786   482   635 I ThermalEngine: Sensor:wchg_therm:35000 mC
10-23 03:17:48.792   482   635 I ThermalEngine: Sensor:chg_therm:35000 mC
10-23 03:17:48.792   482   635 I ThermalEngine: Sensor:VS-BATT:36400 mC
10-23 03:17:53.312   482   623 I ThermalEngine: Sensor:/sys/class/power_supply/battery/capacity:0 mC
10-23 03:17:53.393   482   619 I ThermalEngine: Sensor:chg_therm:35000 mC
10-23 03:17:53.795   482   635 I ThermalEngine: Sensor:tmp108:35000 mC
10-23 03:17:53.796   482   635 I ThermalEngine: Sensor:max170xx_battery:35000 mC
10-23 03:17:53.801   482   635 I ThermalEngine: Sensor:chg_therm:35000 mC
10-23 03:17:53.807   482   635 I ThermalEngine: Sensor:wchg_therm:35000 mC
10-23 03:17:53.812   482   635 I ThermalEngine: Sensor:chg_therm:35000 mC
10-23 03:17:53.813   482   635 I ThermalEngine: Sensor:VS-BATT:36400 mC
10-23 03:17:56.485  3475  3475 W ContentTaskController: Invalid task was provided to stopTracking.
10-23 03:17:58.295   482   626 I ThermalEngine: Sensor:max170xx_battery:35000 mC
10-23 03:17:58.314   482   623 I ThermalEngine: Sensor:/sys/class/power_supply/battery/capacity:0 mC
10-23 03:17:58.336   482   621 I ThermalEngine: Sensor:apq_therm:35000 mC
10-23 03:17:58.399   482   619 I ThermalEngine: Sensor:chg_therm:35000 mC
10-23 03:17:58.816   482   635 I ThermalEngine: Sensor:tmp108:35000 mC
10-23 03:17:58.817   482   635 I ThermalEngine: Sensor:max170xx_battery:35000 mC
10-23 03:17:58.823   482   635 I ThermalEngine: Sensor:chg_therm:35000 mC
10-23 03:17:58.829   482   635 I ThermalEngine: Sensor:wchg_therm:35000 mC
10-23 03:17:58.834   482   635 I ThermalEngine: Sensor:chg_therm:35000 mC
10-23 03:17:58.835   482   635 I ThermalEngine: Sensor:VS-BATT:36400 mC
10-23 03:18:03.317   482   623 I ThermalEngine: Sensor:/sys/class/power_supply/battery/capacity:0 mC
10-23 03:18:03.405   482   619 I ThermalEngine: Sensor:chg_therm:35000 mC
10-23 03:18:03.838   482   635 I ThermalEngine: Sensor:tmp108:35000 mC
10-23 03:18:03.839   482   635 I ThermalEngine: Sensor:max170xx_battery:35000 mC
10-23 03:18:03.845   482   635 I ThermalEngine: Sensor:chg_therm:35000 mC
10-23 03:18:03.850   482   635 I ThermalEngine: Sensor:wchg_therm:35000 mC
10-23 03:18:03.856   482   635 I ThermalEngine: Sensor:chg_therm:35000 mC
10-23 03:18:03.856   482   635 I ThermalEngine: Sensor:VS-BATT:36400 mC
10-23 03:18:08.298   482   626 I ThermalEngine: Sensor:max170xx_battery:35000 mC
10-23 03:18:08.319   482   623 I ThermalEngine: Sensor:/sys/class/power_supply/battery/capacity:0 mC
10-23 03:18:08.342   482   621 I ThermalEngine: Sensor:apq_therm:35000 mC
10-23 03:18:08.412   482   619 I ThermalEngine: Sensor:chg_therm:35000 mC
10-23 03:18:08.859   482   635 I ThermalEngine: Sensor:tmp108:35000 mC
10-23 03:18:08.860   482   635 I ThermalEngine: Sensor:max170xx_battery:35000 mC
10-23 03:18:08.865   482   635 I ThermalEngine: Sensor:chg_therm:35000 mC
10-23 03:18:08.871   482   635 I ThermalEngine: Sensor:wchg_therm:35000 mC
10-23 03:18:08.876   482   635 I ThermalEngine: Sensor:chg_therm:35000 mC
10-23 03:18:08.877   482   635 I ThermalEngine: Sensor:VS-BATT:36400 mC
10-23 03:18:13.322   482   623 I ThermalEngine: Sensor:/sys/class/power_supply/battery/capacity:0 mC
10-23 03:18:13.418   482   619 I ThermalEngine: Sensor:chg_therm:35000 mC
10-23 03:18:13.880   482   635 I ThermalEngine: Sensor:tmp108:35000 mC
10-23 03:18:13.882   482   635 I ThermalEngine: Sensor:max170xx_battery:35000 mC
10-23 03:18:13.887   482   635 I ThermalEngine: Sensor:chg_therm:35000 mC
10-23 03:18:13.892   482   635 I ThermalEngine: Sensor:wchg_therm:35000 mC
10-23 03:18:13.898   482   635 I ThermalEngine: Sensor:chg_therm:35000 mC
10-23 03:18:13.898   482   635 I ThermalEngine: Sensor:VS-BATT:36400 mC
10-23 03:18:18.301   482   626 I ThermalEngine: Sensor:max170xx_battery:35000 mC
10-23 03:18:18.324   482   623 I ThermalEngine: Sensor:/sys/class/power_supply/battery/capacity:0 mC
10-23 03:18:18.349   482   621 I ThermalEngine: Sensor:apq_therm:35000 mC
10-23 03:18:18.424   482   619 I ThermalEngine: Sensor:chg_therm:35000 mC
10-23 03:18:18.901   482   635 I ThermalEngine: Sensor:tmp108:35000 mC
10-23 03:18:18.902   482   635 I ThermalEngine: Sensor:max170xx_battery:35000 mC
10-23 03:18:18.908   482   635 I ThermalEngine: Sensor:chg_therm:35000 mC
10-23 03:18:18.913   482   635 I ThermalEngine: Sensor:wchg_therm:35000 mC
10-23 03:18:18.919   482   635 I ThermalEngine: Sensor:chg_therm:35000 mC
10-23 03:18:18.919   482   635 I ThermalEngine: Sensor:VS-BATT:36400 mC
10-23 03:18:23.327   482   623 I ThermalEngine: Sensor:/sys/class/power_supply/battery/capacity:0 mC
10-23 03:18:23.431   482   619 I ThermalEngine: Sensor:chg_therm:35000 mC
10-23 03:18:23.923   482   635 I ThermalEngine: Sensor:tmp108:35000 mC
10-23 03:18:23.925   482   635 I ThermalEngine: Sensor:max170xx_battery:35000 mC
10-23 03:18:23.930   482   635 I ThermalEngine: Sensor:chg_therm:35000 mC
10-23 03:18:23.936   482   635 I ThermalEngine: Sensor:wchg_therm:35000 mC
10-23 03:18:23.941   482   635 I ThermalEngine: Sensor:chg_therm:35000 mC
10-23 03:18:23.941   482   635 I ThermalEngine: Sensor:VS-BATT:36400 mC
10-23 03:18:25.976  2942  3135 V BlacklistProvider: Query uri=content://blacklist/bynumber/9090, match=2
10-23 03:18:26.110  2942  3135 V GsmInboundSmsHandler: Unable to find carrier package: [], nor systemPackages: []
10-23 03:18:26.117  2942  3135 D MmsService: getAutoPersisting
10-23 03:18:26.120  3926  3926 D SmsReceiver.deliverSmsMessages: Is SMS Message Replaceable : false
10-23 03:18:26.148  3926  4845 D MessageReplaceFeature: SMS Message Replaceable : false
10-23 03:18:26.198  3926  4845 I MessagingAppDataModel: ReceiveSmsMessageAction: Received SMS message 6 in conversation 2, uri = content://sms/5
10-23 03:18:26.198  3926  4845 I MessagingAppDataModel: ProcessPendingMessagesAction: Scheduling pending messages
10-23 03:18:26.292  3926  4845 I MessagingAppNotif: Notifying for conversation 2; tag = com.android.messaging:sms:, type = 0
10-23 03:18:26.313  2260  4851 E ExtMediaPlayer-JNI: QCMediaPlayer could not be located....
10-23 03:18:26.313  2260  4851 E MediaPlayer-JNI: JNIMediaPlayerFactory: bIsQCMediaPlayerPresent 0
10-23 03:18:26.313  2260  4851 E ExtMediaPlayer-JNI: QCMediaPlayer could not be located....
10-23 03:18:26.313  2260  4851 E MediaPlayer-JNI: JNIMediaPlayerFactory: bIsQCMediaPlayerPresent 0
10-23 03:18:26.363  3926  3934 W CursorWrapperInner: Cursor finalized without prior close()
10-23 03:18:26.393   468  4852 D NuPlayerDriver: notifyListener_l(0xb2258540), (1, 0, 0)
10-23 03:18:26.394  2260  4851 D MediaPlayer: setSubtitleAnchor in MediaPlayer
10-23 03:18:26.399  1466  2912 I MediaFocusControl:  AudioFocus  requestAudioFocus() from android.media.AudioManager@1cbb614 req=3flags=0x0
10-23 03:18:26.404  3926  3934 W CursorWrapperInner: Cursor finalized without prior close()
10-23 03:18:26.421  3926  3934 W CursorWrapperInner: Cursor finalized without prior close()
10-23 03:18:26.428   468  3086 D NuPlayerDriver: start(0xb2258540), state is 4, eos is 0
10-23 03:18:26.428   468  4852 I GenericSource: start
10-23 03:18:26.430   468  2232 D NuPlayerDriver: reset(0xb2258480)
10-23 03:18:26.430   468  2232 D NuPlayerDriver: notifyListener_l(0xb2258480), (8, 0, 0)
10-23 03:18:26.432   468  4852 I MetaData: vinf: (unknown type 0, size 30)
10-23 03:18:26.432   468  4852 I MetaData: 00000000:  01 76 6f 72 62 69 73 00  00 00 00 02 44 ac 00 00  .vorbis.....D...
10-23 03:18:26.432   468  4852 I MetaData: 00000010:  00 00 00 00 80 b5 01 00  00 00 00 00 b8 01        ..............
10-23 03:18:26.432   468  4852 I MetaData: vboo: (unknown type 0, size 3832)
10-23 03:18:26.432   468  4852 I MetaData: srte: (int32_t) 44100
10-23 03:18:26.432   468  4852 I MetaData: mime: (char*) audio/vorbis
10-23 03:18:26.432   468  4852 I MetaData: dura: (int64_t) 1200000
10-23 03:18:26.432   468  4852 I MetaData: #chn: (int32_t) 2
10-23 03:18:26.432   468  4852 I AVNuUtils: No channel mask, try channel count
10-23 03:18:26.433   468  4852 W AVNuUtils: No bitrate info
10-23 03:18:26.433   468  4852 I NuPlayer: canOffloadDecodedPCMStream
10-23 03:18:26.433   468  4852 I MetaData: srte: (int32_t) 44100
10-23 03:18:26.433   468  4852 I MetaData: sbit: (int32_t) 16
10-23 03:18:26.433   468  4852 I MetaData: mime: (char*) audio/raw
10-23 03:18:26.433   468  4852 I MetaData: dura: (int64_t) 1200000
10-23 03:18:26.433   468  4852 I MetaData: chnm: (int32_t) 3
10-23 03:18:26.433   468  4852 I MetaData: #chn: (int32_t) 2
10-23 03:18:26.433   468  4852 I AVNuUtils: decision 0 mime audio/vorbis
10-23 03:18:26.433   468  4852 I MetaData: srte: (int32_t) 44100
10-23 03:18:26.433   468  4852 I MetaData: sbit: (int32_t) 16
10-23 03:18:26.433   468  4852 I MetaData: mime: (char*) audio/raw
10-23 03:18:26.433   468  4852 I MetaData: dura: (int64_t) 1200000
10-23 03:18:26.433   468  4852 I MetaData: chnm: (int32_t) 3
10-23 03:18:26.433   468  4852 I MetaData: #chn: (int32_t) 2
10-23 03:18:26.433   468  4852 I NuPlayer: PCM offload decided: 0
10-23 03:18:26.435   468  4852 I MetaData: vinf: (unknown type 0, size 30)
10-23 03:18:26.435   468  4852 I MetaData: 00000000:  01 76 6f 72 62 69 73 00  00 00 00 02 44 ac 00 00  .vorbis.....D...
10-23 03:18:26.435   468  4852 I MetaData: 00000010:  00 00 00 00 80 b5 01 00  00 00 00 00 b8 01        ..............
10-23 03:18:26.436   468  4852 I MetaData: vboo: (unknown type 0, size 3832)
10-23 03:18:26.436   468  4852 I MetaData: srte: (int32_t) 44100
10-23 03:18:26.436   468  4852 I MetaData: mime: (char*) audio/vorbis
10-23 03:18:26.436   468  4852 I MetaData: dura: (int64_t) 1200000
10-23 03:18:26.436   468  4852 I MetaData: #chn: (int32_t) 2
10-23 03:18:26.436   468  4852 I AVNuUtils: No channel mask, try channel count
10-23 03:18:26.436   468  4852 W AVNuUtils: No bitrate info
10-23 03:18:26.436   468  4852 I NuPlayer: canOffloadDecodedPCMStream
10-23 03:18:26.436   468  4852 I MetaData: srte: (int32_t) 44100
10-23 03:18:26.436   468  4852 I MetaData: sbit: (int32_t) 16
10-23 03:18:26.436   468  4852 I MetaData: mime: (char*) audio/raw
10-23 03:18:26.436   468  4852 I MetaData: dura: (int64_t) 1200000
10-23 03:18:26.436   468  4852 I MetaData: chnm: (int32_t) 3
10-23 03:18:26.436   468  4852 I MetaData: #chn: (int32_t) 2
10-23 03:18:26.436   468  4852 I AVNuUtils: decision 0 mime audio/vorbis
10-23 03:18:26.436   468  4852 I MetaData: srte: (int32_t) 44100
10-23 03:18:26.436   468  4852 I MetaData: sbit: (int32_t) 16
10-23 03:18:26.436   468  4852 I MetaData: mime: (char*) audio/raw
10-23 03:18:26.436   468  4852 I MetaData: dura: (int64_t) 1200000
10-23 03:18:26.436   468  4852 I MetaData: chnm: (int32_t) 3
10-23 03:18:26.436   468  4852 I MetaData: #chn: (int32_t) 2
10-23 03:18:26.436   468  4852 I NuPlayer: PCM offload decided: 0
10-23 03:18:26.438   468  4825 D NuPlayerDriver: notifyResetComplete(0xb2258480)
10-23 03:18:26.447   468  4864 E OMXNodeInstance: setConfig(39:google.vorbis.decoder, ConfigPriority(0x6f800002)) ERROR: Undefined(0x80001001)
10-23 03:18:26.447   468  4864 I ACodec  : codec does not support config priority (err -2147483648)
10-23 03:18:26.451   468  4864 I MediaCodec: MediaCodec will operate in async mode
10-23 03:18:26.461   468  2150 D audio_hw_primary: out_set_parameters: enter: usecase(1: low-latency-playback) kvpairs: routing=2
10-23 03:18:26.461   468  2150 D audio_hw_extn: audio_extn_set_anc_parameters: anc_enabled:0
10-23 03:18:26.463   468  4852 D NuPlayerDriver: notifyListener_l(0xb2258540), (6, 0, 0)
10-23 03:18:26.466  3513  4853 W IcingInternalCorpora: getNumBytesRead when not calculated.
10-23 03:18:26.472   468  2150 D audio_hw_primary: start_output_stream: enter: stream(0xb5ff79c0)usecase(1: low-latency-playback) devices(0x2)
10-23 03:18:26.472   468  2150 D audio_hw_primary: start_output_stream: enter: usecase(1: low-latency-playback) devices(0x2)
10-23 03:18:26.472   468  2150 D audio_hw_primary: select_devices: out_snd_device(2: speaker) in_snd_device(0: )
10-23 03:18:26.472   468  2150 W msm8974_platform: Codec backend bitwidth 16, samplerate 48000
10-23 03:18:26.472   468  2150 D hardware_info: hw_info_append_hw_type : device_name = speaker
10-23 03:18:26.472   468  2150 I msm8974_platform: platform_send_audio_calibration: sending audio calibration for snd_device(2) acdb_id(14)
10-23 03:18:26.472   468  2150 D ACDB-LOADER: ACDB -> send_audio_cal, acdb_id = 14, path =  0
10-23 03:18:26.472   468  2150 D ACDB-LOADER: ACDB -> send_adm_topology
10-23 03:18:26.472   468  2150 D ACDB-LOADER: ACDB -> ACDB_CMD_GET_AUDPROC_COMMON_TOPOLOGY_ID
10-23 03:18:26.472   468  2150 D ACDB-LOADER: ACDB -> send_asm_topology
10-23 03:18:26.472   468  2150 D ACDB-LOADER: ACDB -> ACDB_CMD_GET_AUDPROC_STREAM_TOPOLOGY_ID
10-23 03:18:26.472   468  2150 D ACDB-LOADER: ACDB -> send_audtable
10-23 03:18:26.472   468  2150 D ACDB-LOADER: ACDB -> ACDB_CMD_GET_AUDPROC_COMMON_TABLE
10-23 03:18:26.472   468  2150 D ACDB-LOADER: ACDB -> AUDIO_SET_AUDPROC_CAL
10-23 03:18:26.472   468  2150 D ACDB-LOADER: ACDB -> send_audvoltable
10-23 03:18:26.472   468  2150 D ACDB-LOADER: ACDB -> ACDB_CMD_GET_AUDPROC_GAIN_DEP_STEP_TABLE
10-23 03:18:26.472   468  2150 D         : Failed to fetch the lookup information of the device 0000000E 
10-23 03:18:26.472   468  2150 E ACDB-LOADER: Error: ACDB AudProc vol returned = -19
10-23 03:18:26.472   468  2150 D ACDB-LOADER: ACDB -> AUDIO_SET_AUDPROC_VOL_CAL
10-23 03:18:26.472   468  2150 D ACDB-LOADER: ACDB -> send_afe_cal
10-23 03:18:26.472   468  2150 D ACDB-LOADER: ACDB -> ACDB_CMD_GET_AFE_COMMON_TABLE
10-23 03:18:26.472   468  2150 D         : Failed to fetch the lookup information of the device 0000000E 
10-23 03:18:26.472   468  2150 E ACDB-LOADER: Error: ACDB AFE returned = -19
10-23 03:18:26.472   468  2150 D ACDB-LOADER: ACDB -> AUDIO_SET_AFE_CAL
10-23 03:18:26.473   468  2150 D audio_hw_primary: select_devices: done
10-23 03:18:26.481  3513  4422 I Icing   : Usage reports 0 indexed 0 rejected 0 imm upload false
10-23 03:18:27.339   468  4863 I NuPlayerDecoder: [audio] saw output EOS
10-23 03:18:27.494  3513  4422 I Icing   : Indexing 77C147F40E50121E6814F73D1642D2ABE7C8242F from com.google.android.gms
10-23 03:18:27.545  3513  4422 I Icing   : Indexing done 77C147F40E50121E6814F73D1642D2ABE7C8242F
10-23 03:18:27.795   468  4852 D NuPlayerDriver: notifyListener_l(0xb2258540), (2, 0, 0)
10-23 03:18:27.798  1466  2914 I MediaFocusControl:  AudioFocus  abandonAudioFocus() from android.media.AudioManager@1cbb614
10-23 03:18:28.302   482   626 I ThermalEngine: Sensor:max170xx_battery:35000 mC
10-23 03:18:28.328   482   623 I ThermalEngine: Sensor:/sys/class/power_supply/battery/capacity:0 mC
10-23 03:18:28.355   482   621 I ThermalEngine: Sensor:apq_therm:35000 mC
10-23 03:18:28.437   482   619 I ThermalEngine: Sensor:chg_therm:35000 mC
10-23 03:18:28.944   482   635 I ThermalEngine: Sensor:tmp108:35000 mC
10-23 03:18:28.945   482   635 I ThermalEngine: Sensor:max170xx_battery:35000 mC
10-23 03:18:28.950   482   635 I ThermalEngine: Sensor:chg_therm:35000 mC
10-23 03:18:28.956   482   635 I ThermalEngine: Sensor:wchg_therm:35000 mC
10-23 03:18:28.961   482   635 I ThermalEngine: Sensor:chg_therm:35000 mC
10-23 03:18:28.962   482   635 I ThermalEngine: Sensor:VS-BATT:36400 mC
10-23 03:18:30.715   468  2150 D audio_hw_primary: out_standby: enter: stream (0xb5ff79c0) usecase(1: low-latency-playback)
10-23 03:18:30.847   468  2150 D hardware_info: hw_info_append_hw_type : device_name = speaker
10-23 03:18:31.060  1466  2203 I PowerManagerService: Waking up from sleep (uid 1000)...
10-23 03:18:31.063  1466  1466 V KeyguardServiceDelegate: onStartedWakingUp()
10-23 03:18:31.085  1466  1566 I DisplayPowerController: Blocking screen on until initial contents have been drawn.
10-23 03:18:31.096  1466  1566 V KeyguardServiceDelegate: onScreenTurnedOn(showListener = com.android.server.policy.PhoneWindowManager$2@8f77046)
10-23 03:18:31.099  1466  1561 I DisplayManagerService: Display device changed state: "Built-in Screen", ON
10-23 03:18:31.102   409   409 D SurfaceFlinger: Set power mode=2, type=0 flinger=0xb69e4000
10-23 03:18:31.102   409   409 D qdhwcomposer: hwc_setPowerMode: Setting mode 2 on display: 0
10-23 03:18:31.103   409   409 E qdutils : int qdutils::getHDMINode(): Failed to open fb node 2
10-23 03:18:31.103   409   409 E qdutils : int qdutils::getHDMINode(): Failed to open fb node 3
10-23 03:18:31.104   409   409 E qdutils : int qdutils::getHDMINode(): Failed to find HDMI node
10-23 03:18:31.150  1466  2353 V KeyguardServiceDelegate: **** SHOWN CALLED ****
10-23 03:18:31.152   468  3086 D NuPlayerDriver: stop(0xb2258540)
10-23 03:18:31.152   468  3086 D NuPlayerDriver: notifyListener_l(0xb2258540), (8, 0, 0)
10-23 03:18:31.153  2260  3118 W MessageQueue: Handler (android.media.MediaPlayer$EventHandler) {caecebd} sending message to a Handler on a dead thread
10-23 03:18:31.153  2260  3118 W MessageQueue: java.lang.IllegalStateException: Handler (android.media.MediaPlayer$EventHandler) {caecebd} sending message to a Handler on a dead thread
10-23 03:18:31.153  2260  3118 W MessageQueue: 	at android.os.MessageQueue.enqueueMessage(MessageQueue.java:543)
10-23 03:18:31.153  2260  3118 W MessageQueue: 	at android.os.Handler.enqueueMessage(Handler.java:631)
10-23 03:18:31.153  2260  3118 W MessageQueue: 	at android.os.Handler.sendMessageAtTime(Handler.java:600)
10-23 03:18:31.153  2260  3118 W MessageQueue: 	at android.os.Handler.sendMessageDelayed(Handler.java:570)
10-23 03:18:31.153  2260  3118 W MessageQueue: 	at android.os.Handler.sendMessage(Handler.java:507)
10-23 03:18:31.153  2260  3118 W MessageQueue: 	at android.media.MediaPlayer.postEventFromNative(MediaPlayer.java:2988)
10-23 03:18:31.153   468  2232 D NuPlayerDriver: reset(0xb2258540)
10-23 03:18:31.161   468  4852 D NuPlayerDriver: notifyResetComplete(0xb2258540)
10-23 03:18:31.167  1466  2223 D WifiConfigStore: Retrieve network priorities after PNO.
10-23 03:18:31.167  1466  2223 E WifiNative-wlan0: Update priority failed for :0
10-23 03:18:31.168  1466  2223 E WifiStateMachine:  Fail to set up pno, want false now false
10-23 03:18:31.173   468  3093 D audio_hw_primary: adev_set_parameters: enter: screen_state=on
10-23 03:18:31.173   468  3093 D audio_hw_extn: audio_extn_set_anc_parameters: anc_enabled:0
10-23 03:18:31.173   468  3093 E bt_a2dp_hw: adev_set_parameters: ERROR: set param called even when stream out is null
10-23 03:18:31.173   468  3093 D mot_vr_audio_hw: adev_set_parameters: screen_state=on
10-23 03:18:31.277   409   409 D qdhwcomposer: hwc_setPowerMode: Done setting mode 2 on display 0
10-23 03:18:31.277   409   804 I qdhwcomposer: handle_blank_event: dpy:0 panel power state: 1
10-23 03:18:31.277   409   804 E qdutils : int qdutils::getHDMINode(): Failed to open fb node 2
10-23 03:18:31.277   409   804 E qdutils : int qdutils::getHDMINode(): Failed to open fb node 3
10-23 03:18:31.277   409   804 E qdutils : int qdutils::getHDMINode(): Failed to find HDMI node
10-23 03:18:31.279  1466  2252 D SurfaceControl: Excessive delay in setPowerMode(): 181ms
10-23 03:18:31.280  1466  1566 I DisplayPowerController: Unblocked screen on after 194 ms
10-23 03:18:31.282  1466  1566 V KeyguardServiceDelegate: onScreenTurnedOn()
10-23 03:18:31.340  3513  4422 I Icing   : Usage reports 0 indexed 0 rejected 0 imm upload false
10-23 03:18:33.322  2260  2260 D PhoneStatusBar: disable: < expand ICONS alerts SYSTEM_INFO back HOME RECENT clock SEARCH quick_settings >
10-23 03:18:33.330   482   623 I ThermalEngine: Sensor:/sys/class/power_supply/battery/capacity:0 mC
10-23 03:18:33.345  1466  1561 E WindowAnimator: Timeout waiting for animation to startup
10-23 03:18:33.372  2260  2260 D PhoneStatusBar: disable: < expand icons* alerts system_info* back HOME RECENT clock SEARCH quick_settings >
10-23 03:18:33.375  3926  3926 D MessagingApp: DraftMessageData: loading for conversationId=1
10-23 03:18:33.388  2260  2260 W SurfaceComposerClient: At least one call to closeGlobalTransaction() was not matched by a prior call to openGlobalTransaction().
10-23 03:18:33.442   482   619 I ThermalEngine: Sensor:chg_therm:35000 mC
10-23 03:18:33.455  1466  2353 W InputMethodManagerService: Window already focused, ignoring focus gain of: com.android.internal.view.IInputMethodClient$Stub$Proxy@caa8cc7 attribute=android.view.inputmethod.EditorInfo@46cc2f4, token = android.os.BinderProxy@147ecb3
10-23 03:18:33.467  2260  2260 D PhoneStatusBar: disable: < expand icons alerts system_info back home* recent* clock search* quick_settings >
10-23 03:18:33.471  2840  2840 I LatinIME: Starting input. Cursor position = 0,0
10-23 03:18:33.514  3926  4874 I MessagingAppDataModel: SyncMessagesAction: Starting batch for messages from 1477199816916 to 1477199913371 (message update limit = 80, message scan limit = 4000)
10-23 03:18:33.795  3926  4870 I MessagingAppDataModel: SyncMessagesAction: All messages now in sync
10-23 03:18:33.969   482   635 I ThermalEngine: Sensor:tmp108:35000 mC
10-23 03:18:33.970   482   635 I ThermalEngine: Sensor:max170xx_battery:35000 mC
10-23 03:18:33.975   482   635 I ThermalEngine: Sensor:chg_therm:35000 mC
10-23 03:18:33.981   482   635 I ThermalEngine: Sensor:wchg_therm:35000 mC
10-23 03:18:33.986   482   635 I ThermalEngine: Sensor:chg_therm:35000 mC
10-23 03:18:33.987   482   635 I ThermalEngine: Sensor:VS-BATT:36400 mC
10-23 03:18:34.147  2260  2260 D PhoneStatusBar: disable: < expand ICONS* alerts SYSTEM_INFO* back home recent clock search quick_settings >
10-23 03:18:35.047  1466  2949 I ActivityManager: START u0 {act=android.settings.SETTINGS flg=0x14000000 cmp=com.android.settings/.Settings} from uid 10025 on display 0
10-23 03:18:35.213  1466  1479 I art     : Background partial concurrent mark sweep GC freed 25888(2MB) AllocSpace objects, 1(20KB) LOS objects, 31% free, 34MB/50MB, paused 797us total 107.442ms
10-23 03:18:35.358  2942  3440 D PhoneInterfaceManager: [PhoneIntfMgr] getDataEnabled: subId=1 phoneId=0
10-23 03:18:35.359  2942  3440 D PhoneInterfaceManager: [PhoneIntfMgr] getDataEnabled: subId=1 retVal=false
10-23 03:18:35.360  2773  2773 D TelephonyManager: getDataEnabled: retVal=false
10-23 03:18:35.567  2773  2773 D DashboardSummary: rebuildUI took: 355 ms
10-23 03:18:35.631  2260  2260 D PhoneStatusBar: disable: < expand icons* alerts system_info* back home recent clock search quick_settings >
10-23 03:18:35.745  2773  4749 D Index   : Deleting data for locale 'en_US' took 17 millis
10-23 03:18:35.753  2773  4749 D Index   : Indexing locale 'en_US' took 8 millis
10-23 03:18:35.770  2773  4749 D Index   : Deleting data for locale 'en_US' took 5 millis
10-23 03:18:35.775  2773  4749 D Index   : Indexing locale 'en_US' took 5 millis
10-23 03:18:35.791  2773  4749 D Index   : Deleting data for locale 'en_US' took 5 millis
10-23 03:18:35.795  2773  4749 D Index   : Indexing locale 'en_US' took 4 millis
10-23 03:18:36.936  1466  2856 I ActivityManager: START u0 {act=android.intent.action.MAIN cmp=com.android.settings/.SubSettings (has extras)} from uid 1000 on display 0
10-23 03:18:36.996  2773  2773 D SubSettings: Launching fragment com.android.settings.DeviceInfoSettings
10-23 03:18:37.017  2773  2773 D DeviceInfoSettings: Property 'ro.url.safetylegal' missing and no 'safetylegal' preference
10-23 03:18:37.127  1466  1561 I ActivityManager: Displayed com.android.settings/.SubSettings: +171ms
10-23 03:18:37.154  2773  4740 D OpenGLRenderer: endAllStagingAnimators on 0xaf5b1f00 (RippleDrawable) with handle 0xb04d92f0
10-23 03:18:38.112  2840  2840 D EmojiAltPhysicalKeyDetector: onKeyUp() : KeyEvent { action=ACTION_UP, keyCode=KEYCODE_BACK, scanCode=59, metaState=0, flags=0x48, repeatCount=0, eventTime=261136, downTime=261068, deviceId=7, source=0x101 }
10-23 03:18:38.112  2840  2840 D EmojiAltPhysicalKeyDetector: onKeyUp() : Not Mapped: 4
10-23 03:18:38.207  2942  2971 D PhoneInterfaceManager: [PhoneIntfMgr] getDataEnabled: subId=1 phoneId=0
10-23 03:18:38.207  2942  2971 D PhoneInterfaceManager: [PhoneIntfMgr] getDataEnabled: subId=1 retVal=false
10-23 03:18:38.207  2773  2773 D TelephonyManager: getDataEnabled: retVal=false
10-23 03:18:38.302  2773  2773 D DashboardSummary: rebuildUI took: 130 ms
10-23 03:18:38.303   482   626 I ThermalEngine: Sensor:max170xx_battery:35000 mC
10-23 03:18:38.330   482   623 I ThermalEngine: Sensor:/sys/class/power_supply/battery/capacity:0 mC
10-23 03:18:38.360   482   621 I ThermalEngine: Sensor:apq_therm:35000 mC
10-23 03:18:38.375  2773  4739 D Index   : Deleting data for locale 'en_US' took 6 millis
10-23 03:18:38.383  2773  4739 D Index   : Indexing locale 'en_US' took 8 millis
10-23 03:18:38.417  2773  4739 D Index   : Deleting data for locale 'en_US' took 15 millis
10-23 03:18:38.419  2773  4739 D Index   : Indexing locale 'en_US' took 2 millis
10-23 03:18:38.436  2773  4739 D Index   : Deleting data for locale 'en_US' took 3 millis
10-23 03:18:38.439  2773  4739 D Index   : Indexing locale 'en_US' took 3 millis
10-23 03:18:38.447   482   619 I ThermalEngine: Sensor:chg_therm:36000 mC
10-23 03:18:38.670  2773  2773 I art     : Starting a blocking GC Explicit
10-23 03:18:38.719  2773  2773 I art     : Explicit concurrent mark sweep GC freed 10551(696KB) AllocSpace objects, 2(200KB) LOS objects, 34% free, 30MB/46MB, paused 372us total 36.501ms
10-23 03:18:38.753  2773  2773 I art     : Starting a blocking GC Explicit
10-23 03:18:38.765  2773  2773 I art     : Explicit concurrent mark sweep GC freed 24643(1811KB) AllocSpace objects, 0(0B) LOS objects, 35% free, 28MB/44MB, paused 197us total 12.194ms
10-23 03:18:38.765  2773  2773 I art     : Starting a blocking GC Explicit
10-23 03:18:38.775  2773  2773 I art     : Explicit concurrent mark sweep GC freed 5(160B) AllocSpace objects, 0(0B) LOS objects, 35% free, 28MB/44MB, paused 193us total 9.557ms
10-23 03:18:38.988   482   635 I ThermalEngine: Sensor:tmp108:36000 mC
10-23 03:18:38.988   482   635 I ThermalEngine: Sensor:max170xx_battery:35000 mC
10-23 03:18:38.993   482   635 I ThermalEngine: Sensor:chg_therm:36000 mC
10-23 03:18:38.998   482   635 I ThermalEngine: Sensor:wchg_therm:35000 mC
10-23 03:18:39.002   482   635 I ThermalEngine: Sensor:chg_therm:36000 mC
10-23 03:18:39.002   482   635 I ThermalEngine: Sensor:VS-BATT:36400 mC
10-23 03:18:40.821  1466  1499 I ActivityManager: START u0 {act=android.intent.action.MAIN cmp=com.android.settings/.SubSettings (has extras)} from uid 1000 on display 0
10-23 03:18:40.912  2773  2773 D SubSettings: Launching fragment com.android.settings.DisplaySettings
10-23 03:18:40.982  1466  1499 W DreamManagerService: Dream ComponentInfo{com.google.android.deskclock/com.android.deskclock.Screensaver} does not exist
10-23 03:18:40.982  1466  1499 W DreamManagerService: Falling back to default dream ComponentInfo{com.google.android.deskclock/com.android.deskclock.Screensaver}
10-23 03:18:41.060  1466  1561 I ActivityManager: Displayed com.android.settings/.SubSettings: +205ms
10-23 03:18:41.104  2773  4740 D OpenGLRenderer: endAllStagingAnimators on 0xade7bd80 (RippleDrawable) with handle 0x7d5c25d0
10-23 03:18:43.332   482   623 I ThermalEngine: Sensor:/sys/class/power_supply/battery/capacity:0 mC
10-23 03:18:43.452   482   619 I ThermalEngine: Sensor:chg_therm:36000 mC
10-23 03:18:44.006   482   635 I ThermalEngine: Sensor:tmp108:36000 mC
10-23 03:18:44.007   482   635 I ThermalEngine: Sensor:max170xx_battery:35000 mC
10-23 03:18:44.012   482   635 I ThermalEngine: Sensor:chg_therm:36000 mC
10-23 03:18:44.018   482   635 I ThermalEngine: Sensor:wchg_therm:34000 mC
10-23 03:18:44.023   482   635 I ThermalEngine: Sensor:chg_therm:36000 mC
10-23 03:18:44.024   482   635 I ThermalEngine: Sensor:VS-BATT:35640 mC
10-23 03:18:45.788  1466  2991 I ActivityManager: START u0 {act=com.android.systemui.recents.SHOW_RECENTS flg=0x10804000 cmp=com.android.systemui/.recents.RecentsActivity} from uid 10025 on display 0
10-23 03:18:46.910  1466  3423 I ActivityManager: Killing 4152:com.google.android.partnersetup/u0a37 (adj 15): empty #17
10-23 03:18:46.998  1466  3423 I ActivityManager: Killing 2773:com.android.settings/1000 (adj 9): remove task
10-23 03:18:47.165  1466  2202 W InputDispatcher: channel 'ea777b9 com.android.settings/com.android.settings.SubSettings (server)' ~ Consumer closed input channel or an error occurred.  events=0x9
10-23 03:18:47.165  1466  2202 E InputDispatcher: channel 'ea777b9 com.android.settings/com.android.settings.SubSettings (server)' ~ Channel is unrecoverably broken and will be disposed!
10-23 03:18:47.167  1466  1498 D GraphicsStats: Buffer count: 4
10-23 03:18:47.168  1466  2949 I WindowState: WIN DEATH: Window{ea777b9 u0 com.android.settings/com.android.settings.SubSettings}
10-23 03:18:47.168  1466  2949 W InputDispatcher: Attempted to unregister already unregistered input channel 'ea777b9 com.android.settings/com.android.settings.SubSettings (server)'
10-23 03:18:47.180  1466  2224 D WifiService: Client connection lost with reason: 4
10-23 03:18:47.183  1466  2202 W InputDispatcher: channel 'd96d723 com.android.settings/com.android.settings.Settings (server)' ~ Consumer closed input channel or an error occurred.  events=0x9
10-23 03:18:47.183  1466  2202 E InputDispatcher: channel 'd96d723 com.android.settings/com.android.settings.Settings (server)' ~ Channel is unrecoverably broken and will be disposed!
10-23 03:18:47.187  1466  2914 D ActivityManager: cleanUpApplicationRecord -- 4152
10-23 03:18:47.189  1466  1520 W art     : Long monitor contention event with owner method=boolean com.android.server.am.ActivityManagerService.removeTask(int) from ActivityManagerService.java:9130 waiters=2 for 287ms
10-23 03:18:47.194  1466  2345 I WindowState: WIN DEATH: Window{d96d723 u0 com.android.settings/com.android.settings.Settings}
10-23 03:18:47.194  1466  2345 W InputDispatcher: Attempted to unregister already unregistered input channel 'd96d723 com.android.settings/com.android.settings.Settings (server)'
10-23 03:18:47.213  1466  3167 D ActivityManager: cleanUpApplicationRecord -- 2773
10-23 03:18:47.257  3926  3926 D MessagingApp: DraftMessageData: loading for conversationId=1
10-23 03:18:47.351  3926  4885 I MessagingAppDataModel: SyncMessagesAction: Starting batch for messages from 1477199913371 to 1477199927254 (message update limit = 80, message scan limit = 4000)
10-23 03:18:47.492  3926  4884 I MessagingAppDataModel: SyncMessagesAction: All messages now in sync
10-23 03:18:48.305   482   626 I ThermalEngine: Sensor:max170xx_battery:35000 mC
10-23 03:18:48.333   482   623 I ThermalEngine: Sensor:/sys/class/power_supply/battery/capacity:0 mC
10-23 03:18:48.365   482   621 I ThermalEngine: Sensor:apq_therm:35000 mC
10-23 03:18:48.458   482   619 I ThermalEngine: Sensor:chg_therm:36000 mC
10-23 03:18:49.026   482   635 I ThermalEngine: Sensor:tmp108:36000 mC
10-23 03:18:49.027   482   635 I ThermalEngine: Sensor:max170xx_battery:35000 mC
10-23 03:18:49.033   482   635 I ThermalEngine: Sensor:chg_therm:35000 mC
10-23 03:18:49.039   482   635 I ThermalEngine: Sensor:wchg_therm:34000 mC
10-23 03:18:49.044   482   635 I ThermalEngine: Sensor:chg_therm:36000 mC
10-23 03:18:49.045   482   635 I ThermalEngine: Sensor:VS-BATT:35640 mC
10-23 03:18:53.336   482   623 I ThermalEngine: Sensor:/sys/class/power_supply/battery/capacity:0 mC
10-23 03:18:53.464   482   619 I ThermalEngine: Sensor:chg_therm:35000 mC
10-23 03:18:54.048   482   635 I ThermalEngine: Sensor:tmp108:35000 mC
10-23 03:18:54.049   482   635 I ThermalEngine: Sensor:max170xx_battery:35000 mC
10-23 03:18:54.055   482   635 I ThermalEngine: Sensor:chg_therm:35000 mC
10-23 03:18:54.060   482   635 I ThermalEngine: Sensor:wchg_therm:34000 mC
10-23 03:18:54.066   482   635 I ThermalEngine: Sensor:chg_therm:35000 mC
10-23 03:18:54.067   482   635 I ThermalEngine: Sensor:VS-BATT:35360 mC
10-23 03:18:58.307   482   626 I ThermalEngine: Sensor:max170xx_battery:35000 mC
10-23 03:18:58.338   482   623 I ThermalEngine: Sensor:/sys/class/power_supply/battery/capacity:0 mC
10-23 03:18:58.372   482   621 I ThermalEngine: Sensor:apq_therm:35000 mC
10-23 03:18:58.470   482   619 I ThermalEngine: Sensor:chg_therm:35000 mC
10-23 03:18:59.068   482   635 I ThermalEngine: Sensor:tmp108:35000 mC
10-23 03:18:59.069   482   635 I ThermalEngine: Sensor:max170xx_battery:35000 mC
10-23 03:18:59.074   482   635 I ThermalEngine: Sensor:chg_therm:35000 mC
10-23 03:18:59.079   482   635 I ThermalEngine: Sensor:wchg_therm:34000 mC
10-23 03:18:59.084   482   635 I ThermalEngine: Sensor:chg_therm:35000 mC
10-23 03:18:59.084   482   635 I ThermalEngine: Sensor:VS-BATT:35360 mC
10-23 03:19:03.339   482   623 I ThermalEngine: Sensor:/sys/class/power_supply/battery/capacity:0 mC
10-23 03:19:03.475   482   619 I ThermalEngine: Sensor:chg_therm:35000 mC
10-23 03:19:04.087   482   635 I ThermalEngine: Sensor:tmp108:35000 mC
10-23 03:19:04.088   482   635 I ThermalEngine: Sensor:max170xx_battery:35000 mC
10-23 03:19:04.093   482   635 I ThermalEngine: Sensor:chg_therm:35000 mC
10-23 03:19:04.098   482   635 I ThermalEngine: Sensor:wchg_therm:34000 mC
10-23 03:19:04.104   482   635 I ThermalEngine: Sensor:chg_therm:35000 mC
10-23 03:19:04.104   482   635 I ThermalEngine: Sensor:VS-BATT:35360 mC
10-23 03:19:07.075  1466  2202 I ActivityManager: START u0 {act=android.intent.action.MAIN cat=[android.intent.category.HOME] flg=0x10200000 cmp=com.cyanogenmod.trebuchet/com.android.launcher3.Launcher (has extras)} from uid 1000 on display 0
10-23 03:19:07.805  2959  3173 W OpenGLRenderer: Incorrectly called buildLayer on View: ShortcutAndWidgetContainer, destroying layer...
10-23 03:19:07.805  2959  3173 W OpenGLRenderer: Incorrectly called buildLayer on View: ShortcutAndWidgetContainer, destroying layer...
10-23 03:19:08.309   482   626 I ThermalEngine: Sensor:max170xx_battery:35000 mC
10-23 03:19:08.341   482   623 I ThermalEngine: Sensor:/sys/class/power_supply/battery/capacity:0 mC
10-23 03:19:08.378   482   621 I ThermalEngine: Sensor:apq_therm:34000 mC
10-23 03:19:08.481   482   619 I ThermalEngine: Sensor:chg_therm:35000 mC
10-23 03:19:09.106   482   635 I ThermalEngine: Sensor:tmp108:35000 mC
10-23 03:19:09.106   482   635 I ThermalEngine: Sensor:max170xx_battery:35000 mC
10-23 03:19:09.111   482   635 I ThermalEngine: Sensor:chg_therm:35000 mC
10-23 03:19:09.116   482   635 I ThermalEngine: Sensor:wchg_therm:34000 mC
10-23 03:19:09.121   482   635 I ThermalEngine: Sensor:chg_therm:35000 mC
10-23 03:19:09.121   482   635 I ThermalEngine: Sensor:VS-BATT:35360 mC
10-23 03:19:13.344   482   623 I ThermalEngine: Sensor:/sys/class/power_supply/battery/capacity:0 mC
10-23 03:19:13.450  1466  2203 I PowerManagerService: Going to sleep due to power button (uid 1000)...
10-23 03:19:13.486   482   619 I ThermalEngine: Sensor:chg_therm:35000 mC
10-23 03:19:14.024  1466  1566 V KeyguardServiceDelegate: onScreenTurnedOff()
10-23 03:19:14.036  1466  1561 I DisplayManagerService: Display device changed state: "Built-in Screen", OFF
10-23 03:19:14.047   409   409 D SurfaceFlinger: Set power mode=0, type=0 flinger=0xb69e4000
10-23 03:19:14.047   409   409 D qdhwcomposer: hwc_setPowerMode: Setting mode 0 on display: 0
10-23 03:19:14.047   409   409 E qdutils : int qdutils::getHDMINode(): Failed to open fb node 2
10-23 03:19:14.047   409   409 E qdutils : int qdutils::getHDMINode(): Failed to open fb node 3
10-23 03:19:14.047   409   409 E qdutils : int qdutils::getHDMINode(): Failed to find HDMI node
10-23 03:19:14.123   482   635 I ThermalEngine: Sensor:tmp108:36000 mC
10-23 03:19:14.123   482   635 I ThermalEngine: Sensor:max170xx_battery:35000 mC
10-23 03:19:14.128   482   635 I ThermalEngine: Sensor:chg_therm:35000 mC
10-23 03:19:14.133   482   635 I ThermalEngine: Sensor:wchg_therm:34000 mC
10-23 03:19:14.138   482   635 I ThermalEngine: Sensor:chg_therm:35000 mC
10-23 03:19:14.138   482   635 I ThermalEngine: Sensor:VS-BATT:35640 mC
10-23 03:19:14.265   409   804 I qdhwcomposer: handle_blank_event: dpy:0 panel power state: 0
10-23 03:19:14.266   409   804 E qdutils : int qdutils::getHDMINode(): Failed to open fb node 2
10-23 03:19:14.267   409   804 E qdutils : int qdutils::getHDMINode(): Failed to open fb node 3
10-23 03:19:14.267   409   804 E qdutils : int qdutils::getHDMINode(): Failed to find HDMI node
10-23 03:19:14.269   409   409 D qdhwcomposer: hwc_setPowerMode: Done setting mode 0 on display 0
10-23 03:19:14.272  1466  2252 D SurfaceControl: Excessive delay in setPowerMode(): 236ms
10-23 03:19:14.277  1466  1566 I DreamManagerService: Entering dreamland.
10-23 03:19:14.278  1466  1566 I PowerManagerService: Dozing...
10-23 03:19:14.294  1466  1526 I DreamController: Starting dream: name=ComponentInfo{com.android.systemui/com.android.systemui.doze.DozeService}, isTest=false, canDoze=true, userId=0
10-23 03:19:14.327  1466  2223 D WifiConfigStore: Retrieve network priorities after PNO.
10-23 03:19:14.327  1466  2223 E WifiNative-wlan0: Update priority failed for :0
10-23 03:19:14.327  1466  2223 E WifiStateMachine:  Fail to set up pno, want false now false
10-23 03:19:14.327   468   468 D audio_hw_primary: adev_set_parameters: enter: screen_state=off
10-23 03:19:14.327   468   468 D audio_hw_extn: audio_extn_set_anc_parameters: anc_enabled:0
10-23 03:19:14.327   468   468 E bt_a2dp_hw: adev_set_parameters: ERROR: set param called even when stream out is null
10-23 03:19:14.328   468   468 D mot_vr_audio_hw: adev_set_parameters: screen_state=off
10-23 03:19:14.352  2260  2260 W SurfaceComposerClient: At least one call to closeGlobalTransaction() was not matched by a prior call to openGlobalTransaction().
10-23 03:19:14.355  2260  2260 D PhoneStatusBar: disable: < expand ICONS* alerts SYSTEM_INFO* back home recent clock search quick_settings >
10-23 03:19:14.422  2260  2260 D PhoneStatusBar: disable: < expand ICONS alerts SYSTEM_INFO back HOME* RECENT* clock SEARCH* quick_settings >
10-23 03:19:18.311   482   626 I ThermalEngine: Sensor:max170xx_battery:35000 mC
10-23 03:19:18.345   482   623 I ThermalEngine: Sensor:/sys/class/power_supply/battery/capacity:0 mC
10-23 03:19:18.383   482   621 I ThermalEngine: Sensor:apq_therm:35000 mC
10-23 03:19:18.491   482   619 I ThermalEngine: Sensor:chg_therm:35000 mC
10-23 03:19:19.139   482   635 I ThermalEngine: Sensor:tmp108:35000 mC
10-23 03:19:19.140   482   635 I ThermalEngine: Sensor:max170xx_battery:35000 mC
