10-23 02:59:38.677  4056  4287 D BrcmNfcJni: RoutingManager::nfaEeCallback: NFA_EE_UPDATED_EVT
10-23 02:59:38.769  5120  5894 I MessagingAppDataModel: SyncMessagesAction: All messages now in sync
10-23 02:59:40.859   471   626 I ThermalEngine: Sensor:max170xx_battery:36000 mC
10-23 02:59:40.912   471   623 I ThermalEngine: Sensor:/sys/class/power_supply/battery/capacity:7 mC
10-23 02:59:40.952   471   621 I ThermalEngine: Sensor:apq_therm:35000 mC
10-23 02:59:41.058   471   619 I ThermalEngine: Sensor:chg_therm:35000 mC
10-23 02:59:41.425  4000  4174 I QCNEJ   : |CORE:COM:RCVR| CNE creating socket
10-23 02:59:41.616   471   636 I ThermalEngine: Sensor:tmp108:36000 mC
10-23 02:59:41.617   471   636 I ThermalEngine: Sensor:max170xx_battery:36000 mC
10-23 02:59:41.623   471   636 I ThermalEngine: Sensor:chg_therm:35000 mC
10-23 02:59:41.628   471   636 I ThermalEngine: Sensor:wchg_therm:35000 mC
10-23 02:59:41.634   471   636 I ThermalEngine: Sensor:chg_therm:35000 mC
10-23 02:59:41.635   471   636 I ThermalEngine: Sensor:VS-BATT:36400 mC
10-23 02:59:45.429  4000  4174 I QCNEJ   : |CORE:COM:RCVR| CNE creating socket
10-23 02:59:45.915   471   623 I ThermalEngine: Sensor:/sys/class/power_supply/battery/capacity:7 mC
10-23 02:59:46.064   471   619 I ThermalEngine: Sensor:chg_therm:35000 mC
10-23 02:59:46.640   471   636 I ThermalEngine: Sensor:tmp108:35000 mC
10-23 02:59:46.641   471   636 I ThermalEngine: Sensor:max170xx_battery:35000 mC
10-23 02:59:46.647   471   636 I ThermalEngine: Sensor:chg_therm:35000 mC
10-23 02:59:46.652   471   636 I ThermalEngine: Sensor:wchg_therm:35000 mC
10-23 02:59:46.658   471   636 I ThermalEngine: Sensor:chg_therm:35000 mC
10-23 02:59:46.658   471   636 I ThermalEngine: Sensor:VS-BATT:36400 mC
10-23 02:59:49.431  4000  4174 I QCNEJ   : |CORE:COM:RCVR| CNE creating socket
10-23 02:59:50.221  2148  2148 I EntropyMixer: Writing entropy...
10-23 02:59:50.255  2148  4948 D LBSSystemMonitorService: handleMessage what - 9
10-23 02:59:50.255  2148  4948 D DeviceContext: handleMessage what - 1
10-23 02:59:50.281  2148  2208 I ActivityManager: Start proc 5905:com.bhb27.turbotoast/u0a59 for broadcast com.bhb27.turbotoast/.TurboToastReceiver
10-23 02:59:50.338  2148  2148 I ActivityManager: Start proc 5918:com.android.dialer/u0a31 for service com.android.dialer/.incall.InCallMetricsJob
10-23 02:59:50.428  3226  3226 W PathParser: Points are too far apart 4.030360828967057
10-23 02:59:50.428  3226  3226 W PathParser: Points are too far apart 4.030360538880159
10-23 02:59:50.458  5905  5905 W System  : ClassLoader referenced unknown path: /system/app/TurboToast/lib/arm
10-23 02:59:50.463  5918  5918 W System  : ClassLoader referenced unknown path: /system/priv-app/Dialer/lib/arm
10-23 02:59:50.479  5918  5918 W MOD.CyanogenAmbientUtil: Cyanogen Ambient package is missing! Version 1050100 is required.
10-23 02:59:50.480  5918  5918 E MOD.AmbientApiClientImp: This application will not run unless you install Ambient services
10-23 02:59:50.480  5918  5918 W PhoneCommon.AmbientSingletonHolder: Connection failed: com.cyanogen.ambient.common.ConnectionResult@8032752
10-23 02:59:50.484  5918  5918 W Ambient : AmbientApiClient is not connected. Please ensure connection before calling any APIs.
10-23 02:59:50.484  5918  5918 W Ambient : java.lang.Exception
10-23 02:59:50.484  5918  5918 W Ambient : 	at com.cyanogen.ambient.common.api.internal.AbstractAsynchronousApi.execute(AbstractAsynchronousApi.java:18)
10-23 02:59:50.484  5918  5918 W Ambient : 	at com.cyanogen.ambient.incall.internal.InCallApiImpl.getInstalledPlugins(InCallApiImpl.java:88)
10-23 02:59:50.484  5918  5918 W Ambient : 	at com.android.phone.common.incall.api.InCallQueries.updateCallPlugins(InCallQueries.java:45)
10-23 02:59:50.484  5918  5918 W Ambient : 	at com.android.phone.common.incall.DialerDataSubscription.onRefreshRequested(DialerDataSubscription.java:91)
10-23 02:59:50.484  5918  5918 W Ambient : 	at com.android.phone.common.ambient.AmbientDataSubscription.refresh(AmbientDataSubscription.java:308)
10-23 02:59:50.484  5918  5918 W Ambient : 	at com.android.phone.common.incall.DialerDataSubscription.init(DialerDataSubscription.java:86)
10-23 02:59:50.484  5918  5918 W Ambient : 	at com.android.dialer.DialerApplication.onCreate(DialerApplication.java:57)
10-23 02:59:50.484  5918  5918 W Ambient : 	at android.app.Instrumentation.callApplicationOnCreate(Instrumentation.java:1014)
10-23 02:59:50.484  5918  5918 W Ambient : 	at android.app.ActivityThread.handleBindApplication(ActivityThread.java:4761)
10-23 02:59:50.484  5918  5918 W Ambient : 	at android.app.ActivityThread.-wrap1(ActivityThread.java)
10-23 02:59:50.484  5918  5918 W Ambient : 	at android.app.ActivityThread$H.handleMessage(ActivityThread.java:1424)
10-23 02:59:50.484  5918  5918 W Ambient : 	at android.os.Handler.dispatchMessage(Handler.java:102)
10-23 02:59:50.484  5918  5918 W Ambient : 	at android.os.Looper.loop(Looper.java:148)
10-23 02:59:50.484  5918  5918 W Ambient : 	at android.app.ActivityThread.main(ActivityThread.java:5471)
10-23 02:59:50.484  5918  5918 W Ambient : 	at java.lang.reflect.Method.invoke(Native Method)
10-23 02:59:50.484  5918  5918 W Ambient : 	at com.android.internal.os.ZygoteInit$MethodAndArgsCaller.run(ZygoteInit.java:726)
10-23 02:59:50.484  5918  5918 W Ambient : 	at com.android.internal.os.ZygoteInit.main(ZygoteInit.java:616)
10-23 02:59:50.496  5918  5918 W MOD.CyanogenAmbientUtil: Cyanogen Ambient package is missing! Version 1050100 is required.
10-23 02:59:50.668  4303  4303 D MtpService: starting MTP server in MTP mode
10-23 02:59:50.860   471   626 I ThermalEngine: Sensor:max170xx_battery:35000 mC
10-23 02:59:50.916   471   623 I ThermalEngine: Sensor:/sys/class/power_supply/battery/capacity:7 mC
10-23 02:59:50.957   471   621 I ThermalEngine: Sensor:apq_therm:35000 mC
10-23 02:59:51.069   471   619 I ThermalEngine: Sensor:chg_therm:36000 mC
10-23 02:59:51.601  3226  3226 D PhoneStatusBar: disable: < expand ICONS* alerts SYSTEM_INFO* back home recent clock search quick_settings >
10-23 02:59:51.622  3226  3226 W PathParser: Points are too far apart 4.030360828967057
10-23 02:59:51.622  3226  3226 W PathParser: Points are too far apart 4.030360538880159
10-23 02:59:51.659   471   636 I ThermalEngine: Sensor:tmp108:35000 mC
10-23 02:59:51.659   471   636 I ThermalEngine: Sensor:max170xx_battery:35000 mC
10-23 02:59:51.664   471   636 I ThermalEngine: Sensor:chg_therm:36000 mC
10-23 02:59:51.668   471   636 I ThermalEngine: Sensor:wchg_therm:35000 mC
10-23 02:59:51.673   471   636 I ThermalEngine: Sensor:chg_therm:36000 mC
10-23 02:59:51.673   471   636 I ThermalEngine: Sensor:VS-BATT:36400 mC
10-23 02:59:52.408  2148  4102 I ActivityManager: START u0 {act=android.settings.SETTINGS flg=0x14000000 cmp=com.android.settings/.Settings} from uid 10032 on display 0
10-23 02:59:52.532  5730  5730 I art     : Starting a blocking GC Explicit
10-23 02:59:52.556  5730  5730 I art     : Explicit concurrent mark sweep GC freed 10029(621KB) AllocSpace objects, 25(3MB) LOS objects, 40% free, 22MB/36MB, paused 170us total 24.054ms
10-23 02:59:52.561  5730  5730 I art     : Starting a blocking GC Explicit
10-23 02:59:52.579  2148  2158 I art     : Background partial concurrent mark sweep GC freed 28825(2MB) AllocSpace objects, 14(376KB) LOS objects, 33% free, 25MB/38MB, paused 1.429ms total 115.521ms
10-23 02:59:52.580  5730  5730 I art     : Explicit concurrent mark sweep GC freed 919(70KB) AllocSpace objects, 0(0B) LOS objects, 40% free, 21MB/36MB, paused 380us total 18.581ms
10-23 02:59:52.580  5730  5730 I art     : Starting a blocking GC Explicit
10-23 02:59:52.594  5730  5730 I art     : Explicit concurrent mark sweep GC freed 3(96B) AllocSpace objects, 0(0B) LOS objects, 40% free, 21MB/36MB, paused 244us total 14.093ms
10-23 02:59:52.666  5730  5730 W Settings: Found com.android.systemui.tuner.QsActivity for action com.android.settings.action.EXTRA_SETTINGS missing metadata 
10-23 02:59:52.666  5730  5730 W Settings: Found com.android.systemui.tuner.TunerActivity for action com.android.settings.action.EXTRA_SETTINGS missing metadata 
10-23 02:59:52.696  4087  4104 D PhoneInterfaceManager: [PhoneIntfMgr] getDataEnabled: subId=1 phoneId=0
10-23 02:59:52.697  4087  4104 D PhoneInterfaceManager: [PhoneIntfMgr] getDataEnabled: subId=1 retVal=true
10-23 02:59:52.697  5730  5730 D TelephonyManager: getDataEnabled: retVal=true
10-23 02:59:52.848  5730  5730 D DashboardSummary: rebuildUI took: 195 ms
10-23 02:59:52.935  5730  5948 D Index   : Deleting data for locale 'en_US' took 4 millis
10-23 02:59:52.942  5730  5948 D Index   : Indexing locale 'en_US' took 6 millis
10-23 02:59:52.969  5730  5949 D Index   : Deleting data for locale 'en_US' took 10 millis
10-23 02:59:52.973  5730  5949 D Index   : Indexing locale 'en_US' took 4 millis
10-23 02:59:52.993  3226  3226 D PhoneStatusBar: disable: < expand icons* alerts system_info* back home recent clock search quick_settings >
10-23 02:59:53.433  4000  4174 I QCNEJ   : |CORE:COM:RCVR| CNE creating socket
10-23 02:59:54.941  2148  4101 I ActivityManager: START u0 {act=android.intent.action.MAIN cmp=com.android.settings/.SubSettings (has extras)} from uid 1000 on display 0
10-23 02:59:55.004  5730  5730 D SubSettings: Launching fragment com.android.settings.DevelopmentSettings
10-23 02:59:55.079  5730  5730 W Settings: Setting bugreport_in_power_menu has moved from android.provider.Settings.Secure to android.provider.Settings.Global.
10-23 02:59:55.100  2148  2218 I ActivityManager: Force stopping com.android.shell appid=2000 user=0: pkg changed
10-23 02:59:55.104  5730  5730 W Settings: Setting bugreport_in_power_menu has moved from android.provider.Settings.Secure to android.provider.Settings.Global.
10-23 02:59:55.110  2148  2634 I InputReader: Reconfiguring input devices.  changes=0x00000010
10-23 02:59:55.217  2148  2207 W Searchables: No global search activity found
10-23 02:59:55.269  2148  2213 I ActivityManager: Displayed com.android.settings/.SubSettings: +290ms
10-23 02:59:55.297  5730  5747 D OpenGLRenderer: endAllStagingAnimators on 0xb3a02380 (RippleDrawable) with handle 0x9c651f70
10-23 02:59:55.709  4816  4816 W ContextImpl: Calling a method in the system process without a qualified user: android.app.ContextImpl.startService:1231 android.content.ContextWrapper.startService:587 android.content.ContextWrapper.startService:587 org.cyanogenmod.providers.datausage.DataUsageAppInstallReceiver.onReceive:47 android.app.ActivityThread.handleReceiver:2771 
10-23 02:59:55.918   471   623 I ThermalEngine: Sensor:/sys/class/power_supply/battery/capacity:7 mC
10-23 02:59:56.074   471   619 I ThermalEngine: Sensor:chg_therm:36000 mC
10-23 02:59:56.674   471   636 I ThermalEngine: Sensor:tmp108:37000 mC
10-23 02:59:56.675   471   636 I ThermalEngine: Sensor:max170xx_battery:35000 mC
10-23 02:59:56.680   471   636 I ThermalEngine: Sensor:chg_therm:36000 mC
10-23 02:59:56.684   471   636 I ThermalEngine: Sensor:wchg_therm:35000 mC
10-23 02:59:56.689   471   636 I ThermalEngine: Sensor:chg_therm:36000 mC
10-23 02:59:56.690   471   636 I ThermalEngine: Sensor:VS-BATT:36630 mC
10-23 02:59:57.434  4000  4174 I QCNEJ   : |CORE:COM:RCVR| CNE creating socket
10-23 02:59:58.782  5120  5129 W CursorWrapperInner: Cursor finalized without prior close()
10-23 02:59:59.314   225   225 W kworker/0:3: type=1400 audit(0.0:36): avc: denied { net_admin } for uid=0 capability=12 scontext=u:r:kernel:s0 tcontext=u:r:kernel:s0 tclass=capability permissive=0
10-23 02:59:59.314   225   225 W kworker/0:3: type=1400 audit(0.0:37): avc: denied { net_admin } for uid=0 capability=12 scontext=u:r:kernel:s0 tcontext=u:r:kernel:s0 tclass=capability permissive=0
10-23 02:59:59.314   225   225 W kworker/0:3: type=1400 audit(0.0:38): avc: denied { net_admin } for uid=0 capability=12 scontext=u:r:kernel:s0 tcontext=u:r:kernel:s0 tclass=capability permissive=0
10-23 02:59:59.314   225   225 W kworker/0:3: type=1400 audit(0.0:39): avc: denied { net_admin } for uid=0 capability=12 scontext=u:r:kernel:s0 tcontext=u:r:kernel:s0 tclass=capability permissive=0
10-23 02:59:59.324  2148  2210 I UsbDeviceManager: Setting USB config to mtp,adb
10-23 02:59:59.348  2148  3547 W InputMethodManagerService: Window already focused, ignoring focus gain of: com.android.internal.view.IInputMethodClient$Stub$Proxy@d8e1283 attribute=null, token = android.os.BinderProxy@ce19f7
10-23 02:59:59.452  3226  3226 W PathParser: Points are too far apart 4.030360828967057
10-23 02:59:59.452  3226  3226 W PathParser: Points are too far apart 4.030360538880159
10-23 02:59:59.678  2148  3545 I ActivityManager: Killing 4901:com.bhb27.kerneladiutor/u0a18 (adj 15): empty #17
10-23 02:59:59.679  2148  3545 I libprocessgroup: Killing pid 4929 in uid 10018 as part of process group 4901
10-23 02:59:59.679  2148  3545 I libprocessgroup: Killing pid 4931 in uid 10018 as part of process group 4901
10-23 02:59:59.770  2148  4167 D ActivityManager: cleanUpApplicationRecord -- 4901
10-23 02:59:59.772  4935  4935 D su      : Finishing su operation for app [uid:10018, pkgName: com.bhb27.kerneladiutor]
10-23 02:59:59.781  3226  3226 I SuControllerImpl: Got change
10-23 02:59:59.788  4933  4933 D su      : sending code
10-23 02:59:59.789  4933  4933 F libc    : Fatal signal 13 (SIGPIPE), code 0 in tid 4933 (su)
10-23 02:59:59.793   464   464 I DEBUG   : property debug.db.uid not set; NOT waiting for gdb.
10-23 02:59:59.794   464   464 I DEBUG   : HINT: adb shell setprop debug.db.uid 100000
10-23 02:59:59.794   464   464 I DEBUG   : HINT: adb forward tcp:5039 tcp:5039
10-23 02:59:59.846   464   464 F DEBUG   : *** *** *** *** *** *** *** *** *** *** *** *** *** *** *** ***
10-23 02:59:59.846   464   464 F DEBUG   : CM Version: 'ResurrectionRemix-M-v5.7.4-20161019-quark'
10-23 02:59:59.846   464   464 F DEBUG   : Build fingerprint: 'motorola/quark_retbr/quark_umts:6.0.1/MPG24.107-70.2/2:user/release-keys'
10-23 02:59:59.846   464   464 F DEBUG   : Revision: '0'
10-23 02:59:59.846   464   464 F DEBUG   : ABI: 'arm'
10-23 02:59:59.847   464   464 F DEBUG   : pid: 4933, tid: 4933, name: su  >>> /system/xbin/su <<<
10-23 02:59:59.847   464   464 F DEBUG   : signal 13 (SIGPIPE), code 0 (SI_USER), fault addr --------
10-23 02:59:59.848  2148  3560 W NativeCrashListener: Couldn't find ProcessRecord for pid 4933
10-23 02:59:59.853   464   464 F DEBUG   :     r0 ffffffe0  r1 bee6a9f4  r2 00000004  r3 00000003
10-23 02:59:59.853   464   464 E DEBUG   : AM write failed: Broken pipe
10-23 02:59:59.853   464   464 F DEBUG   :     r4 00000000  r5 ffffa368  r6 ffffa368  r7 00000004
10-23 02:59:59.853   464   464 F DEBUG   :     r8 00000000  r9 bee6a9f0  sl fffffeac  fp 00000001
10-23 02:59:59.853   464   464 F DEBUG   :     ip 00000004  sp bee6a9c0  lr b6fabe31  pc b6e728d4  cpsr 200b0010
10-23 02:59:59.866   464   464 F DEBUG   : 
10-23 02:59:59.866   464   464 F DEBUG   : backtrace:
10-23 02:59:59.866   464   464 F DEBUG   :     #00 pc 0004a8d4  /system/lib/libc.so (write+12)
10-23 02:59:59.866   464   464 F DEBUG   :     #01 pc 00005e2d  /system/xbin/su
10-23 02:59:59.866   464   464 F DEBUG   :     #02 pc 000163e5  /system/lib/libc.so (__libc_init+52)
10-23 02:59:59.866   464   464 F DEBUG   :     #03 pc 000047fc  /system/xbin/su
10-23 02:59:59.894  4303  4303 D MtpService: starting MTP server in MTP mode
10-23 02:59:59.901  2148  5966 D UsbDebuggingManager: Received public key: QAAAAAeHbgdJyRFOlRh0MwucGZNJcf10Lc9GWIeuSdvgzdkDwGdHiGSW5RYm9HozQ7XvataOPIopufHCV9qyjKuhz7wVWRALG1irWjMerMwUOI5m6euSGu5MitdvbzBlyljNjocXu+wKgBJNzamyasqhhoOGMEWYw+XddpXsk6w863C+TgGznPCrE3Cr0+jXcF1PhHkps6pzwkJZYKVhBTExc/nmRG4GK4imTWiqQ5GjGBSk4EnZhWXfALbMgXotP9RlU6XU3i5m2bw6ZCc98c/V0iqiL8sVwwj3FOR6ZdnXxosXA6uaDWddQcFTYjJBoADSl9IMydy4SFgH5GRlag/ypxSPIiSaNDRt3t4ye0z2wbZBC1jcPdqV8vh4eoHvDEFIh6eJLuHXEmlSz3AAQRW9VK4ERK//XLUlY+IT7v+8VST2FBgRa6WYthCAzuaL47kzNRoxzkF6D5nwzyocsM7jSDNfhFcDBYFHdmYP1TZ+4xyJVW5S2kqGyDP5EViQ2Dh4foKYL2LnC8o5v3yAVXuGgCKZqTEqU37yEsPtBPoyLGnNQKNv5MaXH0Eo/lWJDzwPS2vcLtJiHBvGV8erZFAs6d/KHZomG/RZ6ZtukWUlKJGp2fMhSuupPYfLay1gZeJ3IomwkwcoEEA1bOYbaE5YF1FjfawM0vMKXXrPyCKDVgAsGRpMfQEAAQA= bhb27@Baybucher27-Android
10-23 02:59:59.905  2148  2210 I ActivityManager: START u0 {flg=0x10000000 cmp=com.android.systemui/.usb.UsbDebuggingActivity (has extras)} from uid 1000 on display 0
10-23 02:59:59.946   464   464 F DEBUG   : 
10-23 02:59:59.946   464   464 F DEBUG   : Tombstone written to: /data/tombstones/tombstone_00
10-23 02:59:59.947  2148  2211 I BootReceiver: Copying /data/tombstones/tombstone_00 to DropBox (SYSTEM_TOMBSTONE)
10-23 02:59:59.949  4933  4933 E su      : unable to write exit code failed with 32: Broken pipe
10-23 02:59:59.949  4933  4933 D su      : child exited
10-23 03:00:00.136  2148  2213 I ActivityManager: Displayed com.android.systemui/.usb.UsbDebuggingActivity: +189ms
10-23 03:00:00.862   471   626 I ThermalEngine: Sensor:max170xx_battery:35000 mC
10-23 03:00:00.919   471   623 I ThermalEngine: Sensor:/sys/class/power_supply/battery/capacity:7 mC
10-23 03:00:00.962   471   621 I ThermalEngine: Sensor:apq_therm:36000 mC
10-23 03:00:01.079   471   619 I ThermalEngine: Sensor:chg_therm:36000 mC
10-23 03:00:01.438  4000  4174 I QCNEJ   : |CORE:COM:RCVR| CNE creating socket
10-23 03:00:01.691   471   636 I ThermalEngine: Sensor:tmp108:37000 mC
10-23 03:00:01.692   471   636 I ThermalEngine: Sensor:max170xx_battery:35000 mC
10-23 03:00:01.703   471   636 I ThermalEngine: Sensor:chg_therm:36000 mC
10-23 03:00:01.707   471   636 I ThermalEngine: Sensor:wchg_therm:35000 mC
10-23 03:00:01.712   471   636 I ThermalEngine: Sensor:chg_therm:36000 mC
10-23 03:00:01.712   471   636 I ThermalEngine: Sensor:VS-BATT:36630 mC
10-23 03:00:05.441  4000  4174 I QCNEJ   : |CORE:COM:RCVR| CNE creating socket
10-23 03:00:05.923   471   623 I ThermalEngine: Sensor:/sys/class/power_supply/battery/capacity:7 mC
10-23 03:00:06.085   471   619 I ThermalEngine: Sensor:chg_therm:36000 mC
10-23 03:00:06.713   471   636 I ThermalEngine: Sensor:tmp108:36000 mC
10-23 03:00:06.714   471   636 I ThermalEngine: Sensor:max170xx_battery:35000 mC
10-23 03:00:06.719   471   636 I ThermalEngine: Sensor:chg_therm:36000 mC
10-23 03:00:06.724   471   636 I ThermalEngine: Sensor:wchg_therm:35000 mC
10-23 03:00:06.729   471   636 I ThermalEngine: Sensor:chg_therm:36000 mC
10-23 03:00:06.729   471   636 I ThermalEngine: Sensor:VS-BATT:36400 mC
10-23 03:00:09.444  4000  4174 I QCNEJ   : |CORE:COM:RCVR| CNE creating socket
10-23 03:00:10.866   471   626 I ThermalEngine: Sensor:max170xx_battery:35000 mC
10-23 03:00:10.925   471   623 I ThermalEngine: Sensor:/sys/class/power_supply/battery/capacity:7 mC
10-23 03:00:10.969   471   621 I ThermalEngine: Sensor:apq_therm:35000 mC
10-23 03:00:11.091   471   619 I ThermalEngine: Sensor:chg_therm:36000 mC
10-23 03:00:11.735   471   636 I ThermalEngine: Sensor:tmp108:35000 mC
10-23 03:00:11.736   471   636 I ThermalEngine: Sensor:max170xx_battery:35000 mC
10-23 03:00:11.741   471   636 I ThermalEngine: Sensor:chg_therm:36000 mC
10-23 03:00:11.746   471   636 I ThermalEngine: Sensor:wchg_therm:35000 mC
10-23 03:00:11.751   471   636 I ThermalEngine: Sensor:chg_therm:36000 mC
10-23 03:00:11.752   471   636 I ThermalEngine: Sensor:VS-BATT:36400 mC
10-23 03:00:13.445  4000  4174 I QCNEJ   : |CORE:COM:RCVR| CNE creating socket
10-23 03:00:13.961  3226  4492 D OpenGLRenderer: endAllStagingAnimators on 0x97e2ad00 (RippleDrawable) with handle 0x98b71c70
10-23 03:00:13.965  5730  5730 W Settings: Setting bugreport_in_power_menu has moved from android.provider.Settings.Secure to android.provider.Settings.Global.
10-23 03:00:14.000  2148  3547 W InputMethodManagerService: Window already focused, ignoring focus gain of: com.android.internal.view.IInputMethodClient$Stub$Proxy@6bf0e63 attribute=null, token = android.os.BinderProxy@ce19f7
10-23 03:00:15.926   471   623 I ThermalEngine: Sensor:/sys/class/power_supply/battery/capacity:6 mC
10-23 03:00:16.097   471   619 I ThermalEngine: Sensor:chg_therm:36000 mC
10-23 03:00:16.758   471   636 I ThermalEngine: Sensor:tmp108:36000 mC
10-23 03:00:16.759   471   636 I ThermalEngine: Sensor:max170xx_battery:35000 mC
10-23 03:00:16.765   471   636 I ThermalEngine: Sensor:chg_therm:36000 mC
10-23 03:00:16.770   471   636 I ThermalEngine: Sensor:wchg_therm:35000 mC
10-23 03:00:16.775   471   636 I ThermalEngine: Sensor:chg_therm:36000 mC
10-23 03:00:16.776   471   636 I ThermalEngine: Sensor:VS-BATT:36400 mC
10-23 03:00:17.449  4000  4174 I QCNEJ   : |CORE:COM:RCVR| CNE creating socket
10-23 03:00:20.868   471   626 I ThermalEngine: Sensor:max170xx_battery:35000 mC
10-23 03:00:20.928   471   623 I ThermalEngine: Sensor:/sys/class/power_supply/battery/capacity:6 mC
10-23 03:00:20.975   471   621 I ThermalEngine: Sensor:apq_therm:35000 mC
10-23 03:00:21.104   471   619 I ThermalEngine: Sensor:chg_therm:36000 mC
10-23 03:00:21.454  4000  4174 I QCNEJ   : |CORE:COM:RCVR| CNE creating socket
10-23 03:00:21.782   471   636 I ThermalEngine: Sensor:tmp108:36000 mC
10-23 03:00:21.783   471   636 I ThermalEngine: Sensor:max170xx_battery:35000 mC
10-23 03:00:21.789   471   636 I ThermalEngine: Sensor:chg_therm:36000 mC
10-23 03:00:21.794   471   636 I ThermalEngine: Sensor:wchg_therm:35000 mC
10-23 03:00:21.799   471   636 I ThermalEngine: Sensor:chg_therm:36000 mC
10-23 03:00:21.799   471   636 I ThermalEngine: Sensor:VS-BATT:36400 mC
10-23 03:00:23.098  2148  4162 I ActivityManager: START u0 {act=com.android.systemui.recents.SHOW_RECENTS flg=0x10804000 cmp=com.android.systemui/.recents.RecentsActivity} from uid 10032 on display 0
10-23 03:00:23.239  3226  3247 I art     : Background partial concurrent mark sweep GC freed 8089(641KB) AllocSpace objects, 5(1108KB) LOS objects, 38% free, 25MB/41MB, paused 21.103ms total 48.387ms
10-23 03:00:24.249  5120  5120 D MessagingApp: DraftMessageData: loading for conversationId=1
10-23 03:00:24.380  5120  5984 I MessagingAppDataModel: SyncMessagesAction: Starting batch for messages from 1477198778578 to 1477198824246 (message update limit = 80, message scan limit = 4000)
10-23 03:00:24.482  5120  5983 I MessagingAppDataModel: SyncMessagesAction: All messages now in sync
10-23 03:00:25.204  3975  3975 I LatinIME: Starting input. Cursor position = 0,0
10-23 03:00:25.456  4000  4174 I QCNEJ   : |CORE:COM:RCVR| CNE creating socket
10-23 03:00:25.929   471   623 I ThermalEngine: Sensor:/sys/class/power_supply/battery/capacity:6 mC
10-23 03:00:26.109   471   619 I ThermalEngine: Sensor:chg_therm:36000 mC
10-23 03:00:26.714  5120  5120 I MessagingApp: UI initiated message sending in conversation 1
10-23 03:00:26.799  5120  5120 E ExtMediaPlayer-JNI: QCMediaPlayer could not be located....
10-23 03:00:26.799  5120  5120 E MediaPlayer-JNI: JNIMediaPlayerFactory: bIsQCMediaPlayerPresent 0
10-23 03:00:26.799  5120  5120 E ExtMediaPlayer-JNI: QCMediaPlayer could not be located....
10-23 03:00:26.799  5120  5120 E MediaPlayer-JNI: JNIMediaPlayerFactory: bIsQCMediaPlayerPresent 0
10-23 03:00:26.800   471   636 I ThermalEngine: Sensor:tmp108:36000 mC
10-23 03:00:26.800  3975  3975 I LatinIME: Starting input. Cursor position = 4,4
10-23 03:00:26.801   471   636 I ThermalEngine: Sensor:max170xx_battery:35000 mC
10-23 03:00:26.805   471   636 I ThermalEngine: Sensor:chg_therm:36000 mC
10-23 03:00:26.809   471   636 I ThermalEngine: Sensor:wchg_therm:35000 mC
10-23 03:00:26.813   468  5990 I FFmpegExtractor: android-source:0xb0e23000
10-23 03:00:26.814   471   636 I ThermalEngine: Sensor:chg_therm:36000 mC
10-23 03:00:26.814   471   636 I ThermalEngine: Sensor:VS-BATT:36400 mC
10-23 03:00:26.814   468  5990 D FFmpegExtractor: suppoted codec(pcm_s16le) by official Stagefright
10-23 03:00:26.814   468  5990 D FFmpegExtractor: ffmpeg detected media content as 'audio/x-wav' with confidence 0.08
10-23 03:00:26.814   468  5989 D NuPlayerDriver: notifyListener_l(0xb2258600), (1, 0, 0)
10-23 03:00:26.815  5120  5120 D MediaPlayer: setSubtitleAnchor in MediaPlayer
10-23 03:00:26.816   468  3202 D NuPlayerDriver: seekTo(0xb2258600) 0 ms
10-23 03:00:26.816   468  3202 D NuPlayerDriver: notifyListener_l(0xb2258600), (7, 0, 0)
10-23 03:00:26.817   468  3202 D NuPlayerDriver: start(0xb2258600), state is 4, eos is 0
10-23 03:00:26.828   468  5989 I GenericSource: start
10-23 03:00:26.828   468  5989 I MetaData: srte: (int32_t) 48000
10-23 03:00:26.828   468  5989 I MetaData: sbit: (int32_t) 16
10-23 03:00:26.828   468  5989 I MetaData: pfmt: (int32_t) 1
10-23 03:00:26.828   468  5989 I MetaData: mime: (char*) audio/raw
10-23 03:00:26.828   468  5989 I MetaData: inpS: (int32_t) 32768
10-23 03:00:26.829   468  5989 I MetaData: dura: (int64_t) 610500
10-23 03:00:26.829   468  5989 I MetaData: chnm: (int32_t) 0
10-23 03:00:26.829   468  5989 I MetaData: #chn: (int32_t) 2
10-23 03:00:26.829   468  5989 I AVNuUtils: No channel mask, try channel count
10-23 03:00:26.829   468  5989 W AVNuUtils: No bitrate info
10-23 03:00:26.829   468  5989 I NuPlayer: canOffloadDecodedPCMStream
10-23 03:00:26.829   468  5989 I MetaData: srte: (int32_t) 48000
10-23 03:00:26.829   468  5989 I MetaData: sbit: (int32_t) 16
10-23 03:00:26.829   468  5989 I MetaData: mime: (char*) audio/raw
10-23 03:00:26.829   468  5989 I MetaData: dura: (int64_t) 610500
10-23 03:00:26.829   468  5989 I MetaData: chnm: (int32_t) 3
10-23 03:00:26.829   468  5989 I MetaData: #chn: (int32_t) 2
10-23 03:00:26.829   468  5989 I AVNuUtils: decision 0 mime audio/raw
10-23 03:00:26.829   468  5989 I MetaData: srte: (int32_t) 48000
10-23 03:00:26.829   468  5989 I MetaData: sbit: (int32_t) 16
10-23 03:00:26.829   468  5989 I MetaData: mime: (char*) audio/raw
10-23 03:00:26.829   468  5989 I MetaData: dura: (int64_t) 610500
10-23 03:00:26.829   468  5989 I MetaData: chnm: (int32_t) 3
10-23 03:00:26.829   468  5989 I MetaData: #chn: (int32_t) 2
10-23 03:00:26.829   468  5989 I NuPlayer: PCM offload decided: 0
10-23 03:00:26.832   468  5989 D NuPlayerDriver: notifyListener_l(0xb2258600), (4, 0, 0)
10-23 03:00:26.836   468  5989 I MetaData: srte: (int32_t) 48000
10-23 03:00:26.836   468  5989 I MetaData: sbit: (int32_t) 16
10-23 03:00:26.836   468  5989 I MetaData: pfmt: (int32_t) 1
10-23 03:00:26.836   468  5989 I MetaData: mime: (char*) audio/raw
10-23 03:00:26.836   468  5989 I MetaData: inpS: (int32_t) 32768
10-23 03:00:26.836   468  5989 I MetaData: dura: (int64_t) 610500
10-23 03:00:26.836   468  5989 I MetaData: chnm: (int32_t) 0
10-23 03:00:26.836   468  5989 I MetaData: #chn: (int32_t) 2
10-23 03:00:26.836   468  5989 I AVNuUtils: No channel mask, try channel count
10-23 03:00:26.836   468  5989 W AVNuUtils: No bitrate info
10-23 03:00:26.836   468  5989 I NuPlayer: canOffloadDecodedPCMStream
10-23 03:00:26.836   468  5989 I MetaData: srte: (int32_t) 48000
10-23 03:00:26.836   468  5989 I MetaData: sbit: (int32_t) 16
10-23 03:00:26.836   468  5989 I MetaData: mime: (char*) audio/raw
10-23 03:00:26.836   468  5989 I MetaData: dura: (int64_t) 610500
10-23 03:00:26.837   468  5989 I MetaData: chnm: (int32_t) 3
10-23 03:00:26.837   468  5989 I MetaData: #chn: (int32_t) 2
10-23 03:00:26.837   468  5989 I AVNuUtils: decision 0 mime audio/raw
10-23 03:00:26.837   468  5989 I MetaData: srte: (int32_t) 48000
10-23 03:00:26.837   468  5989 I MetaData: sbit: (int32_t) 16
10-23 03:00:26.837   468  5989 I MetaData: mime: (char*) audio/raw
10-23 03:00:26.837   468  5989 I MetaData: dura: (int64_t) 610500
10-23 03:00:26.837   468  5989 I MetaData: chnm: (int32_t) 3
10-23 03:00:26.837   468  5989 I MetaData: #chn: (int32_t) 2
10-23 03:00:26.837   468  5989 I NuPlayer: PCM offload decided: 0
10-23 03:00:26.840   468  5994 E OMXNodeInstance: setConfig(38:google.raw.decoder, ConfigPriority(0x6f800002)) ERROR: Undefined(0x80001001)
10-23 03:00:26.840   468  5994 I ACodec  : codec does not support config priority (err -2147483648)
10-23 03:00:26.841   468  5994 I MediaCodec: MediaCodec will operate in async mode
10-23 03:00:26.846  5120  5995 I MessagingAppDataModel: InsertNewMessageAction: inserting new message
10-23 03:00:26.854   468  1893 D audio_hw_primary: out_set_parameters: enter: usecase(1: low-latency-playback) kvpairs: routing=2
10-23 03:00:26.854   468  1893 D audio_hw_extn: audio_extn_set_anc_parameters: anc_enabled:0
10-23 03:00:26.855   468  5989 D NuPlayerDriver: notifyListener_l(0xb2258600), (6, 0, 0)
10-23 03:00:26.856   468  5993 I NuPlayerDecoder: [audio] saw output EOS
10-23 03:00:26.864   468  1893 D audio_hw_primary: start_output_stream: enter: stream(0xb60379c0)usecase(1: low-latency-playback) devices(0x2)
10-23 03:00:26.864   468  1893 D audio_hw_primary: start_output_stream: enter: usecase(1: low-latency-playback) devices(0x2)
10-23 03:00:26.864   468  1893 D audio_hw_primary: select_devices: out_snd_device(2: speaker) in_snd_device(0: )
10-23 03:00:26.864   468  1893 W msm8974_platform: Codec backend bitwidth 16, samplerate 48000
10-23 03:00:26.864   468  1893 D hardware_info: hw_info_append_hw_type : device_name = speaker
10-23 03:00:26.864   468  1893 I msm8974_platform: platform_send_audio_calibration: sending audio calibration for snd_device(2) acdb_id(14)
10-23 03:00:26.864   468  1893 D ACDB-LOADER: ACDB -> send_audio_cal, acdb_id = 14, path =  0
10-23 03:00:26.864   468  1893 D ACDB-LOADER: ACDB -> send_adm_topology
10-23 03:00:26.864   468  1893 D ACDB-LOADER: ACDB -> ACDB_CMD_GET_AUDPROC_COMMON_TOPOLOGY_ID
10-23 03:00:26.864   468  1893 D ACDB-LOADER: ACDB -> send_asm_topology
10-23 03:00:26.864   468  1893 D ACDB-LOADER: ACDB -> ACDB_CMD_GET_AUDPROC_STREAM_TOPOLOGY_ID
10-23 03:00:26.864   468  1893 D ACDB-LOADER: ACDB -> send_audtable
10-23 03:00:26.864   468  1893 D ACDB-LOADER: ACDB -> ACDB_CMD_GET_AUDPROC_COMMON_TABLE
10-23 03:00:26.864   468  1893 D ACDB-LOADER: ACDB -> AUDIO_SET_AUDPROC_CAL
10-23 03:00:26.864   468  1893 D ACDB-LOADER: ACDB -> send_audvoltable
10-23 03:00:26.864   468  1893 D ACDB-LOADER: ACDB -> ACDB_CMD_GET_AUDPROC_GAIN_DEP_STEP_TABLE
10-23 03:00:26.864   468  1893 D         : Failed to fetch the lookup information of the device 0000000E 
10-23 03:00:26.864   468  1893 E ACDB-LOADER: Error: ACDB AudProc vol returned = -19
10-23 03:00:26.864   468  1893 D ACDB-LOADER: ACDB -> AUDIO_SET_AUDPROC_VOL_CAL
10-23 03:00:26.864   468  1893 D ACDB-LOADER: ACDB -> send_afe_cal
10-23 03:00:26.864   468  1893 D ACDB-LOADER: ACDB -> ACDB_CMD_GET_AFE_COMMON_TABLE
10-23 03:00:26.864   468  1893 D         : Failed to fetch the lookup information of the device 0000000E 
10-23 03:00:26.864   468  1893 E ACDB-LOADER: Error: ACDB AFE returned = -19
10-23 03:00:26.864   468  1893 D ACDB-LOADER: ACDB -> AUDIO_SET_AFE_CAL
10-23 03:00:26.866   468  1893 D audio_hw_primary: select_devices: done
10-23 03:00:26.888  5120  5995 I MessagingAppDataModel: ProcessPendingMessagesAction: Scheduling pending messages
10-23 03:00:26.913  5120  5995 I MessagingAppDataModel: ProcessPendingMessagesAction: Queueing message 6 for sending
10-23 03:00:26.928  5120  5120 D f       : mAmbientApiClient is null, initializing
10-23 03:00:26.928  5120  5120 D f       : ambientApiClient is not connect or connecting, attempting to connect now
10-23 03:00:26.929  5120  5120 W MOD.CyanogenAmbientUtil: Cyanogen Ambient package is missing! Version 1050100 is required.
10-23 03:00:26.929  5120  5120 E MOD.AmbientApiClientImp: This application will not run unless you install Ambient services
10-23 03:00:26.929  5120  5120 E f       : Unable to connect with Ambient. ConnectionResult.ErrorCode : 1
10-23 03:00:26.967  5120  5999 I MessagingAppDataModel: SendMessageAction: Sending SMS message 6 in conversation 1
10-23 03:00:27.605   468  5989 D NuPlayerDriver: notifyListener_l(0xb2258600), (2, 0, 0)
10-23 03:00:27.607   468  5169 D NuPlayerDriver: stop(0xb2258600)
10-23 03:00:27.607   468  5169 D NuPlayerDriver: notifyListener_l(0xb2258600), (8, 0, 0)
10-23 03:00:27.609   468  1904 D NuPlayerDriver: reset(0xb2258600)
10-23 03:00:27.623   468  5989 D NuPlayerDriver: notifyResetComplete(0xb2258600)
10-23 03:00:27.624  5120  5120 W MediaPlayer: mediaplayer went away with unhandled events
10-23 03:00:27.650   468  1869 W APM::EffectDescriptor: unregisterEffect() unknown effect ID 68
10-23 03:00:28.138  2148  2634 I PowerManagerService: Going to sleep due to power button (uid 1000)...
10-23 03:00:28.170  3975  3975 I LatinIME: Starting input. Cursor position = 0,0
10-23 03:00:28.177  5120  5120 W IInputConnectionWrapper: getSelectedText on inactive InputConnection
10-23 03:00:28.178  5120  5120 W IInputConnectionWrapper: requestCursorAnchorInfo on inactive InputConnection
10-23 03:00:28.179  5120  5120 W IInputConnectionWrapper: getTextBeforeCursor on inactive InputConnection
10-23 03:00:28.179  3975  3975 E RichInputConnection: Unable to connect to the editor to retrieve text.
10-23 03:00:28.179  3975  3975 D RichInputConnection: Will try to retrieve text later.
10-23 03:00:28.180  5120  5120 W IInputConnectionWrapper: getTextBeforeCursor on inactive InputConnection
10-23 03:00:28.182  3975  3975 E RichInputConnection: Unable to connect to the editor to retrieve text.
10-23 03:00:28.182  3975  3975 W RichInputConnection: Unable to connect to the editor. Setting caps mode without knowing text.
10-23 03:00:28.201  5120  5120 W IInputConnectionWrapper: getTextBeforeCursor on inactive InputConnection
10-23 03:00:28.201  3975  3975 E RichInputConnection: Unable to connect to the editor to retrieve text.
10-23 03:00:28.201  3975  3975 D RichInputConnection: Will try to retrieve text later.
10-23 03:00:28.201  5120  5120 W IInputConnectionWrapper: getTextBeforeCursor on inactive InputConnection
10-23 03:00:28.201  3975  3975 E RichInputConnection: Unable to connect to the editor to retrieve text.
10-23 03:00:28.201  3975  3975 D RichInputConnection: Will try to retrieve text later.
10-23 03:00:28.202  5120  5120 W IInputConnectionWrapper: getTextBeforeCursor on inactive InputConnection
10-23 03:00:28.206  3975  3975 E RichInputConnection: Unable to connect to the editor to retrieve text.
10-23 03:00:28.206  3975  3975 D RichInputConnection: Will try to retrieve text later.
10-23 03:00:28.206  5120  5120 W IInputConnectionWrapper: getTextBeforeCursor on inactive InputConnection
10-23 03:00:28.206  3975  3975 E RichInputConnection: Unable to connect to the editor to retrieve text.
10-23 03:00:28.206  3975  3975 D RichInputConnection: Will try to retrieve text later.
10-23 03:00:28.206  5120  5120 W IInputConnectionWrapper: getTextBeforeCursor on inactive InputConnection
10-23 03:00:28.206  3975  3975 E RichInputConnection: Unable to connect to the editor to retrieve text.
10-23 03:00:28.206  3975  3975 D RichInputConnection: Will try to retrieve text later.
10-23 03:00:28.207  5120  5120 W IInputConnectionWrapper: getTextBeforeCursor on inactive InputConnection
10-23 03:00:28.207  3975  3975 E RichInputConnection: Unable to connect to the editor to retrieve text.
10-23 03:00:28.207  3975  3975 D RichInputConnection: Will try to retrieve text later.
10-23 03:00:28.207  5120  5120 W IInputConnectionWrapper: getTextBeforeCursor on inactive InputConnection
10-23 03:00:28.207  5120  5120 W IInputConnectionWrapper: getSelectedText on inactive InputConnection
10-23 03:00:28.207  5120  5120 W IInputConnectionWrapper: getTextBeforeCursor on inactive InputConnection
10-23 03:00:28.207  3975  3975 E RichInputConnection: Unable to connect to the editor to retrieve text.
10-23 03:00:28.208  3975  3975 W RichInputConnection: Unable to connect to the editor. Setting caps mode without knowing text.
10-23 03:00:28.730  2148  2215 V KeyguardServiceDelegate: onScreenTurnedOff()
10-23 03:00:28.746  2148  2213 I DisplayManagerService: Display device changed state: "Built-in Screen", OFF
10-23 03:00:28.756   386   386 D SurfaceFlinger: Set power mode=0, type=0 flinger=0xb6a24000
10-23 03:00:28.756   386   386 D qdhwcomposer: hwc_setPowerMode: Setting mode 0 on display: 0
10-23 03:00:28.757   386   386 E qdutils : int qdutils::getHDMINode(): Failed to open fb node 2
10-23 03:00:28.757   386   386 E qdutils : int qdutils::getHDMINode(): Failed to open fb node 3
10-23 03:00:28.757   386   386 E qdutils : int qdutils::getHDMINode(): Failed to find HDMI node
10-23 03:00:28.990   386   802 I qdhwcomposer: handle_blank_event: dpy:0 panel power state: 0
10-23 03:00:28.991   386   802 E qdutils : int qdutils::getHDMINode(): Failed to open fb node 2
10-23 03:00:28.992   386   802 E qdutils : int qdutils::getHDMINode(): Failed to open fb node 3
10-23 03:00:28.992   386   802 E qdutils : int qdutils::getHDMINode(): Failed to find HDMI node
10-23 03:00:28.995   386   386 D qdhwcomposer: hwc_setPowerMode: Done setting mode 0 on display 0
10-23 03:00:28.997  2148  3242 D SurfaceControl: Excessive delay in setPowerMode(): 251ms
10-23 03:00:29.000  2148  2215 I DreamManagerService: Entering dreamland.
10-23 03:00:29.000  2148  2215 I PowerManagerService: Dozing...
10-23 03:00:29.003  2148  2210 I DreamController: Starting dream: name=ComponentInfo{com.android.systemui/com.android.systemui.doze.DozeService}, isTest=false, canDoze=true, userId=0
10-23 03:00:29.054   468  1904 D audio_hw_primary: adev_set_parameters: enter: screen_state=off
10-23 03:00:29.054   468  1904 D audio_hw_extn: audio_extn_set_anc_parameters: anc_enabled:0
10-23 03:00:29.054   468  1904 E bt_a2dp_hw: adev_set_parameters: ERROR: set param called even when stream out is null
10-23 03:00:29.054   468  1904 D mot_vr_audio_hw: adev_set_parameters: screen_state=off
10-23 03:00:29.054  2148  3193 D WifiConfigStore: Retrieve network priorities after PNO.
10-23 03:00:29.054  2148  3193 E WifiStateMachine:  Fail to set up pno, want false now false
10-23 03:00:29.096  3226  3226 D PhoneStatusBar: disable: < expand ICONS* alerts SYSTEM_INFO* back home recent clock search quick_settings >
10-23 03:00:29.189  5120  6002 I MessagingAppDataModel: ProcessSentMessageAction: Done sending SMS message 6 in conversation 1; status is SUCCEEDED
10-23 03:00:29.189  5120  6002 I MessagingAppDataModel: ProcessPendingMessagesAction: Scheduling pending messages
10-23 03:00:29.219  3226  3226 D PhoneStatusBar: disable: < expand ICONS alerts SYSTEM_INFO back HOME* RECENT* clock SEARCH* quick_settings >
10-23 03:00:29.231  3226  3226 W PathParser: Points are too far apart 4.030360828967057
10-23 03:00:29.231  3226  3226 W PathParser: Points are too far apart 4.030360538880159
10-23 03:00:29.262  4074  4074 D CMActions-FlatUpSensor: Enabling
10-23 03:00:29.264  4074  4074 D CMActions-IRGestureSensor: Enabling
10-23 03:00:29.294  4074  4074 D CMActions-StowSensor: Enabling
10-23 03:00:29.298  4074  4074 D CMActions-StowSensor: event: false
10-23 03:00:29.325  4074  4074 D CMActions-FlatUpSensor: event: false mLastFlatUp=false
10-23 03:00:29.458  4000  4174 I QCNEJ   : |CORE:COM:RCVR| CNE creating socket
10-23 03:00:30.628   468  1893 D audio_hw_primary: out_standby: enter: stream (0xb60379c0) usecase(1: low-latency-playback)
10-23 03:00:30.744   468  1893 D hardware_info: hw_info_append_hw_type : device_name = speaker
10-23 03:00:30.870   471   626 I ThermalEngine: Sensor:max170xx_battery:35000 mC
10-23 03:00:30.930   471   623 I ThermalEngine: Sensor:/sys/class/power_supply/battery/capacity:6 mC
10-23 03:00:30.980   471   621 I ThermalEngine: Sensor:apq_therm:35000 mC
10-23 03:00:31.116   471   619 I ThermalEngine: Sensor:chg_therm:36000 mC
10-23 03:00:31.815   471   636 I ThermalEngine: Sensor:tmp108:36000 mC
10-23 03:00:31.815   471   636 I ThermalEngine: Sensor:max170xx_battery:35000 mC
10-23 03:00:31.819   471   636 I ThermalEngine: Sensor:chg_therm:36000 mC
10-23 03:00:31.824   471   636 I ThermalEngine: Sensor:wchg_therm:35000 mC
10-23 03:00:31.828   471   636 I ThermalEngine: Sensor:chg_therm:36000 mC
10-23 03:00:31.828   471   636 I ThermalEngine: Sensor:VS-BATT:36400 mC
10-23 03:00:32.353  4087  4680 V BlacklistProvider: Query uri=content://blacklist/bynumber/9090, match=2
10-23 03:00:32.387  4087  4680 V GsmInboundSmsHandler: Unable to find carrier package: [], nor systemPackages: []
10-23 03:00:32.398  4087  4680 D MmsService: getAutoPersisting
10-23 03:00:32.405  5120  5120 D SmsReceiver.deliverSmsMessages: Is SMS Message Replaceable : false
10-23 03:00:32.443  5120  6003 D MessageReplaceFeature: SMS Message Replaceable : false
10-23 03:00:32.470  5120  6003 I MessagingAppDataModel: ReceiveSmsMessageAction: Received SMS message 7 in conversation 2, uri = content://sms/7
10-23 03:00:32.470  5120  6003 I MessagingAppDataModel: ProcessPendingMessagesAction: Scheduling pending messages
10-23 03:00:32.544  5120  6003 I MessagingAppNotif: Notifying for conversation 2; tag = com.android.messaging:sms:, type = 0
10-23 03:00:32.558  3226  6006 E ExtMediaPlayer-JNI: QCMediaPlayer could not be located....
10-23 03:00:32.558  3226  6006 E MediaPlayer-JNI: JNIMediaPlayerFactory: bIsQCMediaPlayerPresent 0
10-23 03:00:32.559  3226  6006 E ExtMediaPlayer-JNI: QCMediaPlayer could not be located....
10-23 03:00:32.559  3226  6006 E MediaPlayer-JNI: JNIMediaPlayerFactory: bIsQCMediaPlayerPresent 0
10-23 03:00:32.562  2148  2614 E MotoSensors: Proximity uncovered
10-23 03:00:32.603  4074  4074 D CMActions-FlatUpSensor: event: true mLastFlatUp=false
10-23 03:00:32.606   468  6007 D NuPlayerDriver: notifyListener_l(0xb6018700), (1, 0, 0)
10-23 03:00:32.607  3226  6006 D MediaPlayer: setSubtitleAnchor in MediaPlayer
10-23 03:00:32.612  2148  3547 I MediaFocusControl:  AudioFocus  requestAudioFocus() from android.media.AudioManager@31ee0ad req=3flags=0x0
10-23 03:00:32.623   468  5169 D NuPlayerDriver: start(0xb6018700), state is 4, eos is 0
10-23 03:00:32.624   468  6007 I GenericSource: start
10-23 03:00:32.628   468  6007 I MetaData: vinf: (unknown type 0, size 30)
10-23 03:00:32.628   468  6007 I MetaData: 00000000:  01 76 6f 72 62 69 73 00  00 00 00 02 44 ac 00 00  .vorbis.....D...
10-23 03:00:32.628   468  6007 I MetaData: 00000010:  00 00 00 00 80 b5 01 00  00 00 00 00 b8 01        ..............
10-23 03:00:32.628   468  6007 I MetaData: vboo: (unknown type 0, size 3832)
10-23 03:00:32.628   468  6007 I MetaData: srte: (int32_t) 44100
10-23 03:00:32.628   468  6007 I MetaData: mime: (char*) audio/vorbis
10-23 03:00:32.628   468  6007 I MetaData: dura: (int64_t) 1200000
10-23 03:00:32.628   468  6007 I MetaData: #chn: (int32_t) 2
10-23 03:00:32.629   468  6007 I AVNuUtils: No channel mask, try channel count
10-23 03:00:32.629   468  6007 W AVNuUtils: No bitrate info
10-23 03:00:32.629   468  6007 I NuPlayer: canOffloadDecodedPCMStream
10-23 03:00:32.629   468  6007 I MetaData: srte: (int32_t) 44100
10-23 03:00:32.629   468  6007 I MetaData: sbit: (int32_t) 16
10-23 03:00:32.629   468  6007 I MetaData: mime: (char*) audio/raw
10-23 03:00:32.629   468  6007 I MetaData: dura: (int64_t) 1200000
10-23 03:00:32.629   468  6007 I MetaData: chnm: (int32_t) 3
10-23 03:00:32.629   468  6007 I MetaData: #chn: (int32_t) 2
10-23 03:00:32.629   468  6007 I AVNuUtils: decision 0 mime audio/vorbis
10-23 03:00:32.629   468  6007 I MetaData: srte: (int32_t) 44100
10-23 03:00:32.630   468  6007 I MetaData: sbit: (int32_t) 16
10-23 03:00:32.630   468  6007 I MetaData: mime: (char*) audio/raw
10-23 03:00:32.630   468  6007 I MetaData: dura: (int64_t) 1200000
10-23 03:00:32.630   468  6007 I MetaData: chnm: (int32_t) 3
10-23 03:00:32.630   468  6007 I MetaData: #chn: (int32_t) 2
10-23 03:00:32.630   468  6007 I NuPlayer: PCM offload decided: 0
10-23 03:00:32.633   468  6007 I MetaData: vinf: (unknown type 0, size 30)
10-23 03:00:32.633   468  6007 I MetaData: 00000000:  01 76 6f 72 62 69 73 00  00 00 00 02 44 ac 00 00  .vorbis.....D...
10-23 03:00:32.633   468  6007 I MetaData: 00000010:  00 00 00 00 80 b5 01 00  00 00 00 00 b8 01        ..............
10-23 03:00:32.633   468  6007 I MetaData: vboo: (unknown type 0, size 3832)
10-23 03:00:32.633   468  6007 I MetaData: srte: (int32_t) 44100
10-23 03:00:32.633   468  6007 I MetaData: mime: (char*) audio/vorbis
10-23 03:00:32.633   468  6007 I MetaData: dura: (int64_t) 1200000
10-23 03:00:32.633   468  6007 I MetaData: #chn: (int32_t) 2
10-23 03:00:32.633   468  6007 I AVNuUtils: No channel mask, try channel count
10-23 03:00:32.634   468  6007 W AVNuUtils: No bitrate info
10-23 03:00:32.634   468  6007 I NuPlayer: canOffloadDecodedPCMStream
10-23 03:00:32.634   468  6007 I MetaData: srte: (int32_t) 44100
10-23 03:00:32.634   468  6007 I MetaData: sbit: (int32_t) 16
10-23 03:00:32.634   468  6007 I MetaData: mime: (char*) audio/raw
10-23 03:00:32.634   468  6007 I MetaData: dura: (int64_t) 1200000
10-23 03:00:32.634   468  6007 I MetaData: chnm: (int32_t) 3
10-23 03:00:32.634   468  6007 I MetaData: #chn: (int32_t) 2
10-23 03:00:32.634   468  6007 I AVNuUtils: decision 0 mime audio/vorbis
10-23 03:00:32.634   468  6007 I MetaData: srte: (int32_t) 44100
10-23 03:00:32.634   468  6007 I MetaData: sbit: (int32_t) 16
10-23 03:00:32.634   468  6007 I MetaData: mime: (char*) audio/raw
10-23 03:00:32.635   468  6007 I MetaData: dura: (int64_t) 1200000
10-23 03:00:32.635   468  6007 I MetaData: chnm: (int32_t) 3
10-23 03:00:32.635   468  6007 I MetaData: #chn: (int32_t) 2
10-23 03:00:32.635   468  6007 I NuPlayer: PCM offload decided: 0
10-23 03:00:32.639   468  6012 E OMXNodeInstance: setConfig(39:google.vorbis.decoder, ConfigPriority(0x6f800002)) ERROR: Undefined(0x80001001)
10-23 03:00:32.639   468  6012 I ACodec  : codec does not support config priority (err -2147483648)
10-23 03:00:32.640   468  6012 I MediaCodec: MediaCodec will operate in async mode
10-23 03:00:32.660   468  1893 D audio_hw_primary: out_set_parameters: enter: usecase(1: low-latency-playback) kvpairs: routing=2
10-23 03:00:32.660   468  1893 D audio_hw_extn: audio_extn_set_anc_parameters: anc_enabled:0
10-23 03:00:32.661   468  6007 D NuPlayerDriver: notifyListener_l(0xb6018700), (6, 0, 0)
10-23 03:00:32.670   468  1893 D audio_hw_primary: start_output_stream: enter: stream(0xb60379c0)usecase(1: low-latency-playback) devices(0x2)
10-23 03:00:32.670   468  1893 D audio_hw_primary: start_output_stream: enter: usecase(1: low-latency-playback) devices(0x2)
10-23 03:00:32.670   468  1893 D audio_hw_primary: select_devices: out_snd_device(2: speaker) in_snd_device(0: )
10-23 03:00:32.670   468  1893 W msm8974_platform: Codec backend bitwidth 16, samplerate 48000
10-23 03:00:32.670   468  1893 D hardware_info: hw_info_append_hw_type : device_name = speaker
10-23 03:00:32.670   468  1893 I msm8974_platform: platform_send_audio_calibration: sending audio calibration for snd_device(2) acdb_id(14)
10-23 03:00:32.670   468  1893 D ACDB-LOADER: ACDB -> send_audio_cal, acdb_id = 14, path =  0
10-23 03:00:32.670   468  1893 D ACDB-LOADER: ACDB -> send_adm_topology
10-23 03:00:32.670   468  1893 D ACDB-LOADER: ACDB -> ACDB_CMD_GET_AUDPROC_COMMON_TOPOLOGY_ID
10-23 03:00:32.670   468  1893 D ACDB-LOADER: ACDB -> send_asm_topology
10-23 03:00:32.670   468  1893 D ACDB-LOADER: ACDB -> ACDB_CMD_GET_AUDPROC_STREAM_TOPOLOGY_ID
10-23 03:00:32.670   468  1893 D ACDB-LOADER: ACDB -> send_audtable
10-23 03:00:32.671   468  1893 D ACDB-LOADER: ACDB -> ACDB_CMD_GET_AUDPROC_COMMON_TABLE
10-23 03:00:32.671   468  1893 D ACDB-LOADER: ACDB -> AUDIO_SET_AUDPROC_CAL
10-23 03:00:32.671   468  1893 D ACDB-LOADER: ACDB -> send_audvoltable
10-23 03:00:32.671   468  1893 D ACDB-LOADER: ACDB -> ACDB_CMD_GET_AUDPROC_GAIN_DEP_STEP_TABLE
10-23 03:00:32.671   468  1893 D         : Failed to fetch the lookup information of the device 0000000E 
10-23 03:00:32.671   468  1893 E ACDB-LOADER: Error: ACDB AudProc vol returned = -19
10-23 03:00:32.671   468  1893 D ACDB-LOADER: ACDB -> AUDIO_SET_AUDPROC_VOL_CAL
10-23 03:00:32.671   468  1893 D ACDB-LOADER: ACDB -> send_afe_cal
10-23 03:00:32.671   468  1893 D ACDB-LOADER: ACDB -> ACDB_CMD_GET_AFE_COMMON_TABLE
10-23 03:00:32.671   468  1893 D         : Failed to fetch the lookup information of the device 0000000E 
10-23 03:00:32.671   468  1893 E ACDB-LOADER: Error: ACDB AFE returned = -19
10-23 03:00:32.671   468  1893 D ACDB-LOADER: ACDB -> AUDIO_SET_AFE_CAL
10-23 03:00:32.673   468  1893 D audio_hw_primary: select_devices: done
10-23 03:00:32.702  2148  2215 I DisplayPowerController: Blocking screen on until initial contents have been drawn.
10-23 03:00:32.702  2148  2215 V KeyguardServiceDelegate: onScreenTurnedOn(showListener = com.android.server.policy.PhoneWindowManager$2@43d03d2)
10-23 03:00:32.703  2148  2213 I DisplayManagerService: Display device changed state: "Built-in Screen", ON
10-23 03:00:32.703   386   386 D SurfaceFlinger: Set power mode=2, type=0 flinger=0xb6a24000
10-23 03:00:32.703   386   386 D qdhwcomposer: hwc_setPowerMode: Setting mode 2 on display: 0
10-23 03:00:32.703   386   386 E qdutils : int qdutils::getHDMINode(): Failed to open fb node 2
10-23 03:00:32.703   386   386 E qdutils : int qdutils::getHDMINode(): Failed to open fb node 3
10-23 03:00:32.704   386   386 E qdutils : int qdutils::getHDMINode(): Failed to find HDMI node
10-23 03:00:32.719   468  5169 D NuPlayerDriver: stop(0xb6018700)
10-23 03:00:32.719   468  5169 D NuPlayerDriver: notifyListener_l(0xb6018700), (8, 0, 0)
10-23 03:00:32.719  3226  6006 W MediaPlayer: mediaplayer went away with unhandled events
10-23 03:00:32.719   468  1904 D NuPlayerDriver: reset(0xb6018700)
10-23 03:00:32.725   468  6007 D NuPlayerDriver: notifyResetComplete(0xb6018700)
10-23 03:00:32.726  2148  3546 I MediaFocusControl:  AudioFocus  abandonAudioFocus() from android.media.AudioManager@31ee0ad
10-23 03:00:32.738  2148  3295 V KeyguardServiceDelegate: **** SHOWN CALLED ****
10-23 03:00:32.802  2148  2215 I DisplayPowerController: Unblocked screen on after 100 ms
10-23 03:00:32.804  2148  2215 V KeyguardServiceDelegate: onScreenTurnedOn()
10-23 03:00:32.840  4074  4074 D CMActions-FlatUpSensor: event: false mLastFlatUp=true
10-23 03:00:32.840  4074  4074 D CMActions: Allowing doze
