10-23 03:00:32.840  4074  4074 D CMActions: Sending doze.pulse intent
10-23 03:00:32.841  4074  4074 W ContextImpl: Calling a method in the system process without a qualified user: android.app.ContextImpl.sendBroadcast:773 android.content.ContextWrapper.sendBroadcast:402 com.cyanogenmod.settings.device.DozePulseAction.action:47 com.cyanogenmod.settings.device.FlatUpSensor$1.onSensorChanged:70 android.hardware.SystemSensorManager$SensorEventQueue.dispatchSensorEvent:483 
10-23 03:00:32.843   468  1869 W APM::EffectDescriptor: unregisterEffect() unknown effect ID 71
10-23 03:00:32.860   386   802 I qdhwcomposer: handle_blank_event: dpy:0 panel power state: 1
10-23 03:00:32.861   386   802 E qdutils : int qdutils::getHDMINode(): Failed to open fb node 2
10-23 03:00:32.861   386   802 E qdutils : int qdutils::getHDMINode(): Failed to open fb node 3
10-23 03:00:32.861   386   802 E qdutils : int qdutils::getHDMINode(): Failed to find HDMI node
10-23 03:00:32.861   386   386 D qdhwcomposer: hwc_setPowerMode: Done setting mode 2 on display 0
10-23 03:00:32.862  2148  3242 D SurfaceControl: Excessive delay in setPowerMode(): 159ms
10-23 03:00:33.459  4000  4174 I QCNEJ   : |CORE:COM:RCVR| CNE creating socket
10-23 03:00:35.672   468  1893 D audio_hw_primary: out_standby: enter: stream (0xb60379c0) usecase(1: low-latency-playback)
10-23 03:00:35.808   468  1893 D hardware_info: hw_info_append_hw_type : device_name = speaker
10-23 03:00:35.931   471   623 I ThermalEngine: Sensor:/sys/class/power_supply/battery/capacity:6 mC
10-23 03:00:36.122   471   619 I ThermalEngine: Sensor:chg_therm:36000 mC
10-23 03:00:36.829   471   636 I ThermalEngine: Sensor:tmp108:36000 mC
10-23 03:00:36.830   471   636 I ThermalEngine: Sensor:max170xx_battery:35000 mC
10-23 03:00:36.834   471   636 I ThermalEngine: Sensor:chg_therm:36000 mC
10-23 03:00:36.839   471   636 I ThermalEngine: Sensor:wchg_therm:35000 mC
10-23 03:00:36.843   471   636 I ThermalEngine: Sensor:chg_therm:36000 mC
10-23 03:00:36.843   471   636 I ThermalEngine: Sensor:VS-BATT:36400 mC
10-23 03:00:37.349  2148  2215 V KeyguardServiceDelegate: onScreenTurnedOff()
10-23 03:00:37.351  2148  2213 I DisplayManagerService: Display device changed state: "Built-in Screen", OFF
10-23 03:00:37.380   386   386 D SurfaceFlinger: Set power mode=0, type=0 flinger=0xb6a24000
10-23 03:00:37.381   386   386 D qdhwcomposer: hwc_setPowerMode: Setting mode 0 on display: 0
10-23 03:00:37.382   386   386 E qdutils : int qdutils::getHDMINode(): Failed to open fb node 2
10-23 03:00:37.382   386   386 E qdutils : int qdutils::getHDMINode(): Failed to open fb node 3
10-23 03:00:37.382   386   386 E qdutils : int qdutils::getHDMINode(): Failed to find HDMI node
10-23 03:00:37.461  4000  4174 I QCNEJ   : |CORE:COM:RCVR| CNE creating socket
10-23 03:00:37.570  2148  2614 E MotoSensors: Proximity uncovered
10-23 03:00:37.594  2148  2215 I DisplayPowerController: Blocking screen on until initial contents have been drawn.
10-23 03:00:37.594  2148  2215 V KeyguardServiceDelegate: onScreenTurnedOn(showListener = com.android.server.policy.PhoneWindowManager$2@43d03d2)
10-23 03:00:37.600  2148  3481 V KeyguardServiceDelegate: **** SHOWN CALLED ****
10-23 03:00:37.623   386   802 I qdhwcomposer: handle_blank_event: dpy:0 panel power state: 0
10-23 03:00:37.624   386   802 E qdutils : int qdutils::getHDMINode(): Failed to open fb node 2
10-23 03:00:37.624   386   802 E qdutils : int qdutils::getHDMINode(): Failed to open fb node 3
10-23 03:00:37.624   386   802 E qdutils : int qdutils::getHDMINode(): Failed to find HDMI node
10-23 03:00:37.626   386   386 D qdhwcomposer: hwc_setPowerMode: Done setting mode 0 on display 0
10-23 03:00:37.626  2148  3242 D SurfaceControl: Excessive delay in setPowerMode(): 246ms
10-23 03:00:37.627  2148  2213 I DisplayManagerService: Display device changed state: "Built-in Screen", ON
10-23 03:00:37.643   386   386 D SurfaceFlinger: Set power mode=2, type=0 flinger=0xb6a24000
10-23 03:00:37.643   386   386 D qdhwcomposer: hwc_setPowerMode: Setting mode 2 on display: 0
10-23 03:00:37.643   386   386 E qdutils : int qdutils::getHDMINode(): Failed to open fb node 2
10-23 03:00:37.643   386   386 E qdutils : int qdutils::getHDMINode(): Failed to open fb node 3
10-23 03:00:37.643   386   386 E qdutils : int qdutils::getHDMINode(): Failed to find HDMI node
10-23 03:00:37.707  2148  2215 I DisplayPowerController: Unblocked screen on after 114 ms
10-23 03:00:37.707  2148  2215 V KeyguardServiceDelegate: onScreenTurnedOn()
10-23 03:00:37.797   386   802 I qdhwcomposer: handle_blank_event: dpy:0 panel power state: 1
10-23 03:00:37.797   386   802 E qdutils : int qdutils::getHDMINode(): Failed to open fb node 2
10-23 03:00:37.797   386   802 E qdutils : int qdutils::getHDMINode(): Failed to open fb node 3
10-23 03:00:37.797   386   802 E qdutils : int qdutils::getHDMINode(): Failed to find HDMI node
10-23 03:00:37.797   386   386 D qdhwcomposer: hwc_setPowerMode: Done setting mode 2 on display 0
10-23 03:00:37.800  2148  3242 D SurfaceControl: Excessive delay in setPowerMode(): 173ms
10-23 03:00:40.873   471   626 I ThermalEngine: Sensor:max170xx_battery:35000 mC
10-23 03:00:40.934   471   623 I ThermalEngine: Sensor:/sys/class/power_supply/battery/capacity:6 mC
10-23 03:00:40.986   471   621 I ThermalEngine: Sensor:apq_therm:35000 mC
10-23 03:00:41.128   471   619 I ThermalEngine: Sensor:chg_therm:36000 mC
10-23 03:00:41.462  4000  4174 I QCNEJ   : |CORE:COM:RCVR| CNE creating socket
10-23 03:00:41.845   471   636 I ThermalEngine: Sensor:tmp108:36000 mC
10-23 03:00:41.845   471   636 I ThermalEngine: Sensor:max170xx_battery:35000 mC
10-23 03:00:41.850   471   636 I ThermalEngine: Sensor:chg_therm:36000 mC
10-23 03:00:41.854   471   636 I ThermalEngine: Sensor:wchg_therm:35000 mC
10-23 03:00:41.859   471   636 I ThermalEngine: Sensor:chg_therm:36000 mC
10-23 03:00:41.859   471   636 I ThermalEngine: Sensor:VS-BATT:36400 mC
10-23 03:00:42.250  2148  2215 V KeyguardServiceDelegate: onScreenTurnedOff()
10-23 03:00:42.251  2148  2213 I DisplayManagerService: Display device changed state: "Built-in Screen", OFF
10-23 03:00:42.274   386   386 D SurfaceFlinger: Set power mode=0, type=0 flinger=0xb6a24000
10-23 03:00:42.274   386   386 D qdhwcomposer: hwc_setPowerMode: Setting mode 0 on display: 0
10-23 03:00:42.275   386   386 E qdutils : int qdutils::getHDMINode(): Failed to open fb node 2
10-23 03:00:42.275   386   386 E qdutils : int qdutils::getHDMINode(): Failed to open fb node 3
10-23 03:00:42.275   386   386 E qdutils : int qdutils::getHDMINode(): Failed to find HDMI node
10-23 03:00:42.518   386   802 I qdhwcomposer: handle_blank_event: dpy:0 panel power state: 0
10-23 03:00:42.519   386   802 E qdutils : int qdutils::getHDMINode(): Failed to open fb node 2
10-23 03:00:42.519   386   802 E qdutils : int qdutils::getHDMINode(): Failed to open fb node 3
10-23 03:00:42.519   386   802 E qdutils : int qdutils::getHDMINode(): Failed to find HDMI node
10-23 03:00:42.522   386   386 D qdhwcomposer: hwc_setPowerMode: Done setting mode 0 on display 0
10-23 03:00:42.526  2148  3242 D SurfaceControl: Excessive delay in setPowerMode(): 258ms
10-23 03:00:45.465  4000  4174 I QCNEJ   : |CORE:COM:RCVR| CNE creating socket
10-23 03:00:45.936   471   623 I ThermalEngine: Sensor:/sys/class/power_supply/battery/capacity:6 mC
10-23 03:00:46.134   471   619 I ThermalEngine: Sensor:chg_therm:36000 mC
10-23 03:00:46.862   471   636 I ThermalEngine: Sensor:tmp108:35000 mC
10-23 03:00:46.863   471   636 I ThermalEngine: Sensor:max170xx_battery:35000 mC
10-23 03:00:46.868   471   636 I ThermalEngine: Sensor:chg_therm:36000 mC
10-23 03:00:46.874   471   636 I ThermalEngine: Sensor:wchg_therm:35000 mC
10-23 03:00:46.879   471   636 I ThermalEngine: Sensor:chg_therm:36000 mC
10-23 03:00:46.879   471   636 I ThermalEngine: Sensor:VS-BATT:36400 mC
10-23 03:00:49.469  4000  4174 I QCNEJ   : |CORE:COM:RCVR| CNE creating socket
10-23 03:00:50.877   471   626 I ThermalEngine: Sensor:max170xx_battery:35000 mC
10-23 03:00:50.937   471   623 I ThermalEngine: Sensor:/sys/class/power_supply/battery/capacity:6 mC
10-23 03:00:50.994   471   621 I ThermalEngine: Sensor:apq_therm:35000 mC
10-23 03:00:51.141   471   619 I ThermalEngine: Sensor:chg_therm:36000 mC
10-23 03:00:51.882   471   636 I ThermalEngine: Sensor:tmp108:35000 mC
10-23 03:00:51.883   471   636 I ThermalEngine: Sensor:max170xx_battery:35000 mC
10-23 03:00:51.888   471   636 I ThermalEngine: Sensor:chg_therm:36000 mC
10-23 03:00:51.894   471   636 I ThermalEngine: Sensor:wchg_therm:35000 mC
10-23 03:00:51.899   471   636 I ThermalEngine: Sensor:chg_therm:36000 mC
10-23 03:00:51.900   471   636 I ThermalEngine: Sensor:VS-BATT:36400 mC
10-23 03:00:53.472  4000  4174 I QCNEJ   : |CORE:COM:RCVR| CNE creating socket
10-23 03:00:55.939   471   623 I ThermalEngine: Sensor:/sys/class/power_supply/battery/capacity:6 mC
10-23 03:00:56.147   471   619 I ThermalEngine: Sensor:chg_therm:36000 mC
10-23 03:00:56.903   471   636 I ThermalEngine: Sensor:tmp108:35000 mC
10-23 03:00:56.904   471   636 I ThermalEngine: Sensor:max170xx_battery:35000 mC
10-23 03:00:56.909   471   636 I ThermalEngine: Sensor:chg_therm:36000 mC
10-23 03:00:56.914   471   636 I ThermalEngine: Sensor:wchg_therm:35000 mC
10-23 03:00:56.919   471   636 I ThermalEngine: Sensor:chg_therm:36000 mC
10-23 03:00:56.920   471   636 I ThermalEngine: Sensor:VS-BATT:36400 mC
10-23 03:00:57.475  4000  4174 I QCNEJ   : |CORE:COM:RCVR| CNE creating socket
10-23 03:01:00.881   471   626 I ThermalEngine: Sensor:max170xx_battery:35000 mC
10-23 03:01:00.941   471   623 I ThermalEngine: Sensor:/sys/class/power_supply/battery/capacity:6 mC
10-23 03:01:01.001   471   621 I ThermalEngine: Sensor:apq_therm:35000 mC
10-23 03:01:01.154   471   619 I ThermalEngine: Sensor:chg_therm:36000 mC
10-23 03:01:01.478  4000  4174 I QCNEJ   : |CORE:COM:RCVR| CNE creating socket
10-23 03:01:01.923   471   636 I ThermalEngine: Sensor:tmp108:35000 mC
10-23 03:01:01.924   471   636 I ThermalEngine: Sensor:max170xx_battery:35000 mC
10-23 03:01:01.930   471   636 I ThermalEngine: Sensor:chg_therm:36000 mC
10-23 03:01:01.935   471   636 I ThermalEngine: Sensor:wchg_therm:35000 mC
10-23 03:01:01.940   471   636 I ThermalEngine: Sensor:chg_therm:36000 mC
10-23 03:01:01.940   471   636 I ThermalEngine: Sensor:VS-BATT:36400 mC
10-23 03:01:05.481  4000  4174 I QCNEJ   : |CORE:COM:RCVR| CNE creating socket
10-23 03:01:05.943   471   623 I ThermalEngine: Sensor:/sys/class/power_supply/battery/capacity:6 mC
10-23 03:01:06.160   471   619 I ThermalEngine: Sensor:chg_therm:36000 mC
10-23 03:01:06.942   471   636 I ThermalEngine: Sensor:tmp108:35000 mC
10-23 03:01:06.944   471   636 I ThermalEngine: Sensor:max170xx_battery:35000 mC
10-23 03:01:06.949   471   636 I ThermalEngine: Sensor:chg_therm:36000 mC
10-23 03:01:06.954   471   636 I ThermalEngine: Sensor:wchg_therm:35000 mC
10-23 03:01:06.960   471   636 I ThermalEngine: Sensor:chg_therm:36000 mC
10-23 03:01:06.960   471   636 I ThermalEngine: Sensor:VS-BATT:36400 mC
10-23 03:01:09.483  4000  4174 I QCNEJ   : |CORE:COM:RCVR| CNE creating socket
10-23 03:01:10.884   471   626 I ThermalEngine: Sensor:max170xx_battery:35000 mC
10-23 03:01:10.944   471   623 I ThermalEngine: Sensor:/sys/class/power_supply/battery/capacity:6 mC
10-23 03:01:11.008   471   621 I ThermalEngine: Sensor:apq_therm:35000 mC
10-23 03:01:11.167   471   619 I ThermalEngine: Sensor:chg_therm:36000 mC
10-23 03:01:11.966   471   636 I ThermalEngine: Sensor:tmp108:35000 mC
10-23 03:01:11.968   471   636 I ThermalEngine: Sensor:max170xx_battery:35000 mC
10-23 03:01:11.973   471   636 I ThermalEngine: Sensor:chg_therm:36000 mC
10-23 03:01:11.978   471   636 I ThermalEngine: Sensor:wchg_therm:35000 mC
10-23 03:01:11.984   471   636 I ThermalEngine: Sensor:chg_therm:36000 mC
10-23 03:01:11.984   471   636 I ThermalEngine: Sensor:VS-BATT:36400 mC
10-23 03:01:13.485  4000  4174 I QCNEJ   : |CORE:COM:RCVR| CNE creating socket
10-23 03:01:15.946   471   623 I ThermalEngine: Sensor:/sys/class/power_supply/battery/capacity:6 mC
10-23 03:01:16.173   471   619 I ThermalEngine: Sensor:chg_therm:36000 mC
10-23 03:01:16.989   471   636 I ThermalEngine: Sensor:tmp108:35000 mC
10-23 03:01:16.991   471   636 I ThermalEngine: Sensor:max170xx_battery:35000 mC
10-23 03:01:16.996   471   636 I ThermalEngine: Sensor:chg_therm:36000 mC
10-23 03:01:17.002   471   636 I ThermalEngine: Sensor:wchg_therm:35000 mC
10-23 03:01:17.007   471   636 I ThermalEngine: Sensor:chg_therm:36000 mC
10-23 03:01:17.008   471   636 I ThermalEngine: Sensor:VS-BATT:36400 mC
10-23 03:01:17.487  4000  4174 I QCNEJ   : |CORE:COM:RCVR| CNE creating socket
10-23 03:01:20.887   471   626 I ThermalEngine: Sensor:max170xx_battery:35000 mC
10-23 03:01:20.948   471   623 I ThermalEngine: Sensor:/sys/class/power_supply/battery/capacity:6 mC
10-23 03:01:21.015   471   621 I ThermalEngine: Sensor:apq_therm:35000 mC
10-23 03:01:21.178   471   619 I ThermalEngine: Sensor:chg_therm:36000 mC
10-23 03:01:21.489  4000  4174 I QCNEJ   : |CORE:COM:RCVR| CNE creating socket
10-23 03:01:22.013   471   636 I ThermalEngine: Sensor:tmp108:35000 mC
10-23 03:01:22.015   471   636 I ThermalEngine: Sensor:max170xx_battery:35000 mC
10-23 03:01:22.020   471   636 I ThermalEngine: Sensor:chg_therm:36000 mC
10-23 03:01:22.025   471   636 I ThermalEngine: Sensor:wchg_therm:35000 mC
10-23 03:01:22.031   471   636 I ThermalEngine: Sensor:chg_therm:36000 mC
10-23 03:01:22.031   471   636 I ThermalEngine: Sensor:VS-BATT:36400 mC
10-23 03:01:25.491  4000  4174 I QCNEJ   : |CORE:COM:RCVR| CNE creating socket
10-23 03:01:25.950   471   623 I ThermalEngine: Sensor:/sys/class/power_supply/battery/capacity:6 mC
10-23 03:01:26.184   471   619 I ThermalEngine: Sensor:chg_therm:36000 mC
10-23 03:01:27.038   471   636 I ThermalEngine: Sensor:tmp108:35000 mC
10-23 03:01:27.040   471   636 I ThermalEngine: Sensor:max170xx_battery:35000 mC
10-23 03:01:27.046   471   636 I ThermalEngine: Sensor:chg_therm:36000 mC
10-23 03:01:27.051   471   636 I ThermalEngine: Sensor:wchg_therm:35000 mC
10-23 03:01:27.056   471   636 I ThermalEngine: Sensor:chg_therm:36000 mC
10-23 03:01:27.057   471   636 I ThermalEngine: Sensor:VS-BATT:36400 mC
10-23 03:01:29.492  4000  4174 I QCNEJ   : |CORE:COM:RCVR| CNE creating socket
10-23 03:01:30.890   471   626 I ThermalEngine: Sensor:max170xx_battery:35000 mC
10-23 03:01:30.951   471   623 I ThermalEngine: Sensor:/sys/class/power_supply/battery/capacity:6 mC
10-23 03:01:31.021   471   621 I ThermalEngine: Sensor:apq_therm:35000 mC
10-23 03:01:31.190   471   619 I ThermalEngine: Sensor:chg_therm:36000 mC
10-23 03:01:32.062   471   636 I ThermalEngine: Sensor:tmp108:35000 mC
10-23 03:01:32.063   471   636 I ThermalEngine: Sensor:max170xx_battery:35000 mC
10-23 03:01:32.068   471   636 I ThermalEngine: Sensor:chg_therm:36000 mC
10-23 03:01:32.073   471   636 I ThermalEngine: Sensor:wchg_therm:35000 mC
10-23 03:01:32.079   471   636 I ThermalEngine: Sensor:chg_therm:36000 mC
10-23 03:01:32.079   471   636 I ThermalEngine: Sensor:VS-BATT:36400 mC
10-23 03:01:33.494  4000  4174 I QCNEJ   : |CORE:COM:RCVR| CNE creating socket
10-23 03:01:35.954   471   623 I ThermalEngine: Sensor:/sys/class/power_supply/battery/capacity:6 mC
10-23 03:01:36.197   471   619 I ThermalEngine: Sensor:chg_therm:36000 mC
10-23 03:01:37.083   471   636 I ThermalEngine: Sensor:tmp108:35000 mC
10-23 03:01:37.084   471   636 I ThermalEngine: Sensor:max170xx_battery:35000 mC
10-23 03:01:37.090   471   636 I ThermalEngine: Sensor:chg_therm:36000 mC
10-23 03:01:37.095   471   636 I ThermalEngine: Sensor:wchg_therm:35000 mC
10-23 03:01:37.100   471   636 I ThermalEngine: Sensor:chg_therm:36000 mC
10-23 03:01:37.101   471   636 I ThermalEngine: Sensor:VS-BATT:36400 mC
10-23 03:01:37.496  4000  4174 I QCNEJ   : |CORE:COM:RCVR| CNE creating socket
10-23 03:01:40.892   471   626 I ThermalEngine: Sensor:max170xx_battery:35000 mC
10-23 03:01:40.956   471   623 I ThermalEngine: Sensor:/sys/class/power_supply/battery/capacity:6 mC
10-23 03:01:41.027   471   621 I ThermalEngine: Sensor:apq_therm:34000 mC
10-23 03:01:41.203   471   619 I ThermalEngine: Sensor:chg_therm:36000 mC
10-23 03:01:41.498  4000  4174 I QCNEJ   : |CORE:COM:RCVR| CNE creating socket
10-23 03:01:42.103   471   636 I ThermalEngine: Sensor:tmp108:35000 mC
10-23 03:01:42.104   471   636 I ThermalEngine: Sensor:max170xx_battery:35000 mC
10-23 03:01:42.110   471   636 I ThermalEngine: Sensor:chg_therm:36000 mC
10-23 03:01:42.115   471   636 I ThermalEngine: Sensor:wchg_therm:35000 mC
10-23 03:01:42.120   471   636 I ThermalEngine: Sensor:chg_therm:36000 mC
10-23 03:01:42.120   471   636 I ThermalEngine: Sensor:VS-BATT:36400 mC
10-23 03:01:45.500  4000  4174 I QCNEJ   : |CORE:COM:RCVR| CNE creating socket
10-23 03:01:45.958   471   623 I ThermalEngine: Sensor:/sys/class/power_supply/battery/capacity:6 mC
10-23 03:01:46.210   471   619 I ThermalEngine: Sensor:chg_therm:35000 mC
10-23 03:01:47.123   471   636 I ThermalEngine: Sensor:tmp108:35000 mC
10-23 03:01:47.124   471   636 I ThermalEngine: Sensor:max170xx_battery:35000 mC
10-23 03:01:47.129   471   636 I ThermalEngine: Sensor:chg_therm:35000 mC
10-23 03:01:47.135   471   636 I ThermalEngine: Sensor:wchg_therm:35000 mC
10-23 03:01:47.140   471   636 I ThermalEngine: Sensor:chg_therm:35000 mC
10-23 03:01:47.140   471   636 I ThermalEngine: Sensor:VS-BATT:36400 mC
10-23 03:01:49.503  4000  4174 I QCNEJ   : |CORE:COM:RCVR| CNE creating socket
10-23 03:01:50.895   471   626 I ThermalEngine: Sensor:max170xx_battery:35000 mC
10-23 03:01:50.960   471   623 I ThermalEngine: Sensor:/sys/class/power_supply/battery/capacity:6 mC
10-23 03:01:51.034   471   621 I ThermalEngine: Sensor:apq_therm:34000 mC
10-23 03:01:51.217   471   619 I ThermalEngine: Sensor:chg_therm:35000 mC
10-23 03:01:52.144   471   636 I ThermalEngine: Sensor:tmp108:35000 mC
10-23 03:01:52.146   471   636 I ThermalEngine: Sensor:max170xx_battery:35000 mC
10-23 03:01:52.151   471   636 I ThermalEngine: Sensor:chg_therm:35000 mC
10-23 03:01:52.156   471   636 I ThermalEngine: Sensor:wchg_therm:35000 mC
10-23 03:01:52.162   471   636 I ThermalEngine: Sensor:chg_therm:35000 mC
10-23 03:01:52.162   471   636 I ThermalEngine: Sensor:VS-BATT:36400 mC
10-23 03:01:53.505  4000  4174 I QCNEJ   : |CORE:COM:RCVR| CNE creating socket
10-23 03:01:55.963   471   623 I ThermalEngine: Sensor:/sys/class/power_supply/battery/capacity:6 mC
10-23 03:01:56.224   471   619 I ThermalEngine: Sensor:chg_therm:35000 mC
10-23 03:01:57.166   471   636 I ThermalEngine: Sensor:tmp108:34000 mC
10-23 03:01:57.167   471   636 I ThermalEngine: Sensor:max170xx_battery:35000 mC
10-23 03:01:57.173   471   636 I ThermalEngine: Sensor:chg_therm:35000 mC
10-23 03:01:57.178   471   636 I ThermalEngine: Sensor:wchg_therm:35000 mC
10-23 03:01:57.183   471   636 I ThermalEngine: Sensor:chg_therm:35000 mC
10-23 03:01:57.184   471   636 I ThermalEngine: Sensor:VS-BATT:36400 mC
10-23 03:01:57.508  4000  4174 I QCNEJ   : |CORE:COM:RCVR| CNE creating socket
10-23 03:01:59.422  2148  4102 I MediaFocusControl:  AudioFocus  abandonAudioFocus() from android.media.AudioManager@4904eaacom.cyanogenmod.eleven.MusicPlaybackService$3@ae57a9b
10-23 03:01:59.574  2148  3481 I MediaFocusControl:  AudioFocus  abandonAudioFocus() from android.media.AudioManager@4904eaacom.cyanogenmod.eleven.MusicPlaybackService$3@ae57a9b
10-23 03:01:59.577  2148  2206 I ActivityManager: Killing 4265:com.cyanogenmod.eleven:main/u0a42 (adj 15): empty #17
10-23 03:01:59.593  2148  3549 D ActivityManager: cleanUpApplicationRecord -- 4265
10-23 03:02:00.897   471   626 I ThermalEngine: Sensor:max170xx_battery:35000 mC
10-23 03:02:00.966   471   623 I ThermalEngine: Sensor:/sys/class/power_supply/battery/capacity:6 mC
10-23 03:02:01.041   471   621 I ThermalEngine: Sensor:apq_therm:34000 mC
10-23 03:02:01.232   471   619 I ThermalEngine: Sensor:chg_therm:35000 mC
10-23 03:02:01.511  4000  4174 I QCNEJ   : |CORE:COM:RCVR| CNE creating socket
10-23 03:02:02.188   471   636 I ThermalEngine: Sensor:tmp108:34000 mC
10-23 03:02:02.190   471   636 I ThermalEngine: Sensor:max170xx_battery:35000 mC
10-23 03:02:02.195   471   636 I ThermalEngine: Sensor:chg_therm:35000 mC
10-23 03:02:02.200   471   636 I ThermalEngine: Sensor:wchg_therm:35000 mC
10-23 03:02:02.206   471   636 I ThermalEngine: Sensor:chg_therm:35000 mC
10-23 03:02:02.206   471   636 I ThermalEngine: Sensor:VS-BATT:36400 mC
10-23 03:02:05.514  4000  4174 I QCNEJ   : |CORE:COM:RCVR| CNE creating socket
10-23 03:02:05.968   471   623 I ThermalEngine: Sensor:/sys/class/power_supply/battery/capacity:6 mC
10-23 03:02:06.239   471   619 I ThermalEngine: Sensor:chg_therm:35000 mC
10-23 03:02:07.212   471   636 I ThermalEngine: Sensor:tmp108:34000 mC
10-23 03:02:07.214   471   636 I ThermalEngine: Sensor:max170xx_battery:35000 mC
10-23 03:02:07.219   471   636 I ThermalEngine: Sensor:chg_therm:35000 mC
10-23 03:02:07.225   471   636 I ThermalEngine: Sensor:wchg_therm:35000 mC
10-23 03:02:07.230   471   636 I ThermalEngine: Sensor:chg_therm:35000 mC
10-23 03:02:07.231   471   636 I ThermalEngine: Sensor:VS-BATT:36400 mC
10-23 03:02:09.517  4000  4174 I QCNEJ   : |CORE:COM:RCVR| CNE creating socket
10-23 03:02:10.900   471   626 I ThermalEngine: Sensor:max170xx_battery:35000 mC
10-23 03:02:10.971   471   623 I ThermalEngine: Sensor:/sys/class/power_supply/battery/capacity:6 mC
10-23 03:02:11.048   471   621 I ThermalEngine: Sensor:apq_therm:34000 mC
10-23 03:02:11.247   471   619 I ThermalEngine: Sensor:chg_therm:35000 mC
10-23 03:02:12.237   471   636 I ThermalEngine: Sensor:tmp108:34000 mC
10-23 03:02:12.239   471   636 I ThermalEngine: Sensor:max170xx_battery:35000 mC
10-23 03:02:12.244   471   636 I ThermalEngine: Sensor:chg_therm:35000 mC
10-23 03:02:12.249   471   636 I ThermalEngine: Sensor:wchg_therm:35000 mC
10-23 03:02:12.255   471   636 I ThermalEngine: Sensor:chg_therm:35000 mC
10-23 03:02:12.255   471   636 I ThermalEngine: Sensor:VS-BATT:36400 mC
10-23 03:02:13.521  4000  4174 I QCNEJ   : |CORE:COM:RCVR| CNE creating socket
10-23 03:02:15.974   471   623 I ThermalEngine: Sensor:/sys/class/power_supply/battery/capacity:6 mC
10-23 03:02:16.253   471   619 I ThermalEngine: Sensor:chg_therm:35000 mC
10-23 03:02:17.261   471   636 I ThermalEngine: Sensor:tmp108:34000 mC
10-23 03:02:17.263   471   636 I ThermalEngine: Sensor:max170xx_battery:35000 mC
10-23 03:02:17.268   471   636 I ThermalEngine: Sensor:chg_therm:35000 mC
10-23 03:02:17.273   471   636 I ThermalEngine: Sensor:wchg_therm:35000 mC
10-23 03:02:17.279   471   636 I ThermalEngine: Sensor:chg_therm:35000 mC
10-23 03:02:17.279   471   636 I ThermalEngine: Sensor:VS-BATT:36400 mC
10-23 03:02:17.523  4000  4174 I QCNEJ   : |CORE:COM:RCVR| CNE creating socket
10-23 03:02:20.902   471   626 I ThermalEngine: Sensor:max170xx_battery:35000 mC
10-23 03:02:20.977   471   623 I ThermalEngine: Sensor:/sys/class/power_supply/battery/capacity:6 mC
10-23 03:02:21.055   471   621 I ThermalEngine: Sensor:apq_therm:34000 mC
10-23 03:02:21.258   471   619 I ThermalEngine: Sensor:chg_therm:35000 mC
10-23 03:02:21.525  4000  4174 I QCNEJ   : |CORE:COM:RCVR| CNE creating socket
10-23 03:02:22.285   471   636 I ThermalEngine: Sensor:tmp108:34000 mC
10-23 03:02:22.287   471   636 I ThermalEngine: Sensor:max170xx_battery:35000 mC
10-23 03:02:22.292   471   636 I ThermalEngine: Sensor:chg_therm:35000 mC
10-23 03:02:22.298   471   636 I ThermalEngine: Sensor:wchg_therm:35000 mC
10-23 03:02:22.303   471   636 I ThermalEngine: Sensor:chg_therm:35000 mC
10-23 03:02:22.303   471   636 I ThermalEngine: Sensor:VS-BATT:36400 mC
10-23 03:02:25.526  4000  4174 I QCNEJ   : |CORE:COM:RCVR| CNE creating socket
10-23 03:02:25.979   471   623 I ThermalEngine: Sensor:/sys/class/power_supply/battery/capacity:6 mC
10-23 03:02:26.266   471   619 I ThermalEngine: Sensor:chg_therm:35000 mC
10-23 03:02:27.308   471   636 I ThermalEngine: Sensor:tmp108:34000 mC
10-23 03:02:27.310   471   636 I ThermalEngine: Sensor:max170xx_battery:35000 mC
10-23 03:02:27.316   471   636 I ThermalEngine: Sensor:chg_therm:35000 mC
10-23 03:02:27.321   471   636 I ThermalEngine: Sensor:wchg_therm:34000 mC
10-23 03:02:27.326   471   636 I ThermalEngine: Sensor:chg_therm:35000 mC
10-23 03:02:27.327   471   636 I ThermalEngine: Sensor:VS-BATT:35360 mC
10-23 03:02:29.527  4000  4174 I QCNEJ   : |CORE:COM:RCVR| CNE creating socket
10-23 03:02:30.905   471   626 I ThermalEngine: Sensor:max170xx_battery:35000 mC
10-23 03:02:30.982   471   623 I ThermalEngine: Sensor:/sys/class/power_supply/battery/capacity:6 mC
10-23 03:02:31.061   471   621 I ThermalEngine: Sensor:apq_therm:34000 mC
10-23 03:02:31.272   471   619 I ThermalEngine: Sensor:chg_therm:35000 mC
10-23 03:02:32.330   471   636 I ThermalEngine: Sensor:tmp108:34000 mC
10-23 03:02:32.331   471   636 I ThermalEngine: Sensor:max170xx_battery:35000 mC
10-23 03:02:32.336   471   636 I ThermalEngine: Sensor:chg_therm:35000 mC
10-23 03:02:32.342   471   636 I ThermalEngine: Sensor:wchg_therm:34000 mC
10-23 03:02:32.347   471   636 I ThermalEngine: Sensor:chg_therm:35000 mC
10-23 03:02:32.347   471   636 I ThermalEngine: Sensor:VS-BATT:35360 mC
10-23 03:02:33.529  4000  4174 I QCNEJ   : |CORE:COM:RCVR| CNE creating socket
10-23 03:02:35.985   471   623 I ThermalEngine: Sensor:/sys/class/power_supply/battery/capacity:6 mC
10-23 03:02:36.280   471   619 I ThermalEngine: Sensor:chg_therm:35000 mC
10-23 03:02:37.354   471   636 I ThermalEngine: Sensor:tmp108:34000 mC
10-23 03:02:37.356   471   636 I ThermalEngine: Sensor:max170xx_battery:35000 mC
10-23 03:02:37.361   471   636 I ThermalEngine: Sensor:chg_therm:35000 mC
10-23 03:02:37.366   471   636 I ThermalEngine: Sensor:wchg_therm:34000 mC
10-23 03:02:37.372   471   636 I ThermalEngine: Sensor:chg_therm:35000 mC
10-23 03:02:37.372   471   636 I ThermalEngine: Sensor:VS-BATT:35360 mC
10-23 03:02:37.532  4000  4174 I QCNEJ   : |CORE:COM:RCVR| CNE creating socket
10-23 03:02:40.908   471   626 I ThermalEngine: Sensor:max170xx_battery:35000 mC
10-23 03:02:40.986   471   623 I ThermalEngine: Sensor:/sys/class/power_supply/battery/capacity:6 mC
10-23 03:02:41.067   471   621 I ThermalEngine: Sensor:apq_therm:34000 mC
10-23 03:02:41.289   471   619 I ThermalEngine: Sensor:chg_therm:35000 mC
10-23 03:02:41.534  4000  4174 I QCNEJ   : |CORE:COM:RCVR| CNE creating socket
10-23 03:02:42.379   471   636 I ThermalEngine: Sensor:tmp108:34000 mC
10-23 03:02:42.381   471   636 I ThermalEngine: Sensor:max170xx_battery:35000 mC
10-23 03:02:42.386   471   636 I ThermalEngine: Sensor:chg_therm:35000 mC
10-23 03:02:42.392   471   636 I ThermalEngine: Sensor:wchg_therm:34000 mC
10-23 03:02:42.397   471   636 I ThermalEngine: Sensor:chg_therm:35000 mC
10-23 03:02:42.398   471   636 I ThermalEngine: Sensor:VS-BATT:35360 mC
10-23 03:02:45.536  4000  4174 I QCNEJ   : |CORE:COM:RCVR| CNE creating socket
10-23 03:02:45.988   471   623 I ThermalEngine: Sensor:/sys/class/power_supply/battery/capacity:6 mC
10-23 03:02:46.295   471   619 I ThermalEngine: Sensor:chg_therm:35000 mC
10-23 03:02:47.403   471   636 I ThermalEngine: Sensor:tmp108:34000 mC
10-23 03:02:47.405   471   636 I ThermalEngine: Sensor:max170xx_battery:35000 mC
10-23 03:02:47.410   471   636 I ThermalEngine: Sensor:chg_therm:35000 mC
10-23 03:02:47.416   471   636 I ThermalEngine: Sensor:wchg_therm:34000 mC
10-23 03:02:47.421   471   636 I ThermalEngine: Sensor:chg_therm:35000 mC
10-23 03:02:47.422   471   636 I ThermalEngine: Sensor:VS-BATT:35360 mC
10-23 03:02:49.538  4000  4174 I QCNEJ   : |CORE:COM:RCVR| CNE creating socket
10-23 03:02:50.911   471   626 I ThermalEngine: Sensor:max170xx_battery:35000 mC
10-23 03:02:50.989   471   623 I ThermalEngine: Sensor:/sys/class/power_supply/battery/capacity:6 mC
10-23 03:02:51.074   471   621 I ThermalEngine: Sensor:apq_therm:34000 mC
10-23 03:02:51.301   471   619 I ThermalEngine: Sensor:chg_therm:35000 mC
10-23 03:02:52.427   471   636 I ThermalEngine: Sensor:tmp108:34000 mC
10-23 03:02:52.428   471   636 I ThermalEngine: Sensor:max170xx_battery:35000 mC
10-23 03:02:52.434   471   636 I ThermalEngine: Sensor:chg_therm:35000 mC
10-23 03:02:52.439   471   636 I ThermalEngine: Sensor:wchg_therm:34000 mC
10-23 03:02:52.444   471   636 I ThermalEngine: Sensor:chg_therm:35000 mC
10-23 03:02:52.445   471   636 I ThermalEngine: Sensor:VS-BATT:35360 mC
10-23 03:02:53.540  4000  4174 I QCNEJ   : |CORE:COM:RCVR| CNE creating socket
10-23 03:02:55.991   471   623 I ThermalEngine: Sensor:/sys/class/power_supply/battery/capacity:6 mC
10-23 03:02:56.306   471   619 I ThermalEngine: Sensor:chg_therm:35000 mC
10-23 03:02:57.450   471   636 I ThermalEngine: Sensor:tmp108:34000 mC
10-23 03:02:57.451   471   636 I ThermalEngine: Sensor:max170xx_battery:35000 mC
10-23 03:02:57.456   471   636 I ThermalEngine: Sensor:chg_therm:35000 mC
10-23 03:02:57.462   471   636 I ThermalEngine: Sensor:wchg_therm:34000 mC
10-23 03:02:57.467   471   636 I ThermalEngine: Sensor:chg_therm:35000 mC
10-23 03:02:57.468   471   636 I ThermalEngine: Sensor:VS-BATT:35360 mC
10-23 03:02:57.543  4000  4174 I QCNEJ   : |CORE:COM:RCVR| CNE creating socket
10-23 03:03:00.915   471   626 I ThermalEngine: Sensor:max170xx_battery:35000 mC
10-23 03:03:00.993   471   623 I ThermalEngine: Sensor:/sys/class/power_supply/battery/capacity:6 mC
10-23 03:03:01.082   471   621 I ThermalEngine: Sensor:apq_therm:34000 mC
10-23 03:03:01.313   471   619 I ThermalEngine: Sensor:chg_therm:35000 mC
10-23 03:03:01.545  4000  4174 I QCNEJ   : |CORE:COM:RCVR| CNE creating socket
10-23 03:03:02.471   471   636 I ThermalEngine: Sensor:tmp108:34000 mC
10-23 03:03:02.473   471   636 I ThermalEngine: Sensor:max170xx_battery:35000 mC
10-23 03:03:02.478   471   636 I ThermalEngine: Sensor:chg_therm:35000 mC
10-23 03:03:02.483   471   636 I ThermalEngine: Sensor:wchg_therm:34000 mC
10-23 03:03:02.488   471   636 I ThermalEngine: Sensor:chg_therm:35000 mC
10-23 03:03:02.489   471   636 I ThermalEngine: Sensor:VS-BATT:35360 mC
10-23 03:03:05.549  4000  4174 I QCNEJ   : |CORE:COM:RCVR| CNE creating socket
10-23 03:03:05.995   471   623 I ThermalEngine: Sensor:/sys/class/power_supply/battery/capacity:5 mC
10-23 03:03:06.320   471   619 I ThermalEngine: Sensor:chg_therm:35000 mC
10-23 03:03:07.493   471   636 I ThermalEngine: Sensor:tmp108:34000 mC
10-23 03:03:07.495   471   636 I ThermalEngine: Sensor:max170xx_battery:35000 mC
10-23 03:03:07.500   471   636 I ThermalEngine: Sensor:chg_therm:35000 mC
10-23 03:03:07.505   471   636 I ThermalEngine: Sensor:wchg_therm:34000 mC
10-23 03:03:07.511   471   636 I ThermalEngine: Sensor:chg_therm:35000 mC
10-23 03:03:07.511   471   636 I ThermalEngine: Sensor:VS-BATT:35360 mC
10-23 03:03:09.551  4000  4174 I QCNEJ   : |CORE:COM:RCVR| CNE creating socket
10-23 03:03:10.919   471   626 I ThermalEngine: Sensor:max170xx_battery:35000 mC
10-23 03:03:10.999   471   623 I ThermalEngine: Sensor:/sys/class/power_supply/battery/capacity:5 mC
10-23 03:03:11.088   471   621 I ThermalEngine: Sensor:apq_therm:34000 mC
10-23 03:03:11.327   471   619 I ThermalEngine: Sensor:chg_therm:35000 mC
10-23 03:03:12.517   471   636 I ThermalEngine: Sensor:tmp108:34000 mC
10-23 03:03:12.519   471   636 I ThermalEngine: Sensor:max170xx_battery:35000 mC
10-23 03:03:12.524   471   636 I ThermalEngine: Sensor:chg_therm:35000 mC
10-23 03:03:12.530   471   636 I ThermalEngine: Sensor:wchg_therm:34000 mC
10-23 03:03:12.535   471   636 I ThermalEngine: Sensor:chg_therm:35000 mC
10-23 03:03:12.536   471   636 I ThermalEngine: Sensor:VS-BATT:35360 mC
10-23 03:03:13.553  4000  4174 I QCNEJ   : |CORE:COM:RCVR| CNE creating socket
10-23 03:03:16.002   471   623 I ThermalEngine: Sensor:/sys/class/power_supply/battery/capacity:5 mC
10-23 03:03:16.332   471   619 I ThermalEngine: Sensor:chg_therm:35000 mC
10-23 03:03:17.538   471   636 I ThermalEngine: Sensor:tmp108:34000 mC
10-23 03:03:17.540   471   636 I ThermalEngine: Sensor:max170xx_battery:35000 mC
10-23 03:03:17.545   471   636 I ThermalEngine: Sensor:chg_therm:35000 mC
10-23 03:03:17.550   471   636 I ThermalEngine: Sensor:wchg_therm:34000 mC
10-23 03:03:17.555  4000  4174 I QCNEJ   : |CORE:COM:RCVR| CNE creating socket
10-23 03:03:17.557   471   636 I ThermalEngine: Sensor:chg_therm:35000 mC
10-23 03:03:17.557   471   636 I ThermalEngine: Sensor:VS-BATT:35360 mC
10-23 03:03:20.922   471   626 I ThermalEngine: Sensor:max170xx_battery:34000 mC
10-23 03:03:21.005   471   623 I ThermalEngine: Sensor:/sys/class/power_supply/battery/capacity:5 mC
10-23 03:03:21.094   471   621 I ThermalEngine: Sensor:apq_therm:34000 mC
10-23 03:03:21.339   471   619 I ThermalEngine: Sensor:chg_therm:35000 mC
10-23 03:03:21.557  4000  4174 I QCNEJ   : |CORE:COM:RCVR| CNE creating socket
10-23 03:03:22.561   471   636 I ThermalEngine: Sensor:tmp108:34000 mC
10-23 03:03:22.563   471   636 I ThermalEngine: Sensor:max170xx_battery:34000 mC
10-23 03:03:22.568   471   636 I ThermalEngine: Sensor:chg_therm:35000 mC
10-23 03:03:22.574   471   636 I ThermalEngine: Sensor:wchg_therm:34000 mC
10-23 03:03:22.579   471   636 I ThermalEngine: Sensor:chg_therm:35000 mC
10-23 03:03:22.579   471   636 I ThermalEngine: Sensor:VS-BATT:35360 mC
10-23 03:03:25.559  4000  4174 I QCNEJ   : |CORE:COM:RCVR| CNE creating socket
10-23 03:03:26.009   471   623 I ThermalEngine: Sensor:/sys/class/power_supply/battery/capacity:5 mC
10-23 03:03:26.345   471   619 I ThermalEngine: Sensor:chg_therm:35000 mC
10-23 03:03:27.585   471   636 I ThermalEngine: Sensor:tmp108:34000 mC
10-23 03:03:27.587   471   636 I ThermalEngine: Sensor:max170xx_battery:34000 mC
10-23 03:03:27.592   471   636 I ThermalEngine: Sensor:chg_therm:35000 mC
10-23 03:03:27.597   471   636 I ThermalEngine: Sensor:wchg_therm:34000 mC
10-23 03:03:27.603   471   636 I ThermalEngine: Sensor:chg_therm:35000 mC
10-23 03:03:27.603   471   636 I ThermalEngine: Sensor:VS-BATT:35360 mC
10-23 03:03:29.562  4000  4174 I QCNEJ   : |CORE:COM:RCVR| CNE creating socket
10-23 03:03:30.925   471   626 I ThermalEngine: Sensor:max170xx_battery:34000 mC
10-23 03:03:31.013   471   623 I ThermalEngine: Sensor:/sys/class/power_supply/battery/capacity:5 mC
10-23 03:03:31.100   471   621 I ThermalEngine: Sensor:apq_therm:34000 mC
10-23 03:03:31.353   471   619 I ThermalEngine: Sensor:chg_therm:35000 mC
10-23 03:03:32.609   471   636 I ThermalEngine: Sensor:tmp108:34000 mC
10-23 03:03:32.611   471   636 I ThermalEngine: Sensor:max170xx_battery:34000 mC
10-23 03:03:32.616   471   636 I ThermalEngine: Sensor:chg_therm:35000 mC
10-23 03:03:32.621   471   636 I ThermalEngine: Sensor:wchg_therm:34000 mC
10-23 03:03:32.626   471   636 I ThermalEngine: Sensor:chg_therm:35000 mC
10-23 03:03:32.627   471   636 I ThermalEngine: Sensor:VS-BATT:35360 mC
10-23 03:03:33.564  4000  4174 I QCNEJ   : |CORE:COM:RCVR| CNE creating socket
10-23 03:03:36.016   471   623 I ThermalEngine: Sensor:/sys/class/power_supply/battery/capacity:5 mC
10-23 03:03:36.361   471   619 I ThermalEngine: Sensor:chg_therm:35000 mC
10-23 03:03:37.567  4000  4174 I QCNEJ   : |CORE:COM:RCVR| CNE creating socket
10-23 03:03:37.632   471   636 I ThermalEngine: Sensor:tmp108:34000 mC
10-23 03:03:37.634   471   636 I ThermalEngine: Sensor:max170xx_battery:34000 mC
10-23 03:03:37.639   471   636 I ThermalEngine: Sensor:chg_therm:35000 mC
10-23 03:03:37.644   471   636 I ThermalEngine: Sensor:wchg_therm:34000 mC
10-23 03:03:37.650   471   636 I ThermalEngine: Sensor:chg_therm:35000 mC
10-23 03:03:37.650   471   636 I ThermalEngine: Sensor:VS-BATT:35360 mC
10-23 03:03:40.927   471   626 I ThermalEngine: Sensor:max170xx_battery:34000 mC
10-23 03:03:41.018   471   623 I ThermalEngine: Sensor:/sys/class/power_supply/battery/capacity:5 mC
10-23 03:03:41.106   471   621 I ThermalEngine: Sensor:apq_therm:34000 mC
10-23 03:03:41.368   471   619 I ThermalEngine: Sensor:chg_therm:35000 mC
10-23 03:03:41.570  4000  4174 I QCNEJ   : |CORE:COM:RCVR| CNE creating socket
10-23 03:03:42.657   471   636 I ThermalEngine: Sensor:tmp108:34000 mC
10-23 03:03:42.659   471   636 I ThermalEngine: Sensor:max170xx_battery:34000 mC
10-23 03:03:42.665   471   636 I ThermalEngine: Sensor:chg_therm:35000 mC
10-23 03:03:42.670   471   636 I ThermalEngine: Sensor:wchg_therm:34000 mC
10-23 03:03:42.675   471   636 I ThermalEngine: Sensor:chg_therm:35000 mC
10-23 03:03:42.676   471   636 I ThermalEngine: Sensor:VS-BATT:35360 mC
10-23 03:03:45.573  4000  4174 I QCNEJ   : |CORE:COM:RCVR| CNE creating socket
10-23 03:03:46.020   471   623 I ThermalEngine: Sensor:/sys/class/power_supply/battery/capacity:5 mC
10-23 03:03:46.375   471   619 I ThermalEngine: Sensor:chg_therm:35000 mC
10-23 03:03:47.681   471   636 I ThermalEngine: Sensor:tmp108:34000 mC
10-23 03:03:47.682   471   636 I ThermalEngine: Sensor:max170xx_battery:34000 mC
10-23 03:03:47.688   471   636 I ThermalEngine: Sensor:chg_therm:35000 mC
10-23 03:03:47.693   471   636 I ThermalEngine: Sensor:wchg_therm:34000 mC
10-23 03:03:47.698   471   636 I ThermalEngine: Sensor:chg_therm:35000 mC
10-23 03:03:47.699   471   636 I ThermalEngine: Sensor:VS-BATT:35360 mC
10-23 03:03:49.576  4000  4174 I QCNEJ   : |CORE:COM:RCVR| CNE creating socket
10-23 03:03:50.929   471   626 I ThermalEngine: Sensor:max170xx_battery:34000 mC
10-23 03:03:51.024   471   623 I ThermalEngine: Sensor:/sys/class/power_supply/battery/capacity:5 mC
10-23 03:03:51.112   471   621 I ThermalEngine: Sensor:apq_therm:34000 mC
10-23 03:03:51.383   471   619 I ThermalEngine: Sensor:chg_therm:35000 mC
10-23 03:03:52.703   471   636 I ThermalEngine: Sensor:tmp108:34000 mC
10-23 03:03:52.705   471   636 I ThermalEngine: Sensor:max170xx_battery:34000 mC
10-23 03:03:52.710   471   636 I ThermalEngine: Sensor:chg_therm:35000 mC
10-23 03:03:52.715   471   636 I ThermalEngine: Sensor:wchg_therm:34000 mC
10-23 03:03:52.721   471   636 I ThermalEngine: Sensor:chg_therm:35000 mC
10-23 03:03:52.721   471   636 I ThermalEngine: Sensor:VS-BATT:35360 mC
10-23 03:03:53.579  4000  4174 I QCNEJ   : |CORE:COM:RCVR| CNE creating socket
10-23 03:03:56.028   471   623 I ThermalEngine: Sensor:/sys/class/power_supply/battery/capacity:5 mC
10-23 03:03:56.391   471   619 I ThermalEngine: Sensor:chg_therm:35000 mC
10-23 03:03:57.583  4000  4174 I QCNEJ   : |CORE:COM:RCVR| CNE creating socket
10-23 03:03:57.726   471   636 I ThermalEngine: Sensor:tmp108:34000 mC
10-23 03:03:57.728   471   636 I ThermalEngine: Sensor:max170xx_battery:34000 mC
10-23 03:03:57.734   471   636 I ThermalEngine: Sensor:chg_therm:35000 mC
10-23 03:03:57.739   471   636 I ThermalEngine: Sensor:wchg_therm:34000 mC
10-23 03:03:57.744   471   636 I ThermalEngine: Sensor:chg_therm:35000 mC
10-23 03:03:57.745   471   636 I ThermalEngine: Sensor:VS-BATT:35360 mC
10-23 03:04:00.931   471   626 I ThermalEngine: Sensor:max170xx_battery:34000 mC
10-23 03:04:01.031   471   623 I ThermalEngine: Sensor:/sys/class/power_supply/battery/capacity:5 mC
10-23 03:04:01.119   471   621 I ThermalEngine: Sensor:apq_therm:33000 mC
10-23 03:04:01.399   471   619 I ThermalEngine: Sensor:chg_therm:35000 mC
10-23 03:04:01.586  4000  4174 I QCNEJ   : |CORE:COM:RCVR| CNE creating socket
10-23 03:04:02.750   471   636 I ThermalEngine: Sensor:tmp108:34000 mC
10-23 03:04:02.752   471   636 I ThermalEngine: Sensor:max170xx_battery:34000 mC
10-23 03:04:02.757   471   636 I ThermalEngine: Sensor:chg_therm:34000 mC
10-23 03:04:02.762   471   636 I ThermalEngine: Sensor:wchg_therm:34000 mC
10-23 03:04:02.768   471   636 I ThermalEngine: Sensor:chg_therm:35000 mC
10-23 03:04:02.768   471   636 I ThermalEngine: Sensor:VS-BATT:35360 mC
10-23 03:04:05.589  4000  4174 I QCNEJ   : |CORE:COM:RCVR| CNE creating socket
10-23 03:04:06.035   471   623 I ThermalEngine: Sensor:/sys/class/power_supply/battery/capacity:5 mC
10-23 03:04:06.408   471   619 I ThermalEngine: Sensor:chg_therm:34000 mC
10-23 03:04:07.774   471   636 I ThermalEngine: Sensor:tmp108:34000 mC
10-23 03:04:07.776   471   636 I ThermalEngine: Sensor:max170xx_battery:34000 mC
10-23 03:04:07.781   471   636 I ThermalEngine: Sensor:chg_therm:34000 mC
10-23 03:04:07.786   471   636 I ThermalEngine: Sensor:wchg_therm:34000 mC
10-23 03:04:07.792   471   636 I ThermalEngine: Sensor:chg_therm:34000 mC
10-23 03:04:07.792   471   636 I ThermalEngine: Sensor:VS-BATT:35360 mC
10-23 03:04:09.593  4000  4174 I QCNEJ   : |CORE:COM:RCVR| CNE creating socket
10-23 03:04:10.933   471   626 I ThermalEngine: Sensor:max170xx_battery:34000 mC
10-23 03:04:11.038   471   623 I ThermalEngine: Sensor:/sys/class/power_supply/battery/capacity:5 mC
10-23 03:04:11.126   471   621 I ThermalEngine: Sensor:apq_therm:33000 mC
10-23 03:04:11.416   471   619 I ThermalEngine: Sensor:chg_therm:34000 mC
10-23 03:04:12.798   471   636 I ThermalEngine: Sensor:tmp108:34000 mC
10-23 03:04:12.800   471   636 I ThermalEngine: Sensor:max170xx_battery:34000 mC
10-23 03:04:12.805   471   636 I ThermalEngine: Sensor:chg_therm:34000 mC
10-23 03:04:12.810   471   636 I ThermalEngine: Sensor:wchg_therm:34000 mC
10-23 03:04:12.816   471   636 I ThermalEngine: Sensor:chg_therm:34000 mC
10-23 03:04:12.816   471   636 I ThermalEngine: Sensor:VS-BATT:35360 mC
10-23 03:04:13.596  4000  4174 I QCNEJ   : |CORE:COM:RCVR| CNE creating socket
10-23 03:04:16.042   471   623 I ThermalEngine: Sensor:/sys/class/power_supply/battery/capacity:5 mC
10-23 03:04:16.425   471   619 I ThermalEngine: Sensor:chg_therm:34000 mC
10-23 03:04:17.600  4000  4174 I QCNEJ   : |CORE:COM:RCVR| CNE creating socket
10-23 03:04:17.822   471   636 I ThermalEngine: Sensor:tmp108:34000 mC
10-23 03:04:17.824   471   636 I ThermalEngine: Sensor:max170xx_battery:34000 mC
10-23 03:04:17.829   471   636 I ThermalEngine: Sensor:chg_therm:34000 mC
10-23 03:04:17.834   471   636 I ThermalEngine: Sensor:wchg_therm:34000 mC
10-23 03:04:17.840   471   636 I ThermalEngine: Sensor:chg_therm:34000 mC
10-23 03:04:17.840   471   636 I ThermalEngine: Sensor:VS-BATT:35360 mC
10-23 03:04:20.935   471   626 I ThermalEngine: Sensor:max170xx_battery:34000 mC
10-23 03:04:21.047   471   623 I ThermalEngine: Sensor:/sys/class/power_supply/battery/capacity:5 mC
10-23 03:04:21.132   471   621 I ThermalEngine: Sensor:apq_therm:33000 mC
10-23 03:04:21.433   471   619 I ThermalEngine: Sensor:chg_therm:34000 mC
10-23 03:04:21.603  4000  4174 I QCNEJ   : |CORE:COM:RCVR| CNE creating socket
10-23 03:04:22.845   471   636 I ThermalEngine: Sensor:tmp108:34000 mC
10-23 03:04:22.846   471   636 I ThermalEngine: Sensor:max170xx_battery:34000 mC
10-23 03:04:22.851   471   636 I ThermalEngine: Sensor:chg_therm:34000 mC
10-23 03:04:22.857   471   636 I ThermalEngine: Sensor:wchg_therm:34000 mC
10-23 03:04:22.862   471   636 I ThermalEngine: Sensor:chg_therm:34000 mC
10-23 03:04:22.862   471   636 I ThermalEngine: Sensor:VS-BATT:35360 mC
10-23 03:04:25.605  4000  4174 I QCNEJ   : |CORE:COM:RCVR| CNE creating socket
10-23 03:04:26.048   471   623 I ThermalEngine: Sensor:/sys/class/power_supply/battery/capacity:5 mC
10-23 03:04:26.442   471   619 I ThermalEngine: Sensor:chg_therm:34000 mC
10-23 03:04:27.868   471   636 I ThermalEngine: Sensor:tmp108:34000 mC
10-23 03:04:27.869   471   636 I ThermalEngine: Sensor:max170xx_battery:34000 mC
10-23 03:04:27.875   471   636 I ThermalEngine: Sensor:chg_therm:34000 mC
10-23 03:04:27.880   471   636 I ThermalEngine: Sensor:wchg_therm:34000 mC
10-23 03:04:27.885   471   636 I ThermalEngine: Sensor:chg_therm:34000 mC
10-23 03:04:27.885   471   636 I ThermalEngine: Sensor:VS-BATT:35360 mC
10-23 03:04:29.609  4000  4174 I QCNEJ   : |CORE:COM:RCVR| CNE creating socket
10-23 03:04:30.937   471   626 I ThermalEngine: Sensor:max170xx_battery:34000 mC
10-23 03:04:31.053   471   623 I ThermalEngine: Sensor:/sys/class/power_supply/battery/capacity:5 mC
10-23 03:04:31.137   471   621 I ThermalEngine: Sensor:apq_therm:33000 mC
10-23 03:04:31.448   471   619 I ThermalEngine: Sensor:chg_therm:34000 mC
10-23 03:04:32.888   471   636 I ThermalEngine: Sensor:tmp108:33000 mC
10-23 03:04:32.889   471   636 I ThermalEngine: Sensor:max170xx_battery:34000 mC
10-23 03:04:32.894   471   636 I ThermalEngine: Sensor:chg_therm:34000 mC
10-23 03:04:32.899   471   636 I ThermalEngine: Sensor:wchg_therm:34000 mC
10-23 03:04:32.904   471   636 I ThermalEngine: Sensor:chg_therm:34000 mC
10-23 03:04:32.905   471   636 I ThermalEngine: Sensor:VS-BATT:35360 mC
10-23 03:04:33.612  4000  4174 I QCNEJ   : |CORE:COM:RCVR| CNE creating socket
10-23 03:04:36.057   471   623 I ThermalEngine: Sensor:/sys/class/power_supply/battery/capacity:5 mC
10-23 03:04:36.456   471   619 I ThermalEngine: Sensor:chg_therm:34000 mC
10-23 03:04:37.616  4000  4174 I QCNEJ   : |CORE:COM:RCVR| CNE creating socket
10-23 03:04:37.910   471   636 I ThermalEngine: Sensor:tmp108:33000 mC
10-23 03:04:37.912   471   636 I ThermalEngine: Sensor:max170xx_battery:34000 mC
10-23 03:04:37.917   471   636 I ThermalEngine: Sensor:chg_therm:34000 mC
10-23 03:04:37.922   471   636 I ThermalEngine: Sensor:wchg_therm:34000 mC
10-23 03:04:37.927   471   636 I ThermalEngine: Sensor:chg_therm:34000 mC
10-23 03:04:37.928   471   636 I ThermalEngine: Sensor:VS-BATT:35360 mC
10-23 03:04:40.940   471   626 I ThermalEngine: Sensor:max170xx_battery:34000 mC
10-23 03:04:41.062   471   623 I ThermalEngine: Sensor:/sys/class/power_supply/battery/capacity:5 mC
10-23 03:04:41.143   471   621 I ThermalEngine: Sensor:apq_therm:33000 mC
10-23 03:04:41.462   471   619 I ThermalEngine: Sensor:chg_therm:34000 mC
10-23 03:04:41.619  4000  4174 I QCNEJ   : |CORE:COM:RCVR| CNE creating socket
10-23 03:04:42.930   471   636 I ThermalEngine: Sensor:tmp108:33000 mC
10-23 03:04:42.932   471   636 I ThermalEngine: Sensor:max170xx_battery:34000 mC
10-23 03:04:42.937   471   636 I ThermalEngine: Sensor:chg_therm:34000 mC
10-23 03:04:42.942   471   636 I ThermalEngine: Sensor:wchg_therm:34000 mC
10-23 03:04:42.947   471   636 I ThermalEngine: Sensor:chg_therm:34000 mC
10-23 03:04:42.948   471   636 I ThermalEngine: Sensor:VS-BATT:35360 mC
10-23 03:04:45.621  4000  4174 I QCNEJ   : |CORE:COM:RCVR| CNE creating socket
10-23 03:04:46.066   471   623 I ThermalEngine: Sensor:/sys/class/power_supply/battery/capacity:5 mC
10-23 03:04:46.470   471   619 I ThermalEngine: Sensor:chg_therm:34000 mC
10-23 03:04:47.952   471   636 I ThermalEngine: Sensor:tmp108:33000 mC
10-23 03:04:47.954   471   636 I ThermalEngine: Sensor:max170xx_battery:34000 mC
10-23 03:04:47.960   471   636 I ThermalEngine: Sensor:chg_therm:34000 mC
10-23 03:04:47.965   471   636 I ThermalEngine: Sensor:wchg_therm:34000 mC
10-23 03:04:47.970   471   636 I ThermalEngine: Sensor:chg_therm:34000 mC
10-23 03:04:47.971   471   636 I ThermalEngine: Sensor:VS-BATT:35360 mC
10-23 03:04:49.625  4000  4174 I QCNEJ   : |CORE:COM:RCVR| CNE creating socket
10-23 03:04:50.773  4074  4074 D CMActions: Allowing doze
10-23 03:04:50.773  4074  4074 D CMActions: Sending doze.pulse intent
10-23 03:04:50.774  4074  4074 W ContextImpl: Calling a method in the system process without a qualified user: android.app.ContextImpl.sendBroadcast:773 android.content.ContextWrapper.sendBroadcast:402 com.cyanogenmod.settings.device.DozePulseAction.action:47 com.cyanogenmod.settings.device.IrGestureSensor.onSensorChanged:75 android.hardware.SystemSensorManager$SensorEventQueue.dispatchSensorEvent:483 
10-23 03:04:50.792  2148  2215 I DisplayPowerController: Blocking screen on until initial contents have been drawn.
10-23 03:04:50.795  2148  2215 V KeyguardServiceDelegate: onScreenTurnedOn(showListener = com.android.server.policy.PhoneWindowManager$2@43d03d2)
10-23 03:04:50.796  2148  2213 I DisplayManagerService: Display device changed state: "Built-in Screen", ON
10-23 03:04:50.802   386   386 D SurfaceFlinger: Set power mode=2, type=0 flinger=0xb6a24000
10-23 03:04:50.802   386   386 D qdhwcomposer: hwc_setPowerMode: Setting mode 2 on display: 0
10-23 03:04:50.802   386   386 E qdutils : int qdutils::getHDMINode(): Failed to open fb node 2
10-23 03:04:50.802   386   386 E qdutils : int qdutils::getHDMINode(): Failed to open fb node 3
10-23 03:04:50.802   386   386 E qdutils : int qdutils::getHDMINode(): Failed to find HDMI node
10-23 03:04:50.826  2148  3547 V KeyguardServiceDelegate: **** SHOWN CALLED ****
10-23 03:04:50.908  2148  2215 I DisplayPowerController: Unblocked screen on after 115 ms
10-23 03:04:50.908  2148  2215 V KeyguardServiceDelegate: onScreenTurnedOn()
10-23 03:04:50.941   471   626 I ThermalEngine: Sensor:max170xx_battery:34000 mC
10-23 03:04:50.965   386   802 I qdhwcomposer: handle_blank_event: dpy:0 panel power state: 1
10-23 03:04:50.965   386   802 E qdutils : int qdutils::getHDMINode(): Failed to open fb node 2
10-23 03:04:50.965   386   802 E qdutils : int qdutils::getHDMINode(): Failed to open fb node 3
10-23 03:04:50.965   386   802 E qdutils : int qdutils::getHDMINode(): Failed to find HDMI node
10-23 03:04:50.965   386   386 D qdhwcomposer: hwc_setPowerMode: Done setting mode 2 on display 0
10-23 03:04:50.966  2148  3242 D SurfaceControl: Excessive delay in setPowerMode(): 170ms
10-23 03:04:51.067   471   623 I ThermalEngine: Sensor:/sys/class/power_supply/battery/capacity:5 mC
10-23 03:04:51.117  4074  4074 D CMActions-StowSensor: event: true
10-23 03:04:51.151   471   621 I ThermalEngine: Sensor:apq_therm:33000 mC
10-23 03:04:51.475   471   619 I ThermalEngine: Sensor:chg_therm:34000 mC
10-23 03:04:52.972   471   636 I ThermalEngine: Sensor:tmp108:33000 mC
10-23 03:04:52.973   471   636 I ThermalEngine: Sensor:max170xx_battery:34000 mC
10-23 03:04:52.977   471   636 I ThermalEngine: Sensor:chg_therm:34000 mC
10-23 03:04:52.982   471   636 I ThermalEngine: Sensor:wchg_therm:34000 mC
10-23 03:04:52.986   471   636 I ThermalEngine: Sensor:chg_therm:34000 mC
10-23 03:04:52.986   471   636 I ThermalEngine: Sensor:VS-BATT:35360 mC
10-23 03:04:53.628  4000  4174 I QCNEJ   : |CORE:COM:RCVR| CNE creating socket
