10-23 03:04:54.537  2148  2215 V KeyguardServiceDelegate: onScreenTurnedOff()
10-23 03:04:54.539  2148  2213 I DisplayManagerService: Display device changed state: "Built-in Screen", OFF
10-23 03:04:54.565   386   386 D SurfaceFlinger: Set power mode=0, type=0 flinger=0xb6a24000
10-23 03:04:54.565   386   386 D qdhwcomposer: hwc_setPowerMode: Setting mode 0 on display: 0
10-23 03:04:54.581   386   386 E qdutils : int qdutils::getHDMINode(): Failed to open fb node 2
10-23 03:04:54.581   386   386 E qdutils : int qdutils::getHDMINode(): Failed to open fb node 3
10-23 03:04:54.581   386   386 E qdutils : int qdutils::getHDMINode(): Failed to find HDMI node
10-23 03:04:54.821   386   802 I qdhwcomposer: handle_blank_event: dpy:0 panel power state: 0
10-23 03:04:54.822   386   802 E qdutils : int qdutils::getHDMINode(): Failed to open fb node 2
10-23 03:04:54.822   386   802 E qdutils : int qdutils::getHDMINode(): Failed to open fb node 3
10-23 03:04:54.822   386   802 E qdutils : int qdutils::getHDMINode(): Failed to find HDMI node
10-23 03:04:54.825   386   386 D qdhwcomposer: hwc_setPowerMode: Done setting mode 0 on display 0
10-23 03:04:54.829  2148  3242 D SurfaceControl: Excessive delay in setPowerMode(): 272ms
10-23 03:04:55.164  2148  2634 I PowerManagerService: Waking up from dozing (uid 1000)...
10-23 03:04:55.165  2148  2148 V KeyguardServiceDelegate: onStartedWakingUp()
10-23 03:04:55.167  2148  2215 I DisplayPowerController: Blocking screen on until initial contents have been drawn.
10-23 03:04:55.168  2148  2215 V KeyguardServiceDelegate: onScreenTurnedOn(showListener = com.android.server.policy.PhoneWindowManager$2@43d03d2)
10-23 03:04:55.168  2148  2213 I DisplayManagerService: Display device changed state: "Built-in Screen", ON
10-23 03:04:55.171   386   386 D SurfaceFlinger: Set power mode=2, type=0 flinger=0xb6a24000
10-23 03:04:55.172   386   386 D qdhwcomposer: hwc_setPowerMode: Setting mode 2 on display: 0
10-23 03:04:55.172   386   386 E qdutils : int qdutils::getHDMINode(): Failed to open fb node 2
10-23 03:04:55.172   386   386 E qdutils : int qdutils::getHDMINode(): Failed to open fb node 3
10-23 03:04:55.172   386   386 E qdutils : int qdutils::getHDMINode(): Failed to find HDMI node
10-23 03:04:55.225  2148  3193 D WifiConfigStore: Retrieve network priorities after PNO.
10-23 03:04:55.226  2148  3193 E WifiStateMachine:  Fail to set up pno, want false now false
10-23 03:04:55.227   468  3202 D audio_hw_primary: adev_set_parameters: enter: screen_state=on
10-23 03:04:55.227   468  3202 D audio_hw_extn: audio_extn_set_anc_parameters: anc_enabled:0
10-23 03:04:55.227   468  3202 E bt_a2dp_hw: adev_set_parameters: ERROR: set param called even when stream out is null
10-23 03:04:55.227   468  3202 D mot_vr_audio_hw: adev_set_parameters: screen_state=on
10-23 03:04:55.237  2148  3545 V KeyguardServiceDelegate: **** SHOWN CALLED ****
10-23 03:04:55.247  4056  4287 D BrcmNfcJni: RoutingManager::nfaEeCallback: NFA_EE_SET_TECH_CFG_EVT; status=0x0
10-23 03:04:55.247  4056  4287 D BrcmNfcJni: RoutingManager::nfaEeCallback: NFA_EE_SET_PROTO_CFG_EVT; status=0x0
10-23 03:04:55.247  4056  4283 D BrcmNfcJni: RoutingManager::commitRouting
10-23 03:04:55.247  4056  4287 D BrcmNfcJni: RoutingManager::nfaEeCallback: NFA_EE_UPDATED_EVT
10-23 03:04:55.277  2148  2215 I DisplayPowerController: Unblocked screen on after 109 ms
10-23 03:04:55.277  2148  2215 V KeyguardServiceDelegate: onScreenTurnedOn()
10-23 03:04:55.277  2148  2215 I DreamManagerService: Gently waking up from dream.
10-23 03:04:55.281  4074  4074 D CMActions-FlatUpSensor: Disabling
10-23 03:04:55.281  4074  4074 D CMActions-IRGestureSensor: Disabling
10-23 03:04:55.282  2148  3548 I DreamManagerService: Leaving dreamland.
10-23 03:04:55.283  2148  2210 I DreamController: Stopping dream: name=ComponentInfo{com.android.systemui/com.android.systemui.doze.DozeService}, isTest=false, canDoze=true, userId=0
10-23 03:04:55.311  4074  4074 D CMActions-StowSensor: Disabling
10-23 03:04:55.344   386   802 I qdhwcomposer: handle_blank_event: dpy:0 panel power state: 1
10-23 03:04:55.344   386   386 D qdhwcomposer: hwc_setPowerMode: Done setting mode 2 on display 0
10-23 03:04:55.344   386   802 E qdutils : int qdutils::getHDMINode(): Failed to open fb node 2
10-23 03:04:55.344   386   802 E qdutils : int qdutils::getHDMINode(): Failed to open fb node 3
10-23 03:04:55.344   386   802 E qdutils : int qdutils::getHDMINode(): Failed to find HDMI node
10-23 03:04:55.347  2148  3242 D SurfaceControl: Excessive delay in setPowerMode(): 179ms
10-23 03:04:55.360  3226  3226 W PathParser: Points are too far apart 4.030360828967057
10-23 03:04:55.360  3226  3226 W PathParser: Points are too far apart 4.030360538880159
10-23 03:04:56.070   471   623 I ThermalEngine: Sensor:/sys/class/power_supply/battery/capacity:5 mC
10-23 03:04:56.480   471   619 I ThermalEngine: Sensor:chg_therm:34000 mC
10-23 03:04:57.087  3226  3226 D PhoneStatusBar: disable: < expand ICONS alerts SYSTEM_INFO back HOME RECENT clock SEARCH quick_settings >
10-23 03:04:57.124  3226  3226 D PhoneStatusBar: disable: < expand icons* alerts system_info* back HOME RECENT clock SEARCH quick_settings >
10-23 03:04:57.126  5120  5120 D MessagingApp: DraftMessageData: loading for conversationId=1
10-23 03:04:57.181  3226  3226 D PhoneStatusBar: disable: < expand icons alerts system_info back home* recent* clock search* quick_settings >
10-23 03:04:57.189  4056  4287 E BrcmNfcJni: nfaConnectionCallback: unknown event ????
10-23 03:04:57.190  4056  4287 D BrcmNfcJni: RoutingManager::nfaEeCallback: NFA_EE_SET_TECH_CFG_EVT; status=0x0
10-23 03:04:57.190  4056  4287 D BrcmNfcJni: RoutingManager::nfaEeCallback: NFA_EE_SET_PROTO_CFG_EVT; status=0x0
10-23 03:04:57.190  4056  4654 D BrcmNfcJni: RoutingManager::commitRouting
10-23 03:04:57.193  4056  4287 D BrcmNfcJni: RoutingManager::nfaEeCallback: NFA_EE_UPDATED_EVT
10-23 03:04:57.219  2148  4162 W InputMethodManagerService: Window already focused, ignoring focus gain of: com.android.internal.view.IInputMethodClient$Stub$Proxy@665b887 attribute=android.view.inputmethod.EditorInfo@6f2e3b4, token = android.os.BinderProxy@a546565
10-23 03:04:57.225  3975  3975 I LatinIME: Starting input. Cursor position = 0,0
10-23 03:04:57.231  5120  6044 I MessagingAppDataModel: SyncMessagesAction: Starting batch for messages from 1477198824246 to 1477199097122 (message update limit = 80, message scan limit = 4000)
10-23 03:04:57.397  5120  6043 I MessagingAppDataModel: SyncMessagesAction: All messages now in sync
10-23 03:04:57.630  4000  4174 I QCNEJ   : |CORE:COM:RCVR| CNE creating socket
10-23 03:04:57.987   471   636 I ThermalEngine: Sensor:tmp108:34000 mC
10-23 03:04:57.989   471   636 I ThermalEngine: Sensor:max170xx_battery:34000 mC
10-23 03:04:57.994   471   636 I ThermalEngine: Sensor:chg_therm:34000 mC
10-23 03:04:57.998   471   636 I ThermalEngine: Sensor:wchg_therm:34000 mC
10-23 03:04:58.003   471   636 I ThermalEngine: Sensor:chg_therm:34000 mC
10-23 03:04:58.004   471   636 I ThermalEngine: Sensor:VS-BATT:35360 mC
10-23 03:04:59.613  5120  5120 I MessagingApp: UI initiated message sending in conversation 1
10-23 03:04:59.667  3975  3975 I LatinIME: Starting input. Cursor position = 4,4
10-23 03:04:59.690  5120  5120 E ExtMediaPlayer-JNI: QCMediaPlayer could not be located....
10-23 03:04:59.690  5120  5120 E MediaPlayer-JNI: JNIMediaPlayerFactory: bIsQCMediaPlayerPresent 0
10-23 03:04:59.690  5120  5120 E ExtMediaPlayer-JNI: QCMediaPlayer could not be located....
10-23 03:04:59.690  5120  5120 E MediaPlayer-JNI: JNIMediaPlayerFactory: bIsQCMediaPlayerPresent 0
10-23 03:04:59.702   468  6050 I FFmpegExtractor: android-source:0xb0e23280
10-23 03:04:59.703   468  6050 D FFmpegExtractor: suppoted codec(pcm_s16le) by official Stagefright
10-23 03:04:59.703   468  6050 D FFmpegExtractor: ffmpeg detected media content as 'audio/x-wav' with confidence 0.08
10-23 03:04:59.703   468  6049 D NuPlayerDriver: notifyListener_l(0xb6018160), (1, 0, 0)
10-23 03:04:59.703  5120  5120 D MediaPlayer: setSubtitleAnchor in MediaPlayer
10-23 03:04:59.705   468  5169 D NuPlayerDriver: seekTo(0xb6018160) 0 ms
10-23 03:04:59.705   468  5169 D NuPlayerDriver: notifyListener_l(0xb6018160), (7, 0, 0)
10-23 03:04:59.706   468  5169 D NuPlayerDriver: start(0xb6018160), state is 4, eos is 0
10-23 03:04:59.717   468  6049 I GenericSource: start
10-23 03:04:59.717   468  6049 I MetaData: srte: (int32_t) 48000
10-23 03:04:59.717   468  6049 I MetaData: sbit: (int32_t) 16
10-23 03:04:59.717   468  6049 I MetaData: pfmt: (int32_t) 1
10-23 03:04:59.717   468  6049 I MetaData: mime: (char*) audio/raw
10-23 03:04:59.717   468  6049 I MetaData: inpS: (int32_t) 32768
10-23 03:04:59.717   468  6049 I MetaData: dura: (int64_t) 610500
10-23 03:04:59.717   468  6049 I MetaData: chnm: (int32_t) 0
10-23 03:04:59.717   468  6049 I MetaData: #chn: (int32_t) 2
10-23 03:04:59.718   468  6049 I AVNuUtils: No channel mask, try channel count
10-23 03:04:59.718   468  6049 W AVNuUtils: No bitrate info
10-23 03:04:59.718   468  6049 I NuPlayer: canOffloadDecodedPCMStream
10-23 03:04:59.718   468  6049 I MetaData: srte: (int32_t) 48000
10-23 03:04:59.718   468  6049 I MetaData: sbit: (int32_t) 16
10-23 03:04:59.718   468  6049 I MetaData: mime: (char*) audio/raw
10-23 03:04:59.718   468  6049 I MetaData: dura: (int64_t) 610500
10-23 03:04:59.718   468  6049 I MetaData: chnm: (int32_t) 3
10-23 03:04:59.718   468  6049 I MetaData: #chn: (int32_t) 2
10-23 03:04:59.718   468  6049 I AVNuUtils: decision 0 mime audio/raw
10-23 03:04:59.718   468  6049 I MetaData: srte: (int32_t) 48000
10-23 03:04:59.718   468  6049 I MetaData: sbit: (int32_t) 16
10-23 03:04:59.718   468  6049 I MetaData: mime: (char*) audio/raw
10-23 03:04:59.718   468  6049 I MetaData: dura: (int64_t) 610500
10-23 03:04:59.718   468  6049 I MetaData: chnm: (int32_t) 3
10-23 03:04:59.718   468  6049 I MetaData: #chn: (int32_t) 2
10-23 03:04:59.718   468  6049 I NuPlayer: PCM offload decided: 0
10-23 03:04:59.718   468  6049 D NuPlayerDriver: notifyListener_l(0xb6018160), (4, 0, 0)
10-23 03:04:59.719   468  6049 I MetaData: srte: (int32_t) 48000
10-23 03:04:59.719   468  6049 I MetaData: sbit: (int32_t) 16
10-23 03:04:59.719   468  6049 I MetaData: pfmt: (int32_t) 1
10-23 03:04:59.719   468  6049 I MetaData: mime: (char*) audio/raw
10-23 03:04:59.719   468  6049 I MetaData: inpS: (int32_t) 32768
10-23 03:04:59.719   468  6049 I MetaData: dura: (int64_t) 610500
10-23 03:04:59.719   468  6049 I MetaData: chnm: (int32_t) 0
10-23 03:04:59.719   468  6049 I MetaData: #chn: (int32_t) 2
10-23 03:04:59.719   468  6049 I AVNuUtils: No channel mask, try channel count
10-23 03:04:59.719   468  6049 W AVNuUtils: No bitrate info
10-23 03:04:59.719   468  6049 I NuPlayer: canOffloadDecodedPCMStream
10-23 03:04:59.719   468  6049 I MetaData: srte: (int32_t) 48000
10-23 03:04:59.719   468  6049 I MetaData: sbit: (int32_t) 16
10-23 03:04:59.719   468  6049 I MetaData: mime: (char*) audio/raw
10-23 03:04:59.719   468  6049 I MetaData: dura: (int64_t) 610500
10-23 03:04:59.719   468  6049 I MetaData: chnm: (int32_t) 3
10-23 03:04:59.719   468  6049 I MetaData: #chn: (int32_t) 2
10-23 03:04:59.719   468  6049 I AVNuUtils: decision 0 mime audio/raw
10-23 03:04:59.719   468  6049 I MetaData: srte: (int32_t) 48000
10-23 03:04:59.719   468  6049 I MetaData: sbit: (int32_t) 16
10-23 03:04:59.719   468  6049 I MetaData: mime: (char*) audio/raw
10-23 03:04:59.719   468  6049 I MetaData: dura: (int64_t) 610500
10-23 03:04:59.719   468  6049 I MetaData: chnm: (int32_t) 3
10-23 03:04:59.719   468  6049 I MetaData: #chn: (int32_t) 2
10-23 03:04:59.719   468  6049 I NuPlayer: PCM offload decided: 0
10-23 03:04:59.730  5120  6055 I MessagingAppDataModel: InsertNewMessageAction: inserting new message
10-23 03:04:59.731   468  6054 E OMXNodeInstance: setConfig(3a:google.raw.decoder, ConfigPriority(0x6f800002)) ERROR: Undefined(0x80001001)
10-23 03:04:59.731   468  6054 I ACodec  : codec does not support config priority (err -2147483648)
10-23 03:04:59.732   468  6054 I MediaCodec: MediaCodec will operate in async mode
10-23 03:04:59.742   468  1893 D audio_hw_primary: out_set_parameters: enter: usecase(1: low-latency-playback) kvpairs: routing=2
10-23 03:04:59.742   468  1893 D audio_hw_extn: audio_extn_set_anc_parameters: anc_enabled:0
10-23 03:04:59.752   468  6049 D NuPlayerDriver: notifyListener_l(0xb6018160), (6, 0, 0)
10-23 03:04:59.752   468  1893 D audio_hw_primary: start_output_stream: enter: stream(0xb60379c0)usecase(1: low-latency-playback) devices(0x2)
10-23 03:04:59.752   468  1893 D audio_hw_primary: start_output_stream: enter: usecase(1: low-latency-playback) devices(0x2)
10-23 03:04:59.752   468  1893 D audio_hw_primary: select_devices: out_snd_device(2: speaker) in_snd_device(0: )
10-23 03:04:59.752   468  1893 W msm8974_platform: Codec backend bitwidth 16, samplerate 48000
10-23 03:04:59.752   468  1893 D hardware_info: hw_info_append_hw_type : device_name = speaker
10-23 03:04:59.752   468  1893 I msm8974_platform: platform_send_audio_calibration: sending audio calibration for snd_device(2) acdb_id(14)
10-23 03:04:59.752   468  1893 D ACDB-LOADER: ACDB -> send_audio_cal, acdb_id = 14, path =  0
10-23 03:04:59.752   468  1893 D ACDB-LOADER: ACDB -> send_adm_topology
10-23 03:04:59.752   468  1893 D ACDB-LOADER: ACDB -> ACDB_CMD_GET_AUDPROC_COMMON_TOPOLOGY_ID
10-23 03:04:59.752   468  1893 D ACDB-LOADER: ACDB -> send_asm_topology
10-23 03:04:59.752   468  1893 D ACDB-LOADER: ACDB -> ACDB_CMD_GET_AUDPROC_STREAM_TOPOLOGY_ID
10-23 03:04:59.753   468  1893 D ACDB-LOADER: ACDB -> send_audtable
10-23 03:04:59.753   468  1893 D ACDB-LOADER: ACDB -> ACDB_CMD_GET_AUDPROC_COMMON_TABLE
10-23 03:04:59.753   468  1893 D ACDB-LOADER: ACDB -> AUDIO_SET_AUDPROC_CAL
10-23 03:04:59.753   468  1893 D ACDB-LOADER: ACDB -> send_audvoltable
10-23 03:04:59.753   468  1893 D ACDB-LOADER: ACDB -> ACDB_CMD_GET_AUDPROC_GAIN_DEP_STEP_TABLE
10-23 03:04:59.753   468  1893 D         : Failed to fetch the lookup information of the device 0000000E 
10-23 03:04:59.753   468  1893 E ACDB-LOADER: Error: ACDB AudProc vol returned = -19
10-23 03:04:59.753   468  1893 D ACDB-LOADER: ACDB -> AUDIO_SET_AUDPROC_VOL_CAL
10-23 03:04:59.753   468  1893 D ACDB-LOADER: ACDB -> send_afe_cal
10-23 03:04:59.753   468  1893 D ACDB-LOADER: ACDB -> ACDB_CMD_GET_AFE_COMMON_TABLE
10-23 03:04:59.753   468  1893 D         : Failed to fetch the lookup information of the device 0000000E 
10-23 03:04:59.753   468  1893 E ACDB-LOADER: Error: ACDB AFE returned = -19
10-23 03:04:59.753   468  1893 D ACDB-LOADER: ACDB -> AUDIO_SET_AFE_CAL
10-23 03:04:59.754   468  6053 I NuPlayerDecoder: [audio] saw output EOS
10-23 03:04:59.757   468  1893 D audio_hw_primary: select_devices: done
10-23 03:04:59.804  5120  6055 I MessagingAppDataModel: ProcessPendingMessagesAction: Scheduling pending messages
10-23 03:04:59.823  5120  6055 I MessagingAppDataModel: ProcessPendingMessagesAction: Queueing message 8 for sending
10-23 03:04:59.825  5120  5120 D f       : mAmbientApiClient is null, initializing
10-23 03:04:59.825  5120  5120 D f       : ambientApiClient is not connect or connecting, attempting to connect now
10-23 03:04:59.826  5120  5120 W MOD.CyanogenAmbientUtil: Cyanogen Ambient package is missing! Version 1050100 is required.
10-23 03:04:59.826  5120  5120 E MOD.AmbientApiClientImp: This application will not run unless you install Ambient services
10-23 03:04:59.826  5120  5120 E f       : Unable to connect with Ambient. ConnectionResult.ErrorCode : 1
10-23 03:04:59.917  5120  6059 I MessagingAppDataModel: SendMessageAction: Sending SMS message 8 in conversation 1
10-23 03:05:00.503   468  6049 D NuPlayerDriver: notifyListener_l(0xb6018160), (2, 0, 0)
10-23 03:05:00.508   468  5169 D NuPlayerDriver: stop(0xb6018160)
10-23 03:05:00.508   468  5169 D NuPlayerDriver: notifyListener_l(0xb6018160), (8, 0, 0)
10-23 03:05:00.510   468  1904 D NuPlayerDriver: reset(0xb6018160)
10-23 03:05:00.522   468  6049 D NuPlayerDriver: notifyResetComplete(0xb6018160)
10-23 03:05:00.548   468  1869 W APM::EffectDescriptor: unregisterEffect() unknown effect ID 74
10-23 03:05:00.943   471   626 I ThermalEngine: Sensor:max170xx_battery:34000 mC
10-23 03:05:01.071   471   623 I ThermalEngine: Sensor:/sys/class/power_supply/battery/capacity:5 mC
10-23 03:05:01.156   471   621 I ThermalEngine: Sensor:apq_therm:34000 mC
10-23 03:05:01.485   471   619 I ThermalEngine: Sensor:chg_therm:35000 mC
10-23 03:05:01.630  4000  4174 I QCNEJ   : |CORE:COM:RCVR| CNE creating socket
10-23 03:05:02.397  5120  6060 I MessagingAppDataModel: ProcessSentMessageAction: Done sending SMS message 8 in conversation 1; status is SUCCEEDED
10-23 03:05:02.397  5120  6060 I MessagingAppDataModel: ProcessPendingMessagesAction: Scheduling pending messages
10-23 03:05:03.006   471   636 I ThermalEngine: Sensor:tmp108:35000 mC
10-23 03:05:03.007   471   636 I ThermalEngine: Sensor:max170xx_battery:34000 mC
10-23 03:05:03.012   471   636 I ThermalEngine: Sensor:chg_therm:35000 mC
10-23 03:05:03.017   471   636 I ThermalEngine: Sensor:wchg_therm:34000 mC
10-23 03:05:03.022   471   636 I ThermalEngine: Sensor:chg_therm:35000 mC
10-23 03:05:03.022   471   636 I ThermalEngine: Sensor:VS-BATT:35360 mC
10-23 03:05:03.521   468  1893 D audio_hw_primary: out_standby: enter: stream (0xb60379c0) usecase(1: low-latency-playback)
10-23 03:05:03.635   468  1893 D hardware_info: hw_info_append_hw_type : device_name = speaker
10-23 03:05:05.097  4087  4680 V BlacklistProvider: Query uri=content://blacklist/bynumber/9090, match=2
10-23 03:05:05.168  4087  4680 V GsmInboundSmsHandler: Unable to find carrier package: [], nor systemPackages: []
10-23 03:05:05.204  4087  4680 D MmsService: getAutoPersisting
10-23 03:05:05.209  5120  5120 D SmsReceiver.deliverSmsMessages: Is SMS Message Replaceable : false
10-23 03:05:05.299  5120  6061 D MessageReplaceFeature: SMS Message Replaceable : false
10-23 03:05:05.401  5120  6061 I MessagingAppDataModel: ReceiveSmsMessageAction: Received SMS message 9 in conversation 2, uri = content://sms/9
10-23 03:05:05.401  5120  6061 I MessagingAppDataModel: ProcessPendingMessagesAction: Scheduling pending messages
10-23 03:05:05.474  5120  6061 I MessagingAppNotif: Notifying for conversation 2; tag = com.android.messaging:sms:, type = 0
10-23 03:05:05.500  3226  6064 E ExtMediaPlayer-JNI: QCMediaPlayer could not be located....
10-23 03:05:05.500  3226  6064 E MediaPlayer-JNI: JNIMediaPlayerFactory: bIsQCMediaPlayerPresent 0
10-23 03:05:05.500  3226  6064 E ExtMediaPlayer-JNI: QCMediaPlayer could not be located....
10-23 03:05:05.500  3226  6064 E MediaPlayer-JNI: JNIMediaPlayerFactory: bIsQCMediaPlayerPresent 0
10-23 03:05:05.546   468  6065 D NuPlayerDriver: notifyListener_l(0xb2258660), (1, 0, 0)
10-23 03:05:05.546  3226  6064 D MediaPlayer: setSubtitleAnchor in MediaPlayer
10-23 03:05:05.550  2148  4133 I MediaFocusControl:  AudioFocus  requestAudioFocus() from android.media.AudioManager@bbf6490 req=3flags=0x0
10-23 03:05:05.552   468  3202 D NuPlayerDriver: start(0xb2258660), state is 4, eos is 0
10-23 03:05:05.552   468  6065 I GenericSource: start
10-23 03:05:05.558   468  6065 I MetaData: vinf: (unknown type 0, size 30)
10-23 03:05:05.558   468  6065 I MetaData: 00000000:  01 76 6f 72 62 69 73 00  00 00 00 02 44 ac 00 00  .vorbis.....D...
10-23 03:05:05.558   468  6065 I MetaData: 00000010:  00 00 00 00 80 b5 01 00  00 00 00 00 b8 01        ..............
10-23 03:05:05.558   468  6065 I MetaData: vboo: (unknown type 0, size 3832)
10-23 03:05:05.558   468  6065 I MetaData: srte: (int32_t) 44100
10-23 03:05:05.558   468  6065 I MetaData: mime: (char*) audio/vorbis
10-23 03:05:05.558   468  6065 I MetaData: dura: (int64_t) 1200000
10-23 03:05:05.558   468  6065 I MetaData: #chn: (int32_t) 2
10-23 03:05:05.558   468  6065 I AVNuUtils: No channel mask, try channel count
10-23 03:05:05.558   468  6065 W AVNuUtils: No bitrate info
10-23 03:05:05.558   468  6065 I NuPlayer: canOffloadDecodedPCMStream
10-23 03:05:05.558   468  6065 I MetaData: srte: (int32_t) 44100
10-23 03:05:05.558   468  6065 I MetaData: sbit: (int32_t) 16
10-23 03:05:05.558   468  6065 I MetaData: mime: (char*) audio/raw
10-23 03:05:05.558   468  6065 I MetaData: dura: (int64_t) 1200000
10-23 03:05:05.559   468  6065 I MetaData: chnm: (int32_t) 3
10-23 03:05:05.559   468  6065 I MetaData: #chn: (int32_t) 2
10-23 03:05:05.559   468  6065 I AVNuUtils: decision 0 mime audio/vorbis
10-23 03:05:05.559   468  6065 I MetaData: srte: (int32_t) 44100
10-23 03:05:05.559   468  6065 I MetaData: sbit: (int32_t) 16
10-23 03:05:05.559   468  6065 I MetaData: mime: (char*) audio/raw
10-23 03:05:05.559   468  6065 I MetaData: dura: (int64_t) 1200000
10-23 03:05:05.559   468  6065 I MetaData: chnm: (int32_t) 3
10-23 03:05:05.559   468  6065 I MetaData: #chn: (int32_t) 2
10-23 03:05:05.559   468  6065 I NuPlayer: PCM offload decided: 0
10-23 03:05:05.563   468  6065 I MetaData: vinf: (unknown type 0, size 30)
10-23 03:05:05.563   468  6065 I MetaData: 00000000:  01 76 6f 72 62 69 73 00  00 00 00 02 44 ac 00 00  .vorbis.....D...
10-23 03:05:05.563   468  6065 I MetaData: 00000010:  00 00 00 00 80 b5 01 00  00 00 00 00 b8 01        ..............
10-23 03:05:05.563   468  6065 I MetaData: vboo: (unknown type 0, size 3832)
10-23 03:05:05.563   468  6065 I MetaData: srte: (int32_t) 44100
10-23 03:05:05.563   468  6065 I MetaData: mime: (char*) audio/vorbis
10-23 03:05:05.563   468  6065 I MetaData: dura: (int64_t) 1200000
10-23 03:05:05.563   468  6065 I MetaData: #chn: (int32_t) 2
10-23 03:05:05.563   468  6065 I AVNuUtils: No channel mask, try channel count
10-23 03:05:05.563   468  6065 W AVNuUtils: No bitrate info
10-23 03:05:05.563   468  6065 I NuPlayer: canOffloadDecodedPCMStream
10-23 03:05:05.563   468  6065 I MetaData: srte: (int32_t) 44100
10-23 03:05:05.563   468  6065 I MetaData: sbit: (int32_t) 16
10-23 03:05:05.563   468  6065 I MetaData: mime: (char*) audio/raw
10-23 03:05:05.563   468  6065 I MetaData: dura: (int64_t) 1200000
10-23 03:05:05.563   468  6065 I MetaData: chnm: (int32_t) 3
10-23 03:05:05.563   468  6065 I MetaData: #chn: (int32_t) 2
10-23 03:05:05.563   468  6065 I AVNuUtils: decision 0 mime audio/vorbis
10-23 03:05:05.563   468  6065 I MetaData: srte: (int32_t) 44100
10-23 03:05:05.563   468  6065 I MetaData: sbit: (int32_t) 16
10-23 03:05:05.563   468  6065 I MetaData: mime: (char*) audio/raw
10-23 03:05:05.563   468  6065 I MetaData: dura: (int64_t) 1200000
10-23 03:05:05.563   468  6065 I MetaData: chnm: (int32_t) 3
10-23 03:05:05.563   468  6065 I MetaData: #chn: (int32_t) 2
10-23 03:05:05.563   468  6065 I NuPlayer: PCM offload decided: 0
10-23 03:05:05.571   468  6070 E OMXNodeInstance: setConfig(3b:google.vorbis.decoder, ConfigPriority(0x6f800002)) ERROR: Undefined(0x80001001)
10-23 03:05:05.571   468  6070 I ACodec  : codec does not support config priority (err -2147483648)
10-23 03:05:05.572   468  6070 I MediaCodec: MediaCodec will operate in async mode
10-23 03:05:05.585   468  1893 D audio_hw_primary: out_set_parameters: enter: usecase(1: low-latency-playback) kvpairs: routing=2
10-23 03:05:05.585   468  1893 D audio_hw_extn: audio_extn_set_anc_parameters: anc_enabled:0
10-23 03:05:05.585   468  6065 D NuPlayerDriver: notifyListener_l(0xb2258660), (6, 0, 0)
10-23 03:05:05.595   468  1893 D audio_hw_primary: start_output_stream: enter: stream(0xb60379c0)usecase(1: low-latency-playback) devices(0x2)
10-23 03:05:05.595   468  1893 D audio_hw_primary: start_output_stream: enter: usecase(1: low-latency-playback) devices(0x2)
10-23 03:05:05.595   468  1893 D audio_hw_primary: select_devices: out_snd_device(2: speaker) in_snd_device(0: )
10-23 03:05:05.595   468  1893 W msm8974_platform: Codec backend bitwidth 16, samplerate 48000
10-23 03:05:05.595   468  1893 D hardware_info: hw_info_append_hw_type : device_name = speaker
10-23 03:05:05.595   468  1893 I msm8974_platform: platform_send_audio_calibration: sending audio calibration for snd_device(2) acdb_id(14)
10-23 03:05:05.595   468  1893 D ACDB-LOADER: ACDB -> send_audio_cal, acdb_id = 14, path =  0
10-23 03:05:05.595   468  1893 D ACDB-LOADER: ACDB -> send_adm_topology
10-23 03:05:05.595   468  1893 D ACDB-LOADER: ACDB -> ACDB_CMD_GET_AUDPROC_COMMON_TOPOLOGY_ID
10-23 03:05:05.595   468  1893 D ACDB-LOADER: ACDB -> send_asm_topology
10-23 03:05:05.595   468  1893 D ACDB-LOADER: ACDB -> ACDB_CMD_GET_AUDPROC_STREAM_TOPOLOGY_ID
10-23 03:05:05.595   468  1893 D ACDB-LOADER: ACDB -> send_audtable
10-23 03:05:05.595   468  1893 D ACDB-LOADER: ACDB -> ACDB_CMD_GET_AUDPROC_COMMON_TABLE
10-23 03:05:05.595   468  1893 D ACDB-LOADER: ACDB -> AUDIO_SET_AUDPROC_CAL
10-23 03:05:05.595   468  1893 D ACDB-LOADER: ACDB -> send_audvoltable
10-23 03:05:05.595   468  1893 D ACDB-LOADER: ACDB -> ACDB_CMD_GET_AUDPROC_GAIN_DEP_STEP_TABLE
10-23 03:05:05.595   468  1893 D         : Failed to fetch the lookup information of the device 0000000E 
10-23 03:05:05.595   468  1893 E ACDB-LOADER: Error: ACDB AudProc vol returned = -19
10-23 03:05:05.595   468  1893 D ACDB-LOADER: ACDB -> AUDIO_SET_AUDPROC_VOL_CAL
10-23 03:05:05.595   468  1893 D ACDB-LOADER: ACDB -> send_afe_cal
10-23 03:05:05.595   468  1893 D ACDB-LOADER: ACDB -> ACDB_CMD_GET_AFE_COMMON_TABLE
10-23 03:05:05.595   468  1893 D         : Failed to fetch the lookup information of the device 0000000E 
10-23 03:05:05.595   468  1893 E ACDB-LOADER: Error: ACDB AFE returned = -19
10-23 03:05:05.595   468  1893 D ACDB-LOADER: ACDB -> AUDIO_SET_AFE_CAL
10-23 03:05:05.597   468  1893 D audio_hw_primary: select_devices: done
10-23 03:05:05.632  4000  4174 I QCNEJ   : |CORE:COM:RCVR| CNE creating socket
10-23 03:05:06.073   471   623 I ThermalEngine: Sensor:/sys/class/power_supply/battery/capacity:5 mC
10-23 03:05:06.458   468  6069 I NuPlayerDecoder: [audio] saw output EOS
10-23 03:05:06.491   471   619 I ThermalEngine: Sensor:chg_therm:35000 mC
10-23 03:05:06.919   468  6065 D NuPlayerDriver: notifyListener_l(0xb2258660), (2, 0, 0)
10-23 03:05:06.922  2148  3267 I MediaFocusControl:  AudioFocus  abandonAudioFocus() from android.media.AudioManager@bbf6490
10-23 03:05:08.025   471   636 I ThermalEngine: Sensor:tmp108:34000 mC
10-23 03:05:08.026   471   636 I ThermalEngine: Sensor:max170xx_battery:34000 mC
10-23 03:05:08.032   471   636 I ThermalEngine: Sensor:chg_therm:35000 mC
10-23 03:05:08.036   471   636 I ThermalEngine: Sensor:wchg_therm:34000 mC
10-23 03:05:08.042   471   636 I ThermalEngine: Sensor:chg_therm:35000 mC
10-23 03:05:08.042   471   636 I ThermalEngine: Sensor:VS-BATT:35360 mC
^C
130|shell@:/ $ 2D

