01-06 18:20:41.982  2292  2292 D wpa_supplicant:   key_mic - hexdump(len=16): 0d 55 a0 58 c2 02 04 50 62 35 a1 41 51 83 2a 58
01-06 18:20:41.983  2292  2292 D wpa_supplicant: RSN: encrypted key data - hexdump(len=56): db 13 1a 0a 7a 88 72 f0 cf 42 cb d0 1e 84 c9 78 90 97 28 32 55 2f b9 c6 92 ab 75 6e 17 ec 31 2d ...
01-06 18:20:41.983  2292  2292 D wpa_supplicant: WPA: decrypted EAPOL-Key key data - hexdump(len=48): [REMOVED]
01-06 18:20:41.983  2292  2292 D wpa_supplicant: p2p-p2p0-0: State: 4WAY_HANDSHAKE -> 4WAY_HANDSHAKE
01-06 18:20:41.983  2292  2292 D wpa_supplicant: p2p-p2p0-0: WPA: RX message 3 of 4-Way Handshake from 2e:76:8a:8c:b1:a3 (ver=2)
01-06 18:20:41.984  2292  2292 D wpa_supplicant: WPA: IE KeyData - hexdump(len=48): 30 14 01 00 00 0f ac 04 01 00 00 0f ac 04 01 00 00 0f ac 02 08 00 dd 16 00 0f ac 01 02 00 8b 51 ...
01-06 18:20:41.984  2292  2292 D wpa_supplicant: WPA: RSN IE in EAPOL-Key - hexdump(len=22): 30 14 01 00 00 0f ac 04 01 00 00 0f ac 04 01 00 00 0f ac 02 08 00
01-06 18:20:41.984  2292  2292 D wpa_supplicant: WPA: GTK in EAPOL-Key - hexdump(len=24): [REMOVED]
01-06 18:20:41.984  2292  2292 D wpa_supplicant: p2p-p2p0-0: WPA: Sending EAPOL-Key 4/4
01-06 18:20:41.984  2292  2292 D wpa_supplicant: WPA: KCK - hexdump(len=16): [REMOVED]
01-06 18:20:41.984  2292  2292 D wpa_supplicant: WPA: Derived Key MIC - hexdump(len=16): e7 9a 57 d6 8f 9b 9e b5 1f 5b 71 1e 24 6c 29 f4
01-06 18:20:41.985  2292  2292 D wpa_supplicant: WPA: TX EAPOL-Key - hexdump(len=99): 01 03 00 5f 02 03 0a 00 00 00 00 00 00 00 00 00 01 00 00 00 00 00 00 00 00 00 00 00 00 00 00 00 ...
01-06 18:20:41.985  2292  2292 D wpa_supplicant: p2p-p2p0-0: WPA: Installing PTK to the driver
01-06 18:20:41.986  2292  2292 D wpa_supplicant: wpa_driver_nl80211_set_key: ifindex=26 (p2p-p2p0-0) alg=3 addr=0xb67e08f0 key_idx=0 set_tx=1 seq_len=6 key_len=16
01-06 18:20:41.986  2292  2292 D wpa_supplicant: nl80211: KEY_DATA - hexdump(len=16): [REMOVED]
01-06 18:20:41.986  2292  2292 D wpa_supplicant: nl80211: KEY_SEQ - hexdump(len=6): 00 00 00 00 00 00
01-06 18:20:41.986  2292  2292 D wpa_supplicant:    addr=2e:76:8a:8c:b1:a3
01-06 18:20:41.987  2292  2292 D wpa_supplicant: EAPOL: External notification - portValid=1
01-06 18:20:41.988  2292  2292 D wpa_supplicant: p2p-p2p0-0: State: 4WAY_HANDSHAKE -> GROUP_HANDSHAKE
01-06 18:20:41.988  2292  2292 D wpa_supplicant: CTRL-DEBUG: ctrl_sock-sendmsg: sock=9 sndbuf=163840 outq=0 send_len=94
01-06 18:20:41.989  2292  2292 D wpa_supplicant: CTRL_IFACE monitor sent successfully to /data/misc/wifi/sockets/wpa_ctrl_488-2\x00
01-06 18:20:41.989  2292  2292 D wpa_supplicant: CTRL-DEBUG: ctrl_sock-sendmsg: sock=9 sndbuf=163840 outq=0 send_len=94
01-06 18:20:41.989  2292  2292 D wpa_supplicant: CTRL_IFACE monitor sent successfully to /data/misc/wifi/sockets/wpa_ctrl_1393-3\x00
01-06 18:20:41.989  2292  2292 D wpa_supplicant: p2p-p2p0-0: Determining shared radio frequencies (max len 2)
01-06 18:20:41.989  2292  2292 D wpa_supplicant: p2p-p2p0-0: Shared frequencies (len=1): completed iteration
01-06 18:20:41.990  2292  2292 D wpa_supplicant: p2p-p2p0-0: freq[0]: 2447, flags=0x3
01-06 18:20:41.990  2292  2292 D wpa_supplicant: P2P: Add operating class 81
01-06 18:20:41.990  2292  2292 D wpa_supplicant: P2P: Channels - hexdump(len=13): 01 02 03 04 05 06 07 08 09 0a 0b 0c 0d
01-06 18:20:41.990  2292  2292 D wpa_supplicant: P2P: Add operating class 115
01-06 18:20:41.990  2292  2292 D wpa_supplicant: P2P: Channels - hexdump(len=4): 24 28 2c 30
01-06 18:20:41.990  2292  2292 D wpa_supplicant: P2P: Add operating class 116
01-06 18:20:41.990  2292  2292 D wpa_supplicant: P2P: Channels - hexdump(len=2): 24 2c
01-06 18:20:41.990  2292  2292 D wpa_supplicant: P2P: Add operating class 117
01-06 18:20:41.991  2292  2292 D wpa_supplicant: P2P: Channels - hexdump(len=2): 28 30
01-06 18:20:41.991  2292  2292 D wpa_supplicant: P2P: Add operating class 124
01-06 18:20:41.991  2292  2292 D wpa_supplicant: P2P: Channels - hexdump(len=4): 95 99 9d a1
01-06 18:20:41.991  2292  2292 D wpa_supplicant: P2P: Add operating class 125
01-06 18:20:41.991  2292  2292 D wpa_supplicant: P2P: Channels - hexdump(len=5): 95 99 9d a1 a5
01-06 18:20:41.991  2292  2292 D wpa_supplicant: P2P: Add operating class 126
01-06 18:20:41.991  2292  2292 D wpa_supplicant: P2P: Channels - hexdump(len=2): 95 9d
01-06 18:20:41.991  2292  2292 D wpa_supplicant: P2P: Add operating class 127
01-06 18:20:41.991  2292  2292 D wpa_supplicant: P2P: Channels - hexdump(len=2): 99 a1
01-06 18:20:41.992  2292  2292 D wpa_supplicant: P2P: Add operating class 128
01-06 18:20:41.992  2292  2292 D wpa_supplicant: P2P: Channels - hexdump(len=4): 24 28 2c 30
01-06 18:20:41.992  2292  2292 D wpa_supplicant: P2P: Add operating class 130
01-06 18:20:41.992  2292  2292 D wpa_supplicant: P2P: Channels - hexdump(len=4): 24 28 2c 30
01-06 18:20:41.992  2292  2292 D wpa_supplicant: P2P: Update channel list
01-06 18:20:41.993  2292  2292 D wpa_supplicant: P2P: channels: 81:1,2,3,4,5,6,7,8,9,10,11,12,13 115:36,40,44,48 116:36,44 117:40,48 124:149,153,157,161 125:149,153,157,161,165 126:149,157 127:153,161 128:36,40,44,48 130:36,40,44,48
01-06 18:20:41.993  2292  2292 D wpa_supplicant: P2P: cli_channels:
01-06 18:20:41.993  2292  2292 D wpa_supplicant: RSN: received GTK in pairwise handshake - hexdump(len=18): [REMOVED]
01-06 18:20:41.993  2292  2292 D wpa_supplicant: WPA: Group Key - hexdump(len=16): [REMOVED]
01-06 18:20:41.993  2292  2292 D wpa_supplicant: p2p-p2p0-0: WPA: Installing GTK to the driver (keyidx=2 tx=0 len=16)
01-06 18:20:41.994  2292  2292 D wpa_supplicant: WPA: RSC - hexdump(len=6): 00 00 00 00 00 00
01-06 18:20:41.994  2292  2292 D wpa_supplicant: wpa_driver_nl80211_set_key: ifindex=26 (p2p-p2p0-0) alg=3 addr=0xb6f5b196 key_idx=2 set_tx=0 seq_len=6 key_len=16
01-06 18:20:41.994  2292  2292 D wpa_supplicant: nl80211: KEY_DATA - hexdump(len=16): [REMOVED]
01-06 18:20:41.994  2292  2292 D wpa_supplicant: nl80211: KEY_SEQ - hexdump(len=6): 00 00 00 00 00 00
01-06 18:20:41.994  2292  2292 D wpa_supplicant:    broadcast key
01-06 18:20:41.997  2292  2292 I wpa_supplicant: p2p-p2p0-0: WPA: Key negotiation completed with 2e:76:8a:8c:b1:a3 [PTK=CCMP GTK=CCMP]
01-06 18:20:41.997  2292  2292 D wpa_supplicant: CTRL-DEBUG: ctrl_sock-sendmsg: sock=9 sndbuf=163840 outq=0 send_len=73
01-06 18:20:41.998  2292  2292 D wpa_supplicant: CTRL_IFACE monitor sent successfully to /data/misc/wifi/sockets/wpa_ctrl_488-2\x00
01-06 18:20:41.998  2292  2292 D wpa_supplicant: CTRL-DEBUG: ctrl_sock-sendmsg: sock=9 sndbuf=163840 outq=0 send_len=73
01-06 18:20:42.000  2292  2292 D wpa_supplicant: CTRL_IFACE monitor sent successfully to /data/misc/wifi/sockets/wpa_ctrl_1393-3\x00
01-06 18:20:42.001  2292  2292 D wpa_supplicant: p2p-p2p0-0: Cancelling authentication timeout
01-06 18:20:42.001  2292  2292 D wpa_supplicant: p2p-p2p0-0: State: GROUP_HANDSHAKE -> COMPLETED
01-06 18:20:42.001  2292  2292 D wpa_supplicant: p2p-p2p0-0: Radio work 'connect'@0xb67a0300 done in 0.238041 seconds
01-06 18:20:42.001  2292  2292 D wpa_supplicant: p2p-p2p0-0: radio_work_free('connect'@0xb67a0300: num_active_works --> 0
01-06 18:20:42.001  2292  2292 I wpa_supplicant: p2p-p2p0-0: CTRL-EVENT-CONNECTED - Connection to 2e:76:8a:8c:b1:a3 completed [id=0 id_str=]
01-06 18:20:42.002  2292  2292 D wpa_supplicant: CTRL-DEBUG: ctrl_sock-sendmsg: sock=9 sndbuf=163840 outq=0 send_len=79
01-06 18:20:42.002  2292  2292 D wpa_supplicant: CTRL_IFACE monitor sent successfully to /data/misc/wifi/sockets/wpa_ctrl_488-2\x00
01-06 18:20:42.002  2292  2292 D wpa_supplicant: CTRL-DEBUG: ctrl_sock-sendmsg: sock=9 sndbuf=163840 outq=0 send_len=79
01-06 18:20:42.005  2292  2292 D wpa_supplicant: CTRL_IFACE monitor sent successfully to /data/misc/wifi/sockets/wpa_ctrl_1393-3\x00
01-06 18:20:42.005  2292  2292 D wpa_supplicant: nl80211: Set p2p-p2p0-0 operstate 0->1 (UP)
01-06 18:20:42.006  2292  2292 D wpa_supplicant: netlink: Operstate: ifindex=26 linkmode=-1 (no change), operstate=6 (IF_OPER_UP)
01-06 18:20:42.007  2292  2292 D wpa_supplicant: p2p-p2p0-0: P2P: Marking group formation completed on client on data connection
01-06 18:20:42.007  2292  2292 D wpa_supplicant: P2P: Parsing P2P IE
01-06 18:20:42.007  2292  2292 D wpa_supplicant: P2P: Attribute 2 length 2
01-06 18:20:42.007  2292  2292 D wpa_supplicant: P2P: * Device Capability 24 Group Capability 2b
01-06 18:20:42.007  2292  2292 D wpa_supplicant: P2P: Attribute 13 length 36
01-06 18:20:42.008  2292  2292 D wpa_supplicant: P2P: * Device Info: addr 2e:76:8a:8c:b9:a3 primary device type 7-0050F200-0 device name 'DESKTOP-5U3SDUE' config methods 0x88
01-06 18:20:42.008  2292  2292 D wpa_supplicant: P2P: Parsing P2P IE
01-06 18:20:42.008  2292  2292 D wpa_supplicant: P2P: Attribute 2 length 2
01-06 18:20:42.008  2292  2292 D wpa_supplicant: P2P: * Device Capability 24 Group Capability 2b
01-06 18:20:42.008  2292  2292 D wpa_supplicant: P2P: Attribute 13 length 36
01-06 18:20:42.008  2292  2292 D wpa_supplicant: P2P: * Device Info: addr 2e:76:8a:8c:b9:a3 primary device type 7-0050F200-0 device name 'DESKTOP-5U3SDUE' config methods 0x88
01-06 18:20:42.008  2292  2292 D wpa_supplicant: P2P: Checking whether group is persistent: group_capab=0x2b
01-06 18:20:42.008  2292  2292 D wpa_supplicant: P2P: GO Device Address 2e:76:8a:8c:b9:a3
01-06 18:20:42.008  2292  2292 D wpa_supplicant: P2P: BSS 2e:76:8a:8c:b1:a3 group_capab=0x2b go_dev_addr=2e:76:8a:8c:b9:a3
01-06 18:20:42.011  2292  2292 D wpa_supplicant: CTRL-DEBUG: ctrl_sock-sendmsg: sock=9 sndbuf=163840 outq=0 send_len=193
01-06 18:20:42.012  2292  2292 D wpa_supplicant: CTRL_IFACE monitor sent successfully to /data/misc/wifi/sockets/wpa_ctrl_488-2\x00
01-06 18:20:42.012  2292  2292 D wpa_supplicant: CTRL-DEBUG: ctrl_sock-sendmsg: sock=9 sndbuf=163840 outq=0 send_len=193
01-06 18:20:42.016  2292  2292 D wpa_supplicant: CTRL_IFACE monitor sent successfully to /data/misc/wifi/sockets/wpa_ctrl_1393-3\x00
01-06 18:20:42.016  2292  2292 I wpa_supplicant: P2P-GROUP-STARTED p2p-p2p0-0 client ssid="DIRECT-FODESKTOP-5U3SDUEmsHY" freq=2447 go_dev_addr=2e:76:8a:8c:b9:a3 [PERSISTENT]
01-06 18:20:42.016  2292  2292 D wpa_supplicant: P2P: Storing credentials for a persistent group (GO Dev Addr 2e:76:8a:8c:b9:a3)
01-06 18:20:42.016  2292  2292 D wpa_supplicant: P2P: Update existing persistent group entry
01-06 18:20:42.016  2292  2292 D wpa_supplicant: CTRL-DEBUG: ctrl_sock-sendmsg: sock=9 sndbuf=163840 outq=0 send_len=94
01-06 18:20:42.017  2292  2292 D wpa_supplicant: CTRL_IFACE monitor sent successfully to /data/misc/wifi/sockets/wpa_ctrl_488-2\x00
01-06 18:20:42.017  2292  2292 D wpa_supplicant: CTRL-DEBUG: ctrl_sock-sendmsg: sock=9 sndbuf=163840 outq=0 send_len=94
01-06 18:20:42.021  2292  2292 D wpa_supplicant: CTRL_IFACE monitor sent successfully to /data/misc/wifi/sockets/wpa_ctrl_1393-3\x00
01-06 18:20:42.021  2292  2292 D wpa_supplicant: p2p-p2p0-0: Determining shared radio frequencies (max len 2)
01-06 18:20:42.021  2292  2292 D wpa_supplicant: p2p-p2p0-0: Shared frequencies (len=1): completed iteration
01-06 18:20:42.021  2292  2292 D wpa_supplicant: p2p-p2p0-0: freq[0]: 2447, flags=0x3
01-06 18:20:42.021  2292  2292 D wpa_supplicant: P2P: Add operating class 81
01-06 18:20:42.022  2292  2292 D wpa_supplicant: P2P: Channels - hexdump(len=13): 01 02 03 04 05 06 07 08 09 0a 0b 0c 0d
01-06 18:20:42.022  2292  2292 D wpa_supplicant: P2P: Add operating class 115
01-06 18:20:42.022  2292  2292 D wpa_supplicant: P2P: Channels - hexdump(len=4): 24 28 2c 30
01-06 18:20:42.022  2292  2292 D wpa_supplicant: P2P: Add operating class 116
01-06 18:20:42.022  2292  2292 D wpa_supplicant: P2P: Channels - hexdump(len=2): 24 2c
01-06 18:20:42.022  2292  2292 D wpa_supplicant: P2P: Add operating class 117
01-06 18:20:42.022  2292  2292 D wpa_supplicant: P2P: Channels - hexdump(len=2): 28 30
01-06 18:20:42.022  2292  2292 D wpa_supplicant: P2P: Add operating class 124
01-06 18:20:42.022  2292  2292 D wpa_supplicant: P2P: Channels - hexdump(len=4): 95 99 9d a1
01-06 18:20:42.022  2292  2292 D wpa_supplicant: P2P: Add operating class 125
01-06 18:20:42.023  2292  2292 D wpa_supplicant: P2P: Channels - hexdump(len=5): 95 99 9d a1 a5
01-06 18:20:42.023  2292  2292 D wpa_supplicant: P2P: Add operating class 126
01-06 18:20:42.023  2292  2292 D wpa_supplicant: P2P: Channels - hexdump(len=2): 95 9d
01-06 18:20:42.023  2292  2292 D wpa_supplicant: P2P: Add operating class 127
01-06 18:20:42.023  2292  2292 D wpa_supplicant: P2P: Channels - hexdump(len=2): 99 a1
01-06 18:20:42.023  2292  2292 D wpa_supplicant: P2P: Add operating class 128
01-06 18:20:42.023  2292  2292 D wpa_supplicant: P2P: Channels - hexdump(len=4): 24 28 2c 30
01-06 18:20:42.023  2292  2292 D wpa_supplicant: P2P: Add operating class 130
01-06 18:20:42.023  2292  2292 D wpa_supplicant: P2P: Channels - hexdump(len=4): 24 28 2c 30
01-06 18:20:42.024  2292  2292 D wpa_supplicant: P2P: Update channel list
01-06 18:20:42.024  2292  2292 D wpa_supplicant: P2P: channels: 81:1,2,3,4,5,6,7,8,9,10,11,12,13 115:36,40,44,48 116:36,44 117:40,48 124:149,153,157,161 125:149,153,157,161,165 126:149,157 127:153,161 128:36,40,44,48 130:36,40,44,48
01-06 18:20:42.024  2292  2292 D wpa_supplicant: P2P: cli_channels:
01-06 18:20:42.024  2292  2292 D wpa_supplicant: EAPOL: External notification - portValid=1
01-06 18:20:42.024  2292  2292 D wpa_supplicant: EAPOL: External notification - EAP success=1
01-06 18:20:42.025  2292  2292 D wpa_supplicant: EAPOL: SUPP_PAE entering state AUTHENTICATING
01-06 18:20:42.025  2292  2292 D wpa_supplicant: EAPOL: SUPP_BE entering state SUCCESS
01-06 18:20:42.025  2292  2292 D wpa_supplicant: EAP: EAP entering state DISABLED
01-06 18:20:42.025  2292  2292 D wpa_supplicant: EAPOL: SUPP_PAE entering state AUTHENTICATED
01-06 18:20:42.025  2292  2292 D wpa_supplicant: EAPOL: Supplicant port status: Authorized
01-06 18:20:42.025  2292  2292 D wpa_supplicant: nl80211: Set supplicant port authorized for 2e:76:8a:8c:b1:a3
01-06 18:20:42.025  2292  2292 D wpa_supplicant: EAPOL: SUPP_BE entering state IDLE
01-06 18:20:42.025  2292  2292 D wpa_supplicant: EAPOL authentication completed - result=SUCCESS
01-06 18:20:42.026  2292  2292 D wpa_supplicant: nl80211: Set rekey offload
01-06 18:20:42.026  2292  2292 D wpa_supplicant: p2p0: Control interface command 'LIST_NETWORKS'
01-06 18:20:42.026  2292  2292 D wpa_supplicant: CTRL-DEBUG: global_ctrl_sock-sendto: sock=9 sndbuf=163840 outq=0 send_len=110
01-06 18:20:42.027  2292  2292 D wpa_supplicant: RTM_NEWLINK: ifi_index=26 ifname=p2p-p2p0-0 operstate=6 linkmode=1 ifi_family=0 ifi_flags=0x11043 ([UP][RUNNING][LOWER_UP])
01-06 18:20:42.030  2292  2292 D wpa_supplicant: CTRL-DEBUG: global_ctrl_sock-sendto: sock=9 sndbuf=163840 outq=0 send_len=1
01-06 18:20:42.031  2292  2292 D wpa_supplicant: RX global ctrl_iface - hexdump(len=11): 53 41 56 45 5f 43 4f 4e 46 49 47
01-06 18:20:42.031  2292  2292 D wpa_supplicant: p2p-p2p0-0: CTRL_IFACE: SAVE_CONFIG - Not allowed to update configuration (update_config=0)
01-06 18:20:42.031  2292  2292 D wpa_supplicant: Writing configuration file '/data/misc/wifi/wpa_supplicant.conf.tmp'
01-06 18:20:42.031  2292  2292 D wpa_supplicant: Configuration file '/data/misc/wifi/wpa_supplicant.conf' written successfully
01-06 18:20:42.031  2292  2292 D wpa_supplicant: wlan0: CTRL_IFACE: SAVE_CONFIG - Configuration updated
01-06 18:20:42.031  2292  2292 D wpa_supplicant: Writing configuration file '/data/misc/wifi/p2p_supplicant.conf.tmp'
01-06 18:20:42.032  2292  2292 D wpa_supplicant: Configuration file '/data/misc/wifi/p2p_supplicant.conf' written successfully
01-06 18:20:42.032  2292  2292 D wpa_supplicant: p2p0: CTRL_IFACE: SAVE_CONFIG - Configuration updated
01-06 18:20:42.032  2292  2292 D wpa_supplicant: CTRL-DEBUG: global_ctrl_sock-sendto: sock=9 sndbuf=163840 outq=0 send_len=3
01-06 18:20:42.034  2292  2292 D wpa_supplicant: p2p-p2p0-0: Control interface command 'SET p2p_group_idle 10'
01-06 18:20:42.034  2292  2292 D wpa_supplicant: CTRL_IFACE SET 'p2p_group_idle'='10'
01-06 18:20:42.034  2292  2292 D wpa_supplicant: p2p_group_idle=10
01-06 18:20:42.034  2292  2292 D wpa_supplicant: CTRL-DEBUG: global_ctrl_sock-sendto: sock=9 sndbuf=163840 outq=0 send_len=3
01-06 18:20:42.045  2292  2292 D wpa_supplicant: p2p0: Control interface command 'DRIVER BTCOEXMODE 1'
01-06 18:20:42.045  2292  2292 D wpa_supplicant: wpa_driver_nl80211_driver_cmd BTCOEXMODE 1 len = 0, 4096
01-06 18:20:42.045  2292  2292 D wpa_supplicant: CTRL-DEBUG: global_ctrl_sock-sendto: sock=9 sndbuf=163840 outq=0 send_len=3
01-06 18:20:42.045   468  1547 D CommandListener: Clearing all IP addresses on p2p-p2p0-0
01-06 18:20:42.046  1393  1870 D WifiP2pService: GroupCreatedStatemPendingReformGroupIndication=false
01-06 18:20:42.132  1393  5588 I chatty  : uid=1000 system_server expire 3 lines
01-06 18:20:42.133  2292  2292 D wpa_supplicant: p2p-p2p0-0: Control interface command 'P2P_SET ps 0'
01-06 18:20:42.133  2292  2292 D wpa_supplicant: nl80211: set_p2p_powersave (legacy_ps=0 opp_ps=-1 ctwindow=-1)
01-06 18:20:42.134  2292  2292 D wpa_supplicant: CTRL-DEBUG: global_ctrl_sock-sendto: sock=9 sndbuf=163840 outq=0 send_len=3
01-06 18:20:42.141  1393  5587 I chatty  : uid=1000 system_server expire 7 lines
01-06 18:20:42.207  2292  2292 D wpa_supplicant: wlan0: Control interface command 'SCAN TYPE=ONLY'
01-06 18:20:42.207  2292  2292 D wpa_supplicant: wlan0: Setting scan request: 0.000000 sec
01-06 18:20:42.207  2292  2292 D wpa_supplicant: CTRL-DEBUG: global_ctrl_sock-sendto: sock=9 sndbuf=163840 outq=0 send_len=3
01-06 18:20:42.207  2292  2292 D wpa_supplicant: wlan0: Starting AP scan for wildcard SSID
01-06 18:20:42.208  2292  2292 D wpa_supplicant: wlan0: Add radio work 'scan'@0xb67a0300
01-06 18:20:42.208  2292  2292 D wpa_supplicant: wlan0: First radio work item in the queue - schedule start immediately
01-06 18:20:42.208  2292  2292 D wpa_supplicant: wlan0: Starting radio work 'scan'@0xb67a0300 after 0.000332 second wait
01-06 18:20:42.209  2292  2292 D wpa_supplicant: wlan0: nl80211: scan request
01-06 18:20:42.209  2292  2292 D wpa_supplicant: nl80211: Scan SSID - hexdump(len=0): [NULL]
01-06 18:20:42.209  2292  2292 D wpa_supplicant: nl80211: Scan extra IEs - hexdump(len=7): 7f 05 00 00 0a 02 01
01-06 18:20:42.210  2292  2292 D wpa_supplicant: nl80211: Scan trigger failed: ret=-16 (Device or resource busy)
01-06 18:20:42.210  2292  2292 I wpa_supplicant: wlan0: CTRL-EVENT-SCAN-FAILED ret=-16
01-06 18:20:42.210  2292  2292 D wpa_supplicant: CTRL-DEBUG: ctrl_sock-sendmsg: sock=9 sndbuf=163840 outq=0 send_len=30
01-06 18:20:42.211  2292  2292 D wpa_supplicant: CTRL_IFACE monitor sent successfully to /data/misc/wifi/sockets/wpa_ctrl_488-2\x00
01-06 18:20:42.211  2292  2292 D wpa_supplicant: CTRL-DEBUG: ctrl_sock-sendmsg: sock=9 sndbuf=163840 outq=0 send_len=30
01-06 18:20:42.214  2292  2292 D wpa_supplicant: CTRL_IFACE monitor sent successfully to /data/misc/wifi/sockets/wpa_ctrl_1393-3\x00
01-06 18:20:42.215  2292  2292 D wpa_supplicant: wlan0: Radio work 'scan'@0xb67a0300 done in 0.006339 seconds
01-06 18:20:42.215  2292  2292 D wpa_supplicant: wlan0: radio_work_free('scan'@0xb67a0300: num_active_works --> 0
01-06 18:20:42.218  2292  2292 D wpa_supplicant: WPS: Unknown Vendor Extension (Vendor ID 9442)
01-06 18:20:42.218  2292  2292 D wpa_supplicant: WPS: Unknown Vendor Extension (Vendor ID 9442)
01-06 18:20:42.218  2292  2292 D wpa_supplicant: WPS: Unknown Vendor Extension (Vendor ID 9442)
01-06 18:20:42.218  2292  2292 D wpa_supplicant: CTRL-DEBUG: global_ctrl_sock-sendto: sock=9 sndbuf=163840 outq=0 send_len=866
01-06 18:20:42.233  2292  2292 D wpa_supplicant: CTRL-DEBUG: global_ctrl_sock-sendto: sock=9 sndbuf=163840 outq=0 send_len=0
01-06 18:20:42.251  2292  2292 D wpa_supplicant: p2p-p2p0-0: Control interface command 'P2P_SET ps 1'
01-06 18:20:42.251  2292  2292 D wpa_supplicant: nl80211: set_p2p_powersave (legacy_ps=1 opp_ps=-1 ctwindow=-1)
01-06 18:20:42.253  2292  2292 D wpa_supplicant: CTRL-DEBUG: global_ctrl_sock-sendto: sock=9 sndbuf=163840 outq=0 send_len=3
01-06 18:20:42.255  2292  2292 D wpa_supplicant: p2p0: Control interface command 'DRIVER BTCOEXMODE 2'
01-06 18:20:42.256  2292  2292 D wpa_supplicant: wpa_driver_nl80211_driver_cmd BTCOEXMODE 2 len = 0, 4096
01-06 18:20:42.256  2292  2292 D wpa_supplicant: CTRL-DEBUG: global_ctrl_sock-sendto: sock=9 sndbuf=163840 outq=0 send_len=3
01-06 18:20:42.260   468  1547 D CommandListener: Setting iface cfg
01-06 18:20:42.347  1393  1490 I WifiDisplayController: Connected to Wifi display: DESKTOP-5U3SDUE
01-06 18:20:42.348  1393  1490 I WifiDisplayController: Stopping Wifi display scan.
01-06 18:20:42.349  2292  2292 D wpa_supplicant: p2p0: Control interface command 'P2P_STOP_FIND'
01-06 18:20:42.349  1393  1490 I ExtendedRemoteDisplayHelper: ExtendedRemoteDisplay isAvailable() : Not Available.
01-06 18:20:42.349  1393  1490 I WifiDisplayController: Listening for RTSP connection on 192.168.137.80:7236 from Wifi display: DESKTOP-5U3SDUE
01-06 18:20:42.349  2292  2292 D wpa_supplicant: P2P: Stopping find
01-06 18:20:42.349  2292  2292 D wpa_supplicant: P2P: Clear timeout (state=IDLE)
01-06 18:20:42.349  2292  2292 D wpa_supplicant: P2P: State IDLE -> IDLE
01-06 18:20:42.349  2292  2292 D wpa_supplicant: CTRL-DEBUG: global_ctrl_sock-sendto: sock=9 sndbuf=163840 outq=0 send_len=3
01-06 18:20:42.352  2292  2292 D wpa_supplicant: p2p0: Control interface command 'DRIVER MIRACAST 1'
01-06 18:20:42.352  2292  2292 D wpa_supplicant: wpa_driver_nl80211_driver_cmd MIRACAST 1 len = 0, 4096
01-06 18:20:42.352  2292  2292 D wpa_supplicant: CTRL-DEBUG: global_ctrl_sock-sendto: sock=9 sndbuf=163840 outq=0 send_len=3
01-06 18:20:42.353  2126  2126 V MediaRouter: Selecting route: RouteInfo{ name=DESKTOP-5U3SDUE, description=Wireless display, status=Connecting..., category=RouteCategory{ name=null types=ROUTE_TYPE_LIVE_AUDIO ROUTE_TYPE_LIVE_VIDEO  groupable=false }, supportedTypes=ROUTE_TYPE_LIVE_AUDIO ROUTE_TYPE_LIVE_VIDEO ROUTE_TYPE_REMOTE_DISPLAY , presentationDisplay=null }
01-06 18:20:42.353  5531  5531 V MediaRouter: Selecting route: RouteInfo{ name=DESKTOP-5U3SDUE, description=Wireless display, status=Connecting..., category=RouteCategory{ name=null types=ROUTE_TYPE_LIVE_AUDIO ROUTE_TYPE_LIVE_VIDEO  groupable=false }, supportedTypes=ROUTE_TYPE_LIVE_AUDIO ROUTE_TYPE_LIVE_VIDEO ROUTE_TYPE_REMOTE_DISPLAY , presentationDisplay=null }
01-06 18:20:42.544   425   585 I ThermalEngine: Sensor:chg_therm:33000 mC
01-06 18:20:42.858  2292  2292 D wpa_supplicant: wlan0: Control interface command 'SIGNAL_POLL'
01-06 18:20:42.863  2292  2292 D wpa_supplicant: CTRL-DEBUG: global_ctrl_sock-sendto: sock=9 sndbuf=163840 outq=0 send_len=48
01-06 18:20:42.875   488   488 E Parcel  : Reading a NULL string not supported here.
01-06 18:20:42.875   488   488 E Parcel  : Reading a NULL string not supported here.
01-06 18:20:43.500  2292  2292 D wpa_supplicant: EAPOL: startWhen --> 0
01-06 18:20:43.500  2292  2292 D wpa_supplicant: EAPOL: disable timer tick
01-06 18:20:43.621   466  5595 I NetworkSession: incoming connection from 192.168.137.1:53966 (socket 11)
01-06 18:20:43.622   466  5595 I NetworkSession: added clientSession 2
01-06 18:20:43.622   466  5596 I WifiDisplaySource: We now have a client (2) connected.
01-06 18:20:43.705   466  5596 I WifiDisplaySource: Picked video resolution 1280 x 720 p30
01-06 18:20:43.705   466  5596 I WifiDisplaySource: Picked AVC profile 1, level 1
01-06 18:20:43.705   466  5596 I WifiDisplaySource: Using AAC audio.
01-06 18:20:43.706   466  5596 I WifiDisplaySource: Sink does not support content protection.
01-06 18:20:43.774   466  5599 I MediaPlayerService: MediaPlayerService::getOMX
01-06 18:20:43.777   466  5599 I OMXClient: MuxOMX ctor
01-06 18:20:43.778   466  5599 I OMXMaster: makeComponentInstance(OMX.qcom.video.encoder.avc) in mediaserver process
01-06 18:20:44.090   466  5596 I Converter: using audio bitrate of 128000 bps, video bitrate of 5000000 bps
01-06 18:20:44.092   466  5599 E OMXNodeInstance: getParameter(1d20004:qcom.encoder.avc, ParamConsumerUsageBits(0x6f800004)) ERROR: UnsupportedIndex(0x8000101a)
01-06 18:20:44.092   466  5599 E OMX-VENC: set_parameter: metamode is valid for input port only
01-06 18:20:44.092   466  5599 W OMXNodeInstance: [1d20004:qcom.encoder.avc] component does not support metadata mode; using fallback
01-06 18:20:44.092   466  5599 E ACodec  : [OMX.qcom.video.encoder.avc] storeMetaDataInBuffers (output) failed w/ err -1010
01-06 18:20:44.093   466  5599 W ACodec  : do not know color format 0x7fa30c04 = 2141391876
01-06 18:20:44.093   466  5599 W ACodec  : do not know color format 0x7f000789 = 2130708361
01-06 18:20:44.093   466  5599 E OMX-VENC: WARNING: Unsupported Color format [2130708361]
01-06 18:20:44.096   466  5599 E OMX-VENC: C2D init is successful
01-06 18:20:44.098   466  5599 E OMX-VENC: WARNING: Unsupported Color format [2130708361]
01-06 18:20:44.103   466  5599 I ACodec  : setupAVCEncoderParameters with [profile: Baseline] [level: Level31]
01-06 18:20:44.105   466  5599 I ACodec  : [OMX.qcom.video.encoder.avc] cannot encode color aspects. Ignoring.
01-06 18:20:44.105   466  5599 I ACodec  : [OMX.qcom.video.encoder.avc] cannot encode HDR static metadata. Ignoring.
01-06 18:20:44.105   466  5599 I ACodec  : setupVideoEncoder succeeded
01-06 18:20:44.106   466  5599 W ACodec  : do not know color format 0x7f000789 = 2130708361
01-06 18:20:44.107   466  5599 E OMX-VENC: ERROR: unsupported index 1868562442
01-06 18:20:44.107   466  5599 E OMXNodeInstance: getConfig(1d20004:qcom.encoder.avc, ConfigAndroidIntraRefresh(0x6f60000a)) ERROR: UnsupportedIndex(0x8000101a)
01-06 18:20:44.108   466  5599 E OMX-VENC: OMX_IndexParamVideoIntraRefresh GET
01-06 18:20:44.146   434   882 D r_submix: adev_open_input_stream(addr=0)
01-06 18:20:44.147   434   882 D r_submix: submix_audio_device_create_pipe_l(addr=0, idx=9)
01-06 18:20:44.147   434   882 D r_submix:   now using address 0 for route 9
01-06 18:20:44.149   434  5608 I AudioFlinger: AudioFlinger's thread 0xb4888b40 ready to run
01-06 18:20:44.149   434  5608 I r_submix: in_standby()
01-06 18:20:44.156   434  5608 I r_submix: in_standby()
01-06 18:20:44.176   466  5610 I MediaPlayerService: MediaPlayerService::getOMX
01-06 18:20:44.179   466  5610 I OMXClient: MuxOMX ctor
01-06 18:20:44.180   453   453 I OMXMaster: makeComponentInstance(OMX.google.aac.encoder) in mediacodec process
01-06 18:20:44.196   466  5596 I Converter: using audio bitrate of 128000 bps, video bitrate of 5000000 bps
01-06 18:20:44.247  2292  2292 D wpa_supplicant: wlan0: Control interface command 'SCAN TYPE=ONLY'
01-06 18:20:44.248  2292  2292 D wpa_supplicant: wlan0: Setting scan request: 0.000000 sec
01-06 18:20:44.248  2292  2292 D wpa_supplicant: CTRL-DEBUG: global_ctrl_sock-sendto: sock=9 sndbuf=163840 outq=0 send_len=3
01-06 18:20:44.248  2292  2292 D wpa_supplicant: wlan0: Starting AP scan for wildcard SSID
01-06 18:20:44.248  2292  2292 D wpa_supplicant: wlan0: Add radio work 'scan'@0xb67a0300
01-06 18:20:44.248  2292  2292 D wpa_supplicant: wlan0: First radio work item in the queue - schedule start immediately
01-06 18:20:44.249  2292  2292 D wpa_supplicant: wlan0: Starting radio work 'scan'@0xb67a0300 after 0.000214 second wait
01-06 18:20:44.249  2292  2292 D wpa_supplicant: wlan0: nl80211: scan request
01-06 18:20:44.249  2292  2292 D wpa_supplicant: nl80211: Scan SSID - hexdump(len=0): [NULL]
01-06 18:20:44.249  2292  2292 D wpa_supplicant: nl80211: Scan extra IEs - hexdump(len=7): 7f 05 00 00 0a 02 01
01-06 18:20:44.251  2292  2292 D wpa_supplicant: Scan requested (ret=0) - scan timeout 30 seconds
01-06 18:20:44.251  2292  2292 D wpa_supplicant: nl80211: Event message available
01-06 18:20:44.251  2292  2292 D wpa_supplicant: nl80211: Ignored event (cmd=33) for foreign interface (ifindex 24 wdev 0x0)
01-06 18:20:44.251  2292  2292 D wpa_supplicant: nl80211: Drv Event 33 (NL80211_CMD_TRIGGER_SCAN) received for wlan0
01-06 18:20:44.251  2292  2292 D wpa_supplicant: wlan0: nl80211: Scan trigger
01-06 18:20:44.251  2292  2292 D wpa_supplicant: wlan0: Event SCAN_STARTED (47) received
01-06 18:20:44.251  2292  2292 D wpa_supplicant: wlan0: Own scan request started a scan in 0.000587 seconds
01-06 18:20:44.251  2292  2292 D wpa_supplicant: CTRL-DEBUG: ctrl_sock-sendmsg: sock=9 sndbuf=163840 outq=0 send_len=24
01-06 18:20:44.252  2292  2292 D wpa_supplicant: CTRL_IFACE monitor sent successfully to /data/misc/wifi/sockets/wpa_ctrl_488-2\x00
01-06 18:20:44.252  2292  2292 D wpa_supplicant: CTRL-DEBUG: ctrl_sock-sendmsg: sock=9 sndbuf=163840 outq=0 send_len=24
01-06 18:20:44.254  2292  2292 D wpa_supplicant: CTRL_IFACE monitor sent successfully to /data/misc/wifi/sockets/wpa_ctrl_1393-3\x00
01-06 18:20:44.270   434  2461 D AudioPolicyManagerCustom: setDeviceConnectionStateInt() device: 0x8000, state 1, address 0 name remote-submix
01-06 18:20:44.270   434  2461 I AudioFlinger: openOutput(), module 34 Device 8000, SamplingRate 48000, Format 0x000001, Channels 3, flags 0
01-06 18:20:44.270   434  2461 D r_submix: adev_open_output_stream(address=0)
01-06 18:20:44.270   434  2461 D r_submix: submix_audio_device_create_pipe_l(addr=0, idx=9)
01-06 18:20:44.270   434  2461 D r_submix:   now using address 0 for route 9
01-06 18:20:44.271   434  2461 I AudioFlinger: HAL output buffer size 1024 frames, normal sink buffer size 1024 frames
01-06 18:20:44.272   434  5616 I AudioFlinger: AudioFlinger's thread 0xb4303e40 ready to run
01-06 18:20:44.274   434  5616 D AudioFlinger: ro.audio.silent will be ignored for threads on AUDIO_DEVICE_OUT_REMOTE_SUBMIX
01-06 18:20:44.274   434  5616 I r_submix: out_standby()
01-06 18:20:44.275   434  5616 D AudioFlinger: ro.audio.silent will be ignored for threads on AUDIO_DEVICE_OUT_REMOTE_SUBMIX
01-06 18:20:44.281   434  2461 I AudioFlinger: HAL output buffer size 1024 frames, normal sink buffer size 1024 frames
01-06 18:20:44.282   434  5617 I AudioFlinger: AudioFlinger's thread 0xb4183b40 ready to run
01-06 18:20:44.284   434  5617 D AudioFlinger: ro.audio.silent will be ignored for threads on AUDIO_DEVICE_OUT_REMOTE_SUBMIX
01-06 18:20:44.285   434  5617 D AudioFlinger: ro.audio.silent will be ignored for threads on AUDIO_DEVICE_OUT_REMOTE_SUBMIX
01-06 18:20:44.289   434   764 D audio_hw_primary: adev_set_parameters: enter: 0=;connect=32768
01-06 18:20:44.290   434   764 D audio_hw_extn: audio_extn_set_anc_parameters: anc_enabled:0
01-06 18:20:44.290   434   764 D mot_vr_audio_hw: adev_set_parameters: 0=;connect=32768
01-06 18:20:44.297  1393  1490 I WifiDisplayController: Opened RTSP connection with Wifi display: DESKTOP-5U3SDUE
01-06 18:20:44.321  1393  1490 I DisplayManagerService: Display device added: DisplayDeviceInfo{"DESKTOP-5U3SDUE": uniqueId="wifi:2e:76:8a:8c:b9:a3", 1280 x 720, modeId 2, defaultModeId 2, supportedModes [{id=2, width=1280, height=720, fps=60.0}], colorMode 0, supportedColorModes [0], HdrCapabilities null, density 213, 213.0 x 213.0 dpi, appVsyncOff 0, presDeadline 16666666, touch EXTERNAL, rotation 0, type WIFI, address 2e:76:8a:8c:b9:a3, state ON, FLAG_PRESENTATION}
01-06 18:20:44.323  5531  5531 V MediaRouter: Dispatching route change: RouteInfo{ name=DESKTOP-5U3SDUE, description=Wireless display, status=null, category=RouteCategory{ name=null types=ROUTE_TYPE_LIVE_AUDIO ROUTE_TYPE_LIVE_VIDEO  groupable=false }, supportedTypes=ROUTE_TYPE_LIVE_AUDIO ROUTE_TYPE_LIVE_VIDEO ROUTE_TYPE_REMOTE_DISPLAY , presentationDisplay=null }
01-06 18:20:44.323  5531  5531 V MediaRouter: Selecting route: RouteInfo{ name=DESKTOP-5U3SDUE, description=Wireless display, status=null, category=RouteCategory{ name=null types=ROUTE_TYPE_LIVE_AUDIO ROUTE_TYPE_LIVE_VIDEO  groupable=false }, supportedTypes=ROUTE_TYPE_LIVE_AUDIO ROUTE_TYPE_LIVE_VIDEO ROUTE_TYPE_REMOTE_DISPLAY , presentationDisplay=null }
01-06 18:20:44.324  2126  2126 V MediaRouter: Dispatching route change: RouteInfo{ name=DESKTOP-5U3SDUE, description=Wireless display, status=null, category=RouteCategory{ name=null types=ROUTE_TYPE_LIVE_AUDIO ROUTE_TYPE_LIVE_VIDEO  groupable=false }, supportedTypes=ROUTE_TYPE_LIVE_AUDIO ROUTE_TYPE_LIVE_VIDEO ROUTE_TYPE_REMOTE_DISPLAY , presentationDisplay=null }
01-06 18:20:44.361  2126  2126 V MediaRouter: Selecting route: RouteInfo{ name=DESKTOP-5U3SDUE, description=Wireless display, status=null, category=RouteCategory{ name=null types=ROUTE_TYPE_LIVE_AUDIO ROUTE_TYPE_LIVE_VIDEO  groupable=false }, supportedTypes=ROUTE_TYPE_LIVE_AUDIO ROUTE_TYPE_LIVE_VIDEO ROUTE_TYPE_REMOTE_DISPLAY , presentationDisplay=null }
01-06 18:20:44.373  1393  1844 I chatty  : uid=1000(system) InputReader expire 1 line
01-06 18:20:44.390   466  5604 E OMX-VENC: open Color conv for RGBA888 W: 1280, H: 720
01-06 18:20:44.463   466  5599 E OMX-VENC: VIDIOC_REQBUFS CAPTURE_MPLANE Failed
01-06 18:20:44.463   466  5599 E OMX-VENC: ERROR: unsupported index 1868562442
01-06 18:20:44.463   466  5599 E OMXNodeInstance: getConfig(1d20004:qcom.encoder.avc, ConfigAndroidIntraRefresh(0x6f60000a)) ERROR: UnsupportedIndex(0x8000101a)
01-06 18:20:44.463   466  5599 E OMX-VENC: OMX_IndexParamVideoIntraRefresh GET
01-06 18:20:44.463   466  5599 E OMX-VENC: VIDIOC_REQBUFS CAPTURE_MPLANE Failed
01-06 18:20:45.260  2990  2990 D CMActions-FlipToMute: event: false mIsStowed=false
01-06 18:20:45.273  1393  2655 D ZenLog  : config: setInterruptionFilter,ZenModeConfig[user=0,allowCalls=true,allowRepeatCallers=false,allowMessages=false,allowCallsFrom=contacts,allowMessagesFrom=contacts,allowReminders=true,allowEvents=true,allowWhenScreenOff=true,allowWhenScreenOn=true,automaticRules={95d7dd0d0eb840f3a09a483337dde8c4=ZenRule[enabled=false,snoozing=false,name=Weeknight,zenMode=ZEN_MODE_ALARMS,conditionId=condition://android/schedule?days=1.2.3.4.5&start=22.0&end=7.0&exitAtAlarm=false,condition=Condition[id=condition://android/schedule?days=1.2.3.4.5&start=22.0&end=7.0&exitAtAlarm=false,summary=...,line1=...,line2=...,icon=0,state=STATE_FALSE,flags=2],component=ComponentInfo{android/com.android.server.notification.ScheduleConditionProvider},id=95d7dd0d0eb840f3a09a483337dde8c4,creationTime=1483450228616,enabler=null], 9350edbb20d2457cb6fccfdf73eba368=ZenRule[enabled=false,snoozing=false,name=Event,zenMode=ZEN_MODE_ALARMS,conditionId=condition://android/event?userId=-10000&calendar=&reply=1,condition=Condition[id=condition://android/event?userId=-10000&calendar=&reply=1,summary=...,line1=...,line2=...,icon=0,state=STATE_FALSE,flags=2],component=ComponentInfo{android/com.android.server.notification.EventConditionProvider},id=9350edbb20d2457cb6fccfdf73eba368,creationTime=1483450228619,enabler=null], 0cf38f6fdf314f24a30562fc8f9459df=ZenRule[enabled=false,snoozing=false,name=Weekend,zenMode=ZEN_MODE_ALARMS,conditionId=condition://android/schedule?days=6.7&start=23.30&end=10.0&exitAtAlarm=false,condition=Condition[id=condition://android/schedule?days=6.7&start=23.30&end=10.0&exitAtAlarm=false,summary=...,line1=...,line2=...,icon=0,state=STATE_FALSE,flags=2],component=ComponentInfo{android/com.android.server.notification.ScheduleConditionProvider},id=0cf38f6fdf314f24a30562fc8f9459df,creationTime=1483450228616,enabler=null]},manualRule=null],Diff[]
01-06 18:20:45.273  2990  2990 D CMActions-FlipToMute: Interrupt filter: Restore
01-06 18:20:45.274  1393  1393 D ZenLog  : set_zen_mode: off,setInterruptionFilter
01-06 18:20:45.643   466  5596 I WifiDisplaySource: Received PLAY request.
01-06 18:20:45.877  2292  2292 D wpa_supplicant: wlan0: Control interface command 'SIGNAL_POLL'
01-06 18:20:45.886  2292  2292 D wpa_supplicant: CTRL-DEBUG: global_ctrl_sock-sendto: sock=9 sndbuf=163840 outq=0 send_len=48
01-06 18:20:46.421   425   592 I ThermalEngine: Sensor:max170xx_battery:32000 mC
01-06 18:20:46.451  1393  1451 I ActivityManager: START u0 {act=android.intent.action.MAIN cat=[android.intent.category.HOME] flg=0x10200000 cmp=com.teslacoilsw.launcher/.NovaLauncher (has extras)} from uid 1000 on display 0
01-06 18:20:46.478   425   587 I ThermalEngine: Sensor:apq_therm:32000 mC
01-06 18:20:46.548  3390  3390 D TeslaUnread: onStartCommand() called with: intent = [Intent { cmp=com.teslacoilsw.notifier/.NotificationService (has extras) }], flags = [0], startId = [10], lastStartTime = [-9223372036854775808]
01-06 18:20:46.567   425   589 I ThermalEngine: Sensor:/sys/class/power_supply/battery/capacity:29 mC
01-06 18:20:46.609  1393  1403 I chatty  : uid=1000(system) HeapTaskDaemon expire 1 line
01-06 18:20:46.657  3020  3020 D PerAppMonitor: Package Name is com.teslacoilsw.launcher
01-06 18:20:46.662  3020  3020 D PerAppMonitor: Profile does not exist. Using Default
01-06 18:20:47.083  3059  3184 W OpenGLRenderer: Incorrectly called buildLayer on View: method, destroying layer...
01-06 18:20:47.359  3020  3020 D PerAppMonitor: Package Name is com.teslacoilsw.launcher
01-06 18:20:47.365  3020  3020 D PerAppMonitor: Profile does not exist. Using Default
01-06 18:20:47.549   425   585 I ThermalEngine: Sensor:chg_therm:33000 mC
01-06 18:20:47.787  1393  2423 I ActivityManager: START u0 {act=android.intent.action.MAIN cat=[android.intent.category.LAUNCHER] flg=0x10200000 cmp=com.bhb27.kerneladiutor/com.grarak.kerneladiutor.MainActivity bnds=[567,1232][829,1531] (has extras)} from uid 10081 on display 0
01-06 18:20:47.903  1393  2423 I ActivityManager: Start proc 5629:com.bhb27.kerneladiutor/u0a25 for activity com.bhb27.kerneladiutor/com.grarak.kerneladiutor.MainActivity
01-06 18:20:47.952  3020  3020 D PerAppMonitor: Package Name is com.bhb27.kerneladiutor
01-06 18:20:47.973  5629  5629 I art     : Starting a blocking GC AddRemoveAppImageSpace
01-06 18:20:47.975  5629  5629 W System  : ClassLoader referenced unknown path: /system/app/KernelAdiutor/lib/arm
01-06 18:20:47.980  3020  3020 I iSu     : ISU initialized
01-06 18:20:47.990  3020  3020 E iSu     : Failed to run shell as isu
01-06 18:20:47.991  3020  3020 E iSu     : catch NullPointerException running as iSu
01-06 18:20:48.076  5629  5629 W art     : Before Android 4.1, method android.graphics.PorterDuffColorFilter android.support.graphics.drawable.VectorDrawableCompat.updateTintFilter(android.graphics.PorterDuffColorFilter, android.content.res.ColorStateList, android.graphics.PorterDuff$Mode) would have incorrectly overridden the package-private method in android.graphics.drawable.Drawable
01-06 18:20:48.319  1393  1843 I chatty  : uid=1000(system) InputDispatcher expire 19 lines
01-06 18:20:48.351  5629  5647 I KernelAdiutorPlugin: SU initialized
01-06 18:20:48.383  5654  5654 D su      : su invoked.
01-06 18:20:48.383  5654  5654 D su      : starting daemon client 10025 10025
01-06 18:20:48.389  5629  5649 I Adreno  : QUALCOMM build                   : 74df444, I409c65498b
01-06 18:20:48.389  5629  5649 I Adreno  : Build Date                       : 06/22/16
01-06 18:20:48.389  5629  5649 I Adreno  : OpenGL ES Shader Compiler Version: XE031.08.00.02
01-06 18:20:48.389  5629  5649 I Adreno  : Local Branch                     : N16
01-06 18:20:48.389  5629  5649 I Adreno  : Remote Branch                    : 
01-06 18:20:48.389  5629  5649 I Adreno  : Remote Branch                    : 
01-06 18:20:48.389  5629  5649 I Adreno  : Reconstruct Branch               : 
01-06 18:20:48.390  5656  5656 D su      : remote pid: 5654
01-06 18:20:48.390  5656  5656 D su      : remote pts_slave: 
01-06 18:20:48.391  5656  5656 D su      : waiting for child exit
01-06 18:20:48.392  5658  5658 D su      : su invoked.
01-06 18:20:48.392  5658  5658 E su      : SU from: u0_a25
01-06 18:20:48.393  5658  5658 D su      : Checking whether app [uid:10025, pkgName: com.bhb27.kerneladiutor] is allowed to be root
01-06 18:20:48.396  2126  2126 I SuControllerImpl: Got change
01-06 18:20:48.397  5658  5658 D su      : Privilege elevation allowed by appops
01-06 18:20:48.397  5658  5658 D su      : Allowing via appops.
01-06 18:20:48.397  5658  5658 D su      : 10025 /system/bin/app_process32 executing 0 /system/bin/sh using binary /system/bin/sh : sh
01-06 18:20:48.397  5658  5658 D su      : Waiting for pid 5659.
01-06 18:20:48.399  5629  5649 I OpenGLRenderer: Initialized EGL, version 1.4
01-06 18:20:48.399  5629  5649 D OpenGLRenderer: Swap behavior 1
01-06 18:20:48.465  5629  5629 W art     : Before Android 4.1, method int android.support.v7.widget.ListViewCompat.lookForSelectablePosition(int, boolean) would have incorrectly overridden the package-private method in android.widget.ListView
01-06 18:20:48.523  5665  5665 I getprop : type=1400 audit(0.0:33): avc: denied { open } for uid=0 path="/dev/__properties__/u:object_r:adspd_prop:s0" dev="tmpfs" ino=10248 scontext=u:r:sudaemon:s0 tcontext=u:object_r:adspd_prop:s0 tclass=file permissive=1
01-06 18:20:48.523  5665  5665 I getprop : type=1400 audit(0.0:34): avc: denied { getattr } for uid=0 path="/dev/__properties__/u:object_r:adspd_prop:s0" dev="tmpfs" ino=10248 scontext=u:r:sudaemon:s0 tcontext=u:object_r:adspd_prop:s0 tclass=file permissive=1
01-06 18:20:48.523  5665  5665 I getprop : type=1400 audit(0.0:35): avc: denied { open } for uid=0 path="/dev/__properties__/u:object_r:rmtfs_prop:s0" dev="tmpfs" ino=10249 scontext=u:r:sudaemon:s0 tcontext=u:object_r:rmtfs_prop:s0 tclass=file permissive=1
01-06 18:20:48.523  5665  5665 I getprop : type=1400 audit(0.0:36): avc: denied { getattr } for uid=0 path="/dev/__properties__/u:object_r:rmtfs_prop:s0" dev="tmpfs" ino=10249 scontext=u:r:sudaemon:s0 tcontext=u:object_r:rmtfs_prop:s0 tclass=file permissive=1
01-06 18:20:48.523  5665  5665 I getprop : type=1400 audit(0.0:37): avc: denied { open } for uid=0 path="/dev/__properties__/u:object_r:sys_usb_tethering_prop:s0" dev="tmpfs" ino=10266 scontext=u:r:sudaemon:s0 tcontext=u:object_r:sys_usb_tethering_prop:s0 tclass=file permissive=1
01-06 18:20:48.523  5665  5665 I getprop : type=1400 audit(0.0:38): avc: denied { getattr } for uid=0 path="/dev/__properties__/u:object_r:sys_usb_tethering_prop:s0" dev="tmpfs" ino=10266 scontext=u:r:sudaemon:s0 tcontext=u:object_r:sys_usb_tethering_prop:s0 tclass=file permissive=1
01-06 18:20:48.523  5665  5665 I getprop : type=1400 audit(0.0:39): avc: denied { open } for uid=0 path="/dev/__properties__/u:object_r:spcomlib_prop:s0" dev="tmpfs" ino=10276 scontext=u:r:sudaemon:s0 tcontext=u:object_r:spcomlib_prop:s0 tclass=file permissive=1
01-06 18:20:48.523  5665  5665 I getprop : type=1400 audit(0.0:40): avc: denied { getattr } for uid=0 path="/dev/__properties__/u:object_r:spcomlib_prop:s0" dev="tmpfs" ino=10276 scontext=u:r:sudaemon:s0 tcontext=u:object_r:spcomlib_prop:s0 tclass=file permissive=1
01-06 18:20:48.541  3020  3020 D PerAppMonitor: Package Name is com.bhb27.kerneladiutor
01-06 18:20:48.551  3020  3020 I iSu     : ISU initialized
01-06 18:20:48.552  3020  3020 E iSu     : Failed to run shell as isu
01-06 18:20:48.553  3020  3020 E iSu     : catch NullPointerException running as iSu
01-06 18:20:48.695  3020  3020 D PerAppMonitor: Package Name is com.teslacoilsw.launcher
01-06 18:20:48.700  3020  3020 D PerAppMonitor: Profile does not exist. Using Default
01-06 18:20:48.880  5629  5629 I Kernel Adiutor: Opening KernelInformationFragment
01-06 18:20:48.900  2292  2292 D wpa_supplicant: wlan0: Control interface command 'SIGNAL_POLL'
01-06 18:20:48.902  2292  2292 D wpa_supplicant: CTRL-DEBUG: global_ctrl_sock-sendto: sock=9 sndbuf=163840 outq=0 send_len=48
01-06 18:20:50.336  1393  1867 I chatty  : uid=1000(system) NetworkStats expire 10 lines
01-06 18:20:50.455  3020  3020 D PerAppMonitor: Package Name is com.bhb27.kerneladiutor
01-06 18:20:50.492  3020  3020 I iSu     : ISU initialized
01-06 18:20:50.495  3020  3020 E iSu     : Failed to run shell as isu
01-06 18:20:50.496  3020  3020 E iSu     : catch NullPointerException running as iSu
01-06 18:20:50.712  5629  5634 I art     : Do partial code cache collection, code=21KB, data=30KB
01-06 18:20:50.713  5629  5634 I art     : After code cache collection, code=19KB, data=28KB
01-06 18:20:50.713  5629  5634 I art     : Increasing code cache capacity to 128KB
01-06 18:20:51.568   425   589 I ThermalEngine: Sensor:/sys/class/power_supply/battery/capacity:29 mC
01-06 18:20:51.633  5629  5629 I Kernel Adiutor: Opening ThermalFragment
01-06 18:20:51.677  5629  5634 I art     : Do partial code cache collection, code=42KB, data=56KB
01-06 18:20:51.677  5629  5634 I art     : After code cache collection, code=42KB, data=56KB
01-06 18:20:51.677  5629  5634 I art     : Increasing code cache capacity to 256KB
01-06 18:20:51.907  2292  2292 D wpa_supplicant: wlan0: Control interface command 'SIGNAL_POLL'
01-06 18:20:51.908  2292  2292 D wpa_supplicant: CTRL-DEBUG: global_ctrl_sock-sendto: sock=9 sndbuf=163840 outq=0 send_len=48
01-06 18:20:51.980  2292  2292 D wpa_supplicant: nl80211: Event message available
01-06 18:20:51.980  2292  2292 D wpa_supplicant: nl80211: Ignored event (cmd=34) for foreign interface (ifindex 24 wdev 0x0)
01-06 18:20:51.980  2292  2292 D wpa_supplicant: nl80211: Drv Event 34 (NL80211_CMD_NEW_SCAN_RESULTS) received for wlan0
01-06 18:20:51.980  2292  2292 D wpa_supplicant: wlan0: nl80211: New scan results available
01-06 18:20:51.980  2292  2292 D wpa_supplicant: nl80211: Scan included frequencies: 2412 2417 2422 2427 2432 2437 2442 2447 2452 2457 2462 2467 2472 5180 5200 5220 5240 5260 5280 5300 5320 5500 5520 5540 5560 5580 5600 5620 5640 5660 5680 5700 5745 5765 5785 5805 5825
01-06 18:20:51.980  2292  2292 D wpa_supplicant: wlan0: Event SCAN_RESULTS (3) received
01-06 18:20:51.980  2292  2292 D wpa_supplicant: wlan0: Scan completed in 7.728692 seconds
01-06 18:20:51.980  2292  2292 D wpa_supplicant: nl80211: Associated on 2447 MHz
01-06 18:20:51.980  2292  2292 D wpa_supplicant: nl80211: Associated with 30:b5:c2:94:3d:c0
01-06 18:20:51.980  2292  2292 D wpa_supplicant: nl80211: Received scan results (2 BSSes)
01-06 18:20:51.980  2292  2292 D wpa_supplicant: nl80211: Scan results indicate BSS status with 30:b5:c2:94:3d:c0 as associated
01-06 18:20:51.980  2292  2292 D wpa_supplicant: wlan0: BSS: Start scan result update 22
01-06 18:20:51.981  2292  2292 D wpa_supplicant: wlan0: BSS: Add new id 2 BSSID 2e:76:8a:8c:b1:a3 SSID 'DIRECT-FODESKTOP-5U3SDUEmsHY' freq 2447
01-06 18:20:51.981  2292  2292 D wpa_supplicant: CTRL-DEBUG: ctrl_sock-sendmsg: sock=9 sndbuf=163840 outq=0 send_len=40
01-06 18:20:51.981  2292  2292 D wpa_supplicant: CTRL_IFACE monitor sent successfully to /data/misc/wifi/sockets/wpa_ctrl_488-2\x00
01-06 18:20:51.981  2292  2292 D wpa_supplicant: CTRL-DEBUG: ctrl_sock-sendmsg: sock=9 sndbuf=163840 outq=448 send_len=40
01-06 18:20:51.981  2292  2292 D wpa_supplicant: CTRL_IFACE monitor sent successfully to /data/misc/wifi/sockets/wpa_ctrl_1393-3\x00
01-06 18:20:51.981  2292  2292 D wpa_supplicant: BSS: last_scan_res_used=2/32
01-06 18:20:51.981  2292  2292 D wpa_supplicant: wlan0: Scan-only results received
01-06 18:20:51.981  2292  2292 D wpa_supplicant: CTRL-DEBUG: ctrl_sock-sendmsg: sock=9 sndbuf=163840 outq=896 send_len=24
01-06 18:20:51.981  2292  2292 D wpa_supplicant: CTRL_IFACE monitor sent successfully to /data/misc/wifi/sockets/wpa_ctrl_488-2\x00
01-06 18:20:51.981  2292  2292 D wpa_supplicant: CTRL-DEBUG: ctrl_sock-sendmsg: sock=9 sndbuf=163840 outq=896 send_len=24
01-06 18:20:51.981  2292  2292 D wpa_supplicant: CTRL_IFACE monitor sent successfully to /data/misc/wifi/sockets/wpa_ctrl_1393-3\x00
01-06 18:20:51.981  2292  2292 D wpa_supplicant: wlan0: Radio work 'scan'@0xb67a0300 done in 7.732551 seconds
01-06 18:20:51.981  2292  2292 D wpa_supplicant: wlan0: radio_work_free('scan'@0xb67a0300: num_active_works --> 0
01-06 18:20:51.983  2292  2292 D wpa_supplicant: WPS: Unknown Vendor Extension (Vendor ID 9442)
01-06 18:20:51.983  2292  2292 D wpa_supplicant: WPS: Unknown Vendor Extension (Vendor ID 9442)
01-06 18:20:51.983  2292  2292 D wpa_supplicant: WPS: Unknown Vendor Extension (Vendor ID 9442)
01-06 18:20:51.984  2292  2292 D wpa_supplicant: CTRL-DEBUG: global_ctrl_sock-sendto: sock=9 sndbuf=163840 outq=0 send_len=1799
01-06 18:20:51.985  2292  2292 D wpa_supplicant: WPS: Unknown Vendor Extension (Vendor ID 9442)
01-06 18:20:51.985  2292  2292 D wpa_supplicant: WPS: Unknown Vendor Extension (Vendor ID 9442)
01-06 18:20:51.985  2292  2292 D wpa_supplicant: WPS: Unknown Vendor Extension (Vendor ID 9442)
01-06 18:20:51.986  2292  2292 D wpa_supplicant: CTRL-DEBUG: global_ctrl_sock-sendto: sock=9 sndbuf=163840 outq=0 send_len=1799
01-06 18:20:51.995  2292  2292 D wpa_supplicant: CTRL-DEBUG: global_ctrl_sock-sendto: sock=9 sndbuf=163840 outq=0 send_len=0
01-06 18:20:51.996  2292  2292 D wpa_supplicant: CTRL-DEBUG: global_ctrl_sock-sendto: sock=9 sndbuf=163840 outq=0 send_len=0
01-06 18:20:52.149  3020  3020 D PerAppMonitor: Package Name is com.bhb27.kerneladiutor
01-06 18:20:52.165  3020  3020 I iSu     : ISU initialized
01-06 18:20:52.168  3020  3020 E iSu     : Failed to run shell as isu
01-06 18:20:52.169  3020  3020 E iSu     : catch NullPointerException running as iSu
01-06 18:20:52.554   425   585 I ThermalEngine: Sensor:chg_therm:33000 mC
01-06 18:20:53.002  5629  5716 I Kernel Adiutor: Run command: echo Y > /sys/module/msm_thermal/parameters/enabled
01-06 18:20:53.119  5629  5629 I Kernel Adiutor: Opening ThermalFragment
01-06 18:20:53.234   379   379 E Layer   : [Toast] rejecting buffer: bufWidth=1019, bufHeight=315, front.active.{w=1, h=1}
01-06 18:20:53.473  5629  5634 I art     : Compiler allocated 4MB to compile void com.grarak.kerneladiutor.fragments.kernel.ThermalFragment.thermalInit()
01-06 18:20:54.472  3020  3020 D PerAppMonitor: Package Name is com.bhb27.kerneladiutor
01-06 18:20:54.499  3020  3020 I iSu     : ISU initialized
01-06 18:20:54.506  3020  3020 E iSu     : Failed to run shell as isu
01-06 18:20:54.506  3020  3020 E iSu     : catch NullPointerException running as iSu
