01-06 17:56:28.364   466  4648 E QCameraParameters: int32_t qcamera::QCameraParameters::setPreviewFpsRange(const qcamera::QCameraParameters&): No change in FpsRange
01-06 17:56:28.364   466  4648 D QCameraParameters: int32_t qcamera::QCameraParameters::setFocusMode(const char*): Setting focus mode continuous-picture
01-06 17:56:28.364   466  4648 D QCameraParameters: int32_t qcamera::QCameraParameters::setSceneMode(const qcamera::QCameraParameters&): str - hdr, prev_str - auto
01-06 17:56:28.364   466  4648 I QCameraParameters: int32_t qcamera::QCameraParameters::setSceneMode(const qcamera::QCameraParameters&): S/W HDR Enabled
01-06 17:56:28.364   466  4648 D QCameraParameters: int32_t qcamera::QCameraParameters::setSceneMode(const qcamera::QCameraParameters&): scene mode changed between HDR and non-HDR, need restart
01-06 17:56:28.364   466  4648 E QCameraParameters: int32_t qcamera::QCameraParameters::setSceneMode(const char*): Setting SceneMode hdr
01-06 17:56:28.364   466  4648 D QCameraParameters: int32_t qcamera::QCameraParameters::setAutoHDR(const qcamera::QCameraParameters&) : Auto HDR set to: disable
01-06 17:56:28.364   466  4648 I QCameraParameters: int32_t qcamera::QCameraParameters::setWaveletDenoise(const char*): Denoise enable=0, plates=0
01-06 17:56:28.364   466  4648 D QCameraParameters: int32_t qcamera::QCameraParameters::setAFBracket(const qcamera::QCameraParameters&): AF Bracketing is not supported
01-06 17:56:28.364   466  4648 D QCameraParameters: int32_t qcamera::QCameraParameters::setChromaFlash(const qcamera::QCameraParameters&): Chroma Flash is not supported
01-06 17:56:28.365   466  4648 D QCameraParameters: int32_t qcamera::QCameraParameters::setOptiZoom(const qcamera::QCameraParameters&): Opti Zoom is not supported
01-06 17:56:28.365   466  4648 D QCameraParameters: int32_t qcamera::QCameraParameters::setBurstNum(const qcamera::QCameraParameters&): [ZSL Retro] m_nBurstNum = 1
01-06 17:56:28.365   466  4648 D QCameraParameters: int32_t qcamera::QCameraParameters::setBurstLEDOnPeriod(const qcamera::QCameraParameters&): Burst LED on period  100
01-06 17:56:28.365   466  4648 D QCameraParameters: int32_t qcamera::QCameraParameters::setRetroActiveBurstNum(const qcamera::QCameraParameters&):[ZSL Retro] m_nRetroBurstNum = 0
01-06 17:56:28.365   466  4648 D QCameraParameters: int32_t qcamera::QCameraParameters::setRetroActiveBurstNum(const qcamera::QCameraParameters&): [ZSL Retro] m_nRetroBurstNum = 0
01-06 17:56:28.365   466  4648 D QCameraParameters: int32_t qcamera::QCameraParameters::setLA(const char*): Setting LA value off 0
01-06 17:56:28.365   466  4648 D QCameraParameters: int32_t qcamera::QCameraParameters::setEffect(const char*): Setting effect none
01-06 17:56:28.365   466  4648 I QCameraParameters: int32_t qcamera::QCameraParameters::setLiveSnapshotSize(const qcamera::QCameraParameters&): live snapshot size 2560 x 1440
01-06 17:56:28.365   466  4648 E QCameraParameters: int32_t qcamera::QCameraParameters::setStatsDebugMask(): ctrl mask :0
01-06 17:56:28.365   466  4648 E QCameraParameters: int32_t qcamera::QCameraParameters::setPAAF(): PAAF is: ON
01-06 17:56:28.365   466  4648 D QCameraParameters: int32_t qcamera::QCameraParameters::setNumOfSnapshot(): nBurstNum = 1, nExpnum = 1
01-06 17:56:28.366   466   466 I QCameraHalWatchdog: Stopped Watchdog Thread...
01-06 17:56:28.367   466  4648 I QCamera2HWI: getParameters all
01-06 17:56:28.389   466  2232 I QCameraHalWatchdog: Starting Watchdog Thread...
01-06 17:56:28.389   466  2232 I QCameraHalWatchdog: Stopped Watchdog Thread...
01-06 17:56:28.389   466  2232 I QCameraHalWatchdog: Starting Watchdog Thread...
01-06 17:56:28.389   466  2232 E QCamera2HWI: [KPI Perf] static int qcamera::QCamera2HardwareInterface::start_preview(camera_device*): E PROFILE_START_PREVIEW
01-06 17:56:28.390   466  4648 E QCameraHWI_Mem: int qcamera::QCameraMemory::alloc(int, int, int, uint32_t) : No memory pool available
01-06 17:56:28.391   466  4648 D QCamera2HWI: virtual qcamera::QCameraHeapMemory* qcamera::QCamera2HardwareInterface::allocateStreamInfoBuf(cam_stream_type_t): Stream type 7 is secure: 0
01-06 17:56:28.392   466  4648 E QCameraHWI_Mem: int qcamera::QCameraMemory::alloc(int, int, int, uint32_t) : No memory pool available
01-06 17:56:28.392   466  4648 D QCamera2HWI: virtual qcamera::QCameraHeapMemory* qcamera::QCamera2HardwareInterface::allocateStreamInfoBuf(cam_stream_type_t): Stream type 1 is secure: 0
01-06 17:56:28.393   483  4677 I mm-camera: mct_stream_start_link: Starting Preview stream linking
01-06 17:56:28.393   483  4677 I mm-camera: mct_stream_start_link: non secure stream linking 
01-06 17:56:28.393   483  4677 I mm-camera-sensor: port_sensor_caps_reserve:129 ide 20002 stream type 1 w*h 1920*1080
01-06 17:56:28.393   483  4677 E mm-camera: iface_reserve_sink_port: security mode :0
01-06 17:56:28.393   483  4677 E mm-camera: mct_list_find_custom_lock: mct_list null
01-06 17:56:28.393   483  4677 E mm-camera: mct_list_find_custom_lock: mct_list null
01-06 17:56:28.394   483  4677 E mm-camera: mct_list_find_custom_lock: mct_list null
01-06 17:56:28.394   483  4677 E mm-camera: mct_list_find_custom_lock: mct_list null
01-06 17:56:28.394   483  4677 D MotISP_VSTAB: MotISP_VSTAB created
01-06 17:56:28.394   483  4677 D mm-camera: VSTAB sink port width is 1920x1080 for stream 1
01-06 17:56:28.394   483  4677 E mm-camera: mct_list_find_custom_lock: mct_list null
01-06 17:56:28.394   483  4677 E mm-camera: mct_list_find_custom_lock: mct_list null
01-06 17:56:28.394   483  4677 E mm-camera: module_afs_port_check_caps_reserve:1254] acquire port
01-06 17:56:28.394   483  4677 E mm-camera: int_link = 0xb3cf7500
01-06 17:56:28.394   483  4677 E mm-camera: module_afs_port_check_caps_reserve:1254] acquire port
01-06 17:56:28.394   483  4677 E mm-camera: cpp_module_notify_add_stream:1529, info: success, identity=0x20002
01-06 17:56:28.394   483  4677 E mm-camera: c2d_port_check_caps_reserve:77, identity=0x20002
01-06 17:56:28.398   483  4677 E mm-camera: c2d_module_notify_add_stream:1279, info: success, identity=0x20002
01-06 17:56:28.398   483  4677 E mm-camera: c2d_port_check_caps_reserve:77, identity=0x20002
01-06 17:56:28.410   483  4677 D SensorListener: void android::SensorListener::enableSensor(android::SensorListener::sensor_type_t): SensorEventQueue enableSensor(TYPE_DISPLAY_ROTATE)
01-06 17:56:28.411   483  4677 D mm-camera: module_faceproc_client_create:1200] Face proc feature mask e 0
01-06 17:56:28.412   483  4701 D SensorListener: int android::sensor_events_listener(int, int, void*): SensorEventQueue TYPE_DISPLAY_ROTATE read(vector.x=0), orient=90
01-06 17:56:28.412   483  4677 E mm-camera: mct_list_find_custom_lock: mct_list null
01-06 17:56:28.412   483  4677 E mm-camera: mct_list_find_custom_lock: mct_list null
01-06 17:56:28.415   483  4677 E mm-camera: cpp_hw_params_asf_interpolate_1_6_x:4349, error: failed: chromatix NULL, using default params
01-06 17:56:28.416   483  4677 E mm-camera: cpp_hw_params_asf_interpolate_1_6_x:4349, error: failed: chromatix NULL, using default params
01-06 17:56:28.418   483  4677 E mm-camera: iface_util_set_hfr: can't find hw stream, only save hfr mode
01-06 17:56:28.418   483  4677 E mm-camera: iface_util_set_cds_mode: <cds_dbg> set HAL CDS mode = 2
01-06 17:56:28.418   483  4677 I mm-camera-sensor: sensor_get_output_dimension:3586 requested dim 1920 1080 stream mask 2
01-06 17:56:28.418   483  4677 I mm-camera-sensor: sensor_pick_resolution_v1:1652 Enter
01-06 17:56:28.418   483  4677 I mm-camera-sensor: sensor_pick_resolution_v1:1671 Height 1080 Width 1920
01-06 17:56:28.419   483  4677 I mm-camera-sensor: sensor_pick_resolution_v1:1860 pick res 2
01-06 17:56:28.419   483  4677 I mm-camera-sensor: sensor_pick_resolution_v1:1899 Exit
01-06 17:56:28.419   483  4677 I mm-camera-sensor: sensor_get_output_dimension:3615 pick res 2 dim 2624 1476
01-06 17:56:28.426   466  4648 D QCamera2HWI: int qcamera::QCamera2HardwareInterface::startPreview(): E
01-06 17:56:28.426   483  4677 I mm-camera: mct_stream_start_link: Starting meta stream linking: do nothing 
01-06 17:56:28.426   466  4648 E mm-camera-intf: mm_stream_get_v4l2_fmt: Unknown fmt=78
01-06 17:56:28.427   466  4648 E mm-camera-intf: mm_stream_request_buf: buf_num = 7, stream type = 7
01-06 17:56:28.432   483  4677 I mm-camera: mct_pipeline_process_set: stream_type = 7, streamid 1
01-06 17:56:28.433   466  4648 E QCameraParameters: int qcamera::QCameraParameters::getPreviewHalPixelFormat() const: format 17
01-06 17:56:28.434   466  4648 D QCameraHWI_Mem: virtual int qcamera::QCameraGrallocMemory::allocate(int, int, uint32_t): usage = 1073872896, geometry: 0xb23c40b0, 1920, 1080, 1920, 1080, 17
01-06 17:56:28.450   466  4648 E mm-camera-intf: mm_stream_request_buf: buf_num = 8, stream type = 1
01-06 17:56:28.452   483  4677 I mm-camera: mct_pipeline_process_set: stream_type = 1, streamid 2
01-06 17:56:28.452   483  4677 I mm-camera-sensor: module_sensor_stream_on:2220 ide 20002 SENSOR_START_STREAM
01-06 17:56:28.452   483  4677 D mm-camera-sensor: imx220_get_cal_info: product value: 0x2203, sensor version: 0xffff, infinity pos: 360, macro pos: 723
01-06 17:56:28.453   483  4677 I mm-camera-sensor: modules_sensor_set_new_resolution:1684 SENSOR_SET_RESOLUTION 1920*1080 mask 2
01-06 17:56:28.453   483  4677 I mm-camera-sensor: sensor_set_resolution:2006 Requested width 1920, height 1080
01-06 17:56:28.453   483  4677 I mm-camera-sensor: sensor_set_resolution:2008 Requested stream mask 2 hfr mode 0 Cur fps 30.000000
01-06 17:56:28.453   483  4677 I mm-camera-sensor: sensor_pick_resolution_v1:1652 Enter
01-06 17:56:28.453   483  4677 I mm-camera-sensor: sensor_pick_resolution_v1:1671 Height 1080 Width 1920
01-06 17:56:28.453   483  4677 I mm-camera-sensor: sensor_pick_resolution_v1:1860 pick res 2
01-06 17:56:28.453   483  4677 I mm-camera-sensor: sensor_pick_resolution_v1:1899 Exit
01-06 17:56:28.453   483  4677 I mm-camera-sensor: sensor_set_resolution:2025 Curr Res ID 8 New Res ID 2 New FPS 30.000000
01-06 17:56:28.467  1393  3040 I ActivityManager: Setting hasTopUi=false for pid=2126
01-06 17:56:28.470   483  4677 E mm-camera-isp2: ltm44_set_frame_skip:1664 frame_skip 1
01-06 17:56:28.470   483  4703 E mm-camera-CORE: af_get_params: Focus is not initialized yet
01-06 17:56:28.470   483  4677 E mm-camera-isp2: scaler44_handle_isp_private_event:1217 failed: invalid private event 16
01-06 17:56:28.470   483  4703 E mm-camera-CORE: af_get_params: Focus is not initialized yet
01-06 17:56:28.470   483  4677 E mm-camera-isp2: isp_resource_iface_request_output_resource:752 split info: is_split = 0, stripe id = 0, stripe_offset = 0
01-06 17:56:28.470   483  4677 E mm-camera-isp2: isp_resource_iface_request_output_resource:755 split info: left_output = 0, right_output = 0
01-06 17:56:28.470   483  4677 D mm-camera: module_video_stabilizer_port_event_func:917 VSTAB GOT PP_DIVERT 1, buf_alignment 0
01-06 17:56:28.470   483  4677 E mm-camera: iface_util_set_hw_stream_cfg: user_stream->use_pix 1
01-06 17:56:28.470   483  4677 D mm-camera: module_faceproc_port_event_func:826] MCT_EVENT_MODULE_ISP_OUTPUT_DIM stream info 1920x1080 identity 20002 20002
01-06 17:56:28.471   483  4677 E mm-camera: iface_util_fmt_to_pix_pattern: format 31
01-06 17:56:28.471   483  4677 E mm-camera: iface_util_io_cfg: <dual_dbg> single vfe Camif
01-06 17:56:28.478   483  4677 E mm-camera-sensor: chromatix_load_library:50 libchromatix_imx220_snapshot.so
01-06 17:56:28.479   483  4677 E mm-camera-sensor: chromatix_load_library:50 libchromatix_imx220_preview.so
01-06 17:56:28.480   483  4677 E mm-camera-sensor: chromatix_load_library:50 libchromatix_imx220_preview_cpp.so
01-06 17:56:28.482   483  4677 E mm-camera-sensor: chromatix_load_library:50 libchromatix_imx220_common.so
01-06 17:56:28.483   483  4677 E mm-camera-sensor: actuator_load_lib:807 name=rohm_bu64296gwx, mode=camera
01-06 17:56:28.483   483  4677 I mm-camera-sensor: actuator_load_lib:844 library libactuator_rohm_bu64296gwx.so successfully loaded, idx=0
01-06 17:56:28.484   483  4677 I mm-camera-sensor: actuator_load_lib:883 library libactuator_rohm_bu64296gwx_camera.so successfully loaded, idx=0
01-06 17:56:28.484   483  4677 E mm-camera-sensor: af_actuator_load_params:641 E
01-06 17:56:28.484   483  4677 E mm-camera-sensor: af_actuator_load_params:641 E
01-06 17:56:28.485   483  4677 E mm-camera-isp2: gamma44_init_config:1191 gamma table outdoor
01-06 17:56:28.486   483  4702 E mm-camera-CORE: invalid best shot mode, ignored
01-06 17:56:28.487   483  4702 D mm-camera-CORE: aec_set_parameters: dc_offset: aec->auto_dc_offset_disabled = 0
01-06 17:56:28.487   483  4702 D mm-camera-CORE: aec_set_parameters: dc_offset: manual_dc_offset = 0
01-06 17:56:28.487   483  4703 E mm-camera-CORE: af_get_params: Focus is not initialized yet
01-06 17:56:28.487   483  4703 E mm-camera-CORE: af_get_params: Focus is not initialized yet
01-06 17:56:28.487   483  4703 E mm-camera-CORE: af_get_params: Focus is not initialized yet
01-06 17:56:28.487   483  4703 E mm-camera-CORE: mot_af_deinit: E
01-06 17:56:28.488   483  4702 E mm-camera-CORE: invalid best shot mode, ignored
01-06 17:56:28.491   483  4703 E mm-camera-CORE: af_set_parameters: Unsupported parameter:38
01-06 17:56:28.491   483  4677 E mm-camera-isp2: isp_util_get_isp_version:421 isp version 2883585
01-06 17:56:28.491   483  4677 E mm-camera-isp2: isp_send_stats_types:447 isp version 44 af_kernel_size 2
01-06 17:56:28.491   483  4702 D mm-camera-CORE: aec_set_parameters: dc_offset: aec->auto_dc_offset_disabled = 0
01-06 17:56:28.491   483  4702 D mm-camera-CORE: aec_set_parameters: dc_offset: manual_dc_offset = 0
01-06 17:56:28.492   483  4677 E mm-camera-isp2: demosaic44_streamon:567 
01-06 17:56:28.493   483  4677 D MotISP_VSTAB: setup done for res of 1920x1080
01-06 17:56:28.515   483  4677 D mm-camera: module_faceproc_port_event_func:662] FD_STREAMON 0 id 20002
01-06 17:56:28.515   483  4677 D mm-camera-img: faceproc_comp_set_param:156] Set chromatix in state 1
01-06 17:56:28.515   483  4677 E mm-camera-img: faceproc_comp_eng_config Face Album FILE EXISTS
01-06 17:56:28.515   483  4677 E mm-camera: c2d_module_handle_streamon_event:1402, identity=0x20002, stream-on done
01-06 17:56:28.516   483  4677 E mm-camera: cpp_module_handle_streamon_event:2594, identity=0x20002, stream-on done
01-06 17:56:28.516   483  4677 E mm-camera: cpp_hw_params_update_asf_params_1_6_x:4155, info: using default asf params, asf_en=1, trig_in=0.000000
01-06 17:56:28.517   483  4677 E mm-camera-isp2: chroma_enhan40_trigger_update_awb:1291 failed: mod->color_temp = 0, return FALSE!
01-06 17:56:28.517   483  4677 E mm-camera-isp2: isp_pipeline44_create_module_cfg_mask:526 invalid module id 14
01-06 17:56:28.517   483  4677 E mm-camera-isp2: isp_pipeline44_create_module_cfg_mask:526 invalid module id 30
01-06 17:56:28.524   483  4654 E mm-camera: iface_util_decide_hw_streams: num_user_streams 1 num_hw_streams 1
01-06 17:56:28.526   483  4677 E mm-camera-sensor: sensor_set_exposure:245 Invalid input parameters: real_gain=0.000000 line_count=0
01-06 17:56:28.526   483  4677 I mm-camera-sensor: module_sensor_stream_on:2649 ide 20002 SENSOR_START_STREAM
01-06 17:56:28.527   483  4677 E mm-camera-sensor: module_sensor_stream_on: Sending start bus message
01-06 17:56:28.527   483  4677 E mm-camera: start_sof_check_thread: Starting SOF timeout thread
01-06 17:56:28.527   483  4677 E mm-camera-sensor: port_sensor_handle_upstream_module_event:649 Reset previously set LED state!
01-06 17:56:28.527   483  4677 I AEC_PORT: aec_port_proc_downstream_event: Received LED state timeout. Reset LED state!
01-06 17:56:28.528   466  4719 E QCamera2HWI: memFetcherThread: start mem fetcher thread
01-06 17:56:28.528   466  4719 E QCameraHWI_Mem: int qcamera::QCameraMemory::alloc(int, int, int, uint32_t) : No memory pool available
01-06 17:56:28.528   483  4677 D mm-camera-sensor: imx220_get_cal_info: product value: 0x2203, sensor version: 0xffff, infinity pos: 360, macro pos: 723
01-06 17:56:28.528   466  4648 D QCamera2HWI: int qcamera::QCamera2HardwareInterface::startPreview(): X
01-06 17:56:28.528   466  2232 D QCamera2HWI: [KPI Perf] static int qcamera::QCamera2HardwareInterface::start_preview(camera_device*): X
01-06 17:56:28.528   466  2232 I QCameraHalWatchdog: Stopped Watchdog Thread...
01-06 17:56:28.529   466  4719 E QCameraHWI_Mem: int qcamera::QCameraMemory::alloc(int, int, int, uint32_t) : No memory pool available
01-06 17:56:28.529   466  4719 E QCameraHWI_Mem: int qcamera::QCameraMemory::alloc(int, int, int, uint32_t) : No memory pool available
01-06 17:56:28.529   466  4719 E QCameraHWI_Mem: int qcamera::QCameraMemory::alloc(int, int, int, uint32_t) : No memory pool available
01-06 17:56:28.529   466  4719 E QCameraHWI_Mem: int qcamera::QCameraMemory::alloc(int, int, int, uint32_t) : No memory pool available
01-06 17:56:28.529   466  4719 E QCameraHWI_Mem: int qcamera::QCameraMemory::alloc(int, int, int, uint32_t) : No memory pool available
01-06 17:56:28.529   466  4719 E QCameraHWI_Mem: int qcamera::QCameraMemory::alloc(int, int, int, uint32_t) : No memory pool available
01-06 17:56:28.529   466  4719 E QCameraHWI_Mem: int qcamera::QCameraMemory::alloc(int, int, int, uint32_t) : No memory pool available
01-06 17:56:28.561   483  4658 E mm-camera-isp2: isp_pipeline44_create_module_cfg_mask:526 invalid module id 14
01-06 17:56:28.561   483  4658 E mm-camera-isp2: isp_pipeline44_create_module_cfg_mask:526 invalid module id 30
01-06 17:56:28.563   466  4648 D QCamera2HWI: int32_t qcamera::QCamera2HardwareInterface::processFaceDetectionResult(cam_face_detection_data_t*): FaceDetection not enabled, no ops here
01-06 17:56:28.563   466  4648 D QCamera2HWI: int32_t qcamera::QCamera2HardwareInterface::processAutoFocusEvent(cam_auto_focus_data_t&): E CAM_AF_SCANNING
01-06 17:56:28.563   466  4648 D QCamera2HWI: int32_t qcamera::QCamera2HardwareInterface::processAutoFocusEvent(cam_auto_focus_data_t&): X
01-06 17:56:28.563   466  4688 E QCamera2HWI: static void* qcamera::QCameraCbNotifier::cbNotifyRoutine(void*) : cb message type 32768 not enabled!
01-06 17:56:28.590  4615  4724 D MotStorage: emulated
01-06 17:56:28.590  4615  4724 D MotStorage: self
01-06 17:56:28.595   483  4657 E mm-camera-isp2: port_scaler44_handle_cds_request:133 CDS request go over scaler hw limit, give up!! ret = FALSE
01-06 17:56:28.595   483  4657 E mm-camera-isp2: port_scaler44_process_downstream_module_event:572 failed: port_scaler44_handle_cds_request
01-06 17:56:28.595   483  4657 E mm-camera-isp2: port_scaler44_process_downstream_event:667 failed: port_scaler44_process_downstream_module_event
01-06 17:56:28.596   483  4657 E mm-camera-isp2: port_scaler44_event:780 failed: port_scaler44_process_downstream_event
01-06 17:56:28.596   483  4657 E mm-camera-isp2: isp_sub_module_util_forward_event_from_port:674 failed: mct_port_send_event_to_peer event 18
01-06 17:56:28.596   483  4657 E mm-camera-isp2: isp_sub_module_port_process_downstream_module_event:945 failed: mct event 18 int event 9
01-06 17:56:28.596   483  4657 E mm-camera-isp2: isp_sub_module_port_process_downstream_event:990 failed: isp_sub_module_port_process_downstream_module_event
01-06 17:56:28.596   483  4657 E mm-camera-isp2: isp_sub_module_port_event:1131 failed: isp_sub_module_port_process_downstream_event
01-06 17:56:28.596   483  4657 E mm-camera-isp2: isp_sub_module_util_forward_event_from_port:674 failed: mct_port_send_event_to_peer event 18
01-06 17:56:28.596   483  4657 E mm-camera-isp2: isp_sub_module_port_process_downstream_module_event:945 failed: mct event 18 int event 9
01-06 17:56:28.596   483  4657 E mm-camera-isp2: isp_sub_module_port_process_downstream_event:990 failed: isp_sub_module_port_process_downstream_module_event
01-06 17:56:28.596   483  4657 E mm-camera-isp2: isp_sub_module_port_event:1131 failed: isp_sub_module_port_process_downstream_event
01-06 17:56:28.596   483  4657 E mm-camera-isp2: isp_sub_module_util_forward_event_from_port:674 failed: mct_port_send_event_to_peer event 18
01-06 17:56:28.596   483  4657 E mm-camera-isp2: isp_sub_module_port_process_downstream_module_event:945 failed: mct event 18 int event 9
01-06 17:56:28.596   483  4657 E mm-camera-isp2: isp_sub_module_port_process_downstream_event:990 failed: isp_sub_module_port_process_downstream_module_event
01-06 17:56:28.596   483  4657 E mm-camera-isp2: isp_sub_module_port_event:1131 failed: isp_sub_module_port_process_downstream_event
01-06 17:56:28.596   483  4657 E mm-camera-isp2: isp_sub_module_util_forward_event_from_port:674 failed: mct_port_send_event_to_peer event 18
01-06 17:56:28.597   483  4657 E mm-camera-isp2: isp_sub_module_port_process_downstream_module_event:945 failed: mct event 18 int event 9
01-06 17:56:28.597   483  4657 E mm-camera-isp2: isp_sub_module_port_process_downstream_event:990 failed: isp_sub_module_port_process_downstream_module_event
01-06 17:56:28.597   483  4657 E mm-camera-isp2: isp_sub_module_port_event:1131 failed: isp_sub_module_port_process_downstream_event
01-06 17:56:28.597   483  4657 E mm-camera-isp2: isp_sub_module_util_forward_event_from_port:674 failed: mct_port_send_event_to_peer event 18
01-06 17:56:28.597   483  4657 E mm-camera-isp2: isp_sub_module_port_process_downstream_module_event:945 failed: mct event 18 int event 9
01-06 17:56:28.597   483  4657 E mm-camera-isp2: isp_sub_module_port_process_downstream_event:990 failed: isp_sub_module_port_process_downstream_module_event
01-06 17:56:28.597   483  4657 E mm-camera-isp2: isp_sub_module_port_event:1131 failed: isp_sub_module_port_process_downstream_event
01-06 17:56:28.597   483  4657 E mm-camera-isp2: isp_sub_module_util_forward_event_from_port:674 failed: mct_port_send_event_to_peer event 18
01-06 17:56:28.597   483  4657 E mm-camera-isp2: isp_sub_module_port_process_downstream_module_event:945 failed: mct event 18 int event 9
01-06 17:56:28.597   483  4657 E mm-camera-isp2: isp_sub_module_port_process_downstream_event:990 failed: isp_sub_module_port_process_downstream_module_event
01-06 17:56:28.597   483  4657 E mm-camera-isp2: isp_sub_module_port_event:1131 failed: isp_sub_module_port_process_downstream_event
01-06 17:56:28.597   483  4657 E mm-camera-isp2: isp_sub_module_util_forward_event_from_port:674 failed: mct_port_send_event_to_peer event 18
01-06 17:56:28.597   483  4657 E mm-camera-isp2: isp_sub_module_port_process_downstream_module_event:945 failed: mct event 18 int event 9
01-06 17:56:28.597   483  4657 E mm-camera-isp2: isp_sub_module_port_process_downstream_event:990 failed: isp_sub_module_port_process_downstream_module_event
01-06 17:56:28.597   483  4657 E mm-camera-isp2: isp_sub_module_port_event:1131 failed: isp_sub_module_port_process_downstream_event
01-06 17:56:28.597   483  4657 E mm-camera-isp2: isp_sub_module_util_forward_event_from_port:674 failed: mct_port_send_event_to_peer event 18
01-06 17:56:28.597   483  4657 E mm-camera-isp2: isp_sub_module_port_process_downstream_module_event:945 failed: mct event 18 int event 9
01-06 17:56:28.597   483  4657 E mm-camera-isp2: isp_sub_module_port_process_downstream_event:990 failed: isp_sub_module_port_process_downstream_module_event
01-06 17:56:28.597   483  4657 E mm-camera-isp2: isp_sub_module_port_event:1131 failed: isp_sub_module_port_process_downstream_event
01-06 17:56:28.597   483  4657 E mm-camera-isp2: isp_sub_module_util_forward_event_from_port:674 failed: mct_port_send_event_to_peer event 18
01-06 17:56:28.597   483  4657 E mm-camera-isp2: isp_sub_module_port_process_downstream_module_event:945 failed: mct event 18 int event 9
01-06 17:56:28.597   483  4657 E mm-camera-isp2: isp_sub_module_port_process_downstream_event:990 failed: isp_sub_module_port_process_downstream_module_event
01-06 17:56:28.597   483  4657 E mm-camera-isp2: isp_sub_module_port_event:1131 failed: isp_sub_module_port_process_downstream_event
01-06 17:56:28.597   483  4657 E mm-camera-isp2: isp_sub_module_util_forward_event_from_port:674 failed: mct_port_send_event_to_peer event 18
01-06 17:56:28.597   483  4657 E mm-camera-isp2: isp_sub_module_port_process_downstream_module_event:945 failed: mct event 18 int event 9
01-06 17:56:28.597   483  4657 E mm-camera-isp2: isp_sub_module_port_process_downstream_event:990 failed: isp_sub_module_port_process_downstream_module_event
01-06 17:56:28.597   483  4657 E mm-camera-isp2: isp_sub_module_port_event:1131 failed: isp_sub_module_port_process_downstream_event
01-06 17:56:28.597   483  4657 E mm-camera-isp2: isp_sub_module_util_forward_event_from_port:674 failed: mct_port_send_event_to_peer event 18
01-06 17:56:28.597   483  4657 E mm-camera-isp2: isp_sub_module_port_process_downstream_module_event:945 failed: mct event 18 int event 9
01-06 17:56:28.597   483  4657 E mm-camera-isp2: isp_sub_module_port_process_downstream_event:990 failed: isp_sub_module_port_process_downstream_module_event
01-06 17:56:28.597   483  4657 E mm-camera-isp2: isp_sub_module_port_event:1131 failed: isp_sub_module_port_process_downstream_event
01-06 17:56:28.597   483  4657 E mm-camera-isp2: isp_sub_module_util_forward_event_from_port:674 failed: mct_port_send_event_to_peer event 18
01-06 17:56:28.597   483  4657 E mm-camera-isp2: isp_sub_module_port_process_downstream_module_event:945 failed: mct event 18 int event 9
01-06 17:56:28.597   483  4657 E mm-camera-isp2: isp_sub_module_port_process_downstream_event:990 failed: isp_sub_module_port_process_downstream_module_event
01-06 17:56:28.597   483  4657 E mm-camera-isp2: isp_sub_module_port_event:1131 failed: isp_sub_module_port_process_downstream_event
01-06 17:56:28.597   483  4657 E mm-camera-isp2: isp_sub_module_util_forward_event_from_port:674 failed: mct_port_send_event_to_peer event 18
01-06 17:56:28.597   483  4657 E mm-camera-isp2: isp_sub_module_port_process_downstream_module_event:945 failed: mct event 18 int event 9
01-06 17:56:28.597   483  4657 E mm-camera-isp2: isp_sub_module_port_process_downstream_event:990 failed: isp_sub_module_port_process_downstream_module_event
01-06 17:56:28.597   483  4657 E mm-camera-isp2: isp_sub_module_port_event:1131 failed: isp_sub_module_port_process_downstream_event
01-06 17:56:28.597   483  4657 E mm-camera-isp2: isp_sub_module_util_forward_event_from_port:674 failed: mct_port_send_event_to_peer event 18
01-06 17:56:28.597   483  4657 E mm-camera-isp2: isp_sub_module_port_process_downstream_module_event:945 failed: mct event 18 int event 9
01-06 17:56:28.597   483  4657 E mm-camera-isp2: isp_sub_module_port_process_downstream_event:990 failed: isp_sub_module_port_process_downstream_module_event
01-06 17:56:28.597   483  4657 E mm-camera-isp2: isp_sub_module_port_event:1131 failed: isp_sub_module_port_process_downstream_event
01-06 17:56:28.597   483  4657 E mm-camera-isp2: isp_sub_module_util_forward_event_from_port:674 failed: mct_port_send_event_to_peer event 18
01-06 17:56:28.597   483  4657 E mm-camera-isp2: isp_sub_module_port_process_downstream_module_event:945 failed: mct event 18 int event 9
01-06 17:56:28.597   483  4657 E mm-camera-isp2: isp_sub_module_port_process_downstream_event:990 failed: isp_sub_module_port_process_downstream_module_event
01-06 17:56:28.597   483  4657 E mm-camera-isp2: isp_sub_module_port_event:1131 failed: isp_sub_module_port_process_downstream_event
01-06 17:56:28.597   483  4657 E mm-camera-isp2: isp_sub_module_util_forward_event_from_port:674 failed: mct_port_send_event_to_peer event 18
01-06 17:56:28.597   483  4657 E mm-camera-isp2: isp_sub_module_port_process_downstream_module_event:945 failed: mct event 18 int event 9
01-06 17:56:28.597   483  4657 E mm-camera-isp2: isp_sub_module_port_process_downstream_event:990 failed: isp_sub_module_port_process_downstream_module_event
01-06 17:56:28.598   483  4657 E mm-camera-isp2: isp_sub_module_port_event:1131 failed: isp_sub_module_port_process_downstream_event
01-06 17:56:28.598   483  4657 E mm-camera-isp2: isp_sub_module_util_forward_event_from_port:674 failed: mct_port_send_event_to_peer event 18
01-06 17:56:28.598   483  4657 E mm-camera-isp2: isp_sub_module_port_process_downstream_module_event:945 failed: mct event 18 int event 9
01-06 17:56:28.598   483  4657 E mm-camera-isp2: isp_sub_module_port_process_downstream_event:990 failed: isp_sub_module_port_process_downstream_module_event
01-06 17:56:28.598   483  4657 E mm-camera-isp2: isp_sub_module_port_event:1131 failed: isp_sub_module_port_process_downstream_event
01-06 17:56:28.598   483  4657 E mm-camera-isp2: isp_sub_module_util_forward_event_from_port:674 failed: mct_port_send_event_to_peer event 18
01-06 17:56:28.598   483  4657 E mm-camera-isp2: isp_sub_module_port_process_downstream_module_event:945 failed: mct event 18 int event 9
01-06 17:56:28.598   483  4657 E mm-camera-isp2: isp_sub_module_port_process_downstream_event:990 failed: isp_sub_module_port_process_downstream_module_event
01-06 17:56:28.598   483  4657 E mm-camera-isp2: isp_sub_module_port_event:1131 failed: isp_sub_module_port_process_downstream_event
01-06 17:56:28.598   483  4657 E mm-camera-isp2: isp_sub_module_util_forward_event_from_port:674 failed: mct_port_send_event_to_peer event 18
01-06 17:56:28.598   483  4657 E mm-camera-isp2: isp_sub_module_port_process_downstream_module_event:945 failed: mct event 18 int event 9
01-06 17:56:28.598   483  4657 E mm-camera-isp2: isp_sub_module_port_process_downstream_event:990 failed: isp_sub_module_port_process_downstream_module_event
01-06 17:56:28.598   483  4657 E mm-camera-isp2: isp_sub_module_port_event:1131 failed: isp_sub_module_port_process_downstream_event
01-06 17:56:28.598   483  4657 E mm-camera-isp2: isp_sub_module_util_forward_event_from_port:674 failed: mct_port_send_event_to_peer event 18
01-06 17:56:28.598   483  4657 E mm-camera-isp2: isp_sub_module_port_process_downstream_module_event:945 failed: mct event 18 int event 9
01-06 17:56:28.598   483  4657 E mm-camera-isp2: isp_sub_module_port_process_downstream_event:990 failed: isp_sub_module_port_process_downstream_module_event
01-06 17:56:28.598   483  4657 E mm-camera-isp2: isp_sub_module_port_event:1131 failed: isp_sub_module_port_process_downstream_event
01-06 17:56:28.598   483  4657 E mm-camera-isp2: isp_sub_module_util_forward_event_from_port:674 failed: mct_port_send_event_to_peer event 18
01-06 17:56:28.598   483  4657 E mm-camera-isp2: isp_sub_module_port_process_downstream_module_event:945 failed: mct event 18 int event 9
01-06 17:56:28.598   483  4657 E mm-camera-isp2: isp_sub_module_port_process_downstream_event:990 failed: isp_sub_module_port_process_downstream_module_event
01-06 17:56:28.598   483  4657 E mm-camera-isp2: isp_sub_module_port_event:1131 failed: isp_sub_module_port_process_downstream_event
01-06 17:56:28.598   483  4657 E mm-camera-isp2: isp_sub_module_util_forward_event_from_port:674 failed: mct_port_send_event_to_peer event 18
01-06 17:56:28.598   483  4657 E mm-camera-isp2: isp_sub_module_port_process_downstream_module_event:945 failed: mct event 18 int event 9
01-06 17:56:28.598   483  4657 E mm-camera-isp2: isp_sub_module_port_process_downstream_event:990 failed: isp_sub_module_port_process_downstream_module_event
01-06 17:56:28.598   483  4657 E mm-camera-isp2: isp_sub_module_port_event:1131 failed: isp_sub_module_port_process_downstream_event
01-06 17:56:28.598   483  4657 E mm-camera-isp2: isp_util_forward_event_to_internal_pipeline:1058 failed: event type 2 hw 0
01-06 17:56:28.598   483  4657 E mm-camera-isp2: isp_util_forward_event_to_all_pipeline_per_stream:1148 failed: ret 0
01-06 17:56:28.642   466  4707 D QCamera2HWI: void qcamera::QCamera2HardwareInterface::kpi_preview_stream_cb_routine(): CameraKpiTag: PREVIEW_START_TIME : 215
01-06 17:56:28.642   466  4707 D QCamera2HWI: Filtering black preview frame (id=2)
01-06 17:56:28.663   466  4648 D QCamera2HWI: int32_t qcamera::QCamera2HardwareInterface::processAutoFocusEvent(cam_auto_focus_data_t&): E CAM_AF_FOCUSED
01-06 17:56:28.663   466  4648 D QCameraParameters: updateFocusDistances: setting KEY_FOCUS_DISTANCES as 0.100000,0.150000,0.170000
01-06 17:56:28.663   466  4648 D QCamera2HWI: int32_t qcamera::QCamera2HardwareInterface::processAutoFocusEvent(cam_auto_focus_data_t&): X
01-06 17:56:28.663   466  4688 D QCamera2HWI: [KPI Perf] static void* qcamera::QCameraCbNotifier::cbNotifyRoutine(void*) : PROFILE_SENDING_FOCUS_EVT_TO APP
01-06 17:56:28.666  4615  4615 D MotStorage: emulated
01-06 17:56:28.667  4615  4615 D MotStorage: self
01-06 17:56:28.667  4615  4615 D MotStorage: emulated
01-06 17:56:28.667  4615  4615 D MotStorage: self
01-06 17:56:28.667  4615  4615 D MotStorage: emulated
01-06 17:56:28.667  4615  4615 D MotStorage: self
01-06 17:56:28.676   466  4707 E QCamera2HWI: [KPI Perf] static void qcamera::QCamera2HardwareInterface::preview_stream_cb_routine(mm_camera_super_buf_t*, qcamera::QCameraStream*, void*) : PROFILE_FIRST_PREVIEW_FRAME
01-06 17:56:28.763   466  4688 E QCamera2HWI: static void* qcamera::QCameraCbNotifier::cbNotifyRoutine(void*) : cb message type 32768 not enabled!
01-06 17:56:28.790   466  4648 E QCameraParameters: [KPI Perf] int32_t qcamera::QCameraParameters::setFaceDetection(bool, bool): PROFILE_FACE_DETECTION_VALUE = 1 num_fd = 5
01-06 17:56:28.790   483  4677 D mm-camera-img: faceproc_comp_set_param:156] Set chromatix in state 2
01-06 17:56:28.790   483  4677 D mm-camera: module_faceproc_client_set_mode:2009] mode 1
01-06 17:56:28.792   466  4648 D QCameraParameters: int32_t qcamera::QCameraParameters::setFaceDetection(bool, bool): FaceProcMask -> 1
01-06 17:56:28.796   483  4717 D mm-camera-img: face_proc_thread_loop:461] [FD_HAL3] Update dimensions to 1920x1080
01-06 17:56:28.796   483  4717 D mm-camera-img: fddsp_reconfig: Parts: (4, 1), Contour: 1, BGS: 1, Recog: 1
01-06 17:56:28.796   483  4717 D mm-camera-img: fddsp_reconfig: MAX # of faces: 5
01-06 17:56:28.796   483  4717 D mm-camera-img: fddsp_reconfig: MIN, MAX face size: 100, 1000
01-06 17:56:28.796   483  4717 D mm-camera-img: fddsp_reconfig: DT_mode: 3, Refresh_count: 2
01-06 17:56:28.796   483  4717 D mm-camera-img: fddsp_reconfig: Search Density: 33
01-06 17:56:28.796   483  4717 D mm-camera-img: fddsp_reconfig: Detection Threshold: 520
01-06 17:56:28.796   483  4717 D mm-camera-img: fddsp_reconfig: Angles: 16777215, 2396745, 0, Track: 0
01-06 17:56:28.868   466  4688 E QCamera2HWI: static void* qcamera::QCameraCbNotifier::cbNotifyRoutine(void*) : cb message type 32768 not enabled!
01-06 17:56:28.868   466  4688 E QCamera2HWI: static void* qcamera::QCameraCbNotifier::cbNotifyRoutine(void*) : cb message type 32768 not enabled!
01-06 17:56:28.868   466  4688 E QCamera2HWI: static void* qcamera::QCameraCbNotifier::cbNotifyRoutine(void*) : cb message type 32768 not enabled!
01-06 17:56:28.868   466  4688 E QCamera2HWI: static void* qcamera::QCameraCbNotifier::cbNotifyRoutine(void*) : cb message type 32768 not enabled!
01-06 17:56:28.868   466  4688 E QCamera2HWI: static void* qcamera::QCameraCbNotifier::cbNotifyRoutine(void*) : cb message type 32768 not enabled!
01-06 17:56:29.195   466  4688 E QCamera2HWI: static void* qcamera::QCameraCbNotifier::cbNotifyRoutine(void*) : cb message type 32768 not enabled!
01-06 17:56:29.195   466  4688 E QCamera2HWI: static void* qcamera::QCameraCbNotifier::cbNotifyRoutine(void*) : cb message type 32768 not enabled!
01-06 17:56:29.195   466  4688 E QCamera2HWI: static void* qcamera::QCameraCbNotifier::cbNotifyRoutine(void*) : cb message type 32768 not enabled!
01-06 17:56:29.195   466  4688 E QCamera2HWI: static void* qcamera::QCameraCbNotifier::cbNotifyRoutine(void*) : cb message type 32768 not enabled!
01-06 17:56:29.233   466  4648 D QCamera2HWI: int32_t qcamera::QCamera2HardwareInterface::processAutoFocusEvent(cam_auto_focus_data_t&): E CAM_AF_SCANNING
01-06 17:56:29.233   466  4648 D QCamera2HWI: int32_t qcamera::QCamera2HardwareInterface::processAutoFocusEvent(cam_auto_focus_data_t&): X
01-06 17:56:29.386  1393  3025 I ActivityManager: START u0 {flg=0x10804000 cmp=com.android.systemui/.recents.RecentsActivity} from uid 10033 on display 0
01-06 17:56:29.493   466  2370 I QCameraHalWatchdog: Starting Watchdog Thread...
01-06 17:56:29.493   466  2370 E QCamera2HWI: [KPI Perf] static void qcamera::QCamera2HardwareInterface::stop_preview(camera_device*): E PROFILE_STOP_PREVIEW
01-06 17:56:29.493   466  4648 D QCamera2HWI: int qcamera::QCamera2HardwareInterface::stopPreview(): E
01-06 17:56:29.495   483  4677 I mm-camera: mct_pipeline_process_set: stream_type = 1, streamid 2
01-06 17:56:29.495   483  4677 I mm-camera-sensor: module_sensor_module_process_event:4306 ide 20002 MCT_EVENT_CONTROL_STREAMOFF
01-06 17:56:29.495   483  4677 D MotISP_VSTAB: finalize
01-06 17:56:29.496   483  4677 E mm-camera: cpp_module_handle_streamoff_event:2697, info: doing stream-off for identity 0x20002
01-06 17:56:29.496   483  4677 E mm-camera: c2d_module_handle_streamoff_event:1434, info: doing stream-off for identity 0x20002
01-06 17:56:29.497   483  4677 D mm-camera: module_faceproc_port_event_func:686] FD_STREAMOFF 1 20002
01-06 17:56:29.497   483  4677 D mm-camera-img: faceproc_comp_abort:627] state 2
01-06 17:56:29.499   483  4677 D mm-camera-img: faceproc_comp_abort:654] X
01-06 17:56:29.499   483  4677 E mm-camera: c2d_module_handle_streamoff_event:1556, info: stream-off done for identity 0x20002
01-06 17:56:29.499   483  4677 E mm-camera: cpp_module_handle_streamoff_event:2801] iden:0x20002, linked_params:0x0
01-06 17:56:29.505   483  4677 E mm-camera: cpp_hardware_process_streamoff:655] skip_iden:0x0, duplicate_stream_status:0x0
01-06 17:56:29.506   483  4677 E mm-camera: cpp_module_handle_streamoff_event:2812, info: stream-off done for identity 0x20002
01-06 17:56:29.507   483  4654 E mm-camera: iface_util_decide_hw_streams: num_user_streams 1 num_hw_streams 1
01-06 17:56:29.507   483  4712 E mm-camera: iface_axi_cfg_stats_stream_stop: no stats stream to START/STOP, stats cmd.num_streams = 0
01-06 17:56:29.511   483  4654 E mm-camera: iface_util_release_resource: camif_cnt= 0 rdi_cnt= 0 used mask 1
01-06 17:56:29.511   483  4654 E mm-camera: iface_streamoff: all bundled stream streamoff, clear hal bundled mask
01-06 17:56:29.511   483  4677 I mm-camera-sensor: module_sensor_is_ready_for_stream_off:1599 any bundle started 0
01-06 17:56:29.511   483  4677 I mm-camera-sensor: module_sensor_module_process_event:4326 ide 20002 MCT_EVENT_CONTROL_STREAMOFF
01-06 17:56:29.511   483  4677 E mm-camera-sensor: module_sensor_module_process_event: Sending stop bus message
01-06 17:56:29.511   483  4677 E mm-camera: stop_sof_check_thread: Stopping SOF timeout thread
01-06 17:56:29.512   466  4708 D QCameraStream: virtual int32_t qcamera::QCameraStream::processDataNotify(mm_camera_super_buf_t*): Stream thread is not active, no ops here
01-06 17:56:29.513   483  4677 I mm-camera: mct_pipeline_process_set: stream_type = 7, streamid 1
01-06 17:56:29.514   483  4677 E mm-camera: mct_stream_destroy_buffers: Enter 
01-06 17:56:29.514   483  4677 E mm-camera: mct_stream_destroy_buffers: free mbu
01-06 17:56:29.514   483  4677 E mm-camera: mct_stream_destroy_buffers: Enter 
01-06 17:56:29.514   483  4677 E mm-camera: mct_stream_destroy_buffers: free mbu
01-06 17:56:29.515   483  4677 E mm-camera: mct_stream_destroy_buffers: Enter 
01-06 17:56:29.515   483  4677 E mm-camera: mct_stream_destroy_buffers: free mbu
01-06 17:56:29.515   483  4677 E mm-camera: mct_stream_destroy_buffers: Enter 
01-06 17:56:29.515   483  4677 E mm-camera: mct_stream_destroy_buffers: free mbu
01-06 17:56:29.515   483  4677 E mm-camera: mct_stream_destroy_buffers: Enter 
01-06 17:56:29.515   483  4677 E mm-camera: mct_stream_destroy_buffers: free mbu
01-06 17:56:29.516   483  4677 E mm-camera: mct_stream_destroy_buffers: Enter 
01-06 17:56:29.516   483  4677 E mm-camera: mct_stream_destroy_buffers: free mbu
01-06 17:56:29.516   483  4677 E mm-camera: mct_stream_destroy_buffers: Enter 
01-06 17:56:29.516   483  4677 E mm-camera: mct_stream_destroy_buffers: free mbu
01-06 17:56:29.516   483  4677 E mm-camera: mct_stream_destroy_buffers: Enter 
01-06 17:56:29.516   483  4677 E mm-camera: mct_stream_destroy_buffers: free mbu
01-06 17:56:29.519   483  4677 E mm-camera: mct_stream_destroy_buffers: Enter 
01-06 17:56:29.519   483  4677 E mm-camera: mct_stream_destroy_buffers: free mbu
01-06 17:56:29.519   483  4677 E mm-camera: mct_stream_destroy_buffers: Enter 
01-06 17:56:29.519   483  4677 E mm-camera: mct_stream_destroy_buffers: free mbu
01-06 17:56:29.520   483  4677 E mm-camera: mct_stream_destroy_buffers: Enter 
01-06 17:56:29.520   483  4677 E mm-camera: mct_stream_destroy_buffers: free mbu
01-06 17:56:29.520   483  4677 E mm-camera: mct_stream_destroy_buffers: Enter 
01-06 17:56:29.520   483  4677 E mm-camera: mct_stream_destroy_buffers: free mbu
01-06 17:56:29.520   483  4677 E mm-camera: mct_stream_destroy_buffers: Enter 
01-06 17:56:29.520   483  4677 E mm-camera: mct_stream_destroy_buffers: free mbu
01-06 17:56:29.520   483  4677 E mm-camera: mct_stream_destroy_buffers: Enter 
01-06 17:56:29.521   483  4677 E mm-camera: mct_stream_destroy_buffers: free mbu
01-06 17:56:29.521   483  4677 E mm-camera: mct_stream_destroy_buffers: Enter 
01-06 17:56:29.521   483  4677 E mm-camera: mct_stream_destroy_buffers: free mbu
01-06 17:56:29.521   483  4677 I mm-camera: mct_pipeline_process_set: stream_type = 7, streamid 1
01-06 17:56:29.522   483  4677 I mm-camera: mct_pipeline_process_set: stream_type = 1, streamid 2
01-06 17:56:29.522   483  4677 I mm-camera-sensor: port_sensor_unlink_func:215 ide 20002
01-06 17:56:29.522   483  4677 I mm-camera-sensor: port_sensor_caps_unreserve:182 ide 20002
01-06 17:56:29.522   483  4677 E mm-camera: mct_list_find_custom_lock: mct_list null
01-06 17:56:29.522   483  4677 E mm-camera: iface_ext_unlink_src_port: mct stream already removed from hw stream
01-06 17:56:29.522   483  4677 E mm-camera: mct_list_find_custom_lock: mct_list null
01-06 17:56:29.522   483  4677 E mm-camera: mct_list_find_custom_lock: mct_list null
01-06 17:56:29.522   483  4677 E mm-camera: mct_list_find_custom_lock: mct_list null
01-06 17:56:29.522   483  4677 E mm-camera: mct_list_find_custom_lock: mct_list null
01-06 17:56:29.522   483  4677 E mm-camera: mct_list_find_custom_lock: mct_list null
01-06 17:56:29.522   483  4677 E mm-camera: mct_list_find_custom_lock: mct_list null
01-06 17:56:29.522   483  4677 E mm-camera: mct_list_find_custom_lock: mct_list null
01-06 17:56:29.522   483  4677 E mm-camera: mct_list_find_custom_lock: mct_list null
01-06 17:56:29.522   483  4677 E mm-camera: mct_list_find_custom_lock: mct_list null
01-06 17:56:29.522   483  4677 E mm-camera: mct_list_find_custom_lock: mct_list null
01-06 17:56:29.522   483  4677 E mm-camera: mct_list_find_custom_lock: mct_list null
01-06 17:56:29.522   483  4677 E mm-camera: mct_list_find_custom_lock: mct_list null
01-06 17:56:29.522   483  4677 E mm-camera: mct_list_find_custom_lock: mct_list null
01-06 17:56:29.522   483  4677 E mm-camera: mct_list_find_custom_lock: mct_list null
01-06 17:56:29.522   483  4677 E mm-camera: mct_list_find_custom_lock: mct_list null
01-06 17:56:29.522   483  4677 E mm-camera: mct_list_find_custom_lock: mct_list null
01-06 17:56:29.522   483  4677 E mm-camera: mct_list_find_custom_lock: mct_list null
01-06 17:56:29.522   483  4677 E mm-camera: mct_list_find_custom_lock: mct_list null
01-06 17:56:29.522   483  4677 E mm-camera: mct_list_find_custom_lock: mct_list null
01-06 17:56:29.522   483  4677 E mm-camera: mct_list_find_custom_lock: mct_list null
01-06 17:56:29.522   483  4677 E mm-camera: mct_list_find_custom_lock: mct_list null
01-06 17:56:29.523   483  4677 E mm-camera: mct_list_find_custom_lock: mct_list null
01-06 17:56:29.523   483  4677 E mm-camera: mct_list_find_custom_lock: mct_list null
01-06 17:56:29.523   483  4677 E mm-camera: mct_list_find_custom_lock: mct_list null
01-06 17:56:29.523   483  4677 E mm-camera: mct_list_find_custom_lock: mct_list null
01-06 17:56:29.523   483  4677 D MotISP_VSTAB: ~MotISP_VSTAB destroyed
01-06 17:56:29.523   483  4677 E mm-camera: module_afs_port_check_caps_unreserve:1331] 
01-06 17:56:29.523   483  4677 E mm-camera: module_afs_port_check_caps_unreserve:1339] destroy client
01-06 17:56:29.523   483  4677 E mm-camera: c2d_port_check_caps_unreserve:183, identity=0x20002, unreserved
01-06 17:56:29.525   483  4677 E mm-camera: mct_list_find_custom_lock: mct_list null
01-06 17:56:29.525   483  4677 E mm-camera: mct_list_find_custom_lock: mct_list null
01-06 17:56:29.525   483  4677 E mm-camera: c2d_port_check_caps_unreserve:183, identity=0x20002, unreserved
01-06 17:56:29.525   483  4677 E mm-camera: mct_list_find_custom_lock: mct_list null
01-06 17:56:29.525   483  4677 D mm-camera-img: faceproc_comp_abort:627] state 1
01-06 17:56:29.525   483  4677 E mm-camera-img: faceproc_save_album:970] Error No album 
01-06 17:56:29.525   483  4677 E mm-camera-img: faceproc_comp_eng_destroy: Album save failed -1
01-06 17:56:29.527   483  4677 D SensorListener: void android::SensorListener::disableSensor(android::SensorListener::sensor_type_t): SensorEventQueue disableSensor(TYPE_DISPLAY_ROTATE)
01-06 17:56:29.528   483  4677 E mm-camera: mct_list_find_custom_lock: mct_list null
01-06 17:56:29.528   483  4677 I mm-camera: q3a_thread_aecawb_stop:387 MSG_STOP_THREAD
01-06 17:56:29.530   483  4677 E mm-camera: mct_list_find_custom_lock: mct_list null
01-06 17:56:29.530   483  4677 E mm-camera: mct_list_find_custom_lock: mct_list null
01-06 17:56:29.530   466  4648 D QCamera2HWI: int qcamera::QCamera2HardwareInterface::stopPreview(): X
01-06 17:56:29.530   466  2370 D QCamera2HWI: [KPI Perf] static void qcamera::QCamera2HardwareInterface::stop_preview(camera_device*): X
01-06 17:56:29.530   466  2370 I QCameraHalWatchdog: Stopped Watchdog Thread...
01-06 17:56:29.531   466  2370 I QCameraHalWatchdog: Starting Watchdog Thread...
01-06 17:56:29.531   466  4648 D QCameraStateMachine: int32_t qcamera::QCameraStateMachine::procEvtPreviewStoppedState(qcamera::qcamera_sm_evt_enum_t, void*): No ops for evt(20) in state(0)
01-06 17:56:29.531   466  2370 I QCameraHalWatchdog: Stopped Watchdog Thread...
01-06 17:56:29.531   466  2370 I QCameraHalWatchdog: Starting Watchdog Thread...
01-06 17:56:29.531   466  2370 I QCameraHalWatchdog: Stopped Watchdog Thread...
01-06 17:56:29.539   466  2370 I QCameraHalWatchdog: Starting Watchdog Thread...
01-06 17:56:29.540   466  2370 I QCameraHalWatchdog: Stopped Watchdog Thread...
01-06 17:56:29.540   466  2370 I CameraFlashlight: Destroying camera 0
01-06 17:56:29.540   466  2370 I QCameraHalWatchdog: Starting Watchdog Thread...
01-06 17:56:29.540   466  2370 D QCamera2HWI: [KPI Perf] static int qcamera::QCamera2HardwareInterface::close_camera_device(hw_device_t*): E
01-06 17:56:29.540   466  4649 D QCamera2HWI: static void* qcamera::QCamera2HardwareInterface::defferedWorkRoutine(void*): stop data proc
01-06 17:56:29.561   466  4682 D QCameraPostProc: static void* qcamera::QCameraPostProcessor::dataProcessRoutine(void*): stop data proc
01-06 17:56:29.562   466  4683 D QCameraPostProc: static void* qcamera::QCameraPostProcessor::dataSaveRoutine(void*): stop data proc
01-06 17:56:29.562   466  4682 D QCameraPostProc: static void* qcamera::QCameraPostProcessor::dataProcessRoutine(void*): X
01-06 17:56:29.562   466  4683 D QCameraPostProc: static void* qcamera::QCameraPostProcessor::dataSaveRoutine(void*) : save thread exit
01-06 17:56:29.562   466  4683 D QCameraPostProc: static void* qcamera::QCameraPostProcessor::dataSaveRoutine(void*): X
01-06 17:56:29.562   466  2370 I qomx_image_core: OMX_Deinit:119] Complete
01-06 17:56:29.562   466  2370 E QCameraPostProc: int32_t qcamera::QCameraPostProcessor::deinit(): Jpeg closed, rc = 0, mJpegClientHandle = 600
01-06 17:56:29.564   466  2370 E QCamera2HWI: stop mem fetcher thread E
01-06 17:56:29.564   466  4719 E QCamera2HWI: memFetcherThread: caught signal
01-06 17:56:29.564   466  4719 E QCamera2HWI: memFetcherThread: deallocate buffers: total 200000000 bytes
01-06 17:56:29.564   466  2370 E QCamera2HWI: stop mem fetcher thread X
01-06 17:56:29.564   466  2370 I Thermal-Lib: Thermal-Lib-Client: Unregisteration is successfull for handle:1
01-06 17:56:29.564   425   597 I ThermalEngine: Thermal-Server: removing client on fd 6
01-06 17:56:29.564   466  2370 I Thermal-Lib: Thermal-Lib-Client: Unregisteration is successfull for handle:2
01-06 17:56:29.567   483  4677 E mm-camera: mct_pipeline_get_stream: no children
01-06 17:56:29.567   483  4677 E mm-camera: mct_pipeline_process_set:2089: Couldn't find stream id: 0
01-06 17:56:29.567   483   483 I mm-camera: mct_controller_destroy: Initiating destroy sequence
01-06 17:56:29.568   466  4648 D QCameraStateMachine: static void* qcamera::QCameraStateMachine::smEvtProcRoutine(void*): X
01-06 17:56:29.568   483  4678 I mm-camera: mct_bus_handler_thread_run: Force Exit
01-06 17:56:29.568   483   483 I mm-camera: mct_controller_destroy: bus_handler thread closed
01-06 17:56:29.568   466  2370 D QCamera2HWI: [KPI Perf] static int qcamera::QCamera2HardwareInterface::close_camera_device(hw_device_t*): X
01-06 17:56:29.568   466  2370 I QCameraHalWatchdog: Stopped Watchdog Thread...
01-06 17:56:29.569   483   483 I mm-camera: mct_pipeline_stop_session - E
01-06 17:56:29.569   483  4735 I mm-camera: mct_pipeline_stop_session_thread: Stop module name: sensor - E
01-06 17:56:29.569   483  4735 I mm-camera-sensor: module_sensor_stop_session:1434 session 2
01-06 17:56:29.569   483  4736 I mm-camera: mct_pipeline_stop_session_thread: Stop module name: iface - E
01-06 17:56:29.569   466  2370 I CameraService: onTorchStatusChangedLocked: Torch status changed for cameraId=0, newStatus=1
01-06 17:56:29.569   483  4736 I mm-camera: mct_pipeline_stop_session_thread: Stop module name: iface - X
