--------- beginning of system
01-06 17:55:33.553  1393  1393 E BrokerableCMSystemService: Setting brokered service connection org.cyanogenmod.platform.internal.LiveLockScreenServiceBroker$2@adb11cc
01-06 17:55:33.554  1393  1393 I CMSystemServer: Attempting to start service org.cyanogenmod.platform.internal.WeatherManagerServiceBroker
01-06 17:55:33.555  1393  1393 I CMSystemServer: Starting service org.cyanogenmod.platform.internal.WeatherManagerServiceBroker
01-06 17:55:33.555  1393  1393 I SystemServiceManager: Starting org.cyanogenmod.platform.internal.WeatherManagerServiceBroker
01-06 17:55:33.556  1393  1393 I CMSystemServer: Attempting to start service org.cyanogenmod.platform.internal.display.LiveDisplayService
01-06 17:55:33.565  1393  1998 I ServiceThread: Enabled StrictMode logging for LiveDisplay looper.
01-06 17:55:33.567  1393  1393 I CMSystemServer: Starting service org.cyanogenmod.platform.internal.display.LiveDisplayService
01-06 17:55:33.567  1393  1393 I SystemServiceManager: Starting org.cyanogenmod.platform.internal.display.LiveDisplayService
01-06 17:55:33.568  1393  1999 I ServiceThread: Enabled StrictMode logging for LiveDisplay looper.
01-06 17:55:33.569  1393  1393 I CMSystemServer: Attempting to start service org.cyanogenmod.platform.internal.CMAudioServiceBroker
01-06 17:55:33.571  1393  1393 I CMSystemServer: Starting service org.cyanogenmod.platform.internal.CMAudioServiceBroker
01-06 17:55:33.571  1393  1393 I SystemServiceManager: Starting org.cyanogenmod.platform.internal.CMAudioServiceBroker
01-06 17:55:33.616  1393  1393 E LockSettingsStorage: Cannot read file java.io.FileNotFoundException: /data/system/gatekeeper.password.key: open failed: ENOENT (No such file or directory)
01-06 17:55:33.618  1393  1393 E LockSettingsStorage: Cannot read file java.io.FileNotFoundException: /data/system/password.key: open failed: ENOENT (No such file or directory)
01-06 17:55:33.621  1393  1393 E LockSettingsStorage: Cannot read file java.io.FileNotFoundException: /data/system/gatekeeper.pattern.key: open failed: ENOENT (No such file or directory)
01-06 17:55:33.624  1393  1393 E LockSettingsStorage: Cannot read file java.io.FileNotFoundException: /data/system/gatekeeper.gesture.key: open failed: ENOENT (No such file or directory)
01-06 17:55:33.627  1393  1393 E LockSettingsStorage: Cannot read file java.io.FileNotFoundException: /data/system/gesture.key: open failed: ENOENT (No such file or directory)
01-06 17:55:33.627  1393  1393 I SystemServiceManager: Starting phase 480
01-06 17:55:33.647  1393  1393 I DevicePolicyManagerService: Set ro.device_owner property to false
01-06 17:55:33.651  1393  1393 I SystemServiceManager: Starting phase 500
01-06 17:55:33.663  1393  1393 I WifiService: WifiService starting up with Wi-Fi enabled
01-06 17:55:33.665  1393  1393 D WifiService: setWifiEnabled: true pid=1393, uid=1000
01-06 17:55:33.687  1393  1920 D ConnectivityService: Got NetworkFactory Messenger for Ethernet
01-06 17:55:33.700  1393  1393 D ZenLog  : config: cleanUpZenRules,ZenModeConfig[user=0,allowCalls=true,allowRepeatCallers=false,allowMessages=false,allowCallsFrom=contacts,allowMessagesFrom=contacts,allowReminders=true,allowEvents=true,allowWhenScreenOff=true,allowWhenScreenOn=true,automaticRules={95d7dd0d0eb840f3a09a483337dde8c4=ZenRule[enabled=false,snoozing=false,name=Weeknight,zenMode=ZEN_MODE_ALARMS,conditionId=condition://android/schedule?days=1.2.3.4.5&start=22.0&end=7.0&exitAtAlarm=false,condition=Condition[id=condition://android/schedule?days=1.2.3.4.5&start=22.0&end=7.0&exitAtAlarm=false,summary=...,line1=...,line2=...,icon=0,state=STATE_FALSE,flags=2],component=ComponentInfo{android/com.android.server.notification.ScheduleConditionProvider},id=95d7dd0d0eb840f3a09a483337dde8c4,creationTime=1483450228616,enabler=null], 9350edbb20d2457cb6fccfdf73eba368=ZenRule[enabled=false,snoozing=false,name=Event,zenMode=ZEN_MODE_ALARMS,conditionId=condition://android/event?userId=-10000&calendar=&reply=1,condition=Condition[id=condition://android/event?userId=-10000&calendar=&reply=1,summary=...,line1=...,line2=...,icon=0,state=STATE_FALSE,flags=2],component=ComponentInfo{android/com.android.server.notification.EventConditionProvider},id=9350edbb20d2457cb6fccfdf73eba368,creationTime=1483450228619,enabler=null], 0cf38f6fdf314f24a30562fc8f9459df=ZenRule[enabled=false,snoozing=false,name=Weekend,zenMode=ZEN_MODE_ALARMS,conditionId=condition://android/schedule?days=6.7&start=23.30&end=10.0&exitAtAlarm=false,condition=Condition[id=condition://android/schedule?days=6.7&start=23.30&end=10.0&exitAtAlarm=false,summary=...,line1=...,line2=...,icon=0,state=STATE_FALSE,flags=2],component=ComponentInfo{android/com.android.server.notification.ScheduleConditionProvider},id=0cf38f6fdf314f24a30562fc8f9459df,creationTime=1483450228616,enabler=null]},manualRule=null],Diff[]
01-06 17:55:33.701  1393  1393 D ZenLog  : set_zen_mode: off,onSystemReady
01-06 17:55:33.703  1393  1393 W SoundTriggerHelper: listModules status=0, # of modules=0
01-06 17:55:33.782  1393  1393 I ActivityManager: Config changes=20 {1.0 ?mcc?mnc [en_US] ldltr sw411dp w411dp h707dp 560dpi nrml long port finger -keyb/v/h -nav/h s.6}
01-06 17:55:33.839  1393  1393 V UserManagerService: Found /data/user_de/0 with serial number 0
01-06 17:55:33.840  1393  1393 V UserManagerService: Found /data/user/0 with serial number 0
01-06 17:55:33.840  1393  1393 V UserManagerService: Found /data/system_de/0 with serial number 0
01-06 17:55:33.840  1393  1393 V UserManagerService: Found /data/system_ce/0 with serial number 0
01-06 17:55:33.898  1393  1492 W KeyguardServiceDelegate: onScreenTurningOn(): no keyguard service!
01-06 17:55:34.015  1393  1393 I ActivityManager: System now ready
01-06 17:55:34.018  1393  1393 I ActivityManager: Config changes=4 {1.0 ?mcc?mnc [en_US,pt_BR] ldltr sw411dp w411dp h707dp 560dpi nrml long port finger -keyb/v/h -nav/h s.7}
01-06 17:55:34.030  1393  1393 I SystemServer: Making services ready
01-06 17:55:34.030  1393  1393 I SystemServiceManager: Starting phase 550
01-06 17:55:34.035  1393  1393 D BluetoothManagerService: Bluetooth boot completed
01-06 17:55:34.088  1393  1393 E InputMethodManagerService: Ignoring updateSystemUiLocked due to an invalid token. uid:1000 token:null
01-06 17:55:34.129  1393  1393 I ActivityManager: Start proc 2111:com.android.inputmethod.latin/u0a58 for service com.android.inputmethod.latin/.LatinIME
01-06 17:55:34.129  1393  1393 V InputMethodManagerService: Adding window token: android.os.Binder@fc84ef7
01-06 17:55:34.129  1393  1852 D MountService: Thinking about init, mSystemReady=true, mDaemonConnected=true
01-06 17:55:34.129  1393  1852 D MountService: Setting up emulation state, initlocked=false
01-06 17:55:34.129  1393  1852 D CryptdConnector: SND -> {2 cryptfs unlock_user_key 0 0 ! !}
01-06 17:55:34.130   299   310 D vold    : e4crypt_unlock_user_key 0 serial=0 token_present=0
01-06 17:55:34.131  1393  1854 D CryptdConnector: RCV <- {200 2 Command succeeded}
01-06 17:55:34.131  1393  1393 E WallpaperManagerService: Invalid wallpaper data
01-06 17:55:34.131  1393  1393 E WallpaperManagerService: Unable to apply new wallpaper
01-06 17:55:34.133  1393  1852 D MountService: Thinking about reset, mSystemReady=true, mDaemonConnected=true
01-06 17:55:34.133  1393  1852 D VoldConnector: SND -> {3 volume reset}
01-06 17:55:34.134  1393  1853 D VoldConnector: RCV <- {651 emulated 7}
01-06 17:55:34.134  1393  1853 D VoldConnector: RCV <- {659 emulated}
01-06 17:55:34.135  1393  1853 D VoldConnector: RCV <- {650 emulated 2 "" ""}
01-06 17:55:34.135  1393  1853 D VoldConnector: RCV <- {654 emulated emulated}
01-06 17:55:34.135  1393  1853 D VoldConnector: RCV <- {651 emulated 0}
01-06 17:55:34.136  1393  1853 D VoldConnector: RCV <- {200 3 Command succeeded}
01-06 17:55:34.136  1393  1488 V MountService: Found primary storage at VolumeInfo{emulated}:
01-06 17:55:34.136  1393  1488 V MountService:     type=EMULATED diskId=null partGuid=null mountFlags=0 mountUserId=-1 
01-06 17:55:34.136  1393  1488 V MountService:     state=UNMOUNTED 
01-06 17:55:34.136  1393  1488 V MountService:     fsType=null fsUuid=null fsLabel=null 
01-06 17:55:34.136  1393  1488 V MountService:     path=null internalPath=null 
01-06 17:55:34.136  1393  1852 D VoldConnector: SND -> {4 volume user_added 0 0}
01-06 17:55:34.144  1393  1853 D VoldConnector: RCV <- {200 4 Command succeeded}
01-06 17:55:34.168  1393  1393 I ActivityManager: Start proc 2126:com.android.systemui/u0a33 for service com.android.systemui/.ImageWallpaper
01-06 17:55:34.168  1393  1450 I ActivityManager: Force stopping com.android.providers.media appid=10007 user=-1: vold reset
01-06 17:55:34.172  1393  1852 D VoldConnector: SND -> {5 volume mount emulated 3 -1}
01-06 17:55:34.173  1393  1853 D VoldConnector: RCV <- {651 emulated 1}
01-06 17:55:34.173  1393  1853 D VoldConnector: RCV <- {656 emulated /data/media}
01-06 17:55:34.173  1393  1853 D VoldConnector: RCV <- {655 emulated /storage/emulated}
01-06 17:55:34.174   299   309 V vold    : Waiting for FUSE to spin up...
01-06 17:55:34.175  1393  1489 D BluetoothManagerService: Message: 20
01-06 17:55:34.175  1393  1489 D BluetoothManagerService: Added callback: android.bluetooth.BluetoothAdapter$1@45f9b94:true
01-06 17:55:34.175  1393  1393 D UsbAlsaManager: Adding ALSA device AlsaDevice: [card: 0, device: 0, type: 2]
01-06 17:55:34.175  1393  1393 D UsbAlsaManager: Adding ALSA device AlsaDevice: [card: 0, device: 0, type: 1]
01-06 17:55:34.175  1393  1393 D UsbAlsaManager: Adding ALSA device AlsaDevice: [card: 0, device: 1, type: 2]
01-06 17:55:34.175  1393  1393 D UsbAlsaManager: Adding ALSA device AlsaDevice: [card: 0, device: 1, type: 1]
01-06 17:55:34.175  1393  1393 D UsbAlsaManager: Adding ALSA device AlsaDevice: [card: 0, device: 2, type: 2]
01-06 17:55:34.175  1393  1393 D UsbAlsaManager: Adding ALSA device AlsaDevice: [card: 0, device: 2, type: 1]
01-06 17:55:34.175  1393  1393 D UsbAlsaManager: Adding ALSA device AlsaDevice: [card: 0, device: 3, type: 2]
01-06 17:55:34.175  1393  1393 D UsbAlsaManager: Adding ALSA device AlsaDevice: [card: 0, device: 3, type: 1]
01-06 17:55:34.175  1393  1393 D UsbAlsaManager: Adding ALSA device AlsaDevice: [card: 0, device: 4, type: 1]
01-06 17:55:34.175  1393  1393 D UsbAlsaManager: Adding ALSA device AlsaDevice: [card: 0, device: 5, type: 2]
01-06 17:55:34.175  1393  1393 D UsbAlsaManager: Adding ALSA device AlsaDevice: [card: 0, device: 5, type: 1]
01-06 17:55:34.175  1393  1393 D UsbAlsaManager: Adding ALSA device AlsaDevice: [card: 0, device: 6, type: 2]
01-06 17:55:34.175  1393  1393 D UsbAlsaManager: Adding ALSA device AlsaDevice: [card: 0, device: 7, type: 1]
01-06 17:55:34.175  1393  1393 D UsbAlsaManager: Adding ALSA device AlsaDevice: [card: 0, device: 8, type: 2]
01-06 17:55:34.175  1393  1393 D UsbAlsaManager: Adding ALSA device AlsaDevice: [card: 0, device: 10, type: 2]
01-06 17:55:34.175  1393  1393 D UsbAlsaManager: Adding ALSA device AlsaDevice: [card: 0, device: 10, type: 1]
01-06 17:55:34.175  1393  1393 D UsbAlsaManager: Adding ALSA device AlsaDevice: [card: 0, device: 11, type: 2]
01-06 17:55:34.175  1393  1393 D UsbAlsaManager: Adding ALSA device AlsaDevice: [card: 0, device: 11, type: 1]
01-06 17:55:34.176  1393  1393 D UsbAlsaManager: Adding ALSA device AlsaDevice: [card: 0, device: 12, type: 2]
01-06 17:55:34.176  1393  1393 D UsbAlsaManager: Adding ALSA device AlsaDevice: [card: 0, device: 12, type: 1]
01-06 17:55:34.176  1393  1393 D UsbAlsaManager: Adding ALSA device AlsaDevice: [card: 0, device: 13, type: 2]
01-06 17:55:34.176  1393  1393 D UsbAlsaManager: Adding ALSA device AlsaDevice: [card: 0, device: 13, type: 1]
01-06 17:55:34.176  1393  1393 D UsbAlsaManager: Adding ALSA device AlsaDevice: [card: 0, device: 14, type: 2]
01-06 17:55:34.176  1393  1393 D UsbAlsaManager: Adding ALSA device AlsaDevice: [card: 0, device: 14, type: 1]
01-06 17:55:34.176  1393  1393 D UsbAlsaManager: Adding ALSA device AlsaDevice: [card: 0, device: 15, type: 2]
01-06 17:55:34.176  1393  1393 D UsbAlsaManager: Adding ALSA device AlsaDevice: [card: 0, device: 15, type: 1]
01-06 17:55:34.176  1393  1393 D UsbAlsaManager: Adding ALSA device AlsaDevice: [card: 0, device: 16, type: 2]
01-06 17:55:34.176  1393  1393 D UsbAlsaManager: Adding ALSA device AlsaDevice: [card: 0, device: 19, type: 2]
01-06 17:55:34.176  1393  1393 D UsbAlsaManager: Adding ALSA device AlsaDevice: [card: 0, device: 19, type: 1]
01-06 17:55:34.176  1393  1393 D UsbAlsaManager: Adding ALSA device AlsaDevice: [card: 0, device: 20, type: 2]
01-06 17:55:34.176  1393  1393 D UsbAlsaManager: Adding ALSA device AlsaDevice: [card: 0, device: 20, type: 1]
01-06 17:55:34.176  1393  1393 D UsbAlsaManager: Adding ALSA device AlsaDevice: [card: 0, device: 21, type: 2]
01-06 17:55:34.176  1393  1393 D UsbAlsaManager: Adding ALSA device AlsaDevice: [card: 0, device: 21, type: 1]
01-06 17:55:34.176  1393  1393 D UsbAlsaManager: Adding ALSA device AlsaDevice: [card: 0, device: 22, type: 1]
01-06 17:55:34.176  1393  1393 D UsbAlsaManager: Adding ALSA device AlsaDevice: [card: 0, device: 23, type: 2]
01-06 17:55:34.176  1393  1393 D UsbAlsaManager: Adding ALSA device AlsaDevice: [card: 0, device: 23, type: 1]
01-06 17:55:34.176  1393  1393 D UsbAlsaManager: Adding ALSA device AlsaDevice: [card: 0, device: 24, type: 2]
01-06 17:55:34.176  1393  1393 D UsbAlsaManager: Adding ALSA device AlsaDevice: [card: 0, device: 24, type: 1]
01-06 17:55:34.176  1393  1393 D UsbAlsaManager: Adding ALSA device AlsaDevice: [card: 0, device: 25, type: 2]
01-06 17:55:34.176  1393  1393 D UsbAlsaManager: Adding ALSA device AlsaDevice: [card: 0, device: 25, type: 1]
01-06 17:55:34.176  1393  1393 D UsbAlsaManager: Adding ALSA device AlsaDevice: [card: 0, device: 26, type: 2]
01-06 17:55:34.176  1393  1393 D UsbAlsaManager: Adding ALSA device AlsaDevice: [card: 0, device: 27, type: 2]
01-06 17:55:34.176  1393  1393 D UsbAlsaManager: Adding ALSA device AlsaDevice: [card: 0, device: 28, type: 2]
01-06 17:55:34.176  1393  1393 D UsbAlsaManager: Adding ALSA device AlsaDevice: [card: 0, device: 29, type: 2]
01-06 17:55:34.176  1393  1393 D UsbAlsaManager: Adding ALSA device AlsaDevice: [card: 0, device: 30, type: 2]
01-06 17:55:34.177  1393  1393 D UsbAlsaManager: Adding ALSA device AlsaDevice: [card: 0, device: 31, type: 2]
01-06 17:55:34.177  1393  1393 D UsbAlsaManager: Adding ALSA device AlsaDevice: [card: 0, device: 32, type: 2]
01-06 17:55:34.177  1393  1393 D UsbAlsaManager: Adding ALSA device AlsaDevice: [card: 0, device: 33, type: 2]
01-06 17:55:34.177  1393  1393 D UsbAlsaManager: Adding ALSA device AlsaDevice: [card: 0, device: 33, type: 1]
01-06 17:55:34.177  1393  1393 D UsbAlsaManager: Adding ALSA device AlsaDevice: [card: 0, device: 34, type: 2]
01-06 17:55:34.177  1393  1393 D UsbAlsaManager: Adding ALSA device AlsaDevice: [card: 0, device: 34, type: 1]
01-06 17:55:34.177  1393  1393 D UsbAlsaManager: Adding ALSA device AlsaDevice: [card: 0, device: 35, type: 2]
01-06 17:55:34.177  1393  1393 D UsbAlsaManager: Adding ALSA device AlsaDevice: [card: 0, device: 36, type: 1]
01-06 17:55:34.177  1393  1393 D UsbAlsaManager: Adding ALSA device AlsaDevice: [card: 0, device: 37, type: 2]
01-06 17:55:34.177  1393  1393 D UsbAlsaManager: Adding ALSA device AlsaDevice: [card: 0, device: 63, type: 2]
01-06 17:55:34.177  1393  1393 D UsbAlsaManager: Adding ALSA device AlsaDevice: [card: 0, device: 63, type: 1]
01-06 17:55:34.178  1393  1928 D BluetoothManagerService: Trying to bind to profile: 1, while Bluetooth was disabled
01-06 17:55:34.179  1393  1393 I BrokerableCMSystemService: Connecting to implementation
01-06 17:55:34.179  1393  1489 D BluetoothManagerService: Message: 30
01-06 17:55:34.180  1393  1393 E BrokerableCMSystemService: Target component lacks cyanogenmod.permission.ACCESS_THEME_MANAGER service permission, failing ComponentInfo{org.cyanogenmod.themeservice/org.cyanogenmod.themeservice.ThemeManagerService}
01-06 17:55:34.180  1393  1489 D BluetoothManagerService: Message: 30
01-06 17:55:34.180  1393  1393 I SystemServer: WebViewFactory preparation
01-06 17:55:34.207  1393  2145 D UsbHostManager: Added device UsbDevice[mName=/dev/bus/usb/001/002,mVendorId=1478,mProductId=37028,mClass=0,mSubclass=0,mProtocol=0,mManufacturerName=Qualcomm, Incorporated,mProductName=Qualcomm CDMA Technologies MSM,mVersion=2.0,mSerialNumber=null,mConfigurations=[
01-06 17:55:34.207  1393  2145 D UsbHostManager: UsbConfiguration[mId=1,mName=Qualcomm Configuration,mAttributes=224,mMaxPower=250,mInterfaces=[
01-06 17:55:34.207  1393  2145 D UsbHostManager: UsbInterface[mId=0,mAlternateSetting=0,mName=null,mClass=255,mSubclass=255,mProtocol=255,mEndpoints=[
01-06 17:55:34.207  1393  2145 D UsbHostManager: UsbEndpoint[mAddress=129,mAttributes=3,mMaxPacketSize=512,mInterval=3]
01-06 17:55:34.207  1393  2145 D UsbHostManager: UsbEndpoint[mAddress=1,mAttributes=2,mMaxPacketSize=512,mInterval=32]]
01-06 17:55:34.207  1393  2145 D UsbHostManager: UsbInterface[mId=1,mAlternateSetting=0,mName=null,mClass=255,mSubclass=255,mProtocol=255,mEndpoints=[
01-06 17:55:34.207  1393  2145 D UsbHostManager: UsbEndpoint[mAddress=130,mAttributes=3,mMaxPacketSize=512,mInterval=3]
01-06 17:55:34.207  1393  2145 D UsbHostManager: UsbEndpoint[mAddress=2,mAttributes=2,mMaxPacketSize=512,mInterval=32]]
01-06 17:55:34.207  1393  2145 D UsbHostManager: UsbInterface[mId=2,mAlternateSetting=0,mName=null,mClass=255,mSubclass=255,mProtocol=255,mEndpoints=[
01-06 17:55:34.207  1393  2145 D UsbHostManager: UsbEndpoint[mAddress=131,mAttributes=2,mMaxPacketSize=512,mInterval=32]
01-06 17:55:34.207  1393  2145 D UsbHostManager: UsbEndpoint[mAddress=3,mAttributes=2,mMaxPacketSize=512,mInterval=32]]
01-06 17:55:34.207  1393  2145 D UsbHostManager: UsbInterface[mId=3,mAlternateSetting=0,mName=null,mClass=255,mSubclass=255,mProtocol=255,mEndpoints=[
01-06 17:55:34.207  1393  2145 D UsbHostManager: UsbEndpoint[mAddress=132,mAttributes=3,mMaxPacketSize=512,mInterval=3]
01-06 17:55:34.207  1393  2145 D UsbHostManager: UsbEndpoint[mAddress=4,mAttributes=2,mMaxPacketSize=512,mInterval=32]]
01-06 17:55:34.207  1393  2145 D UsbHostManager: UsbInterface[mId=4,mAlternateSetting=0,mName=null,mClass=255,mSubclass=255,mProtocol=255,mEndpoints=[
01-06 17:55:34.207  1393  2145 D UsbHostManager: UsbEndpoint[mAddress=133,mAttributes=2,mMaxPacketSize=512,mInterval=32]]
01-06 17:55:34.207  1393  2145 D UsbHostManager: UsbInterface[mId=5,mAlternateSetting=0,mName=null,mClass=255,mSubclass=255,mProtocol=255,mEndpoints=[
01-06 17:55:34.207  1393  2145 D UsbHostManager: UsbEndpoint[mAddress=134,mAttributes=3,mMaxPacketSize=64,mInterval=5]
01-06 17:55:34.207  1393  2145 D UsbHostManager: UsbEndpoint[mAddress=135,mAttributes=3,mMaxPacketSize=512,mInterval=3]
01-06 17:55:34.207  1393  2145 D UsbHostManager: UsbEndpoint[mAddress=5,mAttributes=2,mMaxPacketSize=512,mInterval=32]]
01-06 17:55:34.207  1393  2145 D UsbHostManager: UsbInterface[mId=6,mAlternateSetting=0,mName=null,mClass=255,mSubclass=254,mProtocol=255,mEndpoints=[
01-06 17:55:34.207  1393  2145 D UsbHostManager: UsbEndpoint[mAddress=136,mAttributes=3,mMaxPacketSize=64,mInterval=5]
01-06 17:55:34.207  1393  2145 D UsbHostManager: UsbEndpoint[mAddress=137,mAttributes=2,mMaxPacketSize=512,mInterval=32]
01-06 17:55:34.207  1393  2145 D UsbHostManager: UsbEndpoint[mAddress=6,mAttributes=2,mMaxPacketSize=512,mInterval=32]]
01-06 17:55:34.207  1393  2145 D UsbHostManager: UsbInterface[mId=7,mAlternateSetting=0,mName=null,mClass=255,mSubclass=255,mProtocol=255,mEndpoints=[
01-06 17:55:34.207  1393  2145 D UsbHostManager: UsbEndpoint[mAddress=138,mAttributes=3,mMaxPacketSize=64,mInterval=5]
01-06 17:55:34.207  1393  2145 D UsbHostManager: UsbEndpoint[mAddress=139,mAttributes=2,mMaxPacketSize=512,mInterval=32]
01-06 17:55:34.207  1393  2145 D UsbHostManager: UsbEndpoint[mAddress=7,mAttributes=2,mMaxPacketSize=512,mInterval=32]]
01-06 17:55:34.207  1393  2145 D UsbHostManager: UsbInterface[mId=8,mAlternateSetting=0,mName=null,mClass=255,mSubclass=255,mProtocol=255,mEndpoints=[
01-06 17:55:34.207  1393  2145 D UsbHostManager: UsbEndpoint[mAddress=140,mAttributes=3,mMaxPacketSize=64,mInterval=5]
01-06 17:55:34.207  1393  2145 D UsbHostManager: UsbEndpoint[mAddress=141,mAttributes=2,mMaxPacketSize=512,mInterval=32]
01-06 17:55:34.207  1393  2145 D UsbHostManager: UsbEndpoint[mAddress=8,mAttributes=2,mMaxPacketSize=512,mInterval=32]]
01-06 17:55:34.207  1393  2145 D UsbHostManager: UsbInterface[mId=9,mAlternateSetting=0,mName=null,mClass=255,mSubclass=255,mProtocol=255,mEndpoints=[
01-06 17:55:34.207  1393  2145 D UsbHostManager: UsbEndpoint[mAddress=142,mAttributes=3,mMaxPacketSize=64,mInterval=5]]]]
01-06 17:55:34.208  1393  2145 W ContextImpl: Calling a method in the system process without a qualified user: android.app.ContextImpl.sendBroadcast:877 com.android.server.usb.UsbSettingsManager.deviceAttached:739 com.android.server.usb.UsbHostManager.endUsbDeviceAdded:225 com.android.server.usb.UsbHostManager.monitorUsbHostBus:-2 com.android.server.usb.UsbHostManager.-wrap0:-1 
01-06 17:55:34.213  1393  1393 I ActivityManager: Start proc 2160:WebViewLoader-armeabi-v7a/1037 [android.webkit.WebViewFactory$RelroFileCreator] for 
01-06 17:55:34.214  1393  1393 D NetworkManagement: enabling bandwidth control
01-06 17:55:34.224  1393  1853 D VoldConnector: RCV <- {651 emulated 2}
01-06 17:55:34.224  1393  1853 D VoldConnector: RCV <- {200 5 Command succeeded}
01-06 17:55:34.436  2126  2126 V FingerprintManager: FingerprintManagerService was null
01-06 17:55:34.469  2111  2259 E ActivityThread: Failed to find provider info for user_dictionary
01-06 17:55:34.898  1393  1451 W WindowManager: Keyguard drawn timeout. Setting mKeyguardDrawComplete
01-06 17:55:35.027  1393  2154 I StatusBarManagerService: registerStatusBar bar=com.android.internal.statusbar.IStatusBar$Stub$Proxy@805a9bd
01-06 17:55:35.169  2126  2126 E ActivityThread: Failed to find provider info for com.cyanogenmod.lockclock.weather.provider
01-06 17:55:35.604  1393  1393 E NetdConnector: NDC Command {14 bandwidth setglobalalert 2097152} took too long (1088ms)
01-06 17:55:35.604  1393  1867 E NetdConnector: NDC Command {15 bandwidth gettetherstats} took too long (1085ms)
01-06 17:55:35.607  1393  1393 D NetworkPolicy: setRestrictBackgroundUL(): false
01-06 17:55:39.374  1393  1489 D BluetoothManagerService: Message: 20
01-06 17:55:39.374  1393  1489 D BluetoothManagerService: Added callback: android.bluetooth.IBluetoothManagerCallback$Stub$Proxy@54493b1:true
01-06 17:55:39.379  1393  1489 D BluetoothManagerService: Message: 30
01-06 17:55:39.382  1393  1489 D BluetoothManagerService: Message: 30
01-06 17:55:39.385  1393  1489 D BluetoothManagerService: Message: 30
01-06 17:55:39.387  1393  1489 D BluetoothManagerService: Message: 30
01-06 17:55:39.388  1393  1489 D BluetoothManagerService: Message: 30
01-06 17:55:40.054  2126  2126 E ActivityThread: Failed to find provider info for com.cyanogenmod.lockclock.weather.provider
01-06 17:55:40.098  1393  1456 E BatteryStatsService: no controller energy info supplied
01-06 17:55:40.103  1393  1870 E NetdConnector: NDC Command {16 interface getcfg p2p0} took too long (5028ms)
01-06 17:55:40.199  1393  1393 E NetdConnector: NDC Command {17 firewall enable_chain standby} took too long (1693ms)
01-06 17:55:40.258  2126  2593 E ActivityThread: Failed to find provider info for com.android.contacts
01-06 17:55:41.508  1393  1889 D WifiService: New client listening to asynchronous messages
01-06 17:55:45.105  1393  1456 E BatteryStatsService: no controller energy info supplied
01-06 17:55:45.109  1393  1870 E NetdConnector: NDC Command {18 interface setcfg p2p0 0.0.0.0 0 up multicast broadcast} took too long (5006ms)
01-06 17:55:45.114  1393  1393 E NetdConnector: NDC Command {19 firewall enable blacklist} took too long (4911ms)
01-06 17:55:45.134  1393  1393 I SystemServiceManager: Starting phase 600
01-06 17:55:45.194  1393  1393 D GestureLauncherService: Gesture launcher mEmergencyNumber = 112 hits = 3
01-06 17:55:45.195  1393  1393 D SensorNotificationService: Cannot obtain dynamic meta sensor, not supported.
01-06 17:55:45.201  1393  1393 D BrokerableCMSystemService: Third party apps ready
01-06 17:55:45.201  1393  1393 I BrokerableCMSystemService: Connecting to implementation
01-06 17:55:45.201  1393  1393 E BrokerableCMSystemService: Target component lacks cyanogenmod.permission.ACCESS_THEME_MANAGER service permission, failing ComponentInfo{org.cyanogenmod.themeservice/org.cyanogenmod.themeservice.ThemeManagerService}
01-06 17:55:45.201  1393  1393 D BrokerableCMSystemService: Third party apps ready
01-06 17:55:45.201  1393  1393 I BrokerableCMSystemService: Connecting to implementation
01-06 17:55:45.201  1393  1393 E BrokerableCMSystemService: Target component lacks cyanogenmod.permission.ACCESS_THEME_MANAGER service permission, failing ComponentInfo{org.cyanogenmod.themeservice/org.cyanogenmod.themeservice.IconCacheManagerService}
01-06 17:55:45.203  1393  1393 D BrokerableCMSystemService: Third party apps ready
01-06 17:55:45.203  1393  1393 I BrokerableCMSystemService: Connecting to implementation
01-06 17:55:45.203  1393  1393 E BrokerableCMSystemService: No implementation service found
01-06 17:55:45.203  1393  1393 D BrokerableCMSystemService: Third party apps ready
01-06 17:55:45.203  1393  1393 I BrokerableCMSystemService: Connecting to implementation
01-06 17:55:45.204  1393  1393 W ContextImpl: Calling a method in the system process without a qualified user: android.app.ContextImpl.bindService:1421 org.cyanogenmod.platform.internal.BrokerableCMSystemService.tryConnecting:199 org.cyanogenmod.platform.internal.BrokerableCMSystemService.onBootPhase:127 org.cyanogenmod.platform.internal.CMAudioServiceBroker.onBootPhase:58 com.android.server.SystemServiceManager.startBootPhase:142 
01-06 17:55:45.213  1393  1393 I ActivityManager: Start proc 2605:org.cyanogenmod.cmaudio.service/u0a2 for service org.cyanogenmod.cmaudio.service/.CMAudioService
01-06 17:55:45.324  1393  1393 W LocationManagerService: no network location provider found
01-06 17:55:45.328  1393  1393 E LocationManagerService: no geocoder provider found
01-06 17:55:45.408  1393  1393 D LocationManagerService: Unable to bind FusedProxy.
01-06 17:55:45.415  1393  1393 D LocationManagerService: Unable to bind FLP Geofence proxy.
01-06 17:55:45.416  1393  1393 D LocationManagerService: Hardware Activity-Recognition not supported.
01-06 17:55:45.419  1393  1393 D LocationManagerService: Unable to bind ActivityRecognitionProxy.
01-06 17:55:45.441  1393  1393 I MmsServiceBroker: Delay connecting to MmsService until an API is called
01-06 17:55:45.443  1393  1393 W VoiceInteractionManagerService: no available voice interaction services found for user 0
01-06 17:55:45.443  1393  1393 W VoiceInteractionManagerService: no available voice recognition services found for user 0
01-06 17:55:45.452  1393  1393 I ActivityManager: Start proc 2626:com.android.phone/1001 for added application com.android.phone
01-06 17:55:45.454  1393  1393 I ActivityManager: START u0 {act=android.intent.action.MAIN cat=[android.intent.category.HOME] flg=0x10000100 cmp=com.android.settings/.FallbackHome} from uid 0 on display 0
01-06 17:55:45.489  1393  1393 I ActivityManager: Loaded persisted task ids for user 0
01-06 17:55:45.523  1393  1393 I ActivityManager: Start proc 2640:com.android.settings/1000 for activity com.android.settings/.FallbackHome
01-06 17:55:45.528  1393  1393 I SystemServer: Enabled StrictMode for system server main thread.
01-06 17:55:45.562  1393  1393 D ConditionProviders.SCP: onConnected
01-06 17:55:45.562  1393  1393 D ZenLog  : set_zen_mode: off,readXml
01-06 17:55:45.571  1393  1393 D ConditionProviders: Subscribing to condition://android/schedule?days=1.2.3.4.5&start=22.0&end=7.0&exitAtAlarm=false with ComponentInfo{android/com.android.server.notification.ScheduleConditionProvider}
01-06 17:55:45.571  1393  1393 D ZenLog  : subscribe: condition://android/schedule?days=1.2.3.4.5&start=22.0&end=7.0&exitAtAlarm=false,ok
01-06 17:55:45.571  1393  1393 D ConditionProviders: Subscribing to condition://android/event?userId=-10000&calendar=&reply=1 with ComponentInfo{android/com.android.server.notification.EventConditionProvider}
01-06 17:55:45.572  1393  1393 D ZenLog  : subscribe: condition://android/event?userId=-10000&calendar=&reply=1,ok
01-06 17:55:45.572  1393  1393 D ConditionProviders: Subscribing to condition://android/schedule?days=6.7&start=23.30&end=10.0&exitAtAlarm=false with ComponentInfo{android/com.android.server.notification.ScheduleConditionProvider}
01-06 17:55:45.572  1393  1393 D ZenLog  : subscribe: condition://android/schedule?days=6.7&start=23.30&end=10.0&exitAtAlarm=false,ok
01-06 17:55:45.604  1393  1393 W ContextImpl: Calling a method in the system process without a qualified user: android.app.ContextImpl.startService:1357 com.android.server.content.SyncManager$13.run:658 android.os.Handler.handleCallback:751 android.os.Handler.dispatchMessage:95 android.os.Looper.loop:154 
01-06 17:55:45.607  1393  1393 D ZenLog  : set_zen_mode: off,cleanUpZenRules
01-06 17:55:45.613  2126  2578 E ActivityThread: Failed to find provider info for com.android.contacts
01-06 17:55:45.759  1393  1489 D BluetoothManagerService: Message: 30
01-06 17:55:45.759  1393  1393 D BluetoothManagerService: Trying to bind to profile: 1, while Bluetooth was disabled
01-06 17:55:45.764  1393  1393 I Telecom : SystemStateProvider: Registering car mode receiver: android.content.IntentFilter@6dcb484: TS.init@AAA
01-06 17:55:45.780  1393  2685 I Telecom : Telecom: Non-call EVENT: AUDIO_ROUTE, Entering state QuiescentEarpieceRoute
01-06 17:55:45.793  1393  2686 I Telecom : CallAudioModeStateMachine: Message received: null.: TS.init->CAMSM.pM_1@AAA_0
01-06 17:55:45.806  1393  1393 I Telecom : ViceNotificationImpl: ViceNotificationImpl: TS.init@AAA
01-06 17:55:45.809  1393  2687 E ActivityThread: Failed to find provider info for call_log
01-06 17:55:45.810  1393  1393 D BluetoothManagerService: Trying to bind to profile: 1, while Bluetooth was disabled
01-06 17:55:45.810  1393  1489 D BluetoothManagerService: Message: 30
01-06 17:55:45.814  1393  1393 I Telecom : Class: TelecomSystem.INSTANCE being set
01-06 17:55:45.815  1393  1393 W ContextImpl: Calling a method in the system process without a qualified user: android.app.ContextImpl.startService:1357 android.content.ContextWrapper.startService:613 com.android.server.telecom.components.TelecomService.initializeTelecomSystem:186 com.android.server.telecom.components.TelecomService.onBind:63 android.app.ActivityThread.handleBindService:3218 
01-06 17:55:45.828  1393  1450 W KeyguardServiceDelegate: onScreenTurningOn(): no keyguard service!
01-06 17:55:45.838  1393  1490 I WindowManager: Screen frozen for +253ms due to AppWindowToken{a49339 token=Token{96e9183 ActivityRecord{6555032 u0 com.android.settings/.FallbackHome t1}}}
01-06 17:55:45.844  1393  1414 D CryptdConnector: SND -> {3 cryptfs getpw}
01-06 17:55:45.844   299   310 D VoldCryptCmdListener: cryptfs getpw
01-06 17:55:45.844  1393  1854 D CryptdConnector: RCV <- {200 3 -1}
01-06 17:55:45.845  1393  1414 D CryptdConnector: SND -> {4 cryptfs clearpw}
01-06 17:55:45.845   299   310 D VoldCryptCmdListener: cryptfs clearpw
01-06 17:55:45.845  1393  1854 D CryptdConnector: RCV <- {200 4 0}
01-06 17:55:45.872  1393  1393 I BrokerableCMSystemService: Implementation service connected
01-06 17:55:45.879  1393  1393 V WiredAccessoryManager: notifyWiredAccessoryChanged: when=0 bits= mask=54
01-06 17:55:45.879  1393  1393 V WiredAccessoryManager: newName=h2w newState=0 headsetState=0 prev headsetState=0
01-06 17:55:45.879  1393  1393 V WiredAccessoryManager: init()
01-06 17:55:45.880  1393  1413 I ActivityManager: Setting hasTopUi=true for pid=2126
01-06 17:55:45.980  1393  1393 D AccessibilityManagerService: Ignoring non-encryption-aware service ComponentInfo{com.bhb27.isu/com.bhb27.isu.perapp.PerAppMonitor}
01-06 17:55:45.980  1393  1393 D AccessibilityManagerService: Ignoring non-encryption-aware service ComponentInfo{com.bhb27.kerneladiutor/com.grarak.kerneladiutor.services.PerAppMonitor}
01-06 17:55:45.980  1393  1393 D AccessibilityManagerService: Ignoring non-encryption-aware service ComponentInfo{com.teslacoilsw.launcher/com.teslacoilsw.launcher.NovaAccessibilityService}
01-06 17:55:46.105  1393  1413 I ActivityManager: user 0 is still locked. Cannot load recents
01-06 17:55:46.115  1393  1393 D ConditionProviders.SCP: onSubscribe condition://android/schedule?days=1.2.3.4.5&start=22.0&end=7.0&exitAtAlarm=false
01-06 17:55:46.116  1393  1393 D ConditionProviders.SCP: setRegistered true
01-06 17:55:46.116  1393  1393 D ConditionProviders.SCP: notifyCondition condition://android/schedule?days=1.2.3.4.5&start=22.0&end=7.0&exitAtAlarm=false STATE_FALSE reason=!meetsSchedule
01-06 17:55:46.119  1393  1393 D ConditionProviders.SCP: Scheduling evaluate for Fri Jan 06 22:00:00 GMT-02:00 2017 (1483747200000), in +4h4m13s884ms, now=Fri Jan 06 17:55:46 GMT-02:00 2017 (1483732546116)
01-06 17:55:46.121  1393  1393 D ConditionProviders.SCP: onSubscribe condition://android/schedule?days=6.7&start=23.30&end=10.0&exitAtAlarm=false
01-06 17:55:46.122  1393  1393 D ConditionProviders.SCP: notifyCondition condition://android/schedule?days=6.7&start=23.30&end=10.0&exitAtAlarm=false STATE_FALSE reason=!meetsSchedule
01-06 17:55:46.122  1393  1393 D ConditionProviders.SCP: notifyCondition condition://android/schedule?days=1.2.3.4.5&start=22.0&end=7.0&exitAtAlarm=false STATE_FALSE reason=!meetsSchedule
01-06 17:55:46.126  1393  1393 D ConditionProviders.SCP: Scheduling evaluate for Fri Jan 06 22:00:00 GMT-02:00 2017 (1483747200000), in +4h4m13s879ms, now=Fri Jan 06 17:55:46 GMT-02:00 2017 (1483732546121)
01-06 17:55:46.128  1393  1449 I SyncManager: Got SyncJobService instance.
01-06 17:55:46.129  1393  1393 I Telecom : WiredHeadsetManager: ACTION_HEADSET_PLUG event, plugged in: false, : WHC.oADA@AAE
01-06 17:55:46.129  1393  1927 E ActivityThread: Failed to find provider info for com.android.calendar
01-06 17:55:46.129  1393  1927 E ActivityThread: Failed to find provider info for com.android.calendar
01-06 17:55:46.132  1393  1393 I ActivityManager: user 0 is still locked. Cannot load recents
01-06 17:55:46.229  1393  1920 D ConnectivityService: Got NetworkFactory Messenger for PhoneSwitcherNetworkRequstListener
01-06 17:55:46.233  1393  1920 D ConnectivityService: Got NetworkFactory Messenger for TelephonyNetworkFactory[0]
01-06 17:55:46.255  2626  2754 E ActivityThread: Failed to find provider info for com.android.contacts
01-06 17:55:46.263  1393  1489 D BluetoothManagerService: Message: 20
01-06 17:55:46.263  1393  1489 D BluetoothManagerService: Added callback: android.bluetooth.IBluetoothManagerCallback$Stub$Proxy@54272a8:true
01-06 17:55:46.265  1393  1489 D BluetoothManagerService: Message: 30
01-06 17:55:46.266  1393  2727 D BluetoothManagerService: Trying to bind to profile: 1, while Bluetooth was disabled
01-06 17:55:46.590  1393  1413 I Telecom : PhoneAccountRegistrar: [ComponentInfo{com.android.phone/com.android.services.telephony.TelephonyConnectionService}, [e0184adedf913b076626646d3f52c3b49c39ad6d], UserHandle{0}(icon: Icon(typ=BITMAP size=67x84) -> Icon(typ=BITMAP size=67x84))]: TSI.rPA@AAM
01-06 17:55:46.599  1393  1413 I Telecom : : Sending phone-account registered intent as user: TSI.rPA@AAM
01-06 17:55:46.637  1393  1413 I Telecom : PhoneAccountRegistrar: [ComponentInfo{com.android.phone/com.android.services.telephony.TelephonyConnectionService}, [e0184adedf913b076626646d3f52c3b49c39ad6d], UserHandle{0}(icon: Icon(typ=BITMAP size=67x84) -> Icon(typ=BITMAP size=67x84))]: TSI.rPA@AAY
01-06 17:55:46.639  1393  1413 I Telecom : : Sending phone-account registered intent as user: TSI.rPA@AAY
01-06 17:55:46.901  2626  2626 D MccTable: updateMccMncConfiguration mccmnc='72404' fromServiceState=false
01-06 17:55:46.902  2626  2626 D MccTable: updateMccMncConfiguration defaultMccMnc=
01-06 17:55:46.902  2626  2626 D MccTable: updateMccMncConfiguration: mcc=724, mnc=4
01-06 17:55:46.902  2626  2626 D MccTable: updateMccMncConfiguration updateConfig config={1.0 724mcc4mnc ?localeList ?layoutDir ?swdp ?wdp ?hdp ?density ?lsize ?long ?orien ?uimode ?night ?touch ?keyb/?/? ?nav/?}
01-06 17:55:46.902  1393  2154 I ActivityManager: Config changes=3 {1.0 724mcc4mnc [en_US,pt_BR] ldltr sw411dp w411dp h707dp 560dpi nrml long port finger -keyb/v/h -nav/h s.8}
01-06 17:55:46.988  1393  2154 I Telecom : PhoneAccountRegistrar: [ComponentInfo{com.android.phone/com.android.services.telephony.TelephonyConnectionService}, [e0184adedf913b076626646d3f52c3b49c39ad6d], UserHandle{0}(icon: Icon(typ=BITMAP size=67x84) -> Icon(typ=BITMAP size=67x84))]: TSI.rPA@AAc
01-06 17:55:46.990  1393  2154 I Telecom : : Sending phone-account registered intent as user: TSI.rPA@AAc
01-06 17:55:47.001  1393  1490 I WindowManager: Screen frozen for +89ms due to AppWindowToken{a49339 token=Token{96e9183 ActivityRecord{6555032 u0 com.android.settings/.FallbackHome t1}}}
01-06 17:55:47.017  1393  1414 I Telecom : PhoneAccountRegistrar: [ComponentInfo{com.android.phone/com.android.services.telephony.TelephonyConnectionService}, [e0184adedf913b076626646d3f52c3b49c39ad6d], UserHandle{0}(icon: Icon(typ=BITMAP size=67x84) -> Icon(typ=BITMAP size=67x84))]: TSI.rPA@AAo
01-06 17:55:47.021  1393  1414 I Telecom : : Sending phone-account registered intent as user: TSI.rPA@AAo
01-06 17:55:47.035  1393  1414 I Telecom : PhoneAccountRegistrar: [ComponentInfo{com.android.phone/com.android.services.telephony.TelephonyConnectionService}, [e0184adedf913b076626646d3f52c3b49c39ad6d], UserHandle{0}(icon: Icon(typ=BITMAP size=67x84) -> Icon(typ=BITMAP size=67x84))]: TSI.rPA@AAs
01-06 17:55:47.037  1393  1414 I Telecom : : Sending phone-account registered intent as user: TSI.rPA@AAs
01-06 17:55:47.086  2626  2626 D MccTable: updateMccMncConfiguration mccmnc='72404' fromServiceState=false
01-06 17:55:47.089  2626  2626 D MccTable: updateMccMncConfiguration defaultMccMnc=72404
01-06 17:55:47.089  2626  2626 D MccTable: updateMccMncConfiguration: mcc=724, mnc=4
01-06 17:55:47.090  2626  2626 D MccTable: updateMccMncConfiguration updateConfig config={1.0 724mcc4mnc ?localeList ?layoutDir ?swdp ?wdp ?hdp ?density ?lsize ?long ?orien ?uimode ?night ?touch ?keyb/?/? ?nav/?}
01-06 17:55:47.270  2626  2626 D MccTable: updateMccMncConfiguration mccmnc='72404' fromServiceState=false
01-06 17:55:47.275  2626  2626 D MccTable: updateMccMncConfiguration defaultMccMnc=72404
01-06 17:55:47.275  2626  2626 D MccTable: updateMccMncConfiguration: mcc=724, mnc=4
01-06 17:55:47.275  2626  2626 D MccTable: updateMccMncConfiguration updateConfig config={1.0 724mcc4mnc ?localeList ?layoutDir ?swdp ?wdp ?hdp ?density ?lsize ?long ?orien ?uimode ?night ?touch ?keyb/?/? ?nav/?}
01-06 17:55:47.381  1393  2154 I Telecom : PhoneAccountRegistrar: [ComponentInfo{com.android.phone/com.android.services.telephony.TelephonyConnectionService}, [e0184adedf913b076626646d3f52c3b49c39ad6d], UserHandle{0}(icon: Icon(typ=BITMAP size=67x84) -> Icon(typ=BITMAP size=67x84))]: TSI.rPA@AA4
01-06 17:55:47.383  1393  2154 I Telecom : : Sending phone-account registered intent as user: TSI.rPA@AA4
01-06 17:55:47.633  1393  1414 I Telecom : PhoneAccountRegistrar: New phone account registered: [[ ] PhoneAccount: ComponentInfo{com.android.phone/com.android.services.telephony.TelephonyConnectionService}, [8b28e83c48fa0e0805ad6a2f3ce8a8ce705d9614], UserHandle{0} Capabilities: CallProvider MultiUser PlaceEmerg SimSub  Schemes: tel voicemail  Extras: null GroupId: [da39a3ee5e6b4b0d3255bfef95601890afd80709]]: TSI.rPA@AA8
01-06 17:55:47.637  1393  1414 I Telecom : : Sending phone-account registered intent as user: TSI.rPA@AA8
01-06 17:55:47.657  1393  1413 I Telecom : : Sending phone-account unregistered intent as user: TSI.uPA@ABE
01-06 17:55:47.718  1393  2655 I Telecom : PhoneAccountRegistrar: [ComponentInfo{com.android.phone/com.android.services.telephony.TelephonyConnectionService}, [8b28e83c48fa0e0805ad6a2f3ce8a8ce705d9614], UserHandle{0}(icon: Icon(typ=BITMAP size=67x84) -> Icon(typ=BITMAP size=67x84))]: TSI.rPA@ABM
01-06 17:55:47.739  1393  2655 I Telecom : : Sending phone-account registered intent as user: TSI.rPA@ABM
01-06 17:55:47.796  1393  2154 I Telecom : PhoneAccountRegistrar: [ComponentInfo{com.android.phone/com.android.services.telephony.TelephonyConnectionService}, [8b28e83c48fa0e0805ad6a2f3ce8a8ce705d9614], UserHandle{0}(icon: Icon(typ=BITMAP size=67x84) -> Icon(typ=BITMAP size=67x84))]: TSI.rPA@ABY
01-06 17:55:47.798  1393  2154 I Telecom : : Sending phone-account registered intent as user: TSI.rPA@ABY
01-06 17:55:48.027  1393  2423 I Telecom : PhoneAccountRegistrar: [ComponentInfo{com.android.phone/com.android.services.telephony.TelephonyConnectionService}, [8b28e83c48fa0e0805ad6a2f3ce8a8ce705d9614], UserHandle{0}(icon: Icon(typ=BITMAP size=67x84) -> Icon(typ=BITMAP size=67x84))]: TSI.rPA@ABk
01-06 17:55:48.030  1393  2423 I Telecom : : Sending phone-account registered intent as user: TSI.rPA@ABk
01-06 17:55:48.074  1393  2154 I Telecom : PhoneAccountRegistrar: [ComponentInfo{com.android.phone/com.android.services.telephony.TelephonyConnectionService}, [8b28e83c48fa0e0805ad6a2f3ce8a8ce705d9614], UserHandle{0}(icon: Icon(typ=BITMAP size=67x84) -> Icon(typ=BITMAP size=67x84))]: TSI.rPA@ABw
01-06 17:55:48.077  1393  2154 I Telecom : : Sending phone-account registered intent as user: TSI.rPA@ABw
01-06 17:55:48.105  1393  1393 I Telecom : PhoneAccountRegistrar: SimCallManager queried, returning: null: TSI.gSCMFU@AB8
01-06 17:55:48.118  1393  2727 I Telecom : PhoneAccountRegistrar: [ComponentInfo{com.android.phone/com.android.services.telephony.TelephonyConnectionService}, [8b28e83c48fa0e0805ad6a2f3ce8a8ce705d9614], UserHandle{0}(icon: Icon(typ=BITMAP size=67x84) -> Icon(typ=BITMAP size=67x84))]: TSI.rPA@ACA
01-06 17:55:48.122  1393  2727 I Telecom : : Sending phone-account registered intent as user: TSI.rPA@ACA
01-06 17:55:48.238  2626  2626 D MccTable: updateMccMncConfiguration mccmnc='72404' fromServiceState=true
01-06 17:55:48.239  2626  2626 D MccTable: updateMccMncConfiguration defaultMccMnc=72404
01-06 17:55:48.239  2626  2626 D MccTable: updateMccMncConfiguration: mcc=724, mnc=4
01-06 17:55:48.239  2626  2626 D MccTable: WIFI_COUNTRY_CODE set to br
01-06 17:55:48.241  1393  2655 I WifiService: WifiService trying to set country code to br with persist set to false
01-06 17:55:48.413  1393  2154 I Telecom : PhoneAccountRegistrar: [ComponentInfo{com.android.phone/com.android.services.telephony.TelephonyConnectionService}, [8b28e83c48fa0e0805ad6a2f3ce8a8ce705d9614], UserHandle{0}(icon: Icon(typ=BITMAP size=67x84) -> Icon(typ=BITMAP size=67x84))(lbl: TIM -> )(desc: TIM -> )]: TSI.rPA@ACE
01-06 17:55:48.420  1393  2154 I Telecom : : Sending phone-account registered intent as user: TSI.rPA@ACE
01-06 17:55:48.459  1393  2154 I Telecom : PhoneAccountRegistrar: [ComponentInfo{com.android.phone/com.android.services.telephony.TelephonyConnectionService}, [8b28e83c48fa0e0805ad6a2f3ce8a8ce705d9614], UserHandle{0}(icon: Icon(typ=BITMAP size=67x84) -> Icon(typ=BITMAP size=67x84))]: TSI.rPA@ACQ
01-06 17:55:48.465  1393  2154 I Telecom : : Sending phone-account registered intent as user: TSI.rPA@ACQ
01-06 17:55:48.504  1393  2727 I Telecom : PhoneAccountRegistrar: [ComponentInfo{com.android.phone/com.android.services.telephony.TelephonyConnectionService}, [8b28e83c48fa0e0805ad6a2f3ce8a8ce705d9614], UserHandle{0}(icon: Icon(typ=BITMAP size=67x84) -> Icon(typ=BITMAP size=67x84))]: TSI.rPA@ACc
01-06 17:55:48.509  1393  2727 I Telecom : : Sending phone-account registered intent as user: TSI.rPA@ACc
--------- beginning of crash
01-06 17:55:50.452   916   916 F libc    : Invalid address 0xb3c160a0 passed to free: value not allocated
01-06 17:55:50.453   916   916 F libc    : Fatal signal 6 (SIGABRT), code -6 in tid 916 (bootanimation)
01-06 17:55:50.529  2833  2833 F DEBUG   : *** *** *** *** *** *** *** *** *** *** *** *** *** *** *** ***
01-06 17:55:50.529  2833  2833 F DEBUG   : CM Version: 'unknown'
01-06 17:55:50.529  2833  2833 F DEBUG   : Build fingerprint: 'motorola/quark_retbr/quark_umts:6.0.1/MPGS24.107-70.2-2/2:user/release-keys'
01-06 17:55:50.529  2833  2833 F DEBUG   : Revision: '0'
01-06 17:55:50.529  2833  2833 F DEBUG   : ABI: 'arm'
01-06 17:55:50.529  2833  2833 F DEBUG   : pid: 916, tid: 916, name: bootanimation  >>> /system/bin/bootanimation <<<
01-06 17:55:50.529  2833  2833 F DEBUG   : signal 6 (SIGABRT), code -6 (SI_TKILL), fault addr --------
01-06 17:55:50.535  2833  2833 F DEBUG   : Abort message: 'Invalid address 0xb3c160a0 passed to free: value not allocated'
01-06 17:55:50.536  2833  2833 F DEBUG   :     r0 00000000  r1 00000394  r2 00000006  r3 84aa1f05
01-06 17:55:50.536  2833  2833 F DEBUG   :     r4 b6f0c58c  r5 00000006  r6 b6f0c534  r7 0000010c
01-06 17:55:50.536  2833  2833 F DEBUG   :     r8 b50be499  r9 b683d4a8  sl 0000001b  fp b6e8e13c
01-06 17:55:50.536  2833  2833 F DEBUG   :     ip 00000016  sp beabf8d8  lr b67f1ee1  pc b67f48c4  cpsr 20070010
01-06 17:55:50.562  2833  2833 F DEBUG   : 
01-06 17:55:50.562  2833  2833 F DEBUG   : backtrace:
01-06 17:55:50.562  2833  2833 F DEBUG   :     #00 pc 000508c4  /system/lib/libc.so (tgkill+12)
01-06 17:55:50.562  2833  2833 F DEBUG   :     #01 pc 0004dedd  /system/lib/libc.so (pthread_kill+36)
01-06 17:55:50.562  2833  2833 F DEBUG   :     #02 pc 0001df3d  /system/lib/libc.so (raise+10)
01-06 17:55:50.562  2833  2833 F DEBUG   :     #03 pc 00019541  /system/lib/libc.so (__libc_android_abort+34)
01-06 17:55:50.562  2833  2833 F DEBUG   :     #04 pc 000173c8  /system/lib/libc.so (abort+4)
01-06 17:55:50.563  2833  2833 F DEBUG   :     #05 pc 0001bda7  /system/lib/libc.so (__libc_fatal+22)
01-06 17:55:50.563  2833  2833 F DEBUG   :     #06 pc 00070531  /system/lib/libc.so (ifree+1132)
01-06 17:55:50.563  2833  2833 F DEBUG   :     #07 pc 000705fd  /system/lib/libc.so (je_free+80)
01-06 17:55:50.563  2833  2833 F DEBUG   :     #08 pc 00010a51  /system/lib/libutils.so (_ZN7android10VectorImpl13finish_vectorEv+4)
01-06 17:55:50.563  2833  2833 F DEBUG   :     #09 pc 000513c3  /system/lib/libbinder.so (_ZN7android12ProcessStateD2Ev+70)
01-06 17:55:50.563  2833  2833 F DEBUG   :     #10 pc 00051483  /system/lib/libbinder.so (_ZTv0_n12_N7android12ProcessStateD0Ev+18)
01-06 17:55:50.563  2833  2833 F DEBUG   :     #11 pc 0000c22f  /system/lib/libutils.so (_ZNK7android7RefBase9decStrongEPKv+62)
01-06 17:55:50.563  2833  2833 F DEBUG   :     #12 pc 000354ab  /system/lib/libbinder.so (_ZN7android2spINS_15IServiceManagerEED2Ev+18)
01-06 17:55:50.563  2833  2833 F DEBUG   :     #13 pc 000591f7  /system/lib/libc.so (__cxa_finalize+142)
01-06 17:55:50.563  2833  2833 F DEBUG   :     #14 pc 000163fb  /system/lib/libc.so (exit+10)
01-06 17:55:50.563  2833  2833 F DEBUG   :     #15 pc 00016f3b  /system/lib/libc.so (__libc_init+50)
01-06 17:55:50.563  2833  2833 F DEBUG   :     #16 pc 0000419c  /system/bin/bootanimation
01-06 17:55:50.715  1393  2148 W NativeCrashListener: Couldn't find ProcessRecord for pid 916
01-06 17:55:50.880  1393  1490 I SystemServiceManager: Starting phase 1000
01-06 17:55:50.946  1393  1490 I ActivityManager: Start proc 2845:android.ext.services/u0a9 for on-hold
01-06 17:55:51.079  1393  1490 D ActivityManager: Finishing user boot 0
01-06 17:55:51.092  1393  1490 D CryptdConnector: SND -> {5 cryptfs prepare_user_storage ! 0 0 2}
01-06 17:55:51.095   299   310 D vold    : e4crypt_prepare_user_storage for volume null, user 0, serial 0, flags 2
01-06 17:55:51.096   299   310 D vold    : Preparing: /data/system_ce/0
01-06 17:55:51.096   299   310 D vold    : Preparing: /data/misc_ce/0
01-06 17:55:51.097   299   310 D vold    : Preparing: /data/media/0
01-06 17:55:51.097   299   310 D vold    : Preparing: /data/data
01-06 17:55:51.098  1393  1854 D CryptdConnector: RCV <- {200 5 Command succeeded}
01-06 17:55:51.102  1393  1490 V UserManagerService: Found /data/user/0 with serial number 0
01-06 17:55:51.105  1393  1490 V UserManagerService: Found /data/system_ce/0 with serial number 0
01-06 17:55:51.106  1393  1490 V PackageManager: reconcileAppsData for null u0 0x2
01-06 17:55:51.359  1393  1490 V PackageManager: reconcileAppsData finished 126 packages
01-06 17:55:51.370  1393  1450 D BluetoothManagerService: User 0 unlocked
01-06 17:55:51.370  1393  1489 D BluetoothManagerService: Message: 301
01-06 17:55:51.371  1393  1489 D BluetoothManagerService: MESSAGE_USER_UNLOCKED
01-06 17:55:51.371  1393  1450 D MountService: onUnlockUser 0
01-06 17:55:51.371  1393  1450 D VoldConnector: SND -> {6 volume user_started 0}
01-06 17:55:51.374  1393  1920 D ConnectivityService: Got NetworkFactory Messenger for WIFI
01-06 17:55:51.376  1393  1920 D ConnectivityService: Got NetworkFactory Messenger for WIFI_UT
01-06 17:55:51.376   299   309 D vold    : Linking /storage/emulated/0 to /mnt/user/0/primary
01-06 17:55:51.377  1393  1853 D VoldConnector: RCV <- {200 6 Command succeeded}
01-06 17:55:51.387  1393  1852 D MountService: Volume emulated broadcasting mounted to UserHandle{0}
01-06 17:55:51.388  1393  1393 I ActivityManager: Start proc 2881:com.google.android.deskclock/u0a50 for broadcast com.google.android.deskclock/com.android.deskclock.AlarmInitReceiver
01-06 17:55:51.444  1393  1450 V BackupManagerService: No ancestral data
01-06 17:55:51.467  1393  1450 V BackupManagerService: Starting with transport com.google.android.gms/.backup.BackupTransportService
01-06 17:55:51.467  1393  1450 V BackupManagerService: Found transports: 1
01-06 17:55:51.469  1393  1450 I BackupManagerService: Backup enabled => true
