01-06 17:56:29.569   483  4737 I mm-camera: mct_pipeline_stop_session_thread: Stop module name: isp - E
01-06 17:56:29.569   483  4737 E mm-camera-isp2: isp_module_stop_session:313 session id 2
01-06 17:56:29.570   466  2370 I CameraService: onTorchStatusChangedLocked: Torch status changed for cameraId=0, newStatus=1
01-06 17:56:29.570   466  2370 I CameraService: disconnect: Disconnected client for camera 0 for PID 4615
01-06 17:56:29.570   483  4738 I mm-camera: mct_pipeline_stop_session_thread: Stop module name: stats - E
01-06 17:56:29.570   483  4738 I mm-camera: stats_module_stop_session: list =0xb2c49330, remove port =0xab07d000 name=stats_sink from module=0xb3cf63c0, name=stats
01-06 17:56:29.570   483  4738 I mm-camera: stats_module_stop_session: 1 port =0xab07d000 name=stats_sink 
01-06 17:56:29.570   483  4738 I mm-camera: stats_module_stop_session: 2 port =0xab07d000 name=stats_sink 
01-06 17:56:29.571   483  4738 E mm-camera-CORE: mot_af_deinit: E
01-06 17:56:29.571   483  4738 E mm-camera: is_module_stop_session: Enter
01-06 17:56:29.571   483  4738 E mm-camera: is_module_stop_session: Exit successful
01-06 17:56:29.571   483  4738 I mm-camera: stats_module_stop_session: 3 port =0xab07d000 name=stats_sink 
01-06 17:56:29.571   483  4738 I mm-camera: mct_pipeline_stop_session_thread: Stop module name: stats - X
01-06 17:56:29.571   483  4739 I mm-camera: mct_pipeline_stop_session_thread: Stop module name: pproc - E
01-06 17:56:29.571   483  4739 E mm-camera: cpp_module_stop_session:469, info: stopping session 2 ...
01-06 17:56:29.571   483  4672 E mm-camera: cpp_thread_process_pipe_message:439, CPP_THREAD_MSG_ABORT: cpp_thread exiting..
01-06 17:56:29.572   483  4740 I mm-camera: mct_pipeline_stop_session_thread: Stop module name: imglib - E
01-06 17:56:29.572   483  4741 I mm-camera: mct_pipeline_stop_session_thread: Stop module name: drsd - E
01-06 17:56:29.572   483  4741 I mm-camera: mct_pipeline_stop_session_thread: Stop module name: drsd - X
01-06 17:56:29.572   483  4739 E mm-camera: cpp_module_stop_session:511, info: session 2 stopped.
01-06 17:56:29.572   483  4739 E mm-camera: c2d_module_stop_session:339, info: stopping session 2 ...
01-06 17:56:29.572   483  4673 E mm-camera: c2d_thread_process_pipe_message:716, C2D_THREAD_MSG_ABORT: c2d_thread exiting..
01-06 17:56:29.573   483  4742 I mm-camera: mct_pipeline_stop_session_thread: Stop module name: mot_denoiser - E
01-06 17:56:29.574   483  4740 D hdr     : Session id 0x2 stopped
01-06 17:56:29.574   483  4740 I mm-camera: mct_pipeline_stop_session_thread: Stop module name: imglib - X
01-06 17:56:29.574   483  4743 I mm-camera: mct_pipeline_stop_session_thread: Stop module name: mot_video_denoiser - E
01-06 17:56:29.574   483  4742 I mm-camera: mct_pipeline_stop_session_thread: Stop module name: mot_denoiser - X
01-06 17:56:29.574   483  4743 I mm-camera: mct_pipeline_stop_session_thread: Stop module name: mot_video_denoiser - X
01-06 17:56:29.574   483   483 E mm-camera: mct_pipeline_stop_session: left modules: 9
01-06 17:56:29.574   483   483 E mm-camera: mct_pipeline_stop_session: left modules: 8
01-06 17:56:29.574   483   483 E mm-camera: mct_pipeline_stop_session: left modules: 7
01-06 17:56:29.574   483   483 E mm-camera: mct_pipeline_stop_session: left modules: 6
01-06 17:56:29.574   483   483 E mm-camera: mct_pipeline_stop_session: left modules: 5
01-06 17:56:29.574   483   483 E mm-camera: mct_pipeline_stop_session: left modules: 4
01-06 17:56:29.574   483  4744 I mm-camera: mct_pipeline_stop_session_thread: Stop module name: mot_video_stabilization - E
01-06 17:56:29.574   483  4737 I mm-camera: mct_pipeline_stop_session_thread: Stop module name: isp - X
01-06 17:56:29.574   483   483 E mm-camera: mct_pipeline_stop_session: left modules: 3
01-06 17:56:29.576   483  4744 I mm-camera: mct_pipeline_stop_session_thread: Stop module name: mot_video_stabilization - X
01-06 17:56:29.576   483   483 E mm-camera: mct_pipeline_stop_session: left modules: 2
01-06 17:56:29.578   483  4739 E mm-camera: c2d_module_stop_session:381, info: session 2 stopped.
01-06 17:56:29.578   483  4739 I mm-camera: mct_pipeline_stop_session_thread: Stop module name: pproc - X
01-06 17:56:29.578   483   483 E mm-camera: mct_pipeline_stop_session: left modules: 1
01-06 17:56:29.585  1393  3040 I chatty  : uid=1000(system) Binder:1393_A expire 5 lines
01-06 17:56:29.588  4615  4642 E libEGL  : call to OpenGL ES API with no current context (logged once per thread)
01-06 17:56:29.609   483  4735 I mm-camera: mct_pipeline_stop_session_thread: Stop module name: sensor - X
01-06 17:56:29.609   483  4675 E mm-camera-sensor: Got some events
01-06 17:56:29.609   483  4675 I mm-camera-sensor: sensor_thread_func:154 sensor_thread_func:Sensor thread is exiting
01-06 17:56:29.609   483   483 E mm-camera: mct_pipeline_stop_session: left modules: 0
01-06 17:56:29.609   483   483 I mm-camera: mct_pipeline_stop_session - X
01-06 17:56:29.609   483   483 I mm-camera: mct_pipeline_destroy E: session:2 
01-06 17:56:29.609   483   483 I mm-camera: mct_pipeline_destroy X: Pipeline destroyed successfully
01-06 17:56:29.609   483   483 I mm-camera: mct_controller_destroy: X Successfully closed mct_controller
01-06 17:56:29.615  3020  3020 D PerAppMonitor: Package Name is com.android.systemui
01-06 17:56:29.622  3020  3020 D PerAppMonitor: Profile does not exist. Using Default
01-06 17:56:30.246  1393  1413 I ActivityManager: Killing 3735:com.cyanogenmod.trebuchet/u0a28 (adj 906): empty #17
01-06 17:56:30.246  1393  1413 I ActivityManager: Killing 3704:com.bhb27.kerneladiutor/u0a25 (adj 906): empty #18
01-06 17:56:30.248  1393  1413 I ActivityManager: Killing 4615:com.motorola.camera/u0a63 (adj 900): remove task
01-06 17:56:30.249  1393  2655 I ActivityManager: START u0 {act=android.intent.action.MAIN cat=[android.intent.category.HOME] flg=0x10200000 cmp=com.teslacoilsw.launcher/.NovaLauncher} from uid 10033 on display 0
01-06 17:56:30.306  3390  3390 D TeslaUnread: onStartCommand() called with: intent = [Intent { cmp=com.teslacoilsw.notifier/.NotificationService (has extras) }], flags = [0], startId = [4], lastStartTime = [-9223372036854775808]
01-06 17:56:30.343  1393  3025 I chatty  : uid=1000(system) Binder:1393_7 expire 5 lines
01-06 17:56:30.343  1393  3040 D ActivityManager: cleanUpApplicationRecord -- 3704
01-06 17:56:30.353  1393  2154 D ActivityManager: cleanUpApplicationRecord -- 3735
01-06 17:56:30.354  1393  2727 I WindowManager: WIN DEATH: Window{d25579d u0 SurfaceView - com.motorola.camera/com.motorola.camera.Secure}
01-06 17:56:30.355  1393  3048 D ActivityManager: cleanUpApplicationRecord -- 4615
01-06 17:56:30.357  1393  1413 I WindowManager: WIN DEATH: Window{1e8dc26 u0 com.motorola.camera/com.motorola.camera.Secure}
01-06 17:56:30.416  3020  3020 D PerAppMonitor: Package Name is com.teslacoilsw.launcher
01-06 17:56:30.423  3020  3020 D PerAppMonitor: Profile does not exist. Using Default
01-06 17:56:30.425  2292  2292 I chatty  : uid=1010(wifi) /system/bin/wpa_supplicant expire 57 lines
01-06 17:56:30.828  3059  3184 W OpenGLRenderer: Incorrectly called buildLayer on View: method, destroying layer...
01-06 17:56:31.099   425   592 I ThermalEngine: Sensor:max170xx_battery:31000 mC
01-06 17:56:31.101   425   589 I ThermalEngine: Sensor:/sys/class/power_supply/battery/capacity:29 mC
01-06 17:56:31.107   425   585 I ThermalEngine: Sensor:chg_therm:31000 mC
01-06 17:56:31.116   425   587 I ThermalEngine: Sensor:apq_therm:32000 mC
01-06 17:56:31.816  1393  2655 I ActivityManager: Setting hasTopUi=true for pid=2126
01-06 17:56:31.818  2126  2126 D PhoneStatusBar: disable: < expand ICONS* alerts SYSTEM_INFO* back home recent clock search quick_settings >
01-06 17:56:32.039  3020  3020 D PerAppMonitor: Package Name is com.android.systemui
01-06 17:56:32.046  3020  3020 D PerAppMonitor: Profile does not exist. Using Default
01-06 17:56:32.418  1393  3038 I ActivityManager: START u0 {act=android.settings.SETTINGS flg=0x14000000 cmp=com.android.settings/.Settings} from uid 10033 on display 0
01-06 17:56:32.439  1393  2727 E ActivityManager: applyOptionsLocked: Unknown animationType=0
01-06 17:56:32.456  1393  2727 I ActivityManager: Start proc 4751:com.android.settings/1000 for activity com.android.settings/.Settings
01-06 17:56:32.507  4751  4751 I chatty  : uid=1000(system) com.android.settings expire 5 lines
01-06 17:56:32.581  3020  3020 D PerAppMonitor: Package Name is com.android.settings
01-06 17:56:32.586  3020  3020 D PerAppMonitor: Profile does not exist. Using Default
01-06 17:56:32.654  4751  4766 I chatty  : uid=1000(system) com.android.settings expire 4 lines
01-06 17:56:32.709  1393  2154 I ActivityManager: Setting hasTopUi=false for pid=2126
01-06 17:56:32.711  2126  2126 D PhoneStatusBar: disable: < expand icons* alerts system_info* back home recent clock search quick_settings >
01-06 17:56:32.788  1393  1489 D BluetoothManagerService: Message: 20
01-06 17:56:32.789  1393  1489 D BluetoothManagerService: Added callback: android.bluetooth.IBluetoothManagerCallback$Stub$Proxy@c21396e:true
01-06 17:56:32.793  4751  4767 I chatty  : uid=1000(system) com.android.settings expire 4 lines
01-06 17:56:32.817  1393  1489 D BluetoothManagerService: Message: 30
01-06 17:56:32.830  4751  4768 I chatty  : uid=1000(system) com.android.settings expire 26 lines
01-06 17:56:32.832  1393  1489 D BluetoothManagerService: Message: 30
01-06 17:56:32.837  1393  1489 D BluetoothManagerService: Message: 30
01-06 17:56:32.843  1393  1489 D BluetoothManagerService: Message: 30
01-06 17:56:32.847  1393  1489 D BluetoothManagerService: Message: 30
01-06 17:56:32.852  4751  4772 I chatty  : uid=1000(system) com.android.settings expire 6 lines
01-06 17:56:32.907  3020  3020 D PerAppMonitor: Package Name is com.android.settings
01-06 17:56:32.911  3020  3020 D PerAppMonitor: Profile does not exist. Using Default
01-06 17:56:32.921  4751  4769 I chatty  : uid=1000(system) com.android.settings expire 1 line
01-06 17:56:32.942  1393  2727 I ProcessStatsService: Added stats: 2017-01-06-17-18-46, over +36m19s740ms
01-06 17:56:32.949  1393  2727 I ProcessStatsService: Added stats: 2017-01-06-14-07-04, over +3h8m32s827ms
01-06 17:56:33.138  1393  2154 E BatteryStatsService: no controller energy info supplied
01-06 17:56:33.138  1393  2154 E BatteryStatsService: no controller energy info supplied
01-06 17:56:33.164  1393  2154 E BatteryStatsService: modem info is invalid: ModemActivityInfo{ mTimestamp=0 mSleepTimeMs=0 mIdleTimeMs=0 mTxTimeMs[]=[0, 0, 0, 0, 0] mRxTimeMs=0 mEnergyUsed=0}
01-06 17:56:35.668  3244  3369 D WhatsApp: LL_D W [146:WriterThread] SEND <iq id='3' xmlns='w:p' type='get' to='s.whatsapp.net'><ping/></iq>
01-06 17:56:35.765  1393  3040 I ActivityManager: START u0 {flg=0x8000 cmp=com.cyanogenmod.settings.device/.TouchscreenGesturePreferenceActivity (has extras)} from uid 1000 on display 0
01-06 17:56:35.820  2990  4782 I chatty  : uid=1000(system) com.cyanogenmod.settings.device expire 3 lines
01-06 17:56:35.979  3020  3020 D PerAppMonitor: Package Name is com.cyanogenmod.settings.device
01-06 17:56:35.985  3020  3020 D PerAppMonitor: Profile does not exist. Using Default
01-06 17:56:36.102   425   589 I ThermalEngine: Sensor:/sys/class/power_supply/battery/capacity:29 mC
01-06 17:56:36.113   425   585 I ThermalEngine: Sensor:chg_therm:31000 mC
01-06 17:56:36.166  3244  4151 D WhatsApp: LL_D W [156:ReaderThread] RECV <iq from='s.whatsapp.net' type='result' id='3' t='1483732597'/>
01-06 17:56:36.468   488   488 E Parcel  : Reading a NULL string not supported here.
01-06 17:56:36.469   488   488 E Parcel  : Reading a NULL string not supported here.
01-06 17:56:41.100   425   592 I ThermalEngine: Sensor:max170xx_battery:31000 mC
01-06 17:56:41.103   425   589 I ThermalEngine: Sensor:/sys/class/power_supply/battery/capacity:29 mC
01-06 17:56:41.117   425   585 I ThermalEngine: Sensor:chg_therm:31000 mC
01-06 17:56:41.122   425   587 I ThermalEngine: Sensor:apq_therm:32000 mC
01-06 17:56:42.416  1393  1844 I PowerManagerService: Going to sleep due to power button (uid 1000)...
01-06 17:56:42.443  2126  2126 W FingerprintManager: isFingerprintHardwareDetected(): Service not connected!
01-06 17:56:42.490  2292  2292 I chatty  : uid=1010(wifi) /system/bin/wpa_supplicant expire 10 lines
01-06 17:56:42.878  1393  1490 I DisplayManagerService: Display device changed state: "Built-in Screen", OFF
01-06 17:56:43.114   379   379 I chatty  : uid=1000(system) /system/bin/surfaceflinger expire 25 lines
01-06 17:56:43.120  1393  1492 I DreamManagerService: Entering dreamland.
01-06 17:56:43.123  1393  1492 I PowerManagerService: Dozing...
01-06 17:56:43.128  1393  1488 I DreamController: Starting dream: name=ComponentInfo{com.android.systemui/com.android.systemui.doze.DozeService}, isTest=false, canDoze=true, userId=0
01-06 17:56:43.222   434   434 D audio_hw_primary: adev_set_parameters: enter: screen_state=off
01-06 17:56:43.222   434   434 D audio_hw_extn: audio_extn_set_anc_parameters: anc_enabled:0
01-06 17:56:43.222   434   434 D mot_vr_audio_hw: adev_set_parameters: screen_state=off
01-06 17:56:43.284  2126  2126 W FingerprintManager: isFingerprintHardwareDetected(): Service not connected!
01-06 17:56:43.297  2126  2126 W FingerprintManager: isFingerprintHardwareDetected(): Service not connected!
01-06 17:56:43.339  2126  2126 D PhoneStatusBar: disable: < expand icons alerts system_info back home RECENT* clock SEARCH* quick_settings >
01-06 17:56:43.348  1393  3048 I ActivityManager: Setting hasTopUi=true for pid=2126
01-06 17:56:43.379  2126  2126 D PhoneStatusBar: disable: < expand ICONS* alerts SYSTEM_INFO* back home RECENT clock SEARCH quick_settings >
01-06 17:56:43.389  2126  2126 W FingerprintManager: isFingerprintHardwareDetected(): Service not connected!
01-06 17:56:43.399  2126  2126 W FingerprintManager: isFingerprintHardwareDetected(): Service not connected!
01-06 17:56:43.454  2126  2126 W FingerprintManager: isFingerprintHardwareDetected(): Service not connected!
01-06 17:56:43.470  2126  2126 D PhoneStatusBar: disable: < expand ICONS alerts SYSTEM_INFO back HOME* RECENT clock SEARCH quick_settings >
01-06 17:56:43.607  3020  3020 D PerAppMonitor: Package Name is com.android.systemui
01-06 17:56:43.632  3020  3020 D PerAppMonitor: Profile does not exist. Using Default
01-06 17:56:43.767  3020  3020 D PerAppMonitor: Package Name is com.android.systemui
01-06 17:56:43.798  3020  3020 D PerAppMonitor: Profile does not exist. Using Default
01-06 17:56:55.989  1563  1563 I kickstart: STATUS: SAHARA_HELLO: hw_info = 0x0102050b, pwrup_reason = 0x00004000
01-06 17:56:55.990  1563  1563 I kickstart: STATUS: Wrote to /sys/power/wake_lock
01-06 17:56:56.015  1563  1563 E kickstart: ERROR: function: open_file:195 filename = /dev/block/platform/msm_sdcc.1/by-name/mdm1m9kefs1
01-06 17:56:56.015  1563  1563 I kickstart: STATUS: Opening file '/dev/block/platform/msm_sdcc.1/by-name/mdm1m9kefs1' for writing
01-06 17:56:56.152   425   589 I ThermalEngine: Sensor:/sys/class/power_supply/battery/capacity:29 mC
01-06 17:56:56.171   425   585 I ThermalEngine: Sensor:chg_therm:31000 mC
01-06 17:56:57.113  1563  1563 I kickstart: STATUS: Received file 'm9kefs1'
01-06 17:56:57.113  1563  1563 I kickstart: STATUS: 950272 bytes transferred in 1.098006 seconds
01-06 17:56:57.113  1563  1563 I kickstart: STATUS: Successfully downloaded files from target 
01-06 17:56:57.114  1563  1563 I kickstart: STATUS: Wrote to /sys/power/wake_unlock
01-06 17:56:57.117  1563  1563 I kickstart: STATUS: Sahara protocol completed
01-06 17:57:06.560  2292  2292 I chatty  : uid=1010(wifi) /system/bin/wpa_supplicant expire 35 lines
01-06 17:57:06.587  3244  4151 D WhatsApp: LL_D W [156:ReaderThread] RECV <message from='555391254322@s.whatsapp.net' type='text' id='7189DED71BDB040EB5A44B39D9B67F' t='1483732627' notify='Gladis'><enc v='2' type='msg'>3%0a!%05Sh*aOt`r%e8r%b8D%f1B%7f%e9%12%ae%8c%d0j%20kn%c1%c1%fa%ce%c3%ab%e90%10%0a%18%1e"%10X%1a~%0a%9a%cdd%d4%b7q%a9%03%a0I@%87%fd7V%02%10%e4%b2T</enc></message>
01-06 17:57:07.758  3244  4798 W art     : Verification of void org.whispersystems.a.h.j$i.<init>(com.google.protobuf.e, com.google.protobuf.k) took 208.445ms
01-06 17:57:07.957  3244  4798 W art     : Verification of void com.whatsapp.Conversation.V() took 113.627ms
01-06 17:57:09.083   379   813 I chatty  : uid=1000(system) hwcVsyncThread expire 40 lines
01-06 17:57:09.092  3244  4798 W art     : Verification of boolean com.whatsapp.Conversation.a(android.os.Bundle) took 209.905ms
01-06 17:57:14.937  3244  3369 D WhatsApp: LL_D W [146:WriterThread] SEND <receipt to='555391254322@s.whatsapp.net' id='7189DED71BDB040EB5A44B39D9B67F'/>
01-06 17:57:15.351  3244  4798 W art     : Verification of void org.whispersystems.a.h.j$c$a.d() took 257.565ms
01-06 17:57:15.523  3244  3348 W art     : Verification of void com.google.b.a.f.<init>(int) took 121.888ms
01-06 17:57:15.787  3244  3348 W art     : Verification of boolean com.google.b.a.e$a.equals(java.lang.Object) took 236.375ms
01-06 17:57:19.538  3244  3348 W GooglePlayServicesUtil: Google Play services is missing.
01-06 17:57:19.576   425   592 I ThermalEngine: Sensor:max170xx_battery:31000 mC
01-06 17:57:19.580   425   589 I ThermalEngine: Sensor:/sys/class/power_supply/battery/capacity:29 mC
01-06 17:57:19.602   425   585 I ThermalEngine: Sensor:chg_therm:30000 mC
01-06 17:57:19.607   425   587 I ThermalEngine: Sensor:apq_therm:31000 mC
01-06 17:57:19.636  2126  4801 E MediaPlayer-JNI: JNIMediaPlayerFactory: bIsQCMediaPlayerPresent 0
01-06 17:57:19.636  2126  4801 E MediaPlayer-JNI: JNIMediaPlayerFactory: bIsQCMediaPlayerPresent 0
01-06 17:57:19.642  3390  3390 D TeslaUnread: onUpdateUnreadCount() called with: tag = [ComponentTag{com.whatsapp/com.whatsapp.Main}], count = [1]
01-06 17:57:19.642  3390  3390 D TeslaUnread: broadcastUpdateCount() called with: tag = [ComponentTag{com.whatsapp/com.whatsapp.Main}], count = [1]
01-06 17:57:19.651  1393  1492 I DisplayPowerController: Blocking screen on until initial contents have been drawn.
01-06 17:57:19.655  1393  1490 I DisplayManagerService: Display device changed state: "Built-in Screen", ON
01-06 17:57:19.683  3390  3390 W Tesla.OEMBroadcast: onReceive: android.intent.action.BADGE_COUNT_UPDATE ComponentTag{com.whatsapp/com.whatsapp.Main} 1
01-06 17:57:19.683  3390  3390 W Tesla.OEMBroadcast: Received android.intent.action.BADGE_COUNT_UPDATE com.whatsapp/com.whatsapp.Main but ignoring as known bad or not needed
01-06 17:57:19.684   466   466 E FFMPEGSoftCodec: Failed to load FFMPEG plugin: (null)
01-06 17:57:19.685   466  4804 E WVMExtractor: Failed to open libwvm.so: dlopen failed: library "libwvm.so" not found
01-06 17:57:19.693   466  4803 D NuPlayerDriver: notifyListener_l(0xb5caaea0), (1, 0, 0), loop setting(0, 0)
01-06 17:57:19.693  2126  4801 D MediaPlayer: setSubtitleAnchor in MediaPlayer
01-06 17:57:19.697  1393  1926 I chatty  : uid=1000(system) notification-sq expire 1 line
01-06 17:57:19.702   466  2277 D NuPlayerDriver: start(0xb5caaea0), state is 4, eos is 0
01-06 17:57:19.702   466  4803 I GenericSource: start
01-06 17:57:19.707   466  4803 W Utils   : track of type 'audio/vorbis' does not publish channel mask, channel count 2
01-06 17:57:19.712   466  4803 W Utils   : track of type 'audio/vorbis' does not publish channel mask, channel count 2
01-06 17:57:19.714   466  4808 I MediaPlayerService: MediaPlayerService::getOMX
01-06 17:57:19.715   466  4808 I OMXClient: MuxOMX ctor
01-06 17:57:19.716   453  2351 I OMXMaster: makeComponentInstance(OMX.google.vorbis.decoder) in mediacodec process
01-06 17:57:19.719   453   453 E OMXNodeInstance: setConfig(1c50038:google.vorbis.decoder, ConfigPriority(0x6f800002)) ERROR: Undefined(0x80001001)
01-06 17:57:19.719   466  4808 I ACodec  : codec does not support config priority (err -2147483648)
01-06 17:57:19.721   466  4808 I MediaCodec: MediaCodec will operate in async mode
01-06 17:57:19.754   466  4806 D AudioTrack: Client defaulted notificationFrames to 7350 for frameCount 22050
01-06 17:57:19.756   434   845 D audio_hw_primary: out_set_parameters: enter: usecase(1: low-latency-playback) kvpairs: routing=2
01-06 17:57:19.756   434   845 D audio_hw_extn: audio_extn_set_anc_parameters: anc_enabled:0
01-06 17:57:19.757   434   845 D audio_hw_primary: start_output_stream: enter: stream(0xb61f1500)usecase(1: low-latency-playback) devices(0x2)
01-06 17:57:19.757   434   845 D audio_hw_primary: start_output_stream: enter: usecase(1: low-latency-playback) devices(0x2)
01-06 17:57:19.757   434   845 D audio_hw_primary: select_devices: out_snd_device(2: speaker) in_snd_device(0: )
01-06 17:57:19.757   434   845 W msm8974_platform: Codec backend bitwidth 16, samplerate 48000
01-06 17:57:19.757   434   845 D hardware_info: hw_info_append_hw_type : device_name = speaker
01-06 17:57:19.757   434   845 I msm8974_platform: platform_send_audio_calibration: sending audio calibration for snd_device(2) acdb_id(14)
01-06 17:57:19.757   434   845 D ACDB-LOADER: ACDB -> send_audio_cal, acdb_id = 14, path =  0
01-06 17:57:19.757   434   845 D ACDB-LOADER: ACDB -> send_adm_topology
01-06 17:57:19.757   434   845 D ACDB-LOADER: ACDB -> ACDB_CMD_GET_AUDPROC_COMMON_TOPOLOGY_ID
01-06 17:57:19.757   434   845 D ACDB-LOADER: ACDB -> send_asm_topology
01-06 17:57:19.757   434   845 D ACDB-LOADER: ACDB -> ACDB_CMD_GET_AUDPROC_STREAM_TOPOLOGY_ID
01-06 17:57:19.757   434   845 D ACDB-LOADER: ACDB -> send_audtable
01-06 17:57:19.757   434   845 D ACDB-LOADER: ACDB -> ACDB_CMD_GET_AUDPROC_COMMON_TABLE
01-06 17:57:19.757   434   845 D ACDB-LOADER: ACDB -> AUDIO_SET_AUDPROC_CAL
01-06 17:57:19.757   434   845 D ACDB-LOADER: ACDB -> send_audvoltable
01-06 17:57:19.757   434   845 D ACDB-LOADER: ACDB -> ACDB_CMD_GET_AUDPROC_GAIN_DEP_STEP_TABLE
01-06 17:57:19.757   434   845 D         : Failed to fetch the lookup information of the device 0000000E 
01-06 17:57:19.757   434   845 E ACDB-LOADER: Error: ACDB AudProc vol returned = -19
01-06 17:57:19.757   434   845 D ACDB-LOADER: ACDB -> AUDIO_SET_AUDPROC_VOL_CAL
01-06 17:57:19.757   434   845 D ACDB-LOADER: ACDB -> send_afe_cal
01-06 17:57:19.757   434   845 D ACDB-LOADER: ACDB -> ACDB_CMD_GET_AFE_COMMON_TABLE
01-06 17:57:19.757   434   845 D         : Failed to fetch the lookup information of the device 0000000E 
01-06 17:57:19.757   434   845 E ACDB-LOADER: Error: ACDB AFE returned = -19
01-06 17:57:19.757   434   845 D ACDB-LOADER: ACDB -> AUDIO_SET_AFE_CAL
01-06 17:57:19.758   466  4803 D NuPlayerDriver: notifyListener_l(0xb5caaea0), (6, 0, 0), loop setting(0, 0)
01-06 17:57:19.759   434   845 D audio_hw_primary: select_devices: done
01-06 17:57:20.129  1393  1492 I DisplayPowerController: Unblocked screen on after 478 ms
01-06 17:57:20.612   466  4807 I NuPlayerDecoder: [audio] saw output EOS
01-06 17:57:21.049   466  4803 D NuPlayerDriver: notifyListener_l(0xb5caaea0), (2, 0, 0), loop setting(0, 0)
01-06 17:57:23.974   434   845 D audio_hw_primary: out_standby: enter: stream (0xb61f1500) usecase(1: low-latency-playback)
01-06 17:57:24.073   434   845 D hardware_info: hw_info_append_hw_type : device_name = speaker
01-06 17:57:24.583   425   589 I ThermalEngine: Sensor:/sys/class/power_supply/battery/capacity:29 mC
01-06 17:57:24.609   425   585 I ThermalEngine: Sensor:chg_therm:30000 mC
01-06 17:57:26.996  1393  1490 I DisplayManagerService: Display device changed state: "Built-in Screen", OFF
01-06 17:57:28.520  1393  3025 D ZenLog  : config: setInterruptionFilter,ZenModeConfig[user=0,allowCalls=true,allowRepeatCallers=false,allowMessages=false,allowCallsFrom=contacts,allowMessagesFrom=contacts,allowReminders=true,allowEvents=true,allowWhenScreenOff=true,allowWhenScreenOn=true,automaticRules={95d7dd0d0eb840f3a09a483337dde8c4=ZenRule[enabled=false,snoozing=false,name=Weeknight,zenMode=ZEN_MODE_ALARMS,conditionId=condition://android/schedule?days=1.2.3.4.5&start=22.0&end=7.0&exitAtAlarm=false,condition=Condition[id=condition://android/schedule?days=1.2.3.4.5&start=22.0&end=7.0&exitAtAlarm=false,summary=...,line1=...,line2=...,icon=0,state=STATE_FALSE,flags=2],component=ComponentInfo{android/com.android.server.notification.ScheduleConditionProvider},id=95d7dd0d0eb840f3a09a483337dde8c4,creationTime=1483450228616,enabler=null], 9350edbb20d2457cb6fccfdf73eba368=ZenRule[enabled=false,snoozing=false,name=Event,zenMode=ZEN_MODE_ALARMS,conditionId=condition://android/event?userId=-10000&calendar=&reply=1,condition=Condition[id=condition://android/event?userId=-10000&calendar=&reply=1,summary=...,line1=...,line2=...,icon=0,state=STATE_FALSE,flags=2],component=ComponentInfo{android/com.android.server.notification.EventConditionProvider},id=9350edbb20d2457cb6fccfdf73eba368,creationTime=1483450228619,enabler=null], 0cf38f6fdf314f24a30562fc8f9459df=ZenRule[enabled=false,snoozing=false,name=Weekend,zenMode=ZEN_MODE_ALARMS,conditionId=condition://android/schedule?days=6.7&start=23.30&end=10.0&exitAtAlarm=false,condition=Condition[id=condition://android/schedule?days=6.7&start=23.30&end=10.0&exitAtAlarm=false,summary=...,line1=...,line2=...,icon=0,state=STATE_FALSE,flags=2],component=ComponentInfo{android/com.android.server.notification.ScheduleConditionProvider},id=0cf38f6fdf314f24a30562fc8f9459df,creationTime=1483450228616,enabler=null]},manualRule=null],Diff[]
01-06 17:57:28.521  1393  1393 D ZenLog  : set_zen_mode: off,setInterruptionFilter
01-06 17:57:28.528  2990  2990 W ContextImpl: Calling a method in the system process without a qualified user: android.app.ContextImpl.sendBroadcast:877 android.content.ContextWrapper.sendBroadcast:421 com.cyanogenmod.settings.device.DozePulseAction.action:47 com.cyanogenmod.settings.device.FlatUpSensor$1.onSensorChanged:70 android.hardware.SystemSensorManager$SensorEventQueue.dispatchSensorEvent:701 
01-06 17:57:28.589  1393  1492 I DisplayPowerController: Blocking screen on until initial contents have been drawn.
01-06 17:57:28.598  1393  1490 I DisplayManagerService: Display device changed state: "Built-in Screen", ON
01-06 17:57:28.649  1393  1414 I chatty  : uid=1000(system) Binder:1393_2 expire 2 lines
01-06 17:57:28.689  1393  1492 I DisplayPowerController: Unblocked screen on after 100 ms
01-06 17:57:29.579   425   592 I ThermalEngine: Sensor:max170xx_battery:31000 mC
01-06 17:57:29.585   425   589 I ThermalEngine: Sensor:/sys/class/power_supply/battery/capacity:29 mC
01-06 17:57:29.613   425   587 I ThermalEngine: Sensor:apq_therm:31000 mC
01-06 17:57:29.619   425   585 I ThermalEngine: Sensor:chg_therm:30000 mC
01-06 17:57:31.476  2990  2990 I chatty  : uid=1000(system) com.cyanogenmod.settings.device expire 12 lines
01-06 17:57:31.567  1393  3035 D ZenLog  : config: setInterruptionFilter,ZenModeConfig[user=0,allowCalls=true,allowRepeatCallers=false,allowMessages=false,allowCallsFrom=contacts,allowMessagesFrom=contacts,allowReminders=true,allowEvents=true,allowWhenScreenOff=true,allowWhenScreenOn=true,automaticRules={95d7dd0d0eb840f3a09a483337dde8c4=ZenRule[enabled=false,snoozing=false,name=Weeknight,zenMode=ZEN_MODE_ALARMS,conditionId=condition://android/schedule?days=1.2.3.4.5&start=22.0&end=7.0&exitAtAlarm=false,condition=Condition[id=condition://android/schedule?days=1.2.3.4.5&start=22.0&end=7.0&exitAtAlarm=false,summary=...,line1=...,line2=...,icon=0,state=STATE_FALSE,flags=2],component=ComponentInfo{android/com.android.server.notification.ScheduleConditionProvider},id=95d7dd0d0eb840f3a09a483337dde8c4,creationTime=1483450228616,enabler=null], 9350edbb20d2457cb6fccfdf73eba368=ZenRule[enabled=false,snoozing=false,name=Event,zenMode=ZEN_MODE_ALARMS,conditionId=condition://android/event?userId=-10000&calendar=&reply=1,condition=Condition[id=condition://android/event?userId=-10000&calendar=&reply=1,summary=...,line1=...,line2=...,icon=0,state=STATE_FALSE,flags=2],component=ComponentInfo{android/com.android.server.notification.EventConditionProvider},id=9350edbb20d2457cb6fccfdf73eba368,creationTime=1483450228619,enabler=null], 0cf38f6fdf314f24a30562fc8f9459df=ZenRule[enabled=false,snoozing=false,name=Weekend,zenMode=ZEN_MODE_ALARMS,conditionId=condition://android/schedule?days=6.7&start=23.30&end=10.0&exitAtAlarm=false,condition=Condition[id=condition://android/schedule?days=6.7&start=23.30&end=10.0&exitAtAlarm=false,summary=...,line1=...,line2=...,icon=0,state=STATE_FALSE,flags=2],component=ComponentInfo{android/com.android.server.notification.ScheduleConditionProvider},id=0cf38f6fdf314f24a30562fc8f9459df,creationTime=1483450228616,enabler=null]},manualRule=null],Diff[]
01-06 17:57:31.568  1393  1393 D ZenLog  : set_zen_mode: off,setInterruptionFilter
01-06 17:57:31.570  2990  2990 W ContextImpl: Calling a method in the system process without a qualified user: android.app.ContextImpl.sendBroadcast:877 android.content.ContextWrapper.sendBroadcast:421 com.cyanogenmod.settings.device.DozePulseAction.action:47 com.cyanogenmod.settings.device.FlatUpSensor$1.onSensorChanged:70 android.hardware.SystemSensorManager$SensorEventQueue.dispatchSensorEvent:701 
01-06 17:57:34.588   425   589 I ThermalEngine: Sensor:/sys/class/power_supply/battery/capacity:29 mC
01-06 17:57:34.627   425   585 I ThermalEngine: Sensor:chg_therm:30000 mC
01-06 17:57:34.949   468  1538 E NetlinkEvent: NetlinkEvent::FindParam(): Parameter 'INTERFACE' not found
01-06 17:57:34.950   468  1538 E NetlinkEvent: NetlinkEvent::FindParam(): Parameter 'TIME_NS' not found
01-06 17:57:34.950   468  1538 E NetlinkEvent: NetlinkEvent::FindParam(): Parameter 'UID' not found
01-06 17:57:34.956  1393  1488 E NetdConnector: Error handling '613 IfaceClass idle (null)': java.lang.NumberFormatException: For input string: "(null)"
01-06 17:57:35.539  1393  1490 I DisplayManagerService: Display device changed state: "Built-in Screen", OFF
01-06 17:57:41.123   468  1538 E NetlinkEvent: NetlinkEvent::FindParam(): Parameter 'INTERFACE' not found
01-06 17:57:41.123   468  1538 E NetlinkEvent: NetlinkEvent::FindParam(): Parameter 'TIME_NS' not found
01-06 17:57:41.123   468  1538 E NetlinkEvent: NetlinkEvent::FindParam(): Parameter 'UID' not found
01-06 17:57:41.127  2292  2292 I chatty  : uid=1010(wifi) /system/bin/wpa_supplicant expire 10 lines
01-06 17:57:41.136  1393  1488 E NetdConnector: Error handling '613 IfaceClass active (null)': java.lang.NumberFormatException: For input string: "(null)"
01-06 17:57:41.143  1393  3025 D ZenLog  : config: setInterruptionFilter,ZenModeConfig[user=0,allowCalls=true,allowRepeatCallers=false,allowMessages=false,allowCallsFrom=contacts,allowMessagesFrom=contacts,allowReminders=true,allowEvents=true,allowWhenScreenOff=true,allowWhenScreenOn=true,automaticRules={95d7dd0d0eb840f3a09a483337dde8c4=ZenRule[enabled=false,snoozing=false,name=Weeknight,zenMode=ZEN_MODE_ALARMS,conditionId=condition://android/schedule?days=1.2.3.4.5&start=22.0&end=7.0&exitAtAlarm=false,condition=Condition[id=condition://android/schedule?days=1.2.3.4.5&start=22.0&end=7.0&exitAtAlarm=false,summary=...,line1=...,line2=...,icon=0,state=STATE_FALSE,flags=2],component=ComponentInfo{android/com.android.server.notification.ScheduleConditionProvider},id=95d7dd0d0eb840f3a09a483337dde8c4,creationTime=1483450228616,enabler=null], 9350edbb20d2457cb6fccfdf73eba368=ZenRule[enabled=false,snoozing=false,name=Event,zenMode=ZEN_MODE_ALARMS,conditionId=condition://android/event?userId=-10000&calendar=&reply=1,condition=Condition[id=condition://android/event?userId=-10000&calendar=&reply=1,summary=...,line1=...,line2=...,icon=0,state=STATE_FALSE,flags=2],component=ComponentInfo{android/com.android.server.notification.EventConditionProvider},id=9350edbb20d2457cb6fccfdf73eba368,creationTime=1483450228619,enabler=null], 0cf38f6fdf314f24a30562fc8f9459df=ZenRule[enabled=false,snoozing=false,name=Weekend,zenMode=ZEN_MODE_ALARMS,conditionId=condition://android/schedule?days=6.7&start=23.30&end=10.0&exitAtAlarm=false,condition=Condition[id=condition://android/schedule?days=6.7&start=23.30&end=10.0&exitAtAlarm=false,summary=...,line1=...,line2=...,icon=0,state=STATE_FALSE,flags=2],component=ComponentInfo{android/com.android.server.notification.ScheduleConditionProvider},id=0cf38f6fdf314f24a30562fc8f9459df,creationTime=1483450228616,enabler=null]},manualRule=null],Diff[]
01-06 17:57:41.143  1393  1393 D ZenLog  : set_zen_mode: off,setInterruptionFilter
01-06 17:57:41.143  2990  2990 W ContextImpl: Calling a method in the system process without a qualified user: android.app.ContextImpl.sendBroadcast:877 android.content.ContextWrapper.sendBroadcast:421 com.cyanogenmod.settings.device.DozePulseAction.action:47 com.cyanogenmod.settings.device.FlatUpSensor$1.onSensorChanged:70 android.hardware.SystemSensorManager$SensorEventQueue.dispatchSensorEvent:701 
01-06 17:57:41.166  1393  1492 I DisplayPowerController: Blocking screen on until initial contents have been drawn.
01-06 17:57:41.166  1393  1490 I DisplayManagerService: Display device changed state: "Built-in Screen", ON
01-06 17:57:41.167   379   379 I chatty  : uid=1000(system) /system/bin/surfaceflinger expire 36 lines
01-06 17:57:41.319   379   813 I chatty  : uid=1000(system) hwcVsyncThread expire 24 lines
01-06 17:57:41.325  1393  1492 I DisplayPowerController: Unblocked screen on after 159 ms
01-06 17:57:42.919   425   592 I ThermalEngine: Sensor:max170xx_battery:31000 mC
01-06 17:57:42.929   425   589 I ThermalEngine: Sensor:/sys/class/power_supply/battery/capacity:29 mC
01-06 17:57:42.957   425   587 I ThermalEngine: Sensor:apq_therm:31000 mC
01-06 17:57:42.971   425   585 I ThermalEngine: Sensor:chg_therm:30000 mC
01-06 17:57:43.839  2990  2990 I chatty  : uid=1000(system) com.cyanogenmod.settings.device expire 12 lines
01-06 17:57:44.039  2990  2990 W ContextImpl: Calling a method in the system process without a qualified user: android.app.ContextImpl.sendBroadcast:877 android.content.ContextWrapper.sendBroadcast:421 com.cyanogenmod.settings.device.DozePulseAction.action:47 com.cyanogenmod.settings.device.FlatUpSensor$1.onSensorChanged:70 android.hardware.SystemSensorManager$SensorEventQueue.dispatchSensorEvent:701 
01-06 17:57:44.055  1393  3038 D ZenLog  : config: setInterruptionFilter,ZenModeConfig[user=0,allowCalls=true,allowRepeatCallers=false,allowMessages=false,allowCallsFrom=contacts,allowMessagesFrom=contacts,allowReminders=true,allowEvents=true,allowWhenScreenOff=true,allowWhenScreenOn=true,automaticRules={95d7dd0d0eb840f3a09a483337dde8c4=ZenRule[enabled=false,snoozing=false,name=Weeknight,zenMode=ZEN_MODE_ALARMS,conditionId=condition://android/schedule?days=1.2.3.4.5&start=22.0&end=7.0&exitAtAlarm=false,condition=Condition[id=condition://android/schedule?days=1.2.3.4.5&start=22.0&end=7.0&exitAtAlarm=false,summary=...,line1=...,line2=...,icon=0,state=STATE_FALSE,flags=2],component=ComponentInfo{android/com.android.server.notification.ScheduleConditionProvider},id=95d7dd0d0eb840f3a09a483337dde8c4,creationTime=1483450228616,enabler=null], 9350edbb20d2457cb6fccfdf73eba368=ZenRule[enabled=false,snoozing=false,name=Event,zenMode=ZEN_MODE_ALARMS,conditionId=condition://android/event?userId=-10000&calendar=&reply=1,condition=Condition[id=condition://android/event?userId=-10000&calendar=&reply=1,summary=...,line1=...,line2=...,icon=0,state=STATE_FALSE,flags=2],component=ComponentInfo{android/com.android.server.notification.EventConditionProvider},id=9350edbb20d2457cb6fccfdf73eba368,creationTime=1483450228619,enabler=null], 0cf38f6fdf314f24a30562fc8f9459df=ZenRule[enabled=false,snoozing=false,name=Weekend,zenMode=ZEN_MODE_ALARMS,conditionId=condition://android/schedule?days=6.7&start=23.30&end=10.0&exitAtAlarm=false,condition=Condition[id=condition://android/schedule?days=6.7&start=23.30&end=10.0&exitAtAlarm=false,summary=...,line1=...,line2=...,icon=0,state=STATE_FALSE,flags=2],component=ComponentInfo{android/com.android.server.notification.ScheduleConditionProvider},id=0cf38f6fdf314f24a30562fc8f9459df,creationTime=1483450228616,enabler=null]},manualRule=null],Diff[]
01-06 17:57:44.056  1393  1393 D ZenLog  : set_zen_mode: off,setInterruptionFilter
01-06 17:57:47.933   425   589 I ThermalEngine: Sensor:/sys/class/power_supply/battery/capacity:29 mC
01-06 17:57:47.977   425   585 I ThermalEngine: Sensor:chg_therm:30000 mC
01-06 17:57:48.213  1393  1490 I DisplayManagerService: Display device changed state: "Built-in Screen", OFF
01-06 17:57:52.434  1393  4580 D ZenLog  : config: setInterruptionFilter,ZenModeConfig[user=0,allowCalls=true,allowRepeatCallers=false,allowMessages=false,allowCallsFrom=contacts,allowMessagesFrom=contacts,allowReminders=true,allowEvents=true,allowWhenScreenOff=true,allowWhenScreenOn=true,automaticRules={95d7dd0d0eb840f3a09a483337dde8c4=ZenRule[enabled=false,snoozing=false,name=Weeknight,zenMode=ZEN_MODE_ALARMS,conditionId=condition://android/schedule?days=1.2.3.4.5&start=22.0&end=7.0&exitAtAlarm=false,condition=Condition[id=condition://android/schedule?days=1.2.3.4.5&start=22.0&end=7.0&exitAtAlarm=false,summary=...,line1=...,line2=...,icon=0,state=STATE_FALSE,flags=2],component=ComponentInfo{android/com.android.server.notification.ScheduleConditionProvider},id=95d7dd0d0eb840f3a09a483337dde8c4,creationTime=1483450228616,enabler=null], 9350edbb20d2457cb6fccfdf73eba368=ZenRule[enabled=false,snoozing=false,name=Event,zenMode=ZEN_MODE_ALARMS,conditionId=condition://android/event?userId=-10000&calendar=&reply=1,condition=Condition[id=condition://android/event?userId=-10000&calendar=&reply=1,summary=...,line1=...,line2=...,icon=0,state=STATE_FALSE,flags=2],component=ComponentInfo{android/com.android.server.notification.EventConditionProvider},id=9350edbb20d2457cb6fccfdf73eba368,creationTime=1483450228619,enabler=null], 0cf38f6fdf314f24a30562fc8f9459df=ZenRule[enabled=false,snoozing=false,name=Weekend,zenMode=ZEN_MODE_ALARMS,conditionId=condition://android/schedule?days=6.7&start=23.30&end=10.0&exitAtAlarm=false,condition=Condition[id=condition://android/schedule?days=6.7&start=23.30&end=10.0&exitAtAlarm=false,summary=...,line1=...,line2=...,icon=0,state=STATE_FALSE,flags=2],component=ComponentInfo{android/com.android.server.notification.ScheduleConditionProvider},id=0cf38f6fdf314f24a30562fc8f9459df,creationTime=1483450228616,enabler=null]},manualRule=null],Diff[]
01-06 17:57:52.435  1393  1393 D ZenLog  : set_zen_mode: off,setInterruptionFilter
01-06 17:57:52.435  2990  2990 W ContextImpl: Calling a method in the system process without a qualified user: android.app.ContextImpl.sendBroadcast:877 android.content.ContextWrapper.sendBroadcast:421 com.cyanogenmod.settings.device.DozePulseAction.action:47 com.cyanogenmod.settings.device.FlatUpSensor$1.onSensorChanged:70 android.hardware.SystemSensorManager$SensorEventQueue.dispatchSensorEvent:701 
01-06 17:57:52.458  1393  1492 I DisplayPowerController: Blocking screen on until initial contents have been drawn.
01-06 17:57:52.459  1393  1490 I DisplayManagerService: Display device changed state: "Built-in Screen", ON
01-06 17:57:52.614  1393  2040 I chatty  : uid=1000(system) PhotonicModulat expire 18 lines
01-06 17:57:52.617  1393  1492 I DisplayPowerController: Unblocked screen on after 159 ms
01-06 17:57:52.617  1393  1492 I chatty  : uid=1000(system) PowerManagerSer expire 11 lines
01-06 17:57:54.371  1393  1844 I PowerManagerService: Waking up from dozing (uid 1000)...
01-06 17:57:54.375  1393  1492 I DreamManagerService: Gently waking up from dream.
01-06 17:57:54.386  2126  2126 W FingerprintManager: isFingerprintHardwareDetected(): Service not connected!
01-06 17:57:54.413  2292  2292 I chatty  : uid=1010(wifi) /system/bin/wpa_supplicant expire 66 lines
01-06 17:57:54.422   434   434 D audio_hw_primary: adev_set_parameters: enter: screen_state=on
01-06 17:57:54.422   434   434 D audio_hw_extn: audio_extn_set_anc_parameters: anc_enabled:0
01-06 17:57:54.422   434   434 D mot_vr_audio_hw: adev_set_parameters: screen_state=on
01-06 17:57:54.432  1393  1414 I DreamManagerService: Leaving dreamland.
01-06 17:57:54.433  1393  1488 I DreamController: Stopping dream: name=ComponentInfo{com.android.systemui/com.android.systemui.doze.DozeService}, isTest=false, canDoze=true, userId=0
01-06 17:57:54.643  2990  2990 I chatty  : uid=1000(system) com.cyanogenmod.settings.device expire 12 lines
01-06 17:57:55.292   425   592 I ThermalEngine: Sensor:max170xx_battery:31000 mC
01-06 17:57:55.307   425   589 I ThermalEngine: Sensor:/sys/class/power_supply/battery/capacity:29 mC
01-06 17:57:55.335   425   587 I ThermalEngine: Sensor:apq_therm:31000 mC
01-06 17:57:55.354   425   585 I ThermalEngine: Sensor:chg_therm:30000 mC
01-06 17:57:55.441  1393  1844 I PowerManagerService: Going to sleep due to power button (uid 1000)...
01-06 17:57:55.465  2126  2126 W FingerprintManager: isFingerprintHardwareDetected(): Service not connected!
01-06 17:57:55.849  1393  1490 I DisplayManagerService: Display device changed state: "Built-in Screen", OFF
01-06 17:57:56.085  1393  1492 I DreamManagerService: Entering dreamland.
01-06 17:57:56.087  1393  1492 I PowerManagerService: Dozing...
01-06 17:57:56.089  1393  1488 I DreamController: Starting dream: name=ComponentInfo{com.android.systemui/com.android.systemui.doze.DozeService}, isTest=false, canDoze=true, userId=0
01-06 17:57:56.168   434  2461 D audio_hw_primary: adev_set_parameters: enter: screen_state=off
01-06 17:57:56.168   434  2461 D audio_hw_extn: audio_extn_set_anc_parameters: anc_enabled:0
01-06 17:57:56.168   434  2461 D mot_vr_audio_hw: adev_set_parameters: screen_state=off
01-06 17:57:56.210  2126  2126 D PhoneStatusBar: disable: < expand ICONS alerts SYSTEM_INFO back HOME RECENT clock SEARCH quick_settings >
01-06 17:57:56.218  2126  2126 W FingerprintManager: isFingerprintHardwareDetected(): Service not connected!
01-06 17:57:56.231  2126  2126 W FingerprintManager: isFingerprintHardwareDetected(): Service not connected!
01-06 17:57:56.234  2126  2126 W FingerprintManager: isFingerprintHardwareDetected(): Service not connected!
01-06 17:57:57.347  1393  1844 I PowerManagerService: Waking up from dozing (uid 1000)...
01-06 17:57:57.385  1393  1492 I DisplayPowerController: Blocking screen on until initial contents have been drawn.
01-06 17:57:57.391  2126  2126 W FingerprintManager: isFingerprintHardwareDetected(): Service not connected!
01-06 17:57:57.393  1393  1490 I DisplayManagerService: Display device changed state: "Built-in Screen", ON
01-06 17:57:57.418   434   882 D audio_hw_primary: adev_set_parameters: enter: screen_state=on
01-06 17:57:57.418   434   882 D audio_hw_extn: audio_extn_set_anc_parameters: anc_enabled:0
01-06 17:57:57.418   434   882 D mot_vr_audio_hw: adev_set_parameters: screen_state=on
01-06 17:57:57.576  1393  1492 I DisplayPowerController: Unblocked screen on after 191 ms
01-06 17:57:57.581  1393  1492 I DreamManagerService: Gently waking up from dream.
01-06 17:57:57.583  1393  3025 I DreamManagerService: Leaving dreamland.
01-06 17:57:57.584  1393  1488 I DreamController: Stopping dream: name=ComponentInfo{com.android.systemui/com.android.systemui.doze.DozeService}, isTest=false, canDoze=true, userId=0
01-06 17:57:59.105  1393  2727 I ActivityManager: START u0 {act=android.settings.SETTINGS flg=0x14000000 cmp=com.android.settings/.Settings} from uid 10033 on display 0
01-06 17:57:59.118  1393  2727 I WindowManager: Failed to capture screenshot of Token{9f913f5 ActivityRecord{31b6d2c u0 com.cyanogenmod.settings.device/.TouchscreenGesturePreferenceActivity t124 f}} appWin=Window{b7c8d7 u0 com.cyanogenmod.settings.device/com.cyanogenmod.settings.device.TouchscreenGesturePreferenceActivity} drawState=4
01-06 17:57:59.156  4751  4875 I chatty  : uid=1000(system) com.android.settings expire 1 line
01-06 17:57:59.182  1393  2423 I ProcessStatsService: Added stats: 2017-01-06-17-18-46, over +36m19s740ms
01-06 17:57:59.198  4751  4874 I chatty  : uid=1000(system) com.android.settings expire 3 lines
01-06 17:57:59.204  1393  2423 I ProcessStatsService: Added stats: 2017-01-06-14-07-04, over +3h8m32s827ms
01-06 17:57:59.244  4751  4768 I chatty  : uid=1000(system) com.android.settings expire 11 lines
01-06 17:57:59.245  4751  4768 W ProcStatsManager: No process me.bluemail.mail/10087 for service com.trtf.blue.gcm.GcmScheduledRetryIntentService
01-06 17:57:59.245  4751  4768 W ProcStatsManager: No process me.bluemail.mail/10087 for service com.trtf.blue.service.PollService
01-06 17:57:59.245  4751  4768 W ProcStatsManager: No process me.bluemail.mail/10087 for service com.trtf.blue.service.MailService
01-06 17:57:59.245  4751  4768 W ProcStatsManager: No process com.android.onetimeinitializer/10019 for service com.android.onetimeinitializer.OneTimeInitializerService
01-06 17:57:59.245  4751  4768 W ProcStatsManager: No process com.android.keychain/1000 for service com.android.keychain.KeyChainService
01-06 17:57:59.245  4751  4768 W ProcStatsManager: No process com.resurrection.ota/10048 for service com.resurrection.ota.scheduler.OTAService
01-06 17:57:59.245  4751  4768 W ProcStatsManager: No process com.handmark.expressweather/10070 for service com.handmark.expressweather.data.CleanupService
01-06 17:57:59.245  4751  4768 W ProcStatsManager: No process com.handmark.expressweather/10070 for service com.google.android.gms.measurement.AppMeasurementService
01-06 17:57:59.245  4751  4768 W ProcStatsManager: No process com.handmark.expressweather/10070 for service com.handmark.expressweather.data.UpdateService
01-06 17:57:59.245  4751  4768 W ProcStatsManager: No process com.bhb27.kerneladiutor/10025 for service com.grarak.kerneladiutor.services.BootService
01-06 17:57:59.245  4751  4768 W ProcStatsManager: No process com.jetappfactory.jetaudioplus/10092 for service com.jetappfactory.jetaudioplus.utils.ExMediaScan.JExMediaScanService
01-06 17:57:59.268  3020  3020 D PerAppMonitor: Package Name is com.android.settings
01-06 17:57:59.277  3020  3020 D PerAppMonitor: Profile does not exist. Using Default
01-06 17:57:59.369  1393  3038 E BatteryStatsService: no controller energy info supplied
01-06 17:57:59.369  1393  3038 E BatteryStatsService: no controller energy info supplied
01-06 17:57:59.386  1393  3038 E BatteryStatsService: modem info is invalid: ModemActivityInfo{ mTimestamp=0 mSleepTimeMs=0 mIdleTimeMs=0 mTxTimeMs[]=[0, 0, 0, 0, 0] mRxTimeMs=0 mEnergyUsed=0}
01-06 17:57:59.440  2126  2126 D PhoneStatusBar: disable: < expand ICONS alerts SYSTEM_INFO back HOME RECENT clock SEARCH quick_settings >
01-06 17:57:59.441  2126  2126 D PhoneStatusBar: disable: < expand icons* alerts system_info* back HOME RECENT clock SEARCH quick_settings >
01-06 17:57:59.467  2126  2126 D PhoneStatusBar: disable: < expand icons alerts system_info back HOME RECENT clock SEARCH quick_settings >
01-06 17:57:59.487  4751  4751 D DashboardSummary: onConditionsChanged
01-06 17:57:59.504  2126  2126 D PhoneStatusBar: disable: < expand icons alerts system_info back home* recent* clock search* quick_settings >
01-06 17:57:59.600  1393  3025 I ActivityManager: Setting hasTopUi=false for pid=2126
01-06 17:57:59.636  3020  3020 D PerAppMonitor: Package Name is com.android.settings
01-06 17:57:59.644  3020  3020 D PerAppMonitor: Profile does not exist. Using Default
01-06 17:58:00.308   425   589 I ThermalEngine: Sensor:/sys/class/power_supply/battery/capacity:29 mC
01-06 17:58:00.359   425   585 I ThermalEngine: Sensor:chg_therm:30000 mC
01-06 17:58:00.412   488   488 E Parcel  : Reading a NULL string not supported here.
01-06 17:58:00.412   488   488 E Parcel  : Reading a NULL string not supported here.
01-06 17:58:03.057  1393  2655 I ActivityManager: START u0 {flg=0x8000 cmp=com.android.settings/.Settings$NotificationAppListActivity (has extras)} from uid 1000 on display 0
01-06 17:58:03.216  4751  4874 D Index   : Indexing locale 'en_US' took 18 millis
01-06 17:58:03.231  4751  4874 D Index   : Indexing locale 'en_US' took 11 millis
01-06 17:58:03.267  4751  4874 W TileUtils: Found org.cyanogenmod.cmparts.input.ButtonSettings for intent Intent { act=com.android.settings.action.EXTRA_SETTINGS } missing metadata com.android.settings.category
01-06 17:58:03.267  4751  4874 W TileUtils: Found org.cyanogenmod.cmparts.statusbar.StatusBarSettings for intent Intent { act=com.android.settings.action.EXTRA_SETTINGS } missing metadata com.android.settings.category
01-06 17:58:03.267  4751  4874 W TileUtils: Found com.android.systemui.tuner.TunerActivity for intent Intent { act=com.android.settings.action.EXTRA_SETTINGS } missing metadata 
01-06 17:58:03.329  1393  1490 I chatty  : uid=1000(system) android.display expire 4 lines
01-06 17:58:03.387  3020  3020 D PerAppMonitor: Package Name is com.android.settings
01-06 17:58:03.394  3020  3020 D PerAppMonitor: Profile does not exist. Using Default
01-06 17:58:03.404  4751  4767 D OpenGLRenderer: endAllActiveAnimators on 0x946be680 (RippleDrawable) with handle 0x93463e20
01-06 17:58:03.700  4751  4884 W ApplicationsState: Cannot find pkg: com.android.terminal on user 0
01-06 17:58:03.931  1393  2655 I ActivityManager: START u0 {act=android.intent.action.MAIN cmp=com.android.settings/.SubSettings (has extras)} from uid 1000 on display 0
01-06 17:58:03.987  4751  4751 D SubSettings: Launching fragment com.android.settings.notification.ConfigureNotificationSettings
01-06 17:58:03.997  1393  2423 E UserRestrictionsUtils: Unknown restriction: null
01-06 17:58:04.000  4751  4751 D ConstraintsHelper: construct key=battery_lights available=false
01-06 17:58:04.003  4751  4751 D ConstraintsHelper: construct key=notification_lights available=true
01-06 17:58:04.061  4751  4751 D RemotePreference: ResolveInfo ResolveInfo{caadc3b org.cyanogenmod.cmparts/.PartsActivity m=0x0}
01-06 17:58:04.064  4751  4751 D RemotePreference: ResolveInfo ResolveInfo{47bef58 org.cyanogenmod.cmparts/.PartsActivity m=0x0}
01-06 17:58:04.081  4751  4875 D Index   : Indexing locale 'en_US' took 8 millis
